###############################################################################
#
# IAR ELF Linker V7.80.2.11947/W32 for ARM                14/Nov/2018  22:14:04
# Copyright 2007-2016 IAR Systems AB.
#
#    Output file  =  
#        F:\03.Git\smf\FW\fw_smf_v1.1\fw_smf_zigbee\fw_zigbee_control\fw_zigbee_control\Exe\fw_zigbee_control.out
#    Map file     =  
#        F:\03.Git\smf\FW\fw_smf_v1.1\fw_smf_zigbee\fw_zigbee_control\fw_zigbee_control\List\fw_zigbee_control.map
#    Command line =  
#        F:\03.Git\smf\FW\fw_smf_v1.1\fw_smf_zigbee\fw_zigbee_control\fw_zigbee_control\Obj\AF.o
#        F:\03.Git\smf\FW\fw_smf_v1.1\fw_smf_zigbee\fw_zigbee_control\fw_zigbee_control\Obj\AppData.o
#        F:\03.Git\smf\FW\fw_smf_v1.1\fw_smf_zigbee\fw_zigbee_control\fw_zigbee_control\Obj\armcm3flashutil.o
#        F:\03.Git\smf\FW\fw_smf_v1.1\fw_smf_zigbee\fw_zigbee_control\fw_zigbee_control\Obj\BindingTable.o
#        F:\03.Git\smf\FW\fw_smf_v1.1\fw_smf_zigbee\fw_zigbee_control\fw_zigbee_control\Obj\Control.o
#        F:\03.Git\smf\FW\fw_smf_v1.1\fw_smf_zigbee\fw_zigbee_control\fw_zigbee_control\Obj\DebugTrace.o
#        F:\03.Git\smf\FW\fw_smf_v1.1\fw_smf_zigbee\fw_zigbee_control\fw_zigbee_control\Obj\FlashInternal.o
#        F:\03.Git\smf\FW\fw_smf_v1.1\fw_smf_zigbee\fw_zigbee_control\fw_zigbee_control\Obj\hal_adc.o
#        F:\03.Git\smf\FW\fw_smf_v1.1\fw_smf_zigbee\fw_zigbee_control\fw_zigbee_control\Obj\hal_aes.o
#        F:\03.Git\smf\FW\fw_smf_v1.1\fw_smf_zigbee\fw_zigbee_control\fw_zigbee_control\Obj\hal_assert.o
#        F:\03.Git\smf\FW\fw_smf_v1.1\fw_smf_zigbee\fw_zigbee_control\fw_zigbee_control\Obj\hal_ccm.o
#        F:\03.Git\smf\FW\fw_smf_v1.1\fw_smf_zigbee\fw_zigbee_control\fw_zigbee_control\Obj\hal_drivers.o
#        F:\03.Git\smf\FW\fw_smf_v1.1\fw_smf_zigbee\fw_zigbee_control\fw_zigbee_control\Obj\hal_key.o
#        F:\03.Git\smf\FW\fw_smf_v1.1\fw_smf_zigbee\fw_zigbee_control\fw_zigbee_control\Obj\hal_lcd.o
#        F:\03.Git\smf\FW\fw_smf_v1.1\fw_smf_zigbee\fw_zigbee_control\fw_zigbee_control\Obj\hal_led.o
#        F:\03.Git\smf\FW\fw_smf_v1.1\fw_smf_zigbee\fw_zigbee_control\fw_zigbee_control\Obj\hal_mac_cfg.o
#        F:\03.Git\smf\FW\fw_smf_v1.1\fw_smf_zigbee\fw_zigbee_control\fw_zigbee_control\Obj\hal_sleep.o
#        F:\03.Git\smf\FW\fw_smf_v1.1\fw_smf_zigbee\fw_zigbee_control\fw_zigbee_control\Obj\hal_sys_ctrl.o
#        F:\03.Git\smf\FW\fw_smf_v1.1\fw_smf_zigbee\fw_zigbee_control\fw_zigbee_control\Obj\hal_systick.o
#        F:\03.Git\smf\FW\fw_smf_v1.1\fw_smf_zigbee\fw_zigbee_control\fw_zigbee_control\Obj\hal_uart.o
#        F:\03.Git\smf\FW\fw_smf_v1.1\fw_smf_zigbee\fw_zigbee_control\fw_zigbee_control\Obj\mac_autopend.o
#        F:\03.Git\smf\FW\fw_smf_v1.1\fw_smf_zigbee\fw_zigbee_control\fw_zigbee_control\Obj\mac_backoff_timer.o
#        F:\03.Git\smf\FW\fw_smf_v1.1\fw_smf_zigbee\fw_zigbee_control\fw_zigbee_control\Obj\mac_cfg.o
#        F:\03.Git\smf\FW\fw_smf_v1.1\fw_smf_zigbee\fw_zigbee_control\fw_zigbee_control\Obj\mac_csp_tx.o
#        F:\03.Git\smf\FW\fw_smf_v1.1\fw_smf_zigbee\fw_zigbee_control\fw_zigbee_control\Obj\mac_low_level.o
#        F:\03.Git\smf\FW\fw_smf_v1.1\fw_smf_zigbee\fw_zigbee_control\fw_zigbee_control\Obj\mac_mcu.o
#        F:\03.Git\smf\FW\fw_smf_v1.1\fw_smf_zigbee\fw_zigbee_control\fw_zigbee_control\Obj\mac_mem.o
#        F:\03.Git\smf\FW\fw_smf_v1.1\fw_smf_zigbee\fw_zigbee_control\fw_zigbee_control\Obj\mac_pib.o
#        F:\03.Git\smf\FW\fw_smf_v1.1\fw_smf_zigbee\fw_zigbee_control\fw_zigbee_control\Obj\mac_radio.o
#        F:\03.Git\smf\FW\fw_smf_v1.1\fw_smf_zigbee\fw_zigbee_control\fw_zigbee_control\Obj\mac_radio_defs.o
#        F:\03.Git\smf\FW\fw_smf_v1.1\fw_smf_zigbee\fw_zigbee_control\fw_zigbee_control\Obj\mac_rffrontend.o
#        F:\03.Git\smf\FW\fw_smf_v1.1\fw_smf_zigbee\fw_zigbee_control\fw_zigbee_control\Obj\mac_rx.o
#        F:\03.Git\smf\FW\fw_smf_v1.1\fw_smf_zigbee\fw_zigbee_control\fw_zigbee_control\Obj\mac_rx_onoff.o
#        F:\03.Git\smf\FW\fw_smf_v1.1\fw_smf_zigbee\fw_zigbee_control\fw_zigbee_control\Obj\mac_sleep.o
#        F:\03.Git\smf\FW\fw_smf_v1.1\fw_smf_zigbee\fw_zigbee_control\fw_zigbee_control\Obj\mac_tx.o
#        F:\03.Git\smf\FW\fw_smf_v1.1\fw_smf_zigbee\fw_zigbee_control\fw_zigbee_control\Obj\Main.o
#        F:\03.Git\smf\FW\fw_smf_v1.1\fw_smf_zigbee\fw_zigbee_control\fw_zigbee_control\Obj\Message.o
#        F:\03.Git\smf\FW\fw_smf_v1.1\fw_smf_zigbee\fw_zigbee_control\fw_zigbee_control\Obj\MT.o
#        F:\03.Git\smf\FW\fw_smf_v1.1\fw_smf_zigbee\fw_zigbee_control\fw_zigbee_control\Obj\MT_AF.o
#        F:\03.Git\smf\FW\fw_smf_v1.1\fw_smf_zigbee\fw_zigbee_control\fw_zigbee_control\Obj\MT_APP.o
#        F:\03.Git\smf\FW\fw_smf_v1.1\fw_smf_zigbee\fw_zigbee_control\fw_zigbee_control\Obj\MT_DEBUG.o
#        F:\03.Git\smf\FW\fw_smf_v1.1\fw_smf_zigbee\fw_zigbee_control\fw_zigbee_control\Obj\MT_NWK.o
#        F:\03.Git\smf\FW\fw_smf_v1.1\fw_smf_zigbee\fw_zigbee_control\fw_zigbee_control\Obj\MT_SYS.o
#        F:\03.Git\smf\FW\fw_smf_v1.1\fw_smf_zigbee\fw_zigbee_control\fw_zigbee_control\Obj\MT_TASK.o
#        F:\03.Git\smf\FW\fw_smf_v1.1\fw_smf_zigbee\fw_zigbee_control\fw_zigbee_control\Obj\MT_UART.o
#        F:\03.Git\smf\FW\fw_smf_v1.1\fw_smf_zigbee\fw_zigbee_control\fw_zigbee_control\Obj\MT_UTIL.o
#        F:\03.Git\smf\FW\fw_smf_v1.1\fw_smf_zigbee\fw_zigbee_control\fw_zigbee_control\Obj\MT_VERSION.o
#        F:\03.Git\smf\FW\fw_smf_v1.1\fw_smf_zigbee\fw_zigbee_control\fw_zigbee_control\Obj\MT_ZDO.o
#        F:\03.Git\smf\FW\fw_smf_v1.1\fw_smf_zigbee\fw_zigbee_control\fw_zigbee_control\Obj\nwk_globals.o
#        F:\03.Git\smf\FW\fw_smf_v1.1\fw_smf_zigbee\fw_zigbee_control\fw_zigbee_control\Obj\OnBoard.o
#        F:\03.Git\smf\FW\fw_smf_v1.1\fw_smf_zigbee\fw_zigbee_control\fw_zigbee_control\Obj\OSAL.o
#        F:\03.Git\smf\FW\fw_smf_v1.1\fw_smf_zigbee\fw_zigbee_control\fw_zigbee_control\Obj\OSAL_Clock.o
#        F:\03.Git\smf\FW\fw_smf_v1.1\fw_smf_zigbee\fw_zigbee_control\fw_zigbee_control\Obj\OSAL_Main.o
#        F:\03.Git\smf\FW\fw_smf_v1.1\fw_smf_zigbee\fw_zigbee_control\fw_zigbee_control\Obj\OSAL_Memory.o
#        F:\03.Git\smf\FW\fw_smf_v1.1\fw_smf_zigbee\fw_zigbee_control\fw_zigbee_control\Obj\osal_nv.o
#        F:\03.Git\smf\FW\fw_smf_v1.1\fw_smf_zigbee\fw_zigbee_control\fw_zigbee_control\Obj\OSAL_PwrMgr.o
#        F:\03.Git\smf\FW\fw_smf_v1.1\fw_smf_zigbee\fw_zigbee_control\fw_zigbee_control\Obj\OSAL_Timers.o
#        F:\03.Git\smf\FW\fw_smf_v1.1\fw_smf_zigbee\fw_zigbee_control\fw_zigbee_control\Obj\Parse.o
#        F:\03.Git\smf\FW\fw_smf_v1.1\fw_smf_zigbee\fw_zigbee_control\fw_zigbee_control\Obj\Printf.o
#        F:\03.Git\smf\FW\fw_smf_v1.1\fw_smf_zigbee\fw_zigbee_control\fw_zigbee_control\Obj\saddr.o
#        F:\03.Git\smf\FW\fw_smf_v1.1\fw_smf_zigbee\fw_zigbee_control\fw_zigbee_control\Obj\startup_ewarm.o
#        F:\03.Git\smf\FW\fw_smf_v1.1\fw_smf_zigbee\fw_zigbee_control\fw_zigbee_control\Obj\stub_aps.o
#        F:\03.Git\smf\FW\fw_smf_v1.1\fw_smf_zigbee\fw_zigbee_control\fw_zigbee_control\Obj\UserUART.o
#        F:\03.Git\smf\FW\fw_smf_v1.1\fw_smf_zigbee\fw_zigbee_control\fw_zigbee_control\Obj\ZDApp.o
#        F:\03.Git\smf\FW\fw_smf_v1.1\fw_smf_zigbee\fw_zigbee_control\fw_zigbee_control\Obj\ZDConfig.o
#        F:\03.Git\smf\FW\fw_smf_v1.1\fw_smf_zigbee\fw_zigbee_control\fw_zigbee_control\Obj\ZDiags.o
#        F:\03.Git\smf\FW\fw_smf_v1.1\fw_smf_zigbee\fw_zigbee_control\fw_zigbee_control\Obj\ZDNwkMgr.o
#        F:\03.Git\smf\FW\fw_smf_v1.1\fw_smf_zigbee\fw_zigbee_control\fw_zigbee_control\Obj\ZDObject.o
#        F:\03.Git\smf\FW\fw_smf_v1.1\fw_smf_zigbee\fw_zigbee_control\fw_zigbee_control\Obj\ZDProfile.o
#        F:\03.Git\smf\FW\fw_smf_v1.1\fw_smf_zigbee\fw_zigbee_control\fw_zigbee_control\Obj\ZDSecMgr.o
#        F:\03.Git\smf\FW\fw_smf_v1.1\fw_smf_zigbee\fw_zigbee_control\fw_zigbee_control\Obj\ZGlobals.o
#        F:\03.Git\smf\FW\fw_smf_v1.1\fw_smf_zigbee\fw_zigbee_control\fw_zigbee_control\Obj\ZigbeeIO.o
#        F:\03.Git\smf\FW\fw_smf_v1.1\fw_smf_zigbee\fw_zigbee_control\fw_zigbee_control\Obj\zmac.o
#        F:\03.Git\smf\FW\fw_smf_v1.1\fw_smf_zigbee\fw_zigbee_control\fw_zigbee_control\Obj\zmac_cb.o
#        F:\03.Git\smf\FW\fw_smf_v1.1\fw_smf_zigbee\fw_zigbee_control\fw_zigbee_control\Obj\ZMain.o
#        --redirect _Printf=_PrintfTiny --redirect _Scanf=_ScanfSmall -o
#        F:\03.Git\smf\FW\fw_smf_v1.1\fw_smf_zigbee\fw_zigbee_control\fw_zigbee_control\Exe\fw_zigbee_control.out
#        --map
#        F:\03.Git\smf\FW\fw_smf_v1.1\fw_smf_zigbee\fw_zigbee_control\fw_zigbee_control\List\fw_zigbee_control.map
#        --config
#        F:\03.Git\smf\FW\fw_smf_v1.1\fw_smf_zigbee\fw_zigbee_control\..\zstack\Tools\CC2538DB\CC2538.icf
#        --semihosting
#        F:\03.Git\smf\FW\fw_smf_v1.1\fw_smf_zigbee\fw_zigbee_control\..\zstack\Libraries\CC2538\bin\EndDevice.a
#        F:\03.Git\smf\FW\fw_smf_v1.1\fw_smf_zigbee\fw_zigbee_control\..\zstack\Libraries\TIMAC\bin\TIMAC-CC2538.a
#        F:\03.Git\smf\FW\fw_smf_v1.1\fw_smf_zigbee\fw_zigbee_control\..\Components\driverlib\cc2538\bin\iar\sdriverlib.lib
#        F:\03.Git\smf\FW\fw_smf_v1.1\fw_smf_zigbee\fw_zigbee_control\..\Components\bsp\srf06eb_cc2538\drivers\bin\iar\bsp.lib
#        --entry __iar_program_start --vfe
#
###############################################################################

*******************************************************************************
*** RUNTIME MODEL ATTRIBUTES
***

CppFlavor       = *
__Heap_Handler  = DLMalloc
__SystemLibrary = DLib


*******************************************************************************
*** PLACEMENT SUMMARY
***

"A0":  place at start of [0x00200000-0x0027c7ff] { ro section .intvec };
"A1":  place at start of [0x0027ffd4-0x0027ffdf] { ro section .cca };
"P1":  place in [from 0x00200000 to 0x0027c7ff] { ro };
"A6":  place at start of [0x20004000-0x20007fff] { section VTABLE };
"P2":  place in [from 0x20004000 to 0x20007fff] { rw, block HEAP };
do not initialize { section .noinit };
initialize by copy { rw };

  Section            Kind        Address     Size  Object
  -------            ----        -------     ----  ------
"A0":                                       0x100
  .intvec            const    0x00200000    0x100  startup_ewarm.o [1]
                            - 0x00200100    0x100

"P1":                                     0x11c86
  .text              ro code  0x00200100   0x1f20  mac_beacon.o [4]
  .text              ro code  0x00202020    0x454  OSAL.o [1]
  .text              ro code  0x00202474    0x248  zmac_cb.o [1]
  .text              ro code  0x002026bc    0x230  hal_assert.o [1]
  .text              ro code  0x002028ec    0x250  interrupt.o [8]
  .text              ro code  0x00202b3c    0x188  OSAL_Memory.o [1]
  .text              ro code  0x00202cc4     0x4e  mac_low_level.o [1]
  .text              ro code  0x00202d12      0xa  xsprout.o [6]
  .text              ro code  0x00202d1c    0x3a0  mac_tx.o [1]
  .text              ro code  0x002030bc    0x21a  mac_radio.o [1]
  .text              ro code  0x002032d6     0x92  saddr.o [1]
  .text              ro code  0x00203368    0x15c  mac_backoff_timer.o [1]
  .text              ro code  0x002034c4    0x2f4  mac_pib.o [1]
  .text              ro code  0x002037b8    0x1c0  mac_rx_onoff.o [1]
  .text              ro code  0x00203978     0x66  ABImemset.o [7]
  .text              ro code  0x002039e0     0x5c  OnBoard.o [1]
  .text              ro code  0x00203a3c    0x1f4  OSAL_Timers.o [1]
  .text              ro code  0x00203c30     0x10  OSAL_PwrMgr.o [1]
  .text              ro code  0x00203c40     0x48  OSAL_Main.o [1]
  .text              ro code  0x00203c88     0x4a  hal_drivers.o [1]
  .text              ro code  0x00203cd4    0x44c  nwk_bufs.o [3]
  .text              ro code  0x00204120    0x1a4  hal_sys_ctrl.o [1]
  .text              ro code  0x002042c4    0x100  gpio.o [8]
  .text              ro code  0x002043c4     0x3c  mac_rffrontend.o [1]
  .text              ro code  0x00204400     0x10  cpu.o [8]
  .text              ro code  0x00204410    0x434  mac_mcu.o [1]
  .text              ro code  0x00204844    0x788  mac_rx.o [1]
  .text              ro code  0x00204fcc     0x5c  mac_sleep.o [1]
  .text              ro code  0x00205028    0x3e0  mac_csp_tx.o [1]
  .text              ro code  0x00205408     0x68  mac_mem.o [1]
  .text              ro code  0x00205470     0x76  ABImemcpy_unaligned.o [7]
  .text              ro code  0x002054e6      0x6  hal_key.o [1]
  .text              ro code  0x002054ec    0xb4c  nwk.o [3]
  .text              ro code  0x00206038    0x730  APS.o [3]
  .text              ro code  0x00206768    0x620  aps_frag.o [3]
  .text              ro code  0x00206d88    0xf42  ZDApp.o [1]
  .text              ro code  0x00207ccc    0x500  Main.o [1]
  .text              ro code  0x002081cc     0x44  hal_aes.o [1]
  .text              ro code  0x00208210   0x1048  nwk_util.o [3]
  .text              ro code  0x00209258    0x186  zmac.o [1]
  .text              ro code  0x002093e0    0x1bc  sys_ctrl.o [8]
  .text              ro code  0x0020959c    0x300  ioc.o [8]
  .text              ro code  0x0020989c    0x384  mac_autopend.o [1]
  .text              ro code  0x00209c20     0x78  mac_radio_defs.o [1]
  .text              ro code  0x00209c98    0x10c  nwk_globals.o [1]
  .text              ro code  0x00209da4    0x7b8  rtg.o [3]
  .text              ro code  0x0020a55c    0x2d8  NLMEDE_CB.o [3]
  .text              ro code  0x0020a834    0x524  ssp.o [3]
  .text              ro code  0x0020ad58     0x58  aps_groups.o [3]
  .text              ro code  0x0020adb0      0x2  ZDiags.o [1]
  .text              ro code  0x0020adb4    0x838  BindingTable.o [1]
  .text              ro code  0x0020b5ec    0x5a0  AF.o [1]
  .text              ro code  0x0020bb8c    0xadc  APSMEDE.o [3]
  .text              ro code  0x0020c668    0x148  reflecttrack.o [3]
  .text              ro code  0x0020c7b0    0x140  APSMEDE_CB.o [3]
  .text              ro code  0x0020c8f0    0x228  aps_util.o [3]
  .text              ro code  0x0020cb18    0x76a  ZDObject.o [1]
  .text              ro code  0x0020d284    0x7f8  ZDSecMgr.o [1]
  .text              ro code  0x0020da7c    0x14c  ZGlobals.o [1]
  .text              ro code  0x0020dbc8    0xe0c  osal_nv.o [1]
  .text              ro code  0x0020e9d4     0x64  ZDConfig.o [1]
  .text              ro code  0x0020ea38    0x6a4  ZDProfile.o [1]
  .text              ro code  0x0020f0dc    0x3ac  NLMEDE.o [3]
  .text              ro code  0x0020f488    0x41c  AddrMgr.o [3]
  .text              ro code  0x0020f8a4    0x1c8  UserUART.o [1]
  .text              ro code  0x0020fa6c    0x1ec  FlashInternal.o [1]
  .text              ro code  0x0020fc58    0x16c  Control.o [1]
  .text              ro code  0x0020fdc4    0x244  ZigbeeIO.o [1]
  .text              ro code  0x00210008    0x384  Message.o [1]
  .text              ro code  0x0021038c    0x1ec  aes.o [8]
  .text              ro code  0x00210578    0x134  AssocList.o [3]
  .text              ro code  0x002106ac    0x2b0  ssp_hash.o [3]
  .text              ro code  0x0021095c     0x9a  hal_ccm.o [1]
  .text              ro code  0x002109f6    0x128  armcm3flashutil.o [1]
  .text              ro code  0x00210b20     0x1c  hal_adc.o [1]
  .text              ro code  0x00210b3c     0x36  strlen.o [7]
  .text              ro code  0x00210b74      0x6  ABImemclr4.o [7]
  .text              ro code  0x00210b7c    0x114  uart.o [8]
  .text              ro code  0x00210c90    0x1a0  Printf.o [1]
  .text              ro code  0x00210e30     0x48  flash.o [8]
  .text              ro code  0x00210e78     0x44  strcpy_unaligned.o [7]
  .text              ro code  0x00210ebc    0x2d4  Parse.o [1]
  .text              ro code  0x00211190     0x42  strcmp_unaligned.o [7]
  .text              ro code  0x002111d4     0x34  sprintf.o [6]
  .text              ro code  0x00211208      0x6  ABImemclr.o [7]
  .text              ro code  0x00211210    0x388  ccm.o [8]
  .text              ro code  0x00211598     0x32  ABImemset48.o [7]
  .text              ro code  0x002115ca    0x14e  xprintftiny.o [6]
  .text              ro code  0x00211718    0x1c4  ZMain.o [1]
  .text              ro code  0x002118dc     0x24  hal_systick.o [1]
  .text              ro code  0x00211900     0x64  OSAL_Clock.o [1]
  .text              ro code  0x00211964     0x34  systick.o [8]
  .rodata            const    0x00211998     0xcc  mac_beacon.o [4]
  .text              ro code  0x00211a64     0xa0  hal_uart.o [1]
  .rodata            const    0x00211b04     0x40  nwk_globals.o [1]
  .text              ro code  0x00211b44     0x40  zero_init3.o [7]
  .text              ro code  0x00211b84     0x3a  startup_ewarm.o [1]
  .text              ro code  0x00211bbe      0xc  cstartup_M.o [7]
  .text              ro code  0x00211bcc     0x1a  cmain.o [7]
  .text              ro code  0x00211be6      0x4  low_level_init.o [6]
  .text              ro code  0x00211bec     0x28  data_init.o [7]
  .text              ro code  0x00211c14      0x4  exit.o [6]
  .text              ro code  0x00211c18      0xa  cexit.o [7]
  .text              ro code  0x00211c24     0x14  exit.o [9]
  .text              ro code  0x00211c38     0x38  packbits_init_single.o [7]
  .iar.init_table    const    0x00211c70     0x28  - Linker created -
  .rodata            const    0x00211c98     0x1d  OSAL_Main.o [1]
  .rodata            const    0x00211cb8      0x8  mac_cfg.o [1]
  .text              ro code  0x00211cc0      0x6  hal_sleep.o [1]
  .rodata            const    0x00211cc8      0x2  mac_radio_defs.o [1]
  .rodata            const    0x00211cca      0x0  zero_init3.o [7]
  .rodata            const    0x00211cca      0x0  packbits_init_single.o [7]
  Initializer bytes  const    0x00211cca     0xbc  <for P2-1>
                            - 0x00211d86  0x11c86

Absolute sections:                         0x3000
  .noinit            uninit   0x0027c800   0x3000  osal_nv.o [1]
                            - 0x0027f800   0x3000

"A1":                                         0xc
  .cca               const    0x0027ffd4      0xc  startup_ewarm.o [1]
                            - 0x0027ffe0      0xc

"A6":                                       0x100
  VTABLE             zero     0x20004000    0x100  interrupt.o [8]
                            - 0x20004100    0x100

"P2", part 1 of 3:                          0x27f
  P2-1                        0x20004100    0x27f  <Init block>
    .data            inited   0x20004100      0x8  AF.o [1]
    .data            inited   0x20004108     0x14  AppData.o [1]
    .data            inited   0x2000411c     0x10  AppData.o [1]
    .data            inited   0x2000412c     0x2c  osal_nv.o [1]
    .data            inited   0x20004158     0x5c  ZDApp.o [1]
    .data            inited   0x200041b4     0x58  ZDProfile.o [1]
    .data            inited   0x2000420c      0x4  ZGlobals.o [1]
    .data            inited   0x20004210     0x10  nwk_util.o [3]
    .data            inited   0x20004220     0x1c  APS.o [3]
    .data            inited   0x2000423c     0x80  mac_beacon.o [4]
    .data            inited   0x200042bc     0x80  mac_beacon.o [4]
    .data            inited   0x2000433c      0xc  aps_frag.o [3]
    .data            inited   0x20004348      0x8  reflecttrack.o [3]
    .data            inited   0x20004350      0x2  AppData.o [1]
    .data            inited   0x20004352      0x2  AppData.o [1]
    .data            inited   0x20004354      0x2  ZDObject.o [1]
    .data            inited   0x20004356      0x2  ZGlobals.o [1]
    .data            inited   0x20004358      0x2  ZGlobals.o [1]
    .data            inited   0x2000435a      0x2  ZGlobals.o [1]
    .data            inited   0x2000435c      0x2  ZGlobals.o [1]
    .data            inited   0x2000435e      0x2  ZGlobals.o [1]
    .data            inited   0x20004360      0x2  ZGlobals.o [1]
    .data            inited   0x20004362      0x2  ZGlobals.o [1]
    .data            inited   0x20004364      0x2  ZGlobals.o [1]
    .data            inited   0x20004366      0x1  mac_sleep.o [1]
    .data            inited   0x20004367      0x1  nwk_globals.o [1]
    .data            inited   0x20004368      0x1  OnBoard.o [1]
    .data            inited   0x20004369      0x1  OSAL.o [1]
    .data            inited   0x2000436a      0x1  ZGlobals.o [1]
    .data            inited   0x2000436b      0x1  ZGlobals.o [1]
    .data            inited   0x2000436c      0x1  ZGlobals.o [1]
    .data            inited   0x2000436d      0x1  ZGlobals.o [1]
    .data            inited   0x2000436e      0x1  ZGlobals.o [1]
    .data            inited   0x2000436f      0x1  ZGlobals.o [1]
    .data            inited   0x20004370      0x1  ZGlobals.o [1]
    .data            inited   0x20004371      0x1  ZGlobals.o [1]
    .data            inited   0x20004372      0x1  ZGlobals.o [1]
    .data            inited   0x20004373      0x1  ZGlobals.o [1]
    .data            inited   0x20004374      0x1  ZGlobals.o [1]
    .data            inited   0x20004375      0x1  ZGlobals.o [1]
    .data            inited   0x20004376      0x1  ZGlobals.o [1]
    .data            inited   0x20004377      0x1  ZGlobals.o [1]
    .data            inited   0x20004378      0x1  ZGlobals.o [1]
    .data            inited   0x20004379      0x1  ZGlobals.o [1]
    .data            inited   0x2000437a      0x1  ZGlobals.o [1]
    .data            inited   0x2000437b      0x1  ZGlobals.o [1]
    .data            inited   0x2000437c      0x1  ZGlobals.o [1]
    .data            inited   0x2000437d      0x2  reflecttrack.o [3]
                            - 0x2000437f    0x27f

"P2", part 2 of 3:                         0x2004
  .noinit            uninit   0x20004380   0x1800  OSAL_Memory.o [1]
  .noinit            uninit   0x20005b80    0x800  startup_ewarm.o [1]
  .noinit            uninit   0x20006380      0x4  OSAL_Memory.o [1]
                            - 0x20006384   0x2004

"P2", part 3 of 3:                         0x1024
  .bss               zero     0x20006384    0x434  Main.o [1]
  .bss               zero     0x200067b8    0x318  nwk_globals.o [1]
  .bss               zero     0x20006ad0    0x200  UserUART.o [1]
  .bss               zero     0x20006cd0    0x140  nwk_globals.o [1]
  .bss               zero     0x20006e10     0x8c  mac_pib.o [1]
  .bss               zero     0x20006e9c     0x78  nwk.o [3]
  .bss               zero     0x20006f14     0x70  nwk_globals.o [1]
  .bss               zero     0x20006f84     0x70  mac_beacon.o [4]
  .bss               zero     0x20006ff4     0x5c  mac_beacon.o [4]
  .bss               zero     0x20007050     0x50  nwk_globals.o [1]
  .bss               zero     0x200070a0     0x4c  mac_beacon.o [4]
  .bss               zero     0x200070ec     0x38  nwk_globals.o [1]
  .bss               zero     0x20007124     0x38  mac_beacon.o [4]
  .bss               zero     0x2000715c     0x34  ZDObject.o [1]
  .bss               zero     0x20007190     0x2c  hal_uart.o [1]
  .bss               zero     0x200071bc     0x24  ZDSecMgr.o [1]
  .bss               zero     0x200071e0     0x20  BindingTable.o [1]
  .bss               zero     0x20007200     0x18  mac_rx.o [1]
  .bss               zero     0x20007218     0x18  nwk_globals.o [1]
  .bss               zero     0x20007230     0x14  APSMEDE.o [3]
  .bss               zero     0x20007244     0x14  aes.o [8]
  .bss               zero     0x20007258     0x10  mac_mcu.o [1]
  .bss               zero     0x20007268     0x10  ZDConfig.o [1]
  .bss               zero     0x20007278     0x10  APS.o [3]
  .bss               zero     0x20007288      0xc  nwk_globals.o [1]
  .bss               zero     0x20007294      0xc  ZDSecMgr.o [1]
  .bss               zero     0x200072a0      0xc  nwk_util.o [3]
  .bss               zero     0x200072ac      0xc  nwk_util.o [3]
  .bss               zero     0x200072b8      0xc  nwk_util.o [3]
  .bss               zero     0x200072c4      0xc  NLMEDE.o [3]
  .bss               zero     0x200072d0      0x8  mac_backoff_timer.o [1]
  .bss               zero     0x200072d8      0x8  mac_mcu.o [1]
  .bss               zero     0x200072e0      0x8  mac_tx.o [1]
  .bss               zero     0x200072e8      0x8  OnBoard.o [1]
  .bss               zero     0x200072f0      0x8  OSAL_Clock.o [1]
  .bss               zero     0x200072f8      0x8  OSAL_PwrMgr.o [1]
  .bss               zero     0x20007300      0x8  OSAL_Timers.o [1]
  .bss               zero     0x20007308      0x8  ZGlobals.o [1]
  .bss               zero     0x20007310      0x8  ZGlobals.o [1]
  .bss               zero     0x20007318      0x8  ZGlobals.o [1]
  .bss               zero     0x20007320      0x8  zmac.o [1]
  .bss               zero     0x20007328      0x8  AddrMgr.o [3]
  .bss               zero     0x20007330      0x8  ssp.o [3]
  .bss               zero     0x20007338      0x8  ssp.o [3]
  .bss               zero     0x20007340      0x4  hal_aes.o [1]
  .bss               zero     0x20007344      0x4  mac_radio.o [1]
  .bss               zero     0x20007348      0x4  OSAL.o [1]
  .bss               zero     0x2000734c      0x4  OSAL_Main.o [1]
  .bss               zero     0x20007350      0x4  ZDConfig.o [1]
  .bss               zero     0x20007354      0x4  ZDObject.o [1]
  .bss               zero     0x20007358      0x4  ZDProfile.o [1]
  .bss               zero     0x2000735c      0x4  ZDSecMgr.o [1]
  .bss               zero     0x20007360      0x4  zmac_cb.o [1]
  .bss               zero     0x20007364      0x4  APSMEDE.o [3]
  .bss               zero     0x20007368      0x4  aps_groups.o [3]
  .bss               zero     0x2000736c      0x4  APS.o [3]
  .bss               zero     0x20007370      0x4  APS.o [3]
  .bss               zero     0x20007374      0x4  APS.o [3]
  .bss               zero     0x20007378      0x4  nwk_bufs.o [3]
  .bss               zero     0x2000737c      0x4  nwk_bufs.o [3]
  .bss               zero     0x20007380      0x4  NLMEDE.o [3]
  .bss               zero     0x20007384      0x4  NLMEDE.o [3]
  .bss               zero     0x20007388      0x2  mac_rx_onoff.o [1]
  .bss               zero     0x2000738a      0x2  NLMEDE.o [3]
  .bss               zero     0x2000738c      0x1  hal_assert.o [1]
  .bss               zero     0x2000738d      0x1  hal_drivers.o [1]
  .bss               zero     0x2000738e      0x1  hal_uart.o [1]
  .bss               zero     0x2000738f      0x1  mac_autopend.o [1]
  .bss               zero     0x20007390      0x1  mac_autopend.o [1]
  .bss               zero     0x20007391      0x1  mac_mcu.o [1]
  .bss               zero     0x20007392      0x1  mac_radio_defs.o [1]
  .bss               zero     0x20007393      0x1  OnBoard.o [1]
  .bss               zero     0x20007394      0x1  OSAL_Memory.o [1]
  .bss               zero     0x20007395      0x1  ZDObject.o [1]
  .bss               zero     0x20007396      0x1  ZGlobals.o [1]
  .bss               zero     0x20007397      0x1  ZGlobals.o [1]
  .bss               zero     0x20007398      0x1  ZGlobals.o [1]
  .bss               zero     0x20007399      0x1  ZGlobals.o [1]
  .bss               zero     0x2000739a      0x1  ZGlobals.o [1]
  .bss               zero     0x2000739b      0x1  ZGlobals.o [1]
  .bss               zero     0x2000739c      0x1  ZGlobals.o [1]
  .bss               zero     0x2000739d      0x1  zmac_cb.o [1]
  .bss               zero     0x2000739e      0x1  nwk_util.o [3]
  .bss               zero     0x2000739f      0x1  nwk_util.o [3]
  .bss               zero     0x200073a0      0x1  nwk_util.o [3]
  .bss               zero     0x200073a1      0x1  rtg.o [3]
  .bss               zero     0x200073a2      0x1  nwk.o [3]
  .bss               zero     0x200073a3      0x1  nwk.o [3]
  .bss               zero     0x200073a4      0x1  nwk.o [3]
                            - 0x200073a5   0x1021


*******************************************************************************
*** INIT TABLE
***

          Address     Size
          -------     ----
Zero (__iar_zero_init3)
    2 destination ranges, total size 0x1121:
          0x20004000   0x100
          0x20006384  0x1021

Copy/packbits (__iar_packbits_init_single3)
    1 source range, total size 0xbc (29% of destination):
          0x00211cca    0xbc
    1 destination range, total size 0x27f:
          0x20004100   0x27f



*******************************************************************************
*** MODULE SUMMARY
***

    Module                  ro code  ro data  rw data  rw data
                                                        (abs)
    ------                  -------  -------  -------  -------
F:\03.Git\smf\FW\fw_smf_v1.1\fw_smf_zigbee\fw_zigbee_control\fw_zigbee_control\Obj: [1]
    AF.o                      1 440        2        8
    AppData.o                             11       40
    BindingTable.o            2 104                32
    Control.o                   364
    FlashInternal.o             492
    Main.o                    1 280             1 076
    Message.o                   900
    OSAL.o                    1 108                 5
    OSAL_Clock.o                100                 8
    OSAL_Main.o                  72       29        4
    OSAL_Memory.o               392             6 149
    OSAL_PwrMgr.o                16                 8
    OSAL_Timers.o               500                 8
    OnBoard.o                    92                10
    Parse.o                     724
    Printf.o                    416
    UserUART.o                  456               512
    ZDApp.o                   3 906       27       92
    ZDConfig.o                  100                20
    ZDObject.o                1 898                59
    ZDProfile.o               1 700       26       92
    ZDSecMgr.o                2 040                52
    ZDiags.o                      2
    ZGlobals.o                  332       13       70
    ZMain.o                     452
    ZigbeeIO.o                  580
    armcm3flashutil.o           296
    hal_adc.o                    28
    hal_aes.o                    68                 4
    hal_assert.o                560                 1
    hal_ccm.o                   154
    hal_drivers.o                74                 1
    hal_key.o                     6
    hal_sleep.o                   6
    hal_sys_ctrl.o              420
    hal_systick.o                36
    hal_uart.o                  160                45
    mac_autopend.o              900                 2
    mac_backoff_timer.o         348                 8
    mac_cfg.o                              8
    mac_csp_tx.o                992
    mac_low_level.o              78
    mac_mcu.o                 1 076                25
    mac_mem.o                   104
    mac_pib.o                   756               140
    mac_radio.o                 538                 4
    mac_radio_defs.o            120        2        1
    mac_rffrontend.o             60
    mac_rx.o                  1 928                24
    mac_rx_onoff.o              448                 2
    mac_sleep.o                  92                 1
    mac_tx.o                    928                 8
    nwk_globals.o               268       65    1 397
    osal_nv.o                 3 596       13       44   12 288
    saddr.o                     146
    startup_ewarm.o              58      268    2 048
    zmac.o                      390                 8
    zmac_cb.o                   584                 5
    ----------------------------------------------------------
    Total:                   36 684      464   12 013   12 288

command line: [2]
    ----------------------------------------------------------
    Total:

EndDevice.a: [3]
    APS.o                     1 840        8       56
    APSMEDE.o                 2 780                24
    APSMEDE_CB.o                320
    AddrMgr.o                 1 052                 8
    AssocList.o                 308
    NLMEDE.o                    940                22
    NLMEDE_CB.o                 728
    aps_frag.o                1 568        3       12
    aps_groups.o                 88                 4
    aps_util.o                  552
    nwk.o                     2 892               123
    nwk_bufs.o                1 100                 8
    nwk_util.o                4 168        4       55
    reflecttrack.o              328        4       10
    rtg.o                     1 976                 1
    ssp.o                     1 316                16
    ssp_hash.o                  688
    ----------------------------------------------------------
    Total:                   22 644       19      339

TIMAC-CC2538.a: [4]
    mac_beacon.o              7 968      280      592
    ----------------------------------------------------------
    Total:                    7 968      280      592

bsp.lib: [5]
    ----------------------------------------------------------
    Total:

dl7M_tln.a: [6]
    exit.o                        4
    low_level_init.o              4
    sprintf.o                    52
    xprintftiny.o               334
    xsprout.o                    10
    ----------------------------------------------------------
    Total:                      404

rt7M_tl.a: [7]
    ABImemclr.o                   6
    ABImemclr4.o                  6
    ABImemcpy_unaligned.o       118
    ABImemset.o                 102
    ABImemset48.o                50
    cexit.o                      10
    cmain.o                      26
    cstartup_M.o                 12
    data_init.o                  40
    packbits_init_single.o       56
    strcmp_unaligned.o           66
    strcpy_unaligned.o           68
    strlen.o                     54
    zero_init3.o                 64
    ----------------------------------------------------------
    Total:                      678

sdriverlib.lib: [8]
    aes.o                       492                20
    ccm.o                       904
    cpu.o                        16
    flash.o                      72
    gpio.o                      256
    interrupt.o                 592               256
    ioc.o                       768
    sys_ctrl.o                  444
    systick.o                    52
    uart.o                      276
    ----------------------------------------------------------
    Total:                    3 872               276

shb_l.a: [9]
    exit.o                       20
    ----------------------------------------------------------
    Total:                       20

    Gaps                         28        5
    Linker created                        40
--------------------------------------------------------------
    Grand Total:             72 298      808   13 220   12 288


*******************************************************************************
*** ENTRY LIST
***

Entry                      Address    Size  Type      Object
-----                      -------    ----  ----      ------
.iar.init_table$$Base   0x00211c70           --   Gb  - Linker created -
.iar.init_table$$Limit  0x00211c98           --   Gb  - Linker created -
?main                   0x00211bcd          Code  Gb  cmain.o [7]
AESECBCheckResult       0x002104e5    0x16  Code  Gb  aes.o [8]
AESECBGetResult         0x002104fb    0x5a  Code  Gb  aes.o [8]
AESECBStart             0x0021045d    0x88  Code  Gb  aes.o [8]
AESLoadKey              0x0021038d    0xce  Code  Gb  aes.o [8]
AF_DataRequest          0x0020b8c7   0x1ce  Code  Gb  AF.o [1]
AF_DataRequestDiscoverRoute
                        0x20004100     0x1  Data  Gb  AF.o [1]
AIB_apsTrustCenterAddress
                        0x20004224     0x4  Data  Gb  APS.o [3]
AIB_apsUseExtendedPANID
                        0x20004234     0x8  Data  Gb  APS.o [3]
AIB_apsUseInsecureJoin  0x20004222     0x1  Data  Gb  APS.o [3]
APSDE_DataCnf           0x0020c7c9     0xa  Code  Gb  APSMEDE_CB.o [3]
APSDE_DataConfirm       0x0020c7b1    0x18  Code  Gb  APSMEDE_CB.o [3]
APSDE_DataIndication    0x0020c7d3    0x9a  Code  Gb  APSMEDE_CB.o [3]
APSDE_DataReq           0x0020bb8d   0x1f0  Code  Gb  APSMEDE.o [3]
APSDE_DataReqMTU        0x0020bd7d    0x28  Code  Gb  APSMEDE.o [3]
APSDE_FrameAlloc        0x0020c471   0x114  Code  Gb  APSMEDE.o [3]
APSDE_FrameHdrSet       0x0020c281    0xee  Code  Gb  APSMEDE.o [3]
APSDE_FrameSend         0x0020c591    0x42  Code  Gb  APSMEDE.o [3]
APSDE_ParseMsg          0x0020c8f1   0x102  Code  Gb  aps_util.o [3]
APSF_AllocRxObj         0x00206a91    0xee  Code  Lc  aps_frag.o [3]
APSF_FindObj            0x0020678f    0x2a  Code  Lc  aps_frag.o [3]
APSF_FreeObj            0x002067b9    0x28  Code  Lc  aps_frag.o [3]
APSF_IncomingData       0x00206b7f   0x12e  Code  Lc  aps_frag.o [3]
APSF_Init               0x00206769    0x26  Code  Gb  aps_frag.o [3]
APSF_ObjList            0x20004340     0x4  Data  Lc  aps_frag.o [3]
APSF_ProcessAck         0x00206a0d    0x84  Code  Gb  aps_frag.o [3]
APSF_ProcessEvent       0x00206cb7    0xb0  Code  Gb  aps_frag.o [3]
APSF_SendFragmented     0x002067e1   0x128  Code  Gb  aps_frag.o [3]
APSF_SendOsalMsg        0x00206cad     0xa  Code  Gb  aps_frag.o [3]
APSF_TxNextFrame        0x00206909   0x102  Code  Lc  aps_frag.o [3]
APSF_taskID             0x2000433c     0x1  Data  Gb  aps_frag.o [3]
APSME_BindRequest       0x0020bda5    0x26  Code  Gb  APSMEDE.o [3]
APSME_CmdPkt            0x0020c42b    0x40  Code  Gb  APSMEDE.o [3]
APSME_CmdPktCM_ED       0x0020c3fd    0x14  Code  Gb  APSMEDE.o [3]
APSME_CmdPktHook        0x20007240     0x4  Data  Gb  APSMEDE.o [3]
APSME_CmdTransportKey   0x0020c36f    0x86  Code  Gb  APSMEDE.o [3]
APSME_FrameSecApplyCM   0x0020c211    0x6c  Code  Gb  APSMEDE.o [3]
APSME_FrameSecApplyExtCM
                        0x0020c27d     0x4  Code  Gb  APSMEDE.o [3]
APSME_FrameSecApplyExtHook
                        0x20007238     0x4  Data  Gb  APSMEDE.o [3]
APSME_FrameSecApplyHook
                        0x20007234     0x4  Data  Gb  APSMEDE.o [3]
APSME_FrameSecKeySetup  0x0020c09d    0x76  Code  Gb  APSMEDE.o [3]
APSME_FrameSecKeySync   0x0020c03b    0x62  Code  Gb  APSMEDE.o [3]
APSME_FrameSecRemoveCM  0x0020c197    0x7a  Code  Gb  APSMEDE.o [3]
APSME_FrameSecRemoveHook
                        0x2000723c     0x4  Data  Gb  APSMEDE.o [3]
APSME_FrameSecSetupCM   0x0020c113    0x84  Code  Gb  APSMEDE.o [3]
APSME_FrameSecSetupHook
                        0x20007230     0x4  Data  Gb  APSMEDE.o [3]
APSME_FrameSecurityRemove
                        0x0020c5d9    0x20  Code  Gb  APSMEDE.o [3]
APSME_GetRequest        0x0020bddf    0x4c  Code  Gb  APSMEDE.o [3]
APSME_HoldDataRequests  0x002065f5    0x2a  Code  Gb  APS.o [3]
APSME_IsDistributedSecurity
                        0x0020c641     0xc  Code  Gb  APSMEDE.o [3]
APSME_LinkKeyLoad       0x0020bfbd    0x7e  Code  Gb  APSMEDE.o [3]
APSME_LinkKeyNVIdGet    0x0020d6c7    0x5a  Code  Gb  ZDSecMgr.o [1]
APSME_LinkKeySet        0x0020d5a5    0x82  Code  Gb  ZDSecMgr.o [1]
APSME_LinkKeySync       0x0020bf15    0x5e  Code  Gb  APSMEDE.o [3]
APSME_LookupExtAddr     0x0020be47    0x3e  Code  Gb  APSMEDE.o [3]
APSME_LookupNwkAddr     0x0020be85    0x2e  Code  Gb  APSMEDE.o [3]
APSME_NwkKeyLoad        0x0020bf73    0x4a  Code  Gb  APSMEDE.o [3]
APSME_NwkKeySync        0x0020beeb    0x2a  Code  Gb  APSMEDE.o [3]
APSME_SecurityCM_ED     0x0020c619    0x18  Code  Gb  APSMEDE.o [3]
APSME_SetRequest        0x0020be2b    0x1c  Code  Gb  APSMEDE.o [3]
APSME_SwitchKeyInd      0x0020c8bb    0x28  Code  Gb  APSMEDE_CB.o [3]
APSME_TCLinkKeyInit     0x0020d721    0x76  Code  Gb  ZDSecMgr.o [1]
APSME_TCLinkKeyLoad     0x0020d83d    0x80  Code  Gb  ZDSecMgr.o [1]
APSME_TCLinkKeySync     0x0020d79d    0x9c  Code  Gb  ZDSecMgr.o [1]
APSME_TransportKeyInd   0x0020c86d    0x40  Code  Gb  APSMEDE_CB.o [3]
APSME_UnBindRequest     0x0020bdcb    0x14  Code  Gb  APSMEDE.o [3]
APS_AllowDataRequests   0x20004223     0x1  Data  Gb  APS.o [3]
APS_CmdInd              0x00206129    0x60  Code  Gb  APS.o [3]
APS_Counter             0x20004221     0x1  Data  Gb  APS.o [3]
APS_DataConfirmReflect  0x0020626d    0x20  Code  Lc  APS.o [3]
APS_DataIndReflect      0x0020628d   0x118  Code  Lc  APS.o [3]
APS_GetBind             0x002061c5    0xa8  Code  Lc  APS.o [3]
APS_Init                0x0020605d    0x28  Code  Gb  APS.o [3]
APS_IsDuplicate         0x002066a7    0x98  Code  Lc  APS.o [3]
APS_MaintainDupRejTable
                        0x0020661f    0x88  Code  Lc  APS.o [3]
APS_ReReflect           0x00206535    0x78  Code  Lc  APS.o [3]
APS_Reflect             0x002063ab   0x18a  Code  Lc  APS.o [3]
APS_ReflectorInit       0x00206039    0x24  Code  Gb  APS.o [3]
APS_TaskID              0x20004220     0x1  Data  Gb  APS.o [3]
APS_UnBind              0x0020618d    0x38  Code  Lc  APS.o [3]
APS_event_loop          0x00206085    0xa4  Code  Gb  APS.o [3]
APS_lastDupTime         0x20004230     0x4  Data  Gb  APS.o [3]
AddrMgrEntryAdd         0x0020f4ad    0x64  Code  Lc  AddrMgr.o [3]
AddrMgrEntryAddRef      0x0020f607    0x3c  Code  Gb  AddrMgr.o [3]
AddrMgrEntryData        0x2000732c     0x4  Data  Lc  AddrMgr.o [3]
AddrMgrEntryGet         0x0020f70d    0x52  Code  Gb  AddrMgr.o [3]
AddrMgrEntryLookupExt   0x0020f6b3    0x5a  Code  Gb  AddrMgr.o [3]
AddrMgrEntryLookupNwk   0x0020f643    0x70  Code  Gb  AddrMgr.o [3]
AddrMgrEntryRelease     0x0020f5d3    0x34  Code  Gb  AddrMgr.o [3]
AddrMgrEntryTotal       0x20007328     0x2  Data  Lc  AddrMgr.o [3]
AddrMgrEntryUpdate      0x0020f75f   0x142  Code  Gb  AddrMgr.o [3]
AddrMgrEntryValidate    0x0020f489    0x24  Code  Lc  AddrMgr.o [3]
AddrMgrExtAddrEqual     0x0020f563    0x18  Code  Gb  AddrMgr.o [3]
AddrMgrExtAddrLookup    0x0020f57b    0x28  Code  Gb  AddrMgr.o [3]
AddrMgrExtAddrSet       0x0020f53b     0xe  Code  Gb  AddrMgr.o [3]
AddrMgrExtAddrValid     0x0020f549    0x1a  Code  Gb  AddrMgr.o [3]
AddrMgrInit             0x0020f511    0x2a  Code  Gb  AddrMgr.o [3]
AddrMgrNwkAddrLookup    0x0020f5a3    0x30  Code  Gb  AddrMgr.o [3]
AddrMgrWriteNVRequest   0x00207a77     0x2  Code  Gb  ZDApp.o [1]
ApsLinkKeyFrmCntr       0x200071bc    0x24  Data  Gb  ZDSecMgr.o [1]
AssocChangeNwkAddr      0x00210579    0x62  Code  Gb  AssocList.o [3]
AssocGetWithAddress     0x0021060f    0x74  Code  Gb  AssocList.o [3]
AssocGetWithShort       0x002105db    0x34  Code  Gb  AssocList.o [3]
AssociatedDevList       0x200067b8   0x318  Data  Gb  nwk_globals.o [1]
BindCopyBackupToNewNV   0x0020b2a3    0xcc  Code  Lc  BindingTable.o [1]
BindInitNV              0x0020b255    0x38  Code  Gb  BindingTable.o [1]
BindRestoreFromNV       0x0020b371    0xca  Code  Gb  BindingTable.o [1]
BindSetDefaultNV        0x0020b28d    0x16  Code  Gb  BindingTable.o [1]
BindWriteNV             0x0020b43d    0x6c  Code  Gb  BindingTable.o [1]
BindingTable            0x200070ec    0x38  Data  Gb  nwk_globals.o [1]
CCMAuthEncryptCheckResult
                        0x0021131b    0x16  Code  Gb  ccm.o [8]
CCMAuthEncryptGetResult
                        0x00211331    0x88  Code  Gb  ccm.o [8]
CCMAuthEncryptStart     0x00211211   0x10a  Code  Gb  ccm.o [8]
CCMInvAuthDecryptCheckResult
                        0x002114bf     0x2  Code  Gb  ccm.o [8]
CCMInvAuthDecryptGetResult
                        0x002114c1    0xaa  Code  Gb  ccm.o [8]
CCMInvAuthDecryptStart  0x002113b9   0x100  Code  Gb  ccm.o [8]
CPUcpsid                0x00204401     0x8  Code  Gb  cpu.o [8]
CPUcpsie                0x00204409     0x8  Code  Gb  cpu.o [8]
FaultISR                0x00211bbb     0x2  Code  Lc  startup_ewarm.o [1]
FlashCacheModeSet       0x00210e63    0x12  Code  Gb  flash.o [8]
FlashGet                0x00210e5f     0x4  Code  Gb  flash.o [8]
FlashMainPageErase      0x00210e31    0x10  Code  Gb  flash.o [8]
FlashMainPageProgram    0x00210e51     0xe  Code  Gb  flash.o [8]
GPIODirModeSet          0x002042c5    0x28  Code  Gb  gpio.o [8]
GPIOIntWakeupDisable    0x002043a5     0xc  Code  Gb  gpio.o [8]
GPIOIntWakeupEnable     0x0020439b     0xa  Code  Gb  gpio.o [8]
GPIOPinRead             0x002042ed     0x6  Code  Gb  gpio.o [8]
GPIOPinTypeGPIOOutput   0x002042f9     0xa  Code  Gb  gpio.o [8]
GPIOPinTypeUARTInput    0x0020431b     0x4  Code  Gb  gpio.o [8]
GPIOPinTypeUARTOutput   0x0020431f    0x1a  Code  Gb  gpio.o [8]
GPIOPinWrite            0x002042f3     0x6  Code  Gb  gpio.o [8]
GPIOPowIntClear         0x0020436f    0x22  Code  Gb  gpio.o [8]
GPIOPowIntTypeSet       0x00204339    0x36  Code  Gb  gpio.o [8]
GenericApp_InClusterList
                        0x20004350     0x2  Data  Gb  AppData.o [1]
GenericApp_Out_ClusterList
                        0x20004352     0x2  Data  Gb  AppData.o [1]
GenericApp_SimpleDesc   0x20004108    0x14  Data  Gb  AppData.o [1]
GetBindingTableEntry    0x0020b599    0x3c  Code  Gb  BindingTable.o [1]
HalAdcCheckVdd          0x00210b21    0x16  Code  Gb  hal_adc.o [1]
HalAesInit              0x002081cd    0x14  Code  Gb  hal_aes.o [1]
HalDriverInit           0x00203c8f     0x4  Code  Gb  hal_drivers.o [1]
HalKeyConfig            0x002054e7     0x2  Code  Gb  hal_key.o [1]
Hal_Init                0x00203c89     0x6  Code  Gb  hal_drivers.o [1]
Hal_ProcessEvent        0x00203c93    0x38  Code  Gb  hal_drivers.o [1]
Hal_ProcessPoll         0x00203cd1     0x2  Code  Gb  hal_drivers.o [1]
Hal_TaskID              0x2000738d     0x1  Data  Gb  hal_drivers.o [1]
IDZb                    0x2000639c    0x14  Data  Gb  Main.o [1]
IOCPadConfigSet         0x0020971d    0x68  Code  Gb  ioc.o [8]
IOCPinConfigPeriphInput
                        0x00209605   0x118  Code  Gb  ioc.o [8]
IOCPinConfigPeriphOutput
                        0x0020959d    0x68  Code  Gb  ioc.o [8]
InitBindingTable        0x0020adb5    0x50  Code  Gb  BindingTable.o [1]
InitBoard               0x002039e1    0x22  Code  Gb  OnBoard.o [1]
IntAltMapEnable         0x00202a39     0xc  Code  Gb  interrupt.o [8]
IntDefaultHandler       0x00211bbd     0x2  Code  Lc  startup_ewarm.o [1]
IntDisable              0x002029a5    0x58  Code  Gb  interrupt.o [8]
IntEnable               0x0020294d    0x58  Code  Gb  interrupt.o [8]
IntMasterDisable        0x002028f5     0x6  Code  Gb  interrupt.o [8]
IntMasterEnable         0x002028ed     0x8  Code  Gb  interrupt.o [8]
IntPendClear            0x002029fd    0x3c  Code  Gb  interrupt.o [8]
IntPrioritySet          0x00202929    0x24  Code  Gb  interrupt.o [8]
IntRegister             0x00202903    0x26  Code  Gb  interrupt.o [8]
MAC_CbackCheckPending   0x00202659     0x4  Code  Gb  zmac_cb.o [1]
MAC_CbackEvent          0x00202475   0x1e4  Code  Gb  zmac_cb.o [1]
MAC_CbackQueryRetransmit
                        0x0020265d     0x4  Code  Gb  zmac_cb.o [1]
MAC_Init                0x002019df    0x44  Code  Gb  mac_beacon.o [4]
MAC_InitDevice          0x00200e35    0x2a  Code  Gb  mac_beacon.o [4]
MAC_McpsDataAlloc       0x00200759    0x1a  Code  Gb  mac_beacon.o [4]
MAC_McpsDataReq         0x002006c9    0x90  Code  Gb  mac_beacon.o [4]
MAC_MlmeAssociateReq    0x00200e5f     0x8  Code  Gb  mac_beacon.o [4]
MAC_MlmeGetReq          0x00203501    0x52  Code  Gb  mac_pib.o [1]
MAC_MlmePollReq         0x00200e67    0x1a  Code  Gb  mac_beacon.o [4]
MAC_MlmeResetReq        0x002018f9    0xae  Code  Gb  mac_beacon.o [4]
MAC_MlmeScanReq         0x00201da5    0x20  Code  Gb  mac_beacon.o [4]
MAC_MlmeSetReq          0x00203553   0x11c  Code  Gb  mac_pib.o [1]
MAC_MlmeSyncReq         0x002019ad    0x32  Code  Gb  mac_beacon.o [4]
MAC_RfFrontendSetup     0x002043c5    0x3c  Code  Gb  mac_rffrontend.o [1]
MAC_SrcMatchAckAllPending
                        0x00209a8f    0x1e  Code  Gb  mac_autopend.o [1]
MAC_SrcMatchAddEntry    0x002098d3   0x148  Code  Gb  mac_autopend.o [1]
MAC_SrcMatchCheckAllPending
                        0x00209aad     0xe  Code  Gb  mac_autopend.o [1]
MAC_SrcMatchCheckResult
                        0x00209abb    0x18  Code  Gb  mac_autopend.o [1]
MAC_SrcMatchDeleteEntry
                        0x00209a1b    0x74  Code  Gb  mac_autopend.o [1]
MAC_SrcMatchEnable      0x0020989d    0x36  Code  Gb  mac_autopend.o [1]
NIB_init                0x00209c9f    0xb4  Code  Gb  nwk_globals.o [1]
NLDE_BuildMsg           0x002083e7   0x120  Code  Lc  nwk_util.o [3]
NLDE_CheckForAddrConflict
                        0x00208c97    0x36  Code  Gb  nwk_util.o [3]
NLDE_CheckFrameSecurity
                        0x00208645    0x30  Code  Gb  nwk_util.o [3]
NLDE_DataCnf            0x0020a55d    0xf4  Code  Gb  NLMEDE_CB.o [3]
NLDE_DataIndSend        0x00208317    0x54  Code  Gb  nwk_util.o [3]
NLDE_DataIndication     0x0020a651   0x156  Code  Gb  NLMEDE_CB.o [3]
NLDE_DataReq            0x0020f0e9    0x5c  Code  Gb  NLMEDE.o [3]
NLDE_DataReqAlloc       0x0020f145    0x40  Code  Gb  NLMEDE.o [3]
NLDE_DataReqSend        0x00208211   0x106  Code  Gb  nwk_util.o [3]
NLDE_FrameDataLoad      0x0020beb3    0x38  Code  Gb  APSMEDE.o [3]
NLDE_GetHandle          0x0020873f    0x1e  Code  Gb  nwk_util.o [3]
NLDE_ParseFrameControl  0x00208607    0x3e  Code  Gb  nwk_util.o [3]
NLDE_ParseMsg           0x00208507   0x100  Code  Gb  nwk_util.o [3]
NLDE_ParseMsg2          0x00208675    0x9c  Code  Gb  nwk_util.o [3]
NLDE_SendMsg            0x0020836b    0x7c  Code  Gb  nwk_util.o [3]
NLME_CheckNewAddrSet    0x00208bbd    0xda  Code  Gb  nwk_util.o [3]
NLME_CmdBcast           0x00208a6f    0x12  Code  Gb  nwk_util.o [3]
NLME_CmdCnf             0x002089f7    0x78  Code  Gb  nwk_util.o [3]
NLME_CmdDataReqAlloc    0x00208a81    0x3a  Code  Gb  nwk_util.o [3]
NLME_DeviceJoiningInit  0x0020f0dd     0xc  Code  Gb  NLMEDE.o [3]
NLME_GetCoordExtAddr    0x00208737     0x8  Code  Gb  nwk_util.o [3]
NLME_GetCoordShortAddr  0x0020872f     0x8  Code  Gb  nwk_util.o [3]
NLME_GetExtAddr         0x00208711    0x16  Code  Gb  nwk_util.o [3]
NLME_GetProtocolVersion
                        0x00208abb     0x8  Code  Gb  nwk_util.o [3]
NLME_GetShortAddr       0x00208727     0x8  Code  Gb  nwk_util.o [3]
NLME_IsAddressBroadcast
                        0x00208ae1    0x3e  Code  Gb  nwk_util.o [3]
NLME_JoinConfirm        0x0020a7b5     0x4  Code  Gb  NLMEDE_CB.o [3]
NLME_JoinRequest        0x0020f347    0xd6  Code  Gb  NLMEDE.o [3]
NLME_LeaveCmdProcess    0x0020893f    0xb8  Code  Gb  nwk_util.o [3]
NLME_LeaveCmdSend       0x002088a1    0x9e  Code  Gb  nwk_util.o [3]
NLME_LeaveCnf           0x0020a7b9     0x4  Code  Gb  NLMEDE_CB.o [3]
NLME_LeaveInd           0x0020a7bd     0x4  Code  Gb  NLMEDE_CB.o [3]
NLME_LeaveRsp           0x0020f41d    0x46  Code  Gb  NLMEDE.o [3]
NLME_NetworkDiscoveryConfirm
                        0x0020a7ad     0x4  Code  Gb  NLMEDE_CB.o [3]
NLME_NetworkDiscoveryRequest
                        0x0020f185    0x4c  Code  Gb  NLMEDE.o [3]
NLME_NetworkStatusCB    0x0020a831     0x4  Code  Gb  NLMEDE_CB.o [3]
NLME_NwkDiscTerm        0x0020f1d1    0x1a  Code  Gb  NLMEDE.o [3]
NLME_OrphanJoinRequest  0x0020f1eb    0x2e  Code  Gb  NLMEDE.o [3]
NLME_PollConfirm        0x0020a7c5    0x26  Code  Gb  NLMEDE_CB.o [3]
NLME_ProcessNetworkStatus
                        0x00208d1d    0x4e  Code  Gb  nwk_util.o [3]
NLME_ReJoinReq          0x0020f229   0x11e  Code  Lc  NLMEDE.o [3]
NLME_ReJoinRequest      0x0020f223     0x4  Code  Gb  NLMEDE.o [3]
NLME_ReJoinRequestUnsecure
                        0x0020f227     0x2  Code  Gb  NLMEDE.o [3]
NLME_ReadNwkKeyInfo     0x002091ab    0x22  Code  Gb  nwk_util.o [3]
NLME_RejoinRspCmdProcess
                        0x0020882b    0x76  Code  Gb  nwk_util.o [3]
NLME_RouteDiscoveryIndication
                        0x0020a7eb    0x20  Code  Gb  NLMEDE_CB.o [3]
NLME_RouteDiscoveryRequest
                        0x00209da5   0x126  Code  Gb  rtg.o [3]
NLME_ScanFields         0x20007380     0x4  Data  Gb  NLMEDE.o [3]
NLME_SendNetworkStatus  0x00208ccd    0x50  Code  Gb  nwk_util.o [3]
NLME_SetBroadcastFilter
                        0x00208ac3    0x18  Code  Gb  nwk_util.o [3]
NLME_SetPollRate        0x002087ef    0x2c  Code  Gb  nwk_util.o [3]
NLME_SetQueuedPollRate  0x0020881b     0x8  Code  Gb  nwk_util.o [3]
NLME_SetResponseRate    0x00208823     0x8  Code  Gb  nwk_util.o [3]
NLME_SyncIndication     0x0020a7c1     0x4  Code  Gb  NLMEDE_CB.o [3]
NLME_beaconNotifyInd    0x0020a7b1     0x4  Code  Gb  NLMEDE_CB.o [3]
NWK_TaskID              0x200073a2     0x1  Data  Gb  nwk.o [3]
NmiSR                   0x00211bb9     0x2  Code  Lc  startup_ewarm.o [1]
NwkDescList             0x20006f10     0x4  Data  Gb  nwk.o [3]
OSAL_timeSeconds        0x200072f4     0x4  Data  Gb  OSAL_Clock.o [1]
OnBoard_KeyCallback     0x00203a05    0x2c  Code  Gb  OnBoard.o [1]
OnboardKeyIntEnable     0x20007393     0x1  Data  Gb  OnBoard.o [1]
Onboard_rand            0x00203a39     0x4  Code  Gb  OnBoard.o [1]
OutVAC_SendCounter      0x20006398     0x2  Data  Gb  Main.o [1]
OutVAC_Status           0x200067b0     0x8  Data  Gb  Main.o [1]
PortCPortAIsr           0x00211bb5     0x4  Code  Lc  startup_ewarm.o [1]
RTG_AddRtgEntry         0x0020a03d   0x16a  Code  Lc  rtg.o [3]
RTG_BcastDel            0x0020a2b5    0x2a  Code  Gb  rtg.o [3]
RTG_CheckRtStatus       0x0020a38d    0xb0  Code  Gb  rtg.o [3]
RTG_GetRoutingAddress   0x0020a441    0x34  Code  Lc  rtg.o [3]
RTG_GetRtDiscEntry      0x0020a2df    0x2e  Code  Lc  rtg.o [3]
RTG_GetRtgEntry         0x0020a30d    0x72  Code  Gb  rtg.o [3]
RTG_MTORouteReq         0x00209ed1    0xe8  Code  Gb  rtg.o [3]
RTG_RemoveRtgEntry      0x0020a1f3    0x3a  Code  Gb  rtg.o [3]
RTG_SendBrokenRoute     0x0020a475    0x4a  Code  Gb  rtg.o [3]
RTG_SendRErr            0x00209fb9    0x68  Code  Gb  rtg.o [3]
RTG_UpdateNeighborEntry
                        0x0020875d    0x92  Code  Gb  nwk_util.o [3]
RTG_UpdateRtDiscEntry   0x0020a22d    0x76  Code  Lc  rtg.o [3]
RTG_ValidateSrcRtg      0x0020a1b9    0x3a  Code  Gb  rtg.o [3]
RTG_nextHopIsBad        0x0020a4bf    0x32  Code  Gb  rtg.o [3]
Region$$Table$$Base     0x00211c70           --   Gb  - Linker created -
Region$$Table$$Limit    0x00211c98           --   Gb  - Linker created -
ResetIsr                0x00211b85    0x1e  Code  Lc  startup_ewarm.o [1]
SSP_BuildAuxHdr2        0x0020a8a9    0x44  Code  Gb  ssp.o [3]
SSP_CCM_Auth_Encrypt    0x0021095d    0x4a  Code  Gb  hal_ccm.o [1]
SSP_CCM_InvAuth_Decrypt
                        0x002109a9    0x4e  Code  Gb  hal_ccm.o [1]
SSP_GetMicLen           0x0020ad2f     0xe  Code  Gb  ssp.o [3]
SSP_GetMicLenHook       0x2000733c     0x4  Data  Lc  ssp.o [3]
SSP_GetMicLenProc       0x0020aa91    0x10  Code  Gb  ssp.o [3]
SSP_GetNwkKey           0x0020aaa1    0x52  Code  Gb  ssp.o [3]
SSP_Init                0x0020a835    0x12  Code  Gb  ssp.o [3]
SSP_KeyedHash           0x002106ad    0xa4  Code  Gb  ssp_hash.o [3]
SSP_NwkSecurity         0x0020ad1d    0x12  Code  Gb  ssp.o [3]
SSP_NwkSecurityHook     0x20007338     0x4  Data  Lc  ssp.o [3]
SSP_NwkSecurityProc     0x0020aaf5   0x144  Code  Gb  ssp.o [3]
SSP_ParseAuxHdr         0x0020a847    0x62  Code  Gb  ssp.o [3]
SSP_Process             0x0020a8ed    0xb6  Code  Gb  ssp.o [3]
SSP_ReadNwkActiveKey    0x0020a9a3    0x1c  Code  Gb  ssp.o [3]
SSP_SwitchNwkKey        0x0020a9ed    0xa2  Code  Gb  ssp.o [3]
SSP_UpdateNwkKey        0x0020a9bf    0x2e  Code  Gb  ssp.o [3]
SysCtrlClockGet         0x0020942d    0x2c  Code  Gb  sys_ctrl.o [8]
SysCtrlClockSet         0x002093e1    0x4c  Code  Gb  sys_ctrl.o [8]
SysCtrlClockStartSetting
                        0x0020429f    0x1a  Code  Gb  hal_sys_ctrl.o [1]
SysCtrlDeepSleepSetting
                        0x002041ed    0x5e  Code  Gb  hal_sys_ctrl.o [1]
SysCtrlDelay            0x00209479     0x8  Code  Gb  sys_ctrl.o [8]
SysCtrlPeripheralDeepSleepDisable
                        0x0020950b     0x6  Code  Gb  sys_ctrl.o [8]
SysCtrlPeripheralDisable
                        0x002094cb     0x6  Code  Gb  sys_ctrl.o [8]
SysCtrlPeripheralEnable
                        0x002094c5     0x6  Code  Gb  sys_ctrl.o [8]
SysCtrlPeripheralReset  0x00209489    0x3c  Code  Gb  sys_ctrl.o [8]
SysCtrlPeripheralSleepDisable
                        0x002094eb     0x4  Code  Gb  sys_ctrl.o [8]
SysCtrlPowIntClear      0x00204289    0x16  Code  Gb  hal_sys_ctrl.o [1]
SysCtrlReset            0x00209481     0x8  Code  Gb  sys_ctrl.o [8]
SysCtrlRunSetting       0x00204121    0x6e  Code  Gb  hal_sys_ctrl.o [1]
SysCtrlSleepSetting     0x0020418f    0x5e  Code  Gb  hal_sys_ctrl.o [1]
SysCtrlWakeupSetting    0x0020424b    0x3e  Code  Gb  hal_sys_ctrl.o [1]
SysTickEnable           0x00211965     0xc  Code  Gb  systick.o [8]
SysTickIntDisable       0x0021197d     0xc  Code  Gb  systick.o [8]
SysTickIntEnable        0x00211971     0xc  Code  Gb  systick.o [8]
SysTickIntHandler       0x002118dd     0x6  Code  Gb  hal_systick.o [1]
SysTickPeriodSet        0x00211989     0x8  Code  Gb  systick.o [8]
SysTickSetup            0x002118e3    0x1e  Code  Gb  hal_systick.o [1]
TCLinkKeyFrmCntr        0x20007294     0xc  Data  Gb  ZDSecMgr.o [1]
UARTCharGet             0x00210c21     0xa  Code  Gb  uart.o [8]
UARTCharGetNonBlocking  0x00210c11    0x10  Code  Gb  uart.o [8]
UARTCharPut             0x00210c3b     0xa  Code  Gb  uart.o [8]
UARTCharPutNonBlocking  0x00210c2b    0x10  Code  Gb  uart.o [8]
UARTCharsAvail          0x00210c01     0x6  Code  Gb  uart.o [8]
UARTClockSourceSet      0x00210c8b     0x6  Code  Gb  uart.o [8]
UARTConfigSetExpClk     0x00210b7d    0x46  Code  Gb  uart.o [8]
UARTDisable             0x00210bdd    0x1e  Code  Gb  uart.o [8]
UARTEnable              0x00210bc3    0x1a  Code  Gb  uart.o [8]
UARTIntClear            0x00210c7f     0x4  Code  Gb  uart.o [8]
UARTIntDisable          0x00210c6f     0x6  Code  Gb  uart.o [8]
UARTIntEnable           0x00210c69     0x6  Code  Gb  uart.o [8]
UARTIntRegister         0x00210c45    0x1c  Code  Gb  uart.o [8]
UARTIntStatus           0x00210c75     0xa  Code  Gb  uart.o [8]
UART_APP_RX_Buffer      0x20006ad0   0x200  Data  Gb  UserUART.o [1]
UART_RX_Flag            0x2000738e     0x1  Data  Gb  hal_uart.o [1]
ZDAppDetermineDeviceType
                        0x00207027    0x58  Code  Gb  ZDApp.o [1]
ZDAppNwkAddr            0x20004158     0xc  Data  Gb  ZDApp.o [1]
ZDAppPendingBindReq     0x20004194     0x4  Data  Gb  ZDApp.o [1]
ZDAppTaskID             0x20004167     0x1  Data  Gb  ZDApp.o [1]
ZDApp_AgeOutPendingBindEntry
                        0x00207c09    0xbc  Code  Gb  ZDApp.o [1]
ZDApp_DeviceAuthEvt     0x0020707f    0x8c  Code  Gb  ZDApp.o [1]
ZDApp_GetEmptyPendingBindReq
                        0x00207b31    0x2e  Code  Gb  ZDApp.o [1]
ZDApp_InMsgCB           0x00207a79    0x2e  Code  Gb  ZDApp.o [1]
ZDApp_Init              0x00206d89    0x52  Code  Gb  ZDApp.o [1]
ZDApp_InitPendingBind   0x00207ae1    0x50  Code  Gb  ZDApp.o [1]
ZDApp_LeaveCtrl         0x20004169     0x1  Data  Gb  ZDApp.o [1]
ZDApp_LeaveUpdate       0x00207639    0x4a  Code  Gb  ZDApp.o [1]
ZDApp_NVUpdate          0x00207ad5     0x2  Code  Gb  ZDApp.o [1]
ZDApp_NewDeviceList     0x20004198     0x4  Data  Gb  ZDApp.o [1]
ZDApp_NodeProfileSync   0x00207aa7    0x26  Code  Gb  ZDApp.o [1]
ZDApp_NwkDescListProcessing
                        0x002076d1    0xb8  Code  Gb  ZDApp.o [1]
ZDApp_ProcessMsgCBs     0x0020730b    0x5a  Code  Gb  ZDApp.o [1]
ZDApp_ProcessNetworkJoin
                        0x002073c3   0x218  Code  Gb  ZDApp.o [1]
ZDApp_ProcessOSALMsg    0x0020710b   0x1fa  Code  Gb  ZDApp.o [1]
ZDApp_ProcessPendingBindReq
                        0x00207b5f    0x82  Code  Gb  ZDApp.o [1]
ZDApp_ProcessSecEvent   0x00206f05    0x66  Code  Gb  ZDApp.o [1]
ZDApp_ProcessSecMsg     0x00207393    0x30  Code  Gb  ZDApp.o [1]
ZDApp_RegisterCBs       0x00207365    0x2e  Code  Gb  ZDApp.o [1]
ZDApp_RestoreNwkKey     0x002075db    0x5e  Code  Gb  ZDApp.o [1]
ZDApp_SavedPollRate     0x2000416e     0x2  Data  Gb  ZDApp.o [1]
ZDApp_SecInit           0x00206ddb    0x6c  Code  Gb  ZDApp.o [1]
ZDApp_epDesc            0x200041a4    0x10  Data  Gb  ZDApp.o [1]
ZDApp_event_loop        0x00206e47    0xbe  Code  Gb  ZDApp.o [1]
ZDConfig_InitDescriptors
                        0x0020e9d5    0x2a  Code  Gb  ZDConfig.o [1]
ZDConfig_UpdateNodeDescriptor
                        0x0020e9ff    0x2e  Code  Gb  ZDConfig.o [1]
ZDOBuildBuf             0x2000715c    0x34  Data  Lc  ZDObject.o [1]
ZDOInitDevice           0x00206f6b    0xbc  Code  Gb  ZDApp.o [1]
ZDO_Config_Node_Descriptor
                        0x20007268    0x10  Data  Gb  ZDConfig.o [1]
ZDO_Config_Power_Descriptor
                        0x20007350     0x4  Data  Gb  ZDConfig.o [1]
ZDO_ConvertOTAClusters  0x0020cdbb    0x26  Code  Gb  ZDObject.o [1]
ZDO_EDBind              0x20007354     0x4  Data  Lc  ZDObject.o [1]
ZDO_Init                0x0020cb19    0x22  Code  Gb  ZDObject.o [1]
ZDO_JoinConfirmCB       0x00207899    0x8c  Code  Gb  ZDApp.o [1]
ZDO_LeaveCnf            0x0020793d    0x50  Code  Gb  ZDApp.o [1]
ZDO_LeaveInd            0x0020799b    0xac  Code  Gb  ZDApp.o [1]
ZDO_NetworkDiscoveryConfirmCB
                        0x00207683    0x40  Code  Gb  ZDApp.o [1]
ZDO_NetworkStatusCB     0x00207a73     0x4  Code  Gb  ZDApp.o [1]
ZDO_ParseAddrRsp        0x0020d1fb    0x68  Code  Gb  ZDObject.o [1]
ZDO_ParseBindUnbindReq  0x0020d1b5    0x46  Code  Gb  ZDObject.o [1]
ZDO_ParseDeviceAnnce    0x0020d263    0x20  Code  Gb  ZDObject.o [1]
ZDO_PollConfirmCB       0x00207a71     0x2  Code  Gb  ZDApp.o [1]
ZDO_ProcessActiveEPReq  0x0020cd61    0x5a  Code  Gb  ZDObject.o [1]
ZDO_ProcessBindUnbindReq
                        0x0020d049   0x112  Code  Gb  ZDObject.o [1]
ZDO_ProcessMatchDescReq
                        0x0020cde1   0x262  Code  Gb  ZDObject.o [1]
ZDO_ProcessNodeDescReq  0x0020cc8d    0x36  Code  Gb  ZDObject.o [1]
ZDO_ProcessPowerDescReq
                        0x0020ccc3    0x34  Code  Gb  ZDObject.o [1]
ZDO_ProcessSimpleDescReq
                        0x0020cd07    0x5a  Code  Gb  ZDObject.o [1]
ZDO_RegisterForZDOMsg   0x0020ef65    0x44  Code  Gb  ZDProfile.o [1]
ZDO_SendMsgCBs          0x0020efb1    0x68  Code  Gb  ZDProfile.o [1]
ZDO_StartDevice         0x0020cb3b    0x9e  Code  Gb  ZDObject.o [1]
ZDO_StartDevice::scanCnt
                        0x20007395     0x1  Data  Lc  ZDObject.o [1]
ZDO_SyncIndicationCB    0x00207a47    0x2a  Code  Gb  ZDApp.o [1]
ZDO_UpdateAddrManager   0x0020d15b    0x1e  Code  Gb  ZDObject.o [1]
ZDO_UpdateNwkStatus     0x0020cc17    0x76  Code  Gb  ZDObject.o [1]
ZDO_UseExtendedPANID    0x2000419c     0x8  Data  Gb  ZDApp.o [1]
ZDO_beaconNotifyIndCB   0x00207799    0xfa  Code  Gb  ZDApp.o [1]
ZDP_Buf                 0x200041bc    0x50  Data  Lc  ZDProfile.o [1]
ZDP_DeviceAnnce         0x0020eb95    0x58  Code  Gb  ZDProfile.o [1]
ZDP_EPRsp               0x0020eea1    0x5a  Code  Gb  ZDProfile.o [1]
ZDP_GenericRsp          0x0020eefb    0x5e  Code  Gb  ZDProfile.o [1]
ZDP_IncomingData        0x0020f01d    0x86  Code  Gb  ZDProfile.o [1]
ZDP_NodeDescMsg         0x0020eca5    0x6e  Code  Gb  ZDProfile.o [1]
ZDP_NwkAddrReq          0x0020eb05    0x8a  Code  Gb  ZDProfile.o [1]
ZDP_PowerDescMsg        0x0020ed13    0x50  Code  Gb  ZDProfile.o [1]
ZDP_SendData            0x0020ea8f    0x76  Code  Gb  ZDProfile.o [1]
ZDP_SimpleDescMsg       0x0020ed91   0x104  Code  Gb  ZDProfile.o [1]
ZDP_TmpBuf              0x200041b8     0x4  Data  Lc  ZDProfile.o [1]
ZDP_TransID             0x200041b4     0x1  Data  Gb  ZDProfile.o [1]
ZDP_TxOptions           0x200041b5     0x1  Data  Gb  ZDProfile.o [1]
ZDSecMgrAddrClear       0x0020d285    0x42  Code  Gb  ZDSecMgr.o [1]
ZDSecMgrApsLinkKeyInit  0x0020d963    0x66  Code  Gb  ZDSecMgr.o [1]
ZDSecMgrAuthNwkKey      0x0020d3d9    0x18  Code  Gb  ZDSecMgr.o [1]
ZDSecMgrAuthenticationCheck
                        0x0020d627    0xa0  Code  Gb  ZDSecMgr.o [1]
ZDSecMgrDeviceRemoveByExtAddr
                        0x0020d383    0x56  Code  Gb  ZDSecMgr.o [1]
ZDSecMgrEntries         0x2000735c     0x4  Data  Gb  ZDSecMgr.o [1]
ZDSecMgrEntryFree       0x0020d34b    0x38  Code  Gb  ZDSecMgr.o [1]
ZDSecMgrEntryInit       0x0020d2c7    0x28  Code  Gb  ZDSecMgr.o [1]
ZDSecMgrEntryLookupExtGetIndex
                        0x0020d2ef    0x56  Code  Gb  ZDSecMgr.o [1]
ZDSecMgrInit            0x0020d3f1     0x8  Code  Gb  ZDSecMgr.o [1]
ZDSecMgrInitNVKeyTables
                        0x0020d9c9    0x14  Code  Gb  ZDSecMgr.o [1]
ZDSecMgrNwkKeyInit      0x0020d8bd    0x64  Code  Gb  ZDSecMgr.o [1]
ZDSecMgrReadKeyFromNv   0x0020d921    0x42  Code  Gb  ZDSecMgr.o [1]
ZDSecMgrSaveTCLinkKey   0x0020d9dd    0x44  Code  Gb  ZDSecMgr.o [1]
ZDSecMgrSwitchKeyInd    0x0020d595    0x10  Code  Gb  ZDSecMgr.o [1]
ZDSecMgrTCDataLoad      0x0020d405    0x42  Code  Gb  ZDSecMgr.o [1]
ZDSecMgrTransportKeyInd
                        0x0020d447   0x14e  Code  Gb  ZDSecMgr.o [1]
ZDSecMgrUpdateTCAddress
                        0x0020da57    0x1e  Code  Gb  ZDSecMgr.o [1]
ZDiagsUpdateStats       0x0020adb1     0x2  Code  Gb  ZDiags.o [1]
ZIGBEE_RX_Buffer        0x200063b0   0x200  Data  Gb  Main.o [1]
ZIGBEE_TX_Buffer        0x200065b0   0x200  Data  Gb  Main.o [1]
ZMacAssociateReq        0x002092d3     0xe  Code  Gb  zmac.o [1]
ZMacDataReqSec          0x0020934b    0x62  Code  Gb  zmac.o [1]
ZMacGetReq              0x00209299    0x1c  Code  Gb  zmac.o [1]
ZMacInit                0x00209259    0x40  Code  Gb  zmac.o [1]
ZMacLqiAdjust           0x00202661    0x32  Code  Lc  zmac_cb.o [1]
ZMacPollReq             0x0020933d     0xe  Code  Gb  zmac.o [1]
ZMacScanReq             0x002092e1    0x52  Code  Gb  zmac.o [1]
ZMacSetReq              0x002092b5    0x1e  Code  Gb  zmac.o [1]
ZMacSrcMatchAckAllPending
                        0x002093bf     0xa  Code  Gb  zmac.o [1]
ZMacSrcMatchAddEntry    0x002093b7     0x4  Code  Gb  zmac.o [1]
ZMacSrcMatchDeleteEntry
                        0x002093bb     0x4  Code  Gb  zmac.o [1]
ZMacSrcMatchEnable      0x002093ad     0xa  Code  Gb  zmac.o [1]
ZMacSyncReq             0x00209333     0xa  Code  Gb  zmac.o [1]
ZMac_ScanBuf            0x20007324     0x4  Data  Gb  zmac.o [1]
_NIB                    0x20006e9c    0x74  Data  Gb  nwk.o [3]
_PrintfTiny             0x002115e3   0x136  Code  Gb  xprintftiny.o [6]
_SProut                 0x00202d13     0xa  Code  Gb  xsprout.o [6]
_ScanChannels           0x20007320     0x4  Data  Gb  zmac.o [1]
__aeabi_memclr          0x00211209          Code  Gb  ABImemclr.o [7]
__aeabi_memclr4         0x00210b75          Code  Gb  ABImemclr4.o [7]
__aeabi_memset          0x00203979          Code  Gb  ABImemset.o [7]
__cca                   0x0027ffd4     0xc  Data  Gb  startup_ewarm.o [1]
__cmain                 0x00211bcd          Code  Gb  cmain.o [7]
__exit                  0x00211c25    0x14  Code  Gb  exit.o [9]
__iar_Memset            0x00203979          Code  Gb  ABImemset.o [7]
__iar_Memset4_word      0x00211599          Code  Gb  ABImemset48.o [7]
__iar_Memset8_word      0x00211599          Code  Gb  ABImemset48.o [7]
__iar_Memset_word       0x00203981          Code  Gb  ABImemset.o [7]
__iar_data_init3        0x00211bed    0x28  Code  Gb  data_init.o [7]
__iar_packbits_init_single3
                        0x00211c39    0x38  Code  Gb  packbits_init_single.o [7]
__iar_program_start     0x00211bbf          Code  Gb  cstartup_M.o [7]
__iar_unaligned___aeabi_memcpy
                        0x00205471          Code  Gb  ABImemcpy_unaligned.o [7]
__iar_unaligned___aeabi_memcpy4
                        0x00205491          Code  Gb  ABImemcpy_unaligned.o [7]
__iar_unaligned___aeabi_memcpy8
                        0x00205491          Code  Gb  ABImemcpy_unaligned.o [7]
__iar_unaligned_strcmp  0x00211191          Code  Gb  strcmp_unaligned.o [7]
__iar_unaligned_strcpy  0x00210e79          Code  Gb  strcpy_unaligned.o [7]
__iar_zero_init3        0x00211b45    0x40  Code  Gb  zero_init3.o [7]
__low_level_init        0x00211be7     0x4  Code  Gb  low_level_init.o [6]
__vector_table          0x00200000   0x100  Data  Gb  startup_ewarm.o [1]
_call_main              0x00211bd9          Code  Gb  cmain.o [7]
_exit                   0x00211c19          Code  Gb  cexit.o [7]
_main                   0x00211be3          Code  Gb  cmain.o [7]
_nvBuf                  0x0027c800  0x3000  Data  Gb  osal_nv.o [1]
_savedRejoinRspAddr     0x20004210     0x2  Data  Gb  nwk_util.o [3]
_tmpRejoinState         0x20004166     0x1  Data  Gb  ZDApp.o [1]
aExtendedAddress        0x200072e8     0x8  Data  Gb  OnBoard.o [1]
accumulatedOverflowCount
                        0x20007264     0x4  Data  Lc  mac_mcu.o [1]
activeTaskID            0x20004369     0x1  Data  Lc  OSAL.o [1]
afAPSF_ConfigGet        0x0020bb59    0x2a  Code  Gb  AF.o [1]
afBuildMSGIncoming      0x0020b82b    0x9c  Code  Lc  AF.o [1]
afCopyAddress           0x0020bb39    0x20  Code  Gb  AF.o [1]
afDataConfirm           0x0020b635    0x40  Code  Gb  AF.o [1]
afDataReqMTU            0x0020baeb    0x18  Code  Gb  AF.o [1]
afEndPoints             0x0020bb17    0x22  Code  Gb  AF.o [1]
afFindEndPointDesc      0x0020ba9b    0x1a  Code  Gb  AF.o [1]
afFindSimpleDesc        0x0020bab5    0x36  Code  Gb  AF.o [1]
afIncomingData          0x0020b6c3   0x168  Code  Gb  AF.o [1]
afNumEndPoints          0x0020bb03    0x14  Code  Gb  AF.o [1]
afReflectError          0x0020b675    0x4e  Code  Gb  AF.o [1]
afRegister              0x0020b5ed    0x48  Code  Gb  AF.o [1]
apsAckFindMatchCB       0x0020ca8d    0x46  Code  Lc  aps_util.o [3]
apsGenerateAck          0x0020c9f3    0x9a  Code  Gb  aps_util.o [3]
apsGroupTable           0x20007368     0x4  Data  Gb  aps_groups.o [3]
apsProcessAck           0x0020cad3    0x3e  Code  Gb  aps_util.o [3]
aps_FindGroup           0x0020ad59    0x20  Code  Gb  aps_groups.o [3]
aps_FindGroupForEndpoint
                        0x0020ad79    0x32  Code  Gb  aps_groups.o [3]
apsfProcessAck          0x20007370     0x4  Data  Gb  APS.o [3]
apsfSendFragmented      0x2000736c     0x4  Data  Gb  APS.o [3]
apsfSendOsalMsg         0x20007374     0x4  Data  Gb  APS.o [3]
backoffTimerRollover    0x200072d0     0x4  Data  Lc  mac_backoff_timer.o [1]
backoffTimerTrigger     0x200072d4     0x4  Data  Lc  mac_backoff_timer.o [1]
bcastHoldHandle         0x20007288     0xc  Data  Gb  nwk_globals.o [1]
bindAddEntry            0x0020ae69    0xe8  Code  Gb  BindingTable.o [1]
bindAddrIndexGet        0x0020b547    0x4a  Code  Gb  BindingTable.o [1]
bindAddrMgrLocalLoad    0x0020b4f1    0x56  Code  Gb  BindingTable.o [1]
bindAddrMgrLocalLoaded  0x200071e0     0x1  Data  Lc  BindingTable.o [1]
bindAddressClear        0x0020b201    0x52  Code  Gb  BindingTable.o [1]
bindFind                0x0020b199    0x68  Code  Gb  BindingTable.o [1]
bindFindEmpty           0x0020ae05    0x30  Code  Gb  BindingTable.o [1]
bindFindExisting        0x0020afcb    0x96  Code  Gb  BindingTable.o [1]
bindIsClusterIDinList   0x0020af63    0x26  Code  Gb  BindingTable.o [1]
bindNumOfEntries        0x0020ae35    0x34  Code  Gb  BindingTable.o [1]
bindNumReflections      0x0020b147    0x52  Code  Gb  BindingTable.o [1]
bindRemoveClusterIdFromList
                        0x0020af89    0x42  Code  Gb  BindingTable.o [1]
bindRemoveDev           0x0020b061    0xe6  Code  Gb  BindingTable.o [1]
bindRemoveEntry         0x0020af51    0x12  Code  Gb  BindingTable.o [1]
bindingAddrMgsHelperConvert
                        0x0020b4a9    0x2c  Code  Gb  BindingTable.o [1]
bindingAddrMgsHelperConvertShort
                        0x0020b4d5    0x1c  Code  Gb  BindingTable.o [1]
calcChkF                0x0020e263    0x2e  Code  Lc  osal_nv.o [1]
ccmStar                 0x0020ac3f    0xde  Code  Gb  ssp.o [3]
compactPage             0x0020dedb   0x1c8  Code  Lc  osal_nv.o [1]
conflictedAddrTable     0x200072a0     0xc  Data  Lc  nwk_util.o [3]
continueJoining         0x20004165     0x1  Data  Gb  ZDApp.o [1]
cspReadCountSymbols     0x00205029    0x1e  Code  Lc  mac_csp_tx.o [1]
defaultKey              0x00211b24    0x10  Data  Gb  nwk_globals.o [1]
defaultTCLinkKey        0x00211b34    0x10  Data  Gb  nwk_globals.o [1]
devStartMode            0x2000416b     0x1  Data  Gb  ZDApp.o [1]
devState                0x2000416a     0x1  Data  Gb  ZDApp.o [1]
epList                  0x20004104     0x4  Data  Gb  AF.o [1]
erasePage               0x0020deb7    0x24  Code  Lc  osal_nv.o [1]
exit                    0x00211c15     0x4  Code  Gb  exit.o [6]
ff1                     0x20006380     0x4  Data  Lc  OSAL_Memory.o [1]
fillAndSend             0x0020ea39    0x56  Code  Lc  ZDProfile.o [1]
findItem                0x0020e0a3    0x7c  Code  Lc  osal_nv.o [1]
flashErasePage          0x002109f7    0x1c  Code  Gb  armcm3flashutil.o [1]
flashWrite              0x00210a13   0x10c  Code  Gb  armcm3flashutil.o [1]
gBIND_REC_SIZE          0x00211b22     0x2  Data  Gb  nwk_globals.o [1]
gDEFAULT_ROUTE_REQUEST_RADIUS
                        0x00211b13     0x1  Data  Gb  nwk_globals.o [1]
gDEF_NWK_RADIUS         0x00211b14     0x1  Data  Gb  nwk_globals.o [1]
gKEEPALIVE_TIMEOUT_MAX  0x00211b16     0x2  Data  Gb  nwk_globals.o [1]
gLINK_DOWN_TRIGGER      0x00211b0d     0x1  Data  Gb  nwk_globals.o [1]
gMAX_BCAST              0x00211b0e     0x1  Data  Gb  nwk_globals.o [1]
gMAX_BINDING_CLUSTER_IDS
                        0x00211b21     0x1  Data  Gb  nwk_globals.o [1]
gMAX_BROADCAST_QUEUED   0x00211b0c     0x1  Data  Gb  nwk_globals.o [1]
gMAX_NEIGHBOR_ENTRIES   0x00211b0a     0x1  Data  Gb  nwk_globals.o [1]
gMAX_NWK_FRAMECOUNTER_CHANGES
                        0x00211b1c     0x4  Data  Gb  nwk_globals.o [1]
gMAX_RREQ_ENTRIES       0x00211b09     0x1  Data  Gb  nwk_globals.o [1]
gMAX_RTG_ENTRIES        0x00211b08     0x1  Data  Gb  nwk_globals.o [1]
gMAX_SOURCE_ROUTE       0x00211b0b     0x1  Data  Gb  nwk_globals.o [1]
gMIN_TREE_LQI           0x20004367     0x1  Data  Gb  nwk_globals.o [1]
gMTO_ROUTE_EXPIRY_TIME  0x00211b12     0x1  Data  Gb  nwk_globals.o [1]
gMTO_RREQ_LIMIT_TIME    0x00211b10     0x2  Data  Gb  nwk_globals.o [1]
gNWK_CONFLICTED_ADDR_EXPIRY_TIME
                        0x00211b0f     0x1  Data  Gb  nwk_globals.o [1]
gNWK_MAX_BINDING_ENTRIES
                        0x00211b20     0x1  Data  Gb  nwk_globals.o [1]
gNWK_MAX_DATABUFS_SCHEDULED
                        0x00211b06     0x1  Data  Gb  nwk_globals.o [1]
gNWK_MAX_DATABUFS_TOTAL
                        0x00211b07     0x1  Data  Gb  nwk_globals.o [1]
gNWK_MAX_DATABUFS_WAITING
                        0x00211b05     0x1  Data  Gb  nwk_globals.o [1]
gNWK_MAX_DEVICE_LIST    0x00211b04     0x1  Data  Gb  nwk_globals.o [1]
gTIMEOUT_COUNTER_MAX    0x00211b18     0x2  Data  Gb  nwk_globals.o [1]
g_pfnRAMVectors         0x20004000   0x100  Data  Lc  interrupt.o [8]
g_pui32DCGCRegs         0x00209570    0x18  Data  Lc  sys_ctrl.o [8]
g_pui32DisRegs          0x00202b14    0x14  Data  Lc  interrupt.o [8]
g_pui32EnRegs           0x00202b00    0x14  Data  Lc  interrupt.o [8]
g_pui32IOCPortAOverrideReg
                        0x0020979c    0x20  Data  Lc  ioc.o [8]
g_pui32IOCPortASignSelectReg
                        0x0020981c    0x20  Data  Lc  ioc.o [8]
g_pui32IOCPortBOverrideReg
                        0x002097bc    0x20  Data  Lc  ioc.o [8]
g_pui32IOCPortBSignSelectReg
                        0x0020983c    0x20  Data  Lc  ioc.o [8]
g_pui32IOCPortCOverrideReg
                        0x002097dc    0x20  Data  Lc  ioc.o [8]
g_pui32IOCPortCSignSelectReg
                        0x0020985c    0x20  Data  Lc  ioc.o [8]
g_pui32IOCPortDOverrideReg
                        0x002097fc    0x20  Data  Lc  ioc.o [8]
g_pui32IOCPortDSignSelectReg
                        0x0020987c    0x20  Data  Lc  ioc.o [8]
g_pui32RCGCRegs         0x00209540    0x18  Data  Lc  sys_ctrl.o [8]
g_pui32Regs             0x00202a5c    0xa4  Data  Lc  interrupt.o [8]
g_pui32SCGCRegs         0x00209558    0x18  Data  Lc  sys_ctrl.o [8]
g_pui32SRRegs           0x00209588    0x14  Data  Lc  sys_ctrl.o [8]
g_pui32UnpendRegs       0x00202b28    0x14  Data  Lc  interrupt.o [8]
g_ui8CurrentAESOp       0x20007244     0x1  Data  Gb  aes.o [8]
halAssertHandler        0x002026bd     0x2  Code  Gb  hal_assert.o [1]
halAssertHazardLights   0x002026bf   0x214  Code  Gb  hal_assert.o [1]
halAssertHazardLights{6}{7}{8}{9}{14}::escape
                        0x2000738c     0x1  Data  Lc  hal_assert.o [1]
halSleepTimerIsr        0x00211cc1     0x6  Code  Gb  hal_sleep.o [1]
hdrData                 0x20004154     0x4  Data  Lc  osal_nv.o [1]
hotItem                 0x0020e5b1    0x18  Code  Lc  osal_nv.o [1]
hotItemUpdate           0x0020e5c9    0x2c  Code  Lc  osal_nv.o [1]
hotOff                  0x2000414c     0x8  Data  Lc  osal_nv.o [1]
hotPg                   0x20004130     0x4  Data  Lc  osal_nv.o [1]
initItem                0x0020e11f    0xd4  Code  Lc  osal_nv.o [1]
initNV                  0x0020dbc9   0x156  Code  Lc  osal_nv.o [1]
initPage                0x0020dd1f   0x192  Code  Lc  osal_nv.o [1]
interrupt_keybd         0x002054e9     0x4  Code  Gb  hal_key.o [1]
interrupt_uart1         0x00211ad9    0x1e  Code  Gb  hal_uart.o [1]
lqiAdjMode              0x2000739d     0x1  Data  Lc  zmac_cb.o [1]
macActionSet            0x200042d8    0x24  Data  Gb  mac_beacon.o [4]
macAllocTxBuffer        0x00200149    0x3e  Code  Gb  mac_beacon.o [4]
macApiAssociateReq      0x002008cd    0x7e  Code  Gb  mac_beacon.o [4]
macApiBadState          0x002015e5    0x6e  Code  Gb  mac_beacon.o [4]
macApiDataReq           0x00200657    0x68  Code  Gb  mac_beacon.o [4]
macApiDisassociateReq   0x0020172d    0x5c  Code  Gb  mac_beacon.o [4]
macApiPending           0x00201655    0x28  Code  Gb  mac_beacon.o [4]
macApiPollReq           0x00200c0d    0x90  Code  Gb  mac_beacon.o [4]
macApiPwrOnReq          0x00201a29     0x2  Code  Gb  mac_beacon.o [4]
macApiScanReq           0x00201a4d    0xb8  Code  Gb  mac_beacon.o [4]
macAssocDataReq         0x0020094d    0x5e  Code  Gb  mac_beacon.o [4]
macAssocDataReqComplete
                        0x002009ad    0x60  Code  Gb  mac_beacon.o [4]
macAssocDataRxInd       0x00200b7d    0x80  Code  Gb  mac_beacon.o [4]
macAssocFailed          0x00200aed    0x54  Code  Gb  mac_beacon.o [4]
macAssocFrameResponseTimeout
                        0x00200ab5    0x36  Code  Gb  mac_beacon.o [4]
macAssocRxDisassoc      0x00200b41    0x3c  Code  Gb  mac_beacon.o [4]
macAssociatingSt        0x00200f00    0x64  Data  Gb  mac_beacon.o [4]
macBackoffTimerCancelTrigger
                        0x0020349d     0x2  Code  Gb  mac_backoff_timer.o [1]
macBackoffTimerCapture  0x0020342b    0x24  Code  Gb  mac_backoff_timer.o [1]
macBackoffTimerCompareIsr
                        0x0020349f     0x4  Code  Gb  mac_backoff_timer.o [1]
macBackoffTimerCount    0x00203407    0x24  Code  Gb  mac_backoff_timer.o [1]
macBackoffTimerInit     0x00203369    0x30  Code  Gb  mac_backoff_timer.o [1]
macBackoffTimerPeriodIsr
                        0x002034a3     0xe  Code  Gb  mac_backoff_timer.o [1]
macBackoffTimerReset    0x00203399    0x40  Code  Gb  mac_backoff_timer.o [1]
macBackoffTimerRolloverCallback
                        0x00201f11    0x50  Code  Gb  mac_beacon.o [4]
macBackoffTimerSetRollover
                        0x002033d9    0x26  Code  Gb  mac_backoff_timer.o [1]
macBackoffTimerSetTrigger
                        0x0020344f    0x4e  Code  Gb  mac_backoff_timer.o [1]
macBackoffTimerTriggerCallback
                        0x00201e3f    0xa6  Code  Gb  mac_beacon.o [4]
macBeacon               0x2000423c    0x20  Data  Gb  mac_beacon.o [4]
macBeaconDevice         0x20006f84    0x34  Data  Gb  mac_beacon.o [4]
macBeaconMargin         0x20004260    0x20  Data  Gb  mac_beacon.o [4]
macBuildAssociateReq    0x0020080b    0x44  Code  Gb  mac_beacon.o [4]
macBuildBeaconNotifyInd
                        0x00201523    0xb4  Code  Gb  mac_beacon.o [4]
macBuildCommonReq       0x0020147d    0x56  Code  Gb  mac_beacon.o [4]
macBuildDataFrame       0x0020036d    0x3a  Code  Gb  mac_beacon.o [4]
macBuildDisassociateReq
[...]
nwkPanIdList            0x20004214     0x4  Data  Lc  nwk_util.o [3]
nwkPollConfirmProcessing
                        0x00205fab    0x44  Code  Lc  nwk.o [3]
nwkSendMTOReq           0x200073a3     0x1  Data  Gb  nwk.o [3]
nwkStateIdle            0x200073a4     0x1  Data  Lc  nwk.o [3]
nwkStatus               0x20004168     0x1  Data  Gb  ZDApp.o [1]
nwk_BeaconFromNative    0x00205f49    0x62  Code  Gb  nwk.o [3]
nwk_ExtPANIDValid       0x0020918d    0x1e  Code  Gb  nwk_util.o [3]
nwk_MacDataBuffersAdd   0x00203d4f   0x106  Code  Gb  nwk_bufs.o [3]
nwk_MacDataBuffersDealloc
                        0x00203e55    0x96  Code  Gb  nwk_bufs.o [3]
nwk_MacDataBuffersFull  0x00203d09    0x46  Code  Gb  nwk_bufs.o [3]
nwk_ScanJoiningOrphan   0x00205d35    0xcc  Code  Gb  nwk.o [3]
nwk_SendNextDataBuf     0x00203cdf    0x2a  Code  Gb  nwk_bufs.o [3]
nwk_Status              0x00209d85     0x2  Code  Gb  nwk_globals.o [1]
nwk_adjustDelay         0x00209d87    0x1e  Code  Gb  nwk_globals.o [1]
nwk_associate_cnf_processing
                        0x00205c11    0xc6  Code  Lc  nwk.o [3]
nwk_beacon_notify_ind_processing
                        0x00205e01    0xc8  Code  Lc  nwk.o [3]
nwk_broadcastReceive    0x002040b9    0x42  Code  Gb  nwk_bufs.o [3]
nwk_broadcastSend       0x00204073    0x46  Code  Gb  nwk_bufs.o [3]
nwk_data_cnf_processing
                        0x00205849    0x9a  Code  Lc  nwk.o [3]
nwk_data_ind_processing
                        0x0020598d   0x22a  Code  Lc  nwk.o [3]
nwk_data_req_send       0x0020573b    0x9e  Code  Gb  nwk.o [3]
nwk_desc_list_free      0x00205f25    0x1a  Code  Gb  nwk.o [3]
nwk_event_loop          0x00205523   0x1a4  Code  Gb  nwk.o [3]
nwk_getNetworkDesc      0x00205ed1    0x4e  Code  Gb  nwk.o [3]
nwk_getNwkDescList      0x00205f1f     0x6  Code  Gb  nwk.o [3]
nwk_globals_init        0x00209c99     0x6  Code  Gb  nwk_globals.o [1]
nwk_indSendError        0x00205bbd    0x54  Code  Lc  nwk.o [3]
nwk_init                0x002054ed    0x36  Code  Gb  nwk.o [3]
nwk_process_dstAddr     0x002058e3    0xaa  Code  Lc  nwk.o [3]
nwk_scan_cnf_processing
                        0x00205cd7    0x5e  Code  Lc  nwk.o [3]
nwk_set_poll_evt        0x0020581f    0x2a  Code  Gb  nwk.o [3]
nwk_stateIdle           0x00205fef     0x6  Code  Gb  nwk.o [3]
nwkbufs_init            0x00203cd5     0xa  Code  Gb  nwk_bufs.o [3]
osalAddTimer            0x00203a45    0x4a  Code  Gb  OSAL_Timers.o [1]
osalAdjustTimer         0x0021193b    0x1c  Code  Gb  OSAL_Clock.o [1]
osalClockUpdate         0x00211901    0x3a  Code  Lc  OSAL_Clock.o [1]
osalInitTasks           0x00203c41    0x42  Code  Gb  OSAL_Main.o [1]
osalMemStat             0x20007394     0x1  Data  Lc  OSAL_Memory.o [1]
osalTimerInit           0x00203a3d     0x8  Code  Gb  OSAL_Timers.o [1]
osalTimerUpdate         0x00203b5b    0xca  Code  Gb  OSAL_Timers.o [1]
osal_GetSystemClock     0x00203c25     0x6  Code  Gb  OSAL_Timers.o [1]
osal_buffer_uint24      0x0020242f     0xe  Code  Gb  OSAL.o [1]
osal_buffer_uint32      0x0020241d    0x12  Code  Gb  OSAL.o [1]
osal_build_uint32       0x0020205d    0x3c  Code  Gb  OSAL.o [1]
osal_clear_event        0x00202339    0x22  Code  Gb  OSAL.o [1]
osal_get_timeoutEx      0x00203b29    0x32  Code  Gb  OSAL_Timers.o [1]
osal_init_system        0x0020237f    0x20  Code  Gb  OSAL.o [1]
osal_int_disable        0x0020236d    0x12  Code  Gb  OSAL.o [1]
osal_int_enable         0x0020235b    0x12  Code  Gb  OSAL.o [1]
osal_isbufset           0x0020243d    0x24  Code  Gb  OSAL.o [1]
osal_mem_alloc          0x00202b95    0xc8  Code  Gb  OSAL_Memory.o [1]
osal_mem_free           0x00202c5d    0x56  Code  Gb  OSAL_Memory.o [1]
osal_mem_init           0x00202b3d    0x24  Code  Gb  OSAL_Memory.o [1]
osal_mem_kick           0x00202b61    0x34  Code  Gb  OSAL_Memory.o [1]
osal_memcmp             0x00202031    0x18  Code  Gb  OSAL.o [1]
osal_memcpy             0x00202021    0x10  Code  Gb  OSAL.o [1]
osal_memset             0x00202049    0x14  Code  Gb  OSAL.o [1]
osal_msg_allocate       0x0020209d    0x24  Code  Gb  OSAL.o [1]
osal_msg_deallocate     0x002020c1    0x1e  Code  Gb  OSAL.o [1]
osal_msg_dequeue        0x00202261    0x32  Code  Gb  OSAL.o [1]
osal_msg_enqueue        0x0020222d    0x34  Code  Gb  OSAL.o [1]
osal_msg_enqueue_max    0x002022d5    0x42  Code  Gb  OSAL.o [1]
osal_msg_extract        0x0020229b    0x3a  Code  Gb  OSAL.o [1]
osal_msg_find           0x002021f7    0x36  Code  Gb  OSAL.o [1]
osal_msg_receive        0x00202179    0x7e  Code  Gb  OSAL.o [1]
osal_msg_send           0x002020df    0x7a  Code  Gb  OSAL.o [1]
osal_nv_delete          0x0020e947    0x84  Code  Gb  osal_nv.o [1]
osal_nv_init            0x0020e5f5     0x4  Code  Gb  osal_nv.o [1]
osal_nv_item_init       0x0020e5f9    0x44  Code  Gb  osal_nv.o [1]
osal_nv_item_len        0x0020e63d    0x4a  Code  Gb  osal_nv.o [1]
osal_nv_read            0x0020e8e1    0x66  Code  Gb  osal_nv.o [1]
osal_nv_write           0x0020e687   0x25a  Code  Gb  osal_nv.o [1]
osal_pwrmgr_init        0x00203c31     0xa  Code  Gb  OSAL_PwrMgr.o [1]
osal_qHead              0x20007348     0x4  Data  Gb  OSAL.o [1]
osal_rand               0x00202099     0x4  Code  Gb  OSAL.o [1]
osal_run_system         0x002023a7    0x76  Code  Gb  OSAL.o [1]
osal_set_event          0x00202317    0x22  Code  Gb  OSAL.o [1]
osal_start_reload_timer
                        0x00203ab9    0x34  Code  Gb  OSAL_Timers.o [1]
osal_start_system       0x0020239f     0x8  Code  Gb  OSAL.o [1]
osal_start_timerEx      0x00203a8f    0x2a  Code  Gb  OSAL_Timers.o [1]
osal_stop_timerEx       0x00203aed    0x3c  Code  Gb  OSAL_Timers.o [1]
osal_systemClock        0x20007304     0x4  Data  Lc  OSAL_Timers.o [1]
out                     0x002115cb    0x18  Code  Lc  xprintftiny.o [6]
pAPSDupRej              0x2000422c     0x4  Data  Lc  APS.o [3]
pAPSF_IgnoreBlock       0x20004344     0x4  Data  Gb  aps_frag.o [3]
pAPS_BindingTimeoutCB   0x20004228     0x4  Data  Gb  APS.o [3]
pAPS_DataConfirmReflect
                        0x20007280     0x4  Data  Gb  APS.o [3]
pAPS_DataIndReflect     0x20007284     0x4  Data  Gb  APS.o [3]
pAPS_GetBind            0x2000727c     0x4  Data  Gb  APS.o [3]
pAPS_UnBind             0x20007278     0x4  Data  Gb  APS.o [3]
pBindInitNV             0x200071f0     0x4  Data  Gb  BindingTable.o [1]
pBindRestoreFromNV      0x200071f8     0x4  Data  Gb  BindingTable.o [1]
pBindSetDefaultNV       0x200071f4     0x4  Data  Gb  BindingTable.o [1]
pBindWriteNV            0x200071fc     0x4  Data  Gb  BindingTable.o [1]
pFuncRxState            0x20007210     0x4  Data  Lc  mac_rx.o [1]
pMacDataTx              0x20004298     0x4  Data  Gb  mac_beacon.o [4]
pNLME_NetworkFormationConfirm
                        0x200072cc     0x4  Data  Gb  NLMEDE.o [3]
pNLME_ProcessLinkStatus
                        0x200072b4     0x4  Data  Gb  nwk_util.o [3]
pNLME_SetLinkStatusTimer
                        0x200072ac     0x4  Data  Gb  nwk_util.o [3]
pNLME_UpdateLinkStatus  0x200072b0     0x4  Data  Gb  nwk_util.o [3]
pNwkFreqAgilityIncErrorCnt
                        0x200072c0     0x4  Data  Gb  nwk_util.o [3]
pNwkFreqAgilityIncTotalTx
                        0x200072bc     0x4  Data  Gb  nwk_util.o [3]
pNwkFreqAgilityScanCfg  0x200072b8     0x4  Data  Gb  nwk_util.o [3]
pRandomSeedCB           0x200072dc     0x4  Data  Lc  mac_mcu.o [1]
pRxBuf                  0x20007214     0x4  Data  Lc  mac_rx.o [1]
pSspAesEncrypt          0x20007340     0x4  Data  Gb  hal_aes.o [1]
pZMac_AppCallback       0x20007360     0x4  Data  Gb  zmac_cb.o [1]
pbindAddEntry           0x200071e4     0x4  Data  Gb  BindingTable.o [1]
pbindNumOfEntries       0x200071e8     0x4  Data  Gb  BindingTable.o [1]
pbindRemoveDev          0x200071ec     0x4  Data  Gb  BindingTable.o [1]
pfnPreProcessDataReq    0x20007364     0x4  Data  Lc  APSMEDE.o [3]
pgLost                  0x20004140     0xc  Data  Lc  osal_nv.o [1]
pgOff                   0x20004134     0xc  Data  Lc  osal_nv.o [1]
pgRes                   0x2000412c     0x1  Data  Lc  osal_nv.o [1]
pnwk_ScanJoiningOrphan  0x20007384     0x4  Data  Gb  NLMEDE.o [3]
pnwk_ScanPANChanSelect  0x200072c4     0x4  Data  Gb  NLMEDE.o [3]
pnwk_ScanPANChanVerify  0x200072c8     0x4  Data  Gb  NLMEDE.o [3]
prevAccumulatedOverflowCount
                        0x2000725c     0x4  Data  Lc  mac_mcu.o [1]
prevoverflowCount       0x20007260     0x4  Data  Lc  mac_mcu.o [1]
procRx                  0x00211a65    0x44  Code  Lc  hal_uart.o [1]
procTx                  0x00211aa9    0x30  Code  Lc  hal_uart.o [1]
pulStack                0x20005b80   0x800  Data  Lc  startup_ewarm.o [1]
pwrmgr_attribute        0x200072f8     0x8  Data  Gb  OSAL_PwrMgr.o [1]
readHdr                 0x0020e291    0x34  Code  Lc  osal_nv.o [1]
reflectID               0x20004349     0x1  Data  Lc  reflecttrack.o [3]
reflectMAXEntries       0x20004348     0x1  Data  Lc  reflecttrack.o [3]
reflectMAXIndirects     0x2000437e     0x1  Data  Lc  reflecttrack.o [3]
reflectMAXSimultaneous  0x2000437d     0x1  Data  Lc  reflecttrack.o [3]
reflectTrack_AddNewEntry
                        0x0020c6eb    0x64  Code  Gb  reflecttrack.o [3]
reflectTrack_FindHandle
                        0x0020c74f    0x2a  Code  Gb  reflecttrack.o [3]
reflectTrack_GetNewEntry
                        0x0020c6c1    0x2a  Code  Gb  reflecttrack.o [3]
reflectTrack_RemoveEntryNotify
                        0x002065ad    0x48  Code  Gb  APS.o [3]
reflectTrack_UpdateOption
                        0x0020c779    0x2e  Code  Gb  reflecttrack.o [3]
reflectTrackingHdr      0x2000434c     0x4  Data  Lc  reflecttrack.o [3]
reflectTracking_GetMaxIndirectAdjusted
                        0x0020c695    0x2c  Code  Gb  reflecttrack.o [3]
reflectTracking_GetMaxSimultaneousAdjusted
                        0x0020c669    0x2c  Code  Gb  reflecttrack.o [3]
registeredKeysTaskID    0x20004368     0x1  Data  Lc  OnBoard.o [1]
reqChannel              0x20007346     0x1  Data  Lc  mac_radio.o [1]
reqTxPower              0x20007347     0x1  Data  Lc  mac_radio.o [1]
retryCnt                0x2000416c     0x1  Data  Gb  ZDApp.o [1]
rreqCounter             0x200073a1     0x1  Data  Gb  rtg.o [3]
rtDiscTable             0x20007050    0x50  Data  Gb  nwk_globals.o [1]
rtgIsValidNeighbor      0x0020a4f1    0x48  Code  Lc  rtg.o [3]
rtgSrcRelayList         0x20007218    0x18  Data  Gb  nwk_globals.o [1]
rtgTable                0x20006cd0   0x140  Data  Gb  nwk_globals.o [1]
rxAddrIsr               0x00204c95    0xb8  Code  Lc  mac_rx.o [1]
rxBuf                   0x20007200     0x4  Data  Lc  mac_rx.o [1]
rxDiscardFrame          0x00204eab    0x5c  Code  Lc  mac_rx.o [1]
rxDiscardIsr            0x00204f09    0x62  Code  Lc  mac_rx.o [1]
rxFcsIsr                0x00204d91    0xfc  Code  Lc  mac_rx.o [1]
rxFifoOverflowCount     0x2000720e     0x1  Data  Lc  mac_rx.o [1]
rxFilter                0x2000720a     0x1  Data  Lc  mac_rx.o [1]
rxHaltCleanupFinalStep  0x002048b9    0x6a  Code  Lc  mac_rx.o [1]
rxIsrActiveFlag         0x2000720c     0x1  Data  Lc  mac_rx.o [1]
rxNextLen               0x20007208     0x1  Data  Lc  mac_rx.o [1]
rxPayloadIsr            0x00204d4d    0x44  Code  Lc  mac_rx.o [1]
rxPayloadLen            0x20007209     0x1  Data  Lc  mac_rx.o [1]
rxPromiscuousMode       0x2000720b     0x1  Data  Lc  mac_rx.o [1]
rxResetFlag             0x2000720d     0x1  Data  Lc  mac_rx.o [1]
rxStartIsr              0x00204949   0x34c  Code  Lc  mac_rx.o [1]
rxUnreadLen             0x20007207     0x1  Data  Lc  mac_rx.o [1]
sAddrCmp                0x002032d7    0x46  Code  Gb  saddr.o [1]
sAddrCpy                0x00203323    0x14  Code  Gb  saddr.o [1]
sAddrExtCmp             0x00203337    0x26  Code  Gb  saddr.o [1]
sAddrExtCpy             0x00203363     0x6  Code  Gb  saddr.o [1]
s_bcMask                0x2000739e     0x1  Data  Lc  nwk_util.o [3]
saveExtAddr             0x20004218     0x8  Data  Gb  nwk_util.o [3]
savedResponseRate       0x2000738a     0x2  Data  Gb  NLMEDE.o [3]
setItem                 0x0020e1f3    0x70  Code  Lc  osal_nv.o [1]
sprintf                 0x002111d5    0x34  Code  Gb  sprintf.o [6]
sspAesEncryptHW         0x002081ed    0x1c  Code  Gb  hal_aes.o [1]
sspMMOHash              0x00210751   0x1b4  Code  Gb  ssp_hash.o [3]
ssp_HW_KeyInit          0x002081e5     0x6  Code  Gb  hal_aes.o [1]
strlen                  0x00210b3d          Code  Gb  strlen.o [7]
tasksArr                0x00211c98    0x1c  Data  Gb  OSAL_Main.o [1]
tasksCnt                0x00211cb4     0x1  Data  Gb  OSAL_Main.o [1]
tasksEvents             0x2000734c     0x4  Data  Gb  OSAL_Main.o [1]
theHeap                 0x20004380  0x1800  Data  Lc  OSAL_Memory.o [1]
timeMSec                0x200072f0     0x4  Data  Lc  OSAL_Clock.o [1]
timerAlignedQ           0x200042ac     0x4  Data  Gb  mac_beacon.o [4]
timerHead               0x20007300     0x4  Data  Gb  OSAL_Timers.o [1]
timerUnalignedQ         0x200042a8     0x4  Data  Gb  mac_beacon.o [4]
txAckReq                0x200072e6     0x1  Data  Lc  mac_tx.o [1]
txComplete              0x00203057    0x22  Code  Lc  mac_tx.o [1]
txCsmaPrep              0x00202e19    0x2a  Code  Lc  mac_tx.o [1]
txRetransmitFlag        0x200072e7     0x1  Data  Lc  mac_tx.o [1]
txSeqn                  0x200072e5     0x1  Data  Lc  mac_tx.o [1]
uCounterNWK             0x20006394     0x2  Data  Gb  Main.o [1]
uLedCounter             0x20006393     0x1  Data  Gb  Main.o [1]
uMain_TaskID            0x20006390     0x1  Data  Gb  Main.o [1]
uPacketIDSent           0x20006392     0x1  Data  Gb  Main.o [1]
uSendCounter            0x20006396     0x2  Data  Gb  Main.o [1]
uZigbeeIO_RecvMessage   0x0020fe13    0x24  Code  Gb  ZigbeeIO.o [1]
uZigbeeIO_SendMessage   0x0020fdc5    0x4e  Code  Gb  ZigbeeIO.o [1]
uartRecord              0x20007190    0x2c  Data  Lc  hal_uart.o [1]
uiMain_ProcessEvent     0x00207df1   0x1b4  Code  Gb  Main.o [1]
updateRolloverflag      0x20007258     0x1  Data  Lc  mac_mcu.o [1]
vControl_get_OutVAC     0x0020fd0f    0x86  Code  Gb  Control.o [1]
vControl_set_OutVAC     0x0020fc59    0xb6  Code  Gb  Control.o [1]
vFlashInternal_Read_OutVAC_State
                        0x0020fae9    0x72  Code  Gb  FlashInternal.o [1]
vFlashInternal_Write_OutVAC_State
                        0x0020fa6d    0x7c  Code  Gb  FlashInternal.o [1]
vMain_GetIDLocal        0x00207fbd    0x4a  Code  Gb  Main.o [1]
vMain_Init              0x00207ccd   0x124  Code  Gb  Main.o [1]
vMessage_Check          0x00210009    0x84  Code  Gb  Message.o [1]
vMessage_PackingMsg     0x002101c1    0x80  Code  Gb  Message.o [1]
vMessage_isControl      0x00210093    0x92  Code  Gb  Message.o [1]
vMessage_sendOutVAC_Status
                        0x00210125    0x86  Code  Gb  Message.o [1]
vParse_Coppy            0x00211097    0x28  Code  Gb  Parse.o [1]
vPrintf_                0x00210c91   0x168  Code  Lc  Printf.o [1]
vPrintf_To_Host         0x00210dfd     0x2  Code  Gb  Printf.o [1]
vUART_App_Recv_Callback
                        0x0020f8a5    0x7a  Code  Lc  UserUART.o [1]
vUART_Debug             0x0020fa1b    0x12  Code  Gb  UserUART.o [1]
vUART_Debug_Write       0x0020f9f7     0xa  Code  Lc  UserUART.o [1]
vUART_Init              0x0020f91f    0xd8  Code  Gb  UserUART.o [1]
vZigbeeIO_ProcessZDOMsgs
                        0x0020fe37    0xaa  Code  Gb  ZigbeeIO.o [1]
writeBuf                0x0020e2c5    0xc8  Code  Lc  osal_nv.o [1]
writeItem               0x0020e46b   0x146  Code  Lc  osal_nv.o [1]
xAddrCoordinator        0x20006384     0xc  Data  Gb  Main.o [1]
xDataEPDesc             0x2000411c    0x10  Data  Gb  AppData.o [1]
xMain_NWKSatte          0x20006391     0x1  Data  Gb  Main.o [1]
xParse_SplitMessage     0x00210ebd    0x7e  Code  Gb  Parse.o [1]
xParse_getArrayData     0x00210f3b   0x15c  Code  Gb  Parse.o [1]
xferBuf                 0x0020e38d    0xde  Code  Lc  osal_nv.o [1]
zdoCBFunc               0x20004170    0x24  Data  Gb  ZDApp.o [1]
zdoDiscCounter          0x20004164     0x1  Data  Gb  ZDApp.o [1]
zdoMsgCBs               0x20007358     0x4  Data  Gb  ZDProfile.o [1]
zdoSendStateChangeMsg   0x0020cbd9    0x3e  Code  Lc  ZDObject.o [1]
zdpExternalStateTaskID  0x20004354     0x2  Data  Gb  ZDObject.o [1]
zdpMsgProcs             0x0020f0a4    0x38  Data  Gb  ZDProfile.o [1]
zdpProcessAddrReq       0x0020ebed    0xb8  Code  Gb  ZDProfile.o [1]
zgApsAckWaitMultiplier  0x20004377     0x1  Data  Gb  ZGlobals.o [1]
zgApsAllowR19Sec        0x2000739c     0x1  Data  Gb  ZGlobals.o [1]
zgApsLinkKeyType        0x2000437b     0x1  Data  Gb  ZGlobals.o [1]
zgApsMinDupRejTableSize
                        0x20004362     0x2  Data  Gb  ZGlobals.o [1]
zgApsNonMemberRadius    0x20004379     0x1  Data  Gb  ZGlobals.o [1]
zgApsTrustCenterAddr    0x20007308     0x8  Data  Gb  ZGlobals.o [1]
zgApsUseExtendedPANID   0x20007318     0x8  Data  Gb  ZGlobals.o [1]
zgApsUseInsecureJoin    0x20004378     0x1  Data  Gb  ZGlobals.o [1]
zgApscAckWaitDurationPolled
                        0x2000435e     0x2  Data  Gb  ZGlobals.o [1]
zgApscDupRejTimeoutCount
                        0x2000437a     0x1  Data  Gb  ZGlobals.o [1]
zgApscDupRejTimeoutInc  0x20004360     0x2  Data  Gb  ZGlobals.o [1]
zgApscMaxFrameRetries   0x20004376     0x1  Data  Gb  ZGlobals.o [1]
zgBcastDeliveryTime     0x20004374     0x1  Data  Gb  ZGlobals.o [1]
zgChildAgingEnable      0x20007399     0x1  Data  Gb  ZGlobals.o [1]
zgConcentratorDiscoveryTime
                        0x20007397     0x1  Data  Gb  ZGlobals.o [1]
zgConcentratorEnable    0x20007396     0x1  Data  Gb  ZGlobals.o [1]
zgConcentratorRC        0x20007398     0x1  Data  Gb  ZGlobals.o [1]
zgConcentratorRadius    0x20004375     0x1  Data  Gb  ZGlobals.o [1]
zgConfigPANID           0x20004364     0x2  Data  Gb  ZGlobals.o [1]
zgDefaultChannelList    0x2000420c     0x4  Data  Gb  ZGlobals.o [1]
zgDefaultStartingScanDuration
                        0x2000436c     0x1  Data  Gb  ZGlobals.o [1]
zgDeviceLogicalType     0x2000437c     0x1  Data  Gb  ZGlobals.o [1]
zgExtendedPANID         0x20007310     0x8  Data  Gb  ZGlobals.o [1]
zgIndirectMsgTimeout    0x2000436e     0x1  Data  Gb  ZGlobals.o [1]
zgInit                  0x0020da7d    0xa4  Code  Gb  ZGlobals.o [1]
zgInitItems             0x0020db21    0x52  Code  Gb  ZGlobals.o [1]
zgItemTable             0x0020dbc0     0x8  Data  Lc  ZGlobals.o [1]
zgMaxBcastRetires       0x20004372     0x1  Data  Gb  ZGlobals.o [1]
zgMaxDataRetries        0x2000436a     0x1  Data  Gb  ZGlobals.o [1]
zgMaxPollFailureRetries
                        0x2000436b     0x1  Data  Gb  ZGlobals.o [1]
zgPassiveAckTimeout     0x20004373     0x1  Data  Gb  ZGlobals.o [1]
zgPollRate              0x20004356     0x2  Data  Gb  ZGlobals.o [1]
zgPreConfigKeys         0x2000739a     0x1  Data  Gb  ZGlobals.o [1]
zgQueuedPollRate        0x20004358     0x2  Data  Gb  ZGlobals.o [1]
zgRejoinPollRate        0x2000435c     0x2  Data  Gb  ZGlobals.o [1]
zgResponsePollRate      0x2000435a     0x2  Data  Gb  ZGlobals.o [1]
zgRouteDiscoveryTime    0x20004370     0x1  Data  Gb  ZGlobals.o [1]
zgRouteExpiryTime       0x20004371     0x1  Data  Gb  ZGlobals.o [1]
zgSecurityMode          0x2000436f     0x1  Data  Gb  ZGlobals.o [1]
zgStackProfile          0x2000436d     0x1  Data  Gb  ZGlobals.o [1]
zgUseDefaultTCLK        0x2000739b     0x1  Data  Gb  ZGlobals.o [1]
zgWriteStartupOptions   0x0020db81    0x3e  Code  Gb  ZGlobals.o [1]
zmacCBSizeTable         0x002026a8    0x14  Data  Gb  zmac_cb.o [1]
zmain_ext_addr          0x002117d5    0xe8  Code  Lc  ZMain.o [1]


[1] = F:\03.Git\smf\FW\fw_smf_v1.1\fw_smf_zigbee\fw_zigbee_control\fw_zigbee_control\Obj
[2] = command line
[3] = EndDevice.a
[4] = TIMAC-CC2538.a
[5] = bsp.lib
[6] = dl7M_tln.a
[7] = rt7M_tl.a
[8] = sdriverlib.lib
[9] = shb_l.a

  72 298 bytes of readonly  code memory
     808 bytes of readonly  data memory
  13 220 bytes of readwrite data memory (+ 12 288 absolute)

Errors: none
Warnings: none
