###############################################################################
#
# IAR ELF Linker V7.80.2.11947/W32 for ARM                03/Nov/2018  01:10:07
# Copyright 2007-2016 IAR Systems AB.
#
#    Output file  =  
#        F:\03.Git\smf\FW\fw_smf_v1.1\fw_smf_zigbee\fw_zigbee_gw\Coordinator-Mesh\Exe\fw_zigbee_gw.out
#    Map file     =  
#        F:\03.Git\smf\FW\fw_smf_v1.1\fw_smf_zigbee\fw_zigbee_gw\Coordinator-Mesh\List\fw_zigbee_gw.map
#    Command line =  
#        F:\03.Git\smf\FW\fw_smf_v1.1\fw_smf_zigbee\fw_zigbee_gw\Coordinator-Mesh\Obj\AF.o
#        F:\03.Git\smf\FW\fw_smf_v1.1\fw_smf_zigbee\fw_zigbee_gw\Coordinator-Mesh\Obj\AppData.o
#        F:\03.Git\smf\FW\fw_smf_v1.1\fw_smf_zigbee\fw_zigbee_gw\Coordinator-Mesh\Obj\armcm3flashutil.o
#        F:\03.Git\smf\FW\fw_smf_v1.1\fw_smf_zigbee\fw_zigbee_gw\Coordinator-Mesh\Obj\BindingTable.o
#        F:\03.Git\smf\FW\fw_smf_v1.1\fw_smf_zigbee\fw_zigbee_gw\Coordinator-Mesh\Obj\DebugTrace.o
#        F:\03.Git\smf\FW\fw_smf_v1.1\fw_smf_zigbee\fw_zigbee_gw\Coordinator-Mesh\Obj\hal_adc.o
#        F:\03.Git\smf\FW\fw_smf_v1.1\fw_smf_zigbee\fw_zigbee_gw\Coordinator-Mesh\Obj\hal_aes.o
#        F:\03.Git\smf\FW\fw_smf_v1.1\fw_smf_zigbee\fw_zigbee_gw\Coordinator-Mesh\Obj\hal_assert.o
#        F:\03.Git\smf\FW\fw_smf_v1.1\fw_smf_zigbee\fw_zigbee_gw\Coordinator-Mesh\Obj\hal_ccm.o
#        F:\03.Git\smf\FW\fw_smf_v1.1\fw_smf_zigbee\fw_zigbee_gw\Coordinator-Mesh\Obj\hal_drivers.o
#        F:\03.Git\smf\FW\fw_smf_v1.1\fw_smf_zigbee\fw_zigbee_gw\Coordinator-Mesh\Obj\hal_key.o
#        F:\03.Git\smf\FW\fw_smf_v1.1\fw_smf_zigbee\fw_zigbee_gw\Coordinator-Mesh\Obj\hal_lcd.o
#        F:\03.Git\smf\FW\fw_smf_v1.1\fw_smf_zigbee\fw_zigbee_gw\Coordinator-Mesh\Obj\hal_led.o
#        F:\03.Git\smf\FW\fw_smf_v1.1\fw_smf_zigbee\fw_zigbee_gw\Coordinator-Mesh\Obj\hal_mac_cfg.o
#        F:\03.Git\smf\FW\fw_smf_v1.1\fw_smf_zigbee\fw_zigbee_gw\Coordinator-Mesh\Obj\hal_sleep.o
#        F:\03.Git\smf\FW\fw_smf_v1.1\fw_smf_zigbee\fw_zigbee_gw\Coordinator-Mesh\Obj\hal_sys_ctrl.o
#        F:\03.Git\smf\FW\fw_smf_v1.1\fw_smf_zigbee\fw_zigbee_gw\Coordinator-Mesh\Obj\hal_systick.o
#        F:\03.Git\smf\FW\fw_smf_v1.1\fw_smf_zigbee\fw_zigbee_gw\Coordinator-Mesh\Obj\hal_uart.o
#        F:\03.Git\smf\FW\fw_smf_v1.1\fw_smf_zigbee\fw_zigbee_gw\Coordinator-Mesh\Obj\mac_autopend.o
#        F:\03.Git\smf\FW\fw_smf_v1.1\fw_smf_zigbee\fw_zigbee_gw\Coordinator-Mesh\Obj\mac_backoff_timer.o
#        F:\03.Git\smf\FW\fw_smf_v1.1\fw_smf_zigbee\fw_zigbee_gw\Coordinator-Mesh\Obj\mac_cfg.o
#        F:\03.Git\smf\FW\fw_smf_v1.1\fw_smf_zigbee\fw_zigbee_gw\Coordinator-Mesh\Obj\mac_csp_tx.o
#        F:\03.Git\smf\FW\fw_smf_v1.1\fw_smf_zigbee\fw_zigbee_gw\Coordinator-Mesh\Obj\mac_low_level.o
#        F:\03.Git\smf\FW\fw_smf_v1.1\fw_smf_zigbee\fw_zigbee_gw\Coordinator-Mesh\Obj\mac_mcu.o
#        F:\03.Git\smf\FW\fw_smf_v1.1\fw_smf_zigbee\fw_zigbee_gw\Coordinator-Mesh\Obj\mac_mem.o
#        F:\03.Git\smf\FW\fw_smf_v1.1\fw_smf_zigbee\fw_zigbee_gw\Coordinator-Mesh\Obj\mac_pib.o
#        F:\03.Git\smf\FW\fw_smf_v1.1\fw_smf_zigbee\fw_zigbee_gw\Coordinator-Mesh\Obj\mac_radio.o
#        F:\03.Git\smf\FW\fw_smf_v1.1\fw_smf_zigbee\fw_zigbee_gw\Coordinator-Mesh\Obj\mac_radio_defs.o
#        F:\03.Git\smf\FW\fw_smf_v1.1\fw_smf_zigbee\fw_zigbee_gw\Coordinator-Mesh\Obj\mac_rffrontend.o
#        F:\03.Git\smf\FW\fw_smf_v1.1\fw_smf_zigbee\fw_zigbee_gw\Coordinator-Mesh\Obj\mac_rx.o
#        F:\03.Git\smf\FW\fw_smf_v1.1\fw_smf_zigbee\fw_zigbee_gw\Coordinator-Mesh\Obj\mac_rx_onoff.o
#        F:\03.Git\smf\FW\fw_smf_v1.1\fw_smf_zigbee\fw_zigbee_gw\Coordinator-Mesh\Obj\mac_sleep.o
#        F:\03.Git\smf\FW\fw_smf_v1.1\fw_smf_zigbee\fw_zigbee_gw\Coordinator-Mesh\Obj\mac_tx.o
#        F:\03.Git\smf\FW\fw_smf_v1.1\fw_smf_zigbee\fw_zigbee_gw\Coordinator-Mesh\Obj\Main.o
#        F:\03.Git\smf\FW\fw_smf_v1.1\fw_smf_zigbee\fw_zigbee_gw\Coordinator-Mesh\Obj\MT.o
#        F:\03.Git\smf\FW\fw_smf_v1.1\fw_smf_zigbee\fw_zigbee_gw\Coordinator-Mesh\Obj\MT_AF.o
#        F:\03.Git\smf\FW\fw_smf_v1.1\fw_smf_zigbee\fw_zigbee_gw\Coordinator-Mesh\Obj\MT_APP.o
#        F:\03.Git\smf\FW\fw_smf_v1.1\fw_smf_zigbee\fw_zigbee_gw\Coordinator-Mesh\Obj\MT_DEBUG.o
#        F:\03.Git\smf\FW\fw_smf_v1.1\fw_smf_zigbee\fw_zigbee_gw\Coordinator-Mesh\Obj\MT_NWK.o
#        F:\03.Git\smf\FW\fw_smf_v1.1\fw_smf_zigbee\fw_zigbee_gw\Coordinator-Mesh\Obj\MT_SYS.o
#        F:\03.Git\smf\FW\fw_smf_v1.1\fw_smf_zigbee\fw_zigbee_gw\Coordinator-Mesh\Obj\MT_TASK.o
#        F:\03.Git\smf\FW\fw_smf_v1.1\fw_smf_zigbee\fw_zigbee_gw\Coordinator-Mesh\Obj\MT_UART.o
#        F:\03.Git\smf\FW\fw_smf_v1.1\fw_smf_zigbee\fw_zigbee_gw\Coordinator-Mesh\Obj\MT_UTIL.o
#        F:\03.Git\smf\FW\fw_smf_v1.1\fw_smf_zigbee\fw_zigbee_gw\Coordinator-Mesh\Obj\MT_VERSION.o
#        F:\03.Git\smf\FW\fw_smf_v1.1\fw_smf_zigbee\fw_zigbee_gw\Coordinator-Mesh\Obj\MT_ZDO.o
#        F:\03.Git\smf\FW\fw_smf_v1.1\fw_smf_zigbee\fw_zigbee_gw\Coordinator-Mesh\Obj\nwk_globals.o
#        F:\03.Git\smf\FW\fw_smf_v1.1\fw_smf_zigbee\fw_zigbee_gw\Coordinator-Mesh\Obj\OnBoard.o
#        F:\03.Git\smf\FW\fw_smf_v1.1\fw_smf_zigbee\fw_zigbee_gw\Coordinator-Mesh\Obj\OSAL.o
#        F:\03.Git\smf\FW\fw_smf_v1.1\fw_smf_zigbee\fw_zigbee_gw\Coordinator-Mesh\Obj\OSAL_Clock.o
#        F:\03.Git\smf\FW\fw_smf_v1.1\fw_smf_zigbee\fw_zigbee_gw\Coordinator-Mesh\Obj\OSAL_Main.o
#        F:\03.Git\smf\FW\fw_smf_v1.1\fw_smf_zigbee\fw_zigbee_gw\Coordinator-Mesh\Obj\OSAL_Memory.o
#        F:\03.Git\smf\FW\fw_smf_v1.1\fw_smf_zigbee\fw_zigbee_gw\Coordinator-Mesh\Obj\osal_nv.o
#        F:\03.Git\smf\FW\fw_smf_v1.1\fw_smf_zigbee\fw_zigbee_gw\Coordinator-Mesh\Obj\OSAL_PwrMgr.o
#        F:\03.Git\smf\FW\fw_smf_v1.1\fw_smf_zigbee\fw_zigbee_gw\Coordinator-Mesh\Obj\OSAL_Timers.o
#        F:\03.Git\smf\FW\fw_smf_v1.1\fw_smf_zigbee\fw_zigbee_gw\Coordinator-Mesh\Obj\Parse.o
#        F:\03.Git\smf\FW\fw_smf_v1.1\fw_smf_zigbee\fw_zigbee_gw\Coordinator-Mesh\Obj\Printf.o
#        F:\03.Git\smf\FW\fw_smf_v1.1\fw_smf_zigbee\fw_zigbee_gw\Coordinator-Mesh\Obj\saddr.o
#        F:\03.Git\smf\FW\fw_smf_v1.1\fw_smf_zigbee\fw_zigbee_gw\Coordinator-Mesh\Obj\startup_ewarm.o
#        F:\03.Git\smf\FW\fw_smf_v1.1\fw_smf_zigbee\fw_zigbee_gw\Coordinator-Mesh\Obj\stub_aps.o
#        F:\03.Git\smf\FW\fw_smf_v1.1\fw_smf_zigbee\fw_zigbee_gw\Coordinator-Mesh\Obj\UserUART.o
#        F:\03.Git\smf\FW\fw_smf_v1.1\fw_smf_zigbee\fw_zigbee_gw\Coordinator-Mesh\Obj\ZDApp.o
#        F:\03.Git\smf\FW\fw_smf_v1.1\fw_smf_zigbee\fw_zigbee_gw\Coordinator-Mesh\Obj\ZDConfig.o
#        F:\03.Git\smf\FW\fw_smf_v1.1\fw_smf_zigbee\fw_zigbee_gw\Coordinator-Mesh\Obj\ZDiags.o
#        F:\03.Git\smf\FW\fw_smf_v1.1\fw_smf_zigbee\fw_zigbee_gw\Coordinator-Mesh\Obj\ZDNwkMgr.o
#        F:\03.Git\smf\FW\fw_smf_v1.1\fw_smf_zigbee\fw_zigbee_gw\Coordinator-Mesh\Obj\ZDObject.o
#        F:\03.Git\smf\FW\fw_smf_v1.1\fw_smf_zigbee\fw_zigbee_gw\Coordinator-Mesh\Obj\ZDProfile.o
#        F:\03.Git\smf\FW\fw_smf_v1.1\fw_smf_zigbee\fw_zigbee_gw\Coordinator-Mesh\Obj\ZDSecMgr.o
#        F:\03.Git\smf\FW\fw_smf_v1.1\fw_smf_zigbee\fw_zigbee_gw\Coordinator-Mesh\Obj\ZGlobals.o
#        F:\03.Git\smf\FW\fw_smf_v1.1\fw_smf_zigbee\fw_zigbee_gw\Coordinator-Mesh\Obj\ZigbeeIO.o
#        F:\03.Git\smf\FW\fw_smf_v1.1\fw_smf_zigbee\fw_zigbee_gw\Coordinator-Mesh\Obj\zmac.o
#        F:\03.Git\smf\FW\fw_smf_v1.1\fw_smf_zigbee\fw_zigbee_gw\Coordinator-Mesh\Obj\zmac_cb.o
#        F:\03.Git\smf\FW\fw_smf_v1.1\fw_smf_zigbee\fw_zigbee_gw\Coordinator-Mesh\Obj\ZMain.o
#        --redirect _Printf=_PrintfTiny --redirect _Scanf=_ScanfSmall -o
#        F:\03.Git\smf\FW\fw_smf_v1.1\fw_smf_zigbee\fw_zigbee_gw\Coordinator-Mesh\Exe\fw_zigbee_gw.out
#        --map
#        F:\03.Git\smf\FW\fw_smf_v1.1\fw_smf_zigbee\fw_zigbee_gw\Coordinator-Mesh\List\fw_zigbee_gw.map
#        --config
#        F:\03.Git\smf\FW\fw_smf_v1.1\fw_smf_zigbee\fw_zigbee_gw\..\zstack\Tools\CC2538DB\CC2538.icf
#        --semihosting
#        F:\03.Git\smf\FW\fw_smf_v1.1\fw_smf_zigbee\fw_zigbee_gw\..\zstack\Libraries\CC2538\bin\Router.a
#        F:\03.Git\smf\FW\fw_smf_v1.1\fw_smf_zigbee\fw_zigbee_gw\..\zstack\Libraries\TIMAC\bin\TIMAC-CC2538.a
#        F:\03.Git\smf\FW\fw_smf_v1.1\fw_smf_zigbee\fw_zigbee_gw\..\Components\driverlib\cc2538\bin\iar\sdriverlib.lib
#        F:\03.Git\smf\FW\fw_smf_v1.1\fw_smf_zigbee\fw_zigbee_gw\..\Components\bsp\srf06eb_cc2538\drivers\bin\iar\bsp.lib
#        --entry __iar_program_start --vfe
#
###############################################################################

*******************************************************************************
*** RUNTIME MODEL ATTRIBUTES
***

CppFlavor       = *
__SystemLibrary = DLib


*******************************************************************************
*** PLACEMENT SUMMARY
***

"A0":  place at start of [0x00200000-0x0027c7ff] { ro section .intvec };
"A1":  place at start of [0x0027ffd4-0x0027ffdf] { ro section .cca };
"P1":  place in [from 0x00200000 to 0x0027c7ff] { ro };
"A6":  place at start of [0x20004000-0x20007fff] { section VTABLE };
"P2":  place in [from 0x20004000 to 0x20007fff] { rw, block HEAP };
do not initialize { section .noinit };
initialize by copy { rw };

  Section            Kind        Address     Size  Object
  -------            ----        -------     ----  ------
"A0":                                       0x100
  .intvec            const    0x00200000    0x100  startup_ewarm.o [1]
                            - 0x00200100    0x100

"P1":                                     0x176a0
  .text              ro code  0x00200100   0x2ae8  mac_beacon.o [4]
  .text              ro code  0x00202be8    0x474  OSAL.o [1]
  .text              ro code  0x0020305c    0x188  OSAL_Memory.o [1]
  .text              ro code  0x002031e4     0x92  saddr.o [1]
  .text              ro code  0x00203276      0xa  xsprout.o [6]
  .text              ro code  0x00203280    0x250  interrupt.o [8]
  .text              ro code  0x002034d0    0x160  mac_backoff_timer.o [1]
  .text              ro code  0x00203630    0x248  zmac_cb.o [1]
  .text              ro code  0x00203878    0x21a  mac_radio.o [1]
  .text              ro code  0x00203a94    0x2f4  mac_pib.o [1]
  .text              ro code  0x00203d88    0x230  hal_assert.o [1]
  .text              ro code  0x00203fb8     0x4e  mac_low_level.o [1]
  .text              ro code  0x00204008    0x3a0  mac_tx.o [1]
  .text              ro code  0x002043a8    0x1c0  mac_rx_onoff.o [1]
  .text              ro code  0x00204568     0xe8  mac_sleep.o [1]
  .text              ro code  0x00204650     0x66  ABImemset.o [7]
  .text              ro code  0x002046b8     0x5e  OnBoard.o [1]
  .text              ro code  0x00204718    0x214  OSAL_Timers.o [1]
  .text              ro code  0x0020492c     0x6c  OSAL_PwrMgr.o [1]
  .text              ro code  0x00204998     0x4c  OSAL_Main.o [1]
  .text              ro code  0x002049e4     0x9c  hal_drivers.o [1]
  .text              ro code  0x00204a80     0x14  cpu.o [8]
  .text              ro code  0x00204a94    0x498  mac_mcu.o [1]
  .text              ro code  0x00204f2c    0x4f8  nwk_bufs.o [3]
  .text              ro code  0x00205424     0x68  mac_mem.o [1]
  .text              ro code  0x0020548c    0x788  mac_rx.o [1]
  .text              ro code  0x00205c14     0x76  ABImemcpy_unaligned.o [7]
  .text              ro code  0x00205c8c    0x1d0  hal_sys_ctrl.o [1]
  .text              ro code  0x00205e5c    0x150  gpio.o [8]
  .text              ro code  0x00205fac     0x3c  mac_rffrontend.o [1]
  .text              ro code  0x00205fe8    0x3e0  mac_csp_tx.o [1]
  .text              ro code  0x002063c8     0x84  mac_radio_defs.o [1]
  .text              ro code  0x0020644c     0x18  hal_key.o [1]
  .text              ro code  0x00206464    0x264  hal_sleep.o [1]
  .text              ro code  0x002066c8   0x1794  nwk.o [3]
  .text              ro code  0x00207e5c    0x7b8  APS.o [3]
  .text              ro code  0x00208614    0x620  aps_frag.o [3]
  .text              ro code  0x00208c34    0xce6  ZDApp.o [1]
  .text              ro code  0x0020991c    0x488  ZDNwkMgr.o [1]
  .text              ro code  0x00209da4    0x6ac  Main.o [1]
  .text              ro code  0x0020a450     0x44  hal_aes.o [1]
  .text              ro code  0x0020a494   0x26da  nwk_util.o [3]
  .text              ro code  0x0020cb70    0x1d6  zmac.o [1]
  .text              ro code  0x0020cd48    0x384  mac_autopend.o [1]
  .text              ro code  0x0020d0cc    0x230  sys_ctrl.o [8]
  .text              ro code  0x0020d2fc    0x300  ioc.o [8]
  .text              ro code  0x0020d5fc      0x4  hal_led.o [1]
  .text              ro code  0x0020d600     0x34  systick.o [8]
  .text              ro code  0x0020d634     0x64  OSAL_Clock.o [1]
  .text              ro code  0x0020d698    0x27c  nwk_globals.o [1]
  .text              ro code  0x0020d914    0x5d8  AssocList.o [3]
  .text              ro code  0x0020deec   0x1ba8  rtg.o [3]
  .text              ro code  0x0020fa94    0x404  NLMEDE.o [3]
  .text              ro code  0x0020fe98    0x2e0  NLMEDE_CB.o [3]
  .text              ro code  0x00210178    0x574  ssp.o [3]
  .text              ro code  0x002106ec      0x2  ZDiags.o [1]
  .text              ro code  0x002106f0     0x58  aps_groups.o [3]
  .text              ro code  0x00210748    0x444  AddrMgr.o [3]
  .text              ro code  0x00210b8c    0x838  BindingTable.o [1]
  .text              ro code  0x002113c4    0x5a0  AF.o [1]
  .text              ro code  0x00211964    0xcf8  APSMEDE.o [3]
  .text              ro code  0x0021265c    0x148  reflecttrack.o [3]
  .text              ro code  0x002127a4    0x130  APSMEDE_CB.o [3]
  .text              ro code  0x002128d4    0x228  aps_util.o [3]
  .text              ro code  0x00212afc   0x1006  ZDObject.o [1]
  .text              ro code  0x00213b04    0x866  ZDSecMgr.o [1]
  .text              ro code  0x0021436c    0x890  ZDProfile.o [1]
  .text              ro code  0x00214bfc    0x154  ZGlobals.o [1]
  .text              ro code  0x00214d50    0xe0c  osal_nv.o [1]
  .text              ro code  0x00215b5c     0x40  ZDConfig.o [1]
  .text              ro code  0x00215b9c      0xa  hal_lcd.o [1]
  .text              ro code  0x00215ba8    0x208  UserUART.o [1]
  .text              ro code  0x00215db0    0x2a0  ZigbeeIO.o [1]
  .text              ro code  0x00216050     0x2e  strstr.o [6]
  .text              ro code  0x00216080      0x6  ABImemclr4.o [7]
  .text              ro code  0x00216088    0x110  Parse.o [1]
  .text              ro code  0x00216198     0x42  strcmp_unaligned.o [7]
  .text              ro code  0x002161dc    0x1ec  aes.o [8]
  .text              ro code  0x002163c8    0x2b0  ssp_hash.o [3]
  .text              ro code  0x00216678     0x9a  hal_ccm.o [1]
  .text              ro code  0x00216712    0x128  armcm3flashutil.o [1]
  .text              ro code  0x0021683c     0x1c  hal_adc.o [1]
  .text              ro code  0x00216858     0x36  strlen.o [7]
  .text              ro code  0x00216890    0x114  uart.o [8]
  .text              ro code  0x002169a4    0x1a0  Printf.o [1]
  .text              ro code  0x00216b44     0x44  strcpy_unaligned.o [7]
  .text              ro code  0x00216b88     0x16  strchr.o [7]
  .text              ro code  0x00216ba0     0x32  ABImemset48.o [7]
  .text              ro code  0x00216bd4      0x6  ABImemclr.o [7]
  .text              ro code  0x00216bdc     0x34  sprintf.o [6]
  .text              ro code  0x00216c10    0x388  ccm.o [8]
  .text              ro code  0x00216f98     0x38  flash.o [8]
  .text              ro code  0x00216fd0    0x14e  xprintftiny.o [6]
  .text              ro code  0x00217120    0x240  ZMain.o [1]
  .text              ro code  0x00217360     0x32  hal_systick.o [1]
  .rodata            const    0x00217394     0xcc  mac_beacon.o [4]
  .text              ro code  0x00217460     0xa0  hal_uart.o [1]
  .rodata            const    0x00217500     0x54  nwk_globals.o [1]
  .text              ro code  0x00217554     0x40  zero_init3.o [7]
  .text              ro code  0x00217594     0x3a  startup_ewarm.o [1]
  .text              ro code  0x002175ce      0xc  cstartup_M.o [7]
  .text              ro code  0x002175dc     0x1a  cmain.o [7]
  .text              ro code  0x002175f6      0x4  low_level_init.o [6]
  .text              ro code  0x002175fc     0x28  data_init.o [7]
  .text              ro code  0x00217624      0x4  exit.o [6]
  .text              ro code  0x00217628      0xa  cexit.o [7]
  .text              ro code  0x00217634     0x14  exit.o [9]
  .text              ro code  0x00217648     0x38  packbits_init_single.o [7]
  .rodata            const    0x00217680     0x21  OSAL_Main.o [1]
  .iar.init_table    const    0x002176a4     0x28  - Linker created -
  .rodata            const    0x002176cc      0x8  mac_cfg.o [1]
  .rodata            const    0x002176d4      0x2  mac_radio_defs.o [1]
  .rodata            const    0x002176d6      0x0  zero_init3.o [7]
  .rodata            const    0x002176d6      0x0  packbits_init_single.o [7]
  Initializer bytes  const    0x002176d6     0xca  <for P2-1>
                            - 0x002177a0  0x176a0

Absolute sections:                         0x3000
  .noinit            uninit   0x0027c800   0x3000  osal_nv.o [1]
                            - 0x0027f800   0x3000

"A1":                                         0xc
  .cca               const    0x0027ffd4      0xc  startup_ewarm.o [1]
                            - 0x0027ffe0      0xc

"A6":                                       0x100
  VTABLE             zero     0x20004000    0x100  interrupt.o [8]
                            - 0x20004100    0x100

"P2", part 1 of 3:                          0x29d
  P2-1                        0x20004100    0x29d  <Init block>
    .data            inited   0x20004100      0x8  AF.o [1]
    .data            inited   0x20004108     0x14  AppData.o [1]
    .data            inited   0x2000411c     0x10  AppData.o [1]
    .data            inited   0x2000412c     0x2c  osal_nv.o [1]
    .data            inited   0x20004158     0x54  ZDApp.o [1]
    .data            inited   0x200041ac     0x58  ZDProfile.o [1]
    .data            inited   0x20004204      0x4  ZGlobals.o [1]
    .data            inited   0x20004208     0x14  nwk_util.o [3]
    .data            inited   0x2000421c     0x20  APS.o [3]
    .data            inited   0x2000423c     0x14  nwk.o [3]
    .data            inited   0x20004250     0x80  mac_beacon.o [4]
    .data            inited   0x200042d0     0x80  mac_beacon.o [4]
    .data            inited   0x20004350      0xc  aps_frag.o [3]
    .data            inited   0x2000435c      0x8  reflecttrack.o [3]
    .data            inited   0x20004364      0x2  AppData.o [1]
    .data            inited   0x20004366      0x2  AppData.o [1]
    .data            inited   0x20004368      0x2  ZDObject.o [1]
    .data            inited   0x2000436a      0x2  ZGlobals.o [1]
    .data            inited   0x2000436c      0x2  ZGlobals.o [1]
    .data            inited   0x2000436e      0x2  ZGlobals.o [1]
    .data            inited   0x20004370      0x2  ZGlobals.o [1]
    .data            inited   0x20004372      0x2  ZGlobals.o [1]
    .data            inited   0x20004374      0x2  ZGlobals.o [1]
    .data            inited   0x20004376      0x2  ZGlobals.o [1]
    .data            inited   0x20004378      0x2  hal_sleep.o [1]
    .data            inited   0x2000437a      0x1  mac_sleep.o [1]
    .data            inited   0x2000437b      0x1  nwk_globals.o [1]
    .data            inited   0x2000437c      0x1  OnBoard.o [1]
    .data            inited   0x2000437d      0x1  OSAL.o [1]
    .data            inited   0x2000437e      0x1  ZDSecMgr.o [1]
    .data            inited   0x2000437f      0x1  ZGlobals.o [1]
    .data            inited   0x20004380      0x1  ZGlobals.o [1]
    .data            inited   0x20004381      0x1  ZGlobals.o [1]
    .data            inited   0x20004382      0x1  ZGlobals.o [1]
    .data            inited   0x20004383      0x1  ZGlobals.o [1]
    .data            inited   0x20004384      0x1  ZGlobals.o [1]
    .data            inited   0x20004385      0x1  ZGlobals.o [1]
    .data            inited   0x20004386      0x1  ZGlobals.o [1]
    .data            inited   0x20004387      0x1  ZGlobals.o [1]
    .data            inited   0x20004388      0x1  ZGlobals.o [1]
    .data            inited   0x20004389      0x1  ZGlobals.o [1]
    .data            inited   0x2000438a      0x1  ZGlobals.o [1]
    .data            inited   0x2000438b      0x1  ZGlobals.o [1]
    .data            inited   0x2000438c      0x1  ZGlobals.o [1]
    .data            inited   0x2000438d      0x1  ZGlobals.o [1]
    .data            inited   0x2000438e      0x1  ZGlobals.o [1]
    .data            inited   0x2000438f      0x1  ZGlobals.o [1]
    .data            inited   0x20004390      0x1  ZGlobals.o [1]
    .data            inited   0x20004391      0x1  ZGlobals.o [1]
    .data            inited   0x20004392      0x1  ZGlobals.o [1]
    .data            inited   0x20004393      0x1  ZGlobals.o [1]
    .data            inited   0x20004394      0x2  ZGlobals.o [1]
    .data            inited   0x20004396      0x1  ZGlobals.o [1]
    .data            inited   0x20004397      0x1  nwk_util.o [3]
    .data            inited   0x20004398      0x2  NLMEDE.o [3]
    .data            inited   0x2000439a      0x1  NLMEDE.o [3]
    .data            inited   0x2000439b      0x2  reflecttrack.o [3]
                            - 0x2000439d    0x29d

"P2", part 2 of 3:                         0x2004
  .noinit            uninit   0x200043a0   0x1800  OSAL_Memory.o [1]
  .noinit            uninit   0x20005ba0    0x800  startup_ewarm.o [1]
  .noinit            uninit   0x200063a0      0x4  OSAL_Memory.o [1]
                            - 0x200063a4   0x2004

"P2", part 3 of 3:                         0x11f4
  .bss               zero     0x200063a4    0x318  nwk_globals.o [1]
  .bss               zero     0x200066bc    0x200  UserUART.o [1]
  .bss               zero     0x200068bc    0x1c0  nwk_globals.o [1]
  .bss               zero     0x20006a7c    0x140  nwk_globals.o [1]
  .bss               zero     0x20006bbc    0x100  UserUART.o [1]
  .bss               zero     0x20006cbc    0x100  ZigbeeIO.o [1]
  .bss               zero     0x20006dbc    0x100  ZigbeeIO.o [1]
  .bss               zero     0x20006ebc     0x8c  mac_pib.o [1]
  .bss               zero     0x20006f48     0x78  nwk.o [3]
  .bss               zero     0x20006fc0     0x70  mac_beacon.o [4]
  .bss               zero     0x20007030     0x60  nwk_globals.o [1]
  .bss               zero     0x20007090     0x5c  mac_beacon.o [4]
  .bss               zero     0x200070ec     0x50  nwk_globals.o [1]
  .bss               zero     0x2000713c     0x4c  mac_beacon.o [4]
  .bss               zero     0x20007188     0x48  nwk_globals.o [1]
  .bss               zero     0x200071d0     0x44  mac_beacon.o [4]
  .bss               zero     0x20007214     0x38  nwk_globals.o [1]
  .bss               zero     0x2000724c     0x38  ZDObject.o [1]
  .bss               zero     0x20007284     0x38  mac_beacon.o [4]
  .bss               zero     0x200072bc     0x30  ZDNwkMgr.o [1]
  .bss               zero     0x200072ec     0x2c  hal_uart.o [1]
  .bss               zero     0x20007318     0x24  nwk_globals.o [1]
  .bss               zero     0x2000733c     0x24  ZDSecMgr.o [1]
  .bss               zero     0x20007360     0x20  BindingTable.o [1]
  .bss               zero     0x20007380     0x1c  nwk_util.o [3]
  .bss               zero     0x2000739c     0x18  mac_rx.o [1]
  .bss               zero     0x200073b4     0x18  nwk_globals.o [1]
  .bss               zero     0x200073cc     0x14  nwk_globals.o [1]
  .bss               zero     0x200073e0     0x14  ZDConfig.o [1]
  .bss               zero     0x200073f4     0x14  APSMEDE.o [3]
  .bss               zero     0x20007408     0x14  aes.o [8]
  .bss               zero     0x2000741c     0x12  Main.o [1]
  .bss               zero     0x2000742e      0x2  mac_rx_onoff.o [1]
  .bss               zero     0x20007430     0x10  mac_mcu.o [1]
  .bss               zero     0x20007440     0x10  nwk_util.o [3]
  .bss               zero     0x20007450     0x10  APS.o [3]
  .bss               zero     0x20007460      0xc  nwk_globals.o [1]
  .bss               zero     0x2000746c      0xc  ZDSecMgr.o [1]
  .bss               zero     0x20007478      0xc  nwk_util.o [3]
  .bss               zero     0x20007484      0xc  nwk_util.o [3]
  .bss               zero     0x20007490      0xc  NLMEDE.o [3]
  .bss               zero     0x2000749c      0x8  mac_backoff_timer.o [1]
  .bss               zero     0x200074a4      0x8  mac_mcu.o [1]
  .bss               zero     0x200074ac      0x8  mac_tx.o [1]
  .bss               zero     0x200074b4      0x8  OnBoard.o [1]
  .bss               zero     0x200074bc      0x8  OSAL_Clock.o [1]
  .bss               zero     0x200074c4      0x8  OSAL_PwrMgr.o [1]
  .bss               zero     0x200074cc      0x8  OSAL_Timers.o [1]
  .bss               zero     0x200074d4      0x8  ZDApp.o [1]
  .bss               zero     0x200074dc      0x8  ZDSecMgr.o [1]
  .bss               zero     0x200074e4      0x8  ZGlobals.o [1]
  .bss               zero     0x200074ec      0x8  ZGlobals.o [1]
  .bss               zero     0x200074f4      0x8  ZGlobals.o [1]
  .bss               zero     0x200074fc      0x8  zmac.o [1]
  .bss               zero     0x20007504      0x8  AddrMgr.o [3]
  .bss               zero     0x2000750c      0x8  ssp.o [3]
  .bss               zero     0x20007514      0x8  ssp.o [3]
  .bss               zero     0x2000751c      0x4  hal_aes.o [1]
  .bss               zero     0x20007520      0x4  mac_radio.o [1]
  .bss               zero     0x20007524      0x4  OSAL.o [1]
  .bss               zero     0x20007528      0x4  OSAL_Main.o [1]
  .bss               zero     0x2000752c      0x4  ZDNwkMgr.o [1]
  .bss               zero     0x20007530      0x4  ZDNwkMgr.o [1]
  .bss               zero     0x20007534      0x4  ZDObject.o [1]
  .bss               zero     0x20007538      0x4  ZDProfile.o [1]
  .bss               zero     0x2000753c      0x4  zmac_cb.o [1]
  .bss               zero     0x20007540      0x4  APSMEDE.o [3]
  .bss               zero     0x20007544      0x4  rtg.o [3]
  .bss               zero     0x20007548      0x4  rtg.o [3]
  .bss               zero     0x2000754c      0x4  rtg.o [3]
  .bss               zero     0x20007550      0x4  rtg.o [3]
  .bss               zero     0x20007554      0x4  rtg.o [3]
  .bss               zero     0x20007558      0x4  aps_groups.o [3]
  .bss               zero     0x2000755c      0x4  APS.o [3]
  .bss               zero     0x20007560      0x4  APS.o [3]
  .bss               zero     0x20007564      0x4  APS.o [3]
  .bss               zero     0x20007568      0x4  NLMEDE.o [3]
  .bss               zero     0x2000756c      0x4  NLMEDE.o [3]
  .bss               zero     0x20007570      0x4  nwk_bufs.o [3]
  .bss               zero     0x20007574      0x4  nwk_bufs.o [3]
  .bss               zero     0x20007578      0x2  nwk_util.o [3]
  .bss               zero     0x2000757a      0x2  nwk.o [3]
  .bss               zero     0x2000757c      0x2  NLMEDE.o [3]
  .bss               zero     0x2000757e      0x1  hal_assert.o [1]
  .bss               zero     0x2000757f      0x1  hal_drivers.o [1]
  .bss               zero     0x20007580      0x1  hal_uart.o [1]
  .bss               zero     0x20007581      0x1  mac_autopend.o [1]
  .bss               zero     0x20007582      0x1  mac_autopend.o [1]
  .bss               zero     0x20007583      0x1  mac_mcu.o [1]
  .bss               zero     0x20007584      0x1  mac_radio_defs.o [1]
  .bss               zero     0x20007585      0x1  nwk_globals.o [1]
  .bss               zero     0x20007586      0x1  nwk_globals.o [1]
  .bss               zero     0x20007587      0x1  OnBoard.o [1]
  .bss               zero     0x20007588      0x1  OSAL_Memory.o [1]
  .bss               zero     0x20007589      0x1  ZGlobals.o [1]
  .bss               zero     0x2000758a      0x1  ZGlobals.o [1]
  .bss               zero     0x2000758b      0x1  ZGlobals.o [1]
  .bss               zero     0x2000758c      0x1  ZGlobals.o [1]
  .bss               zero     0x2000758d      0x1  ZGlobals.o [1]
  .bss               zero     0x2000758e      0x1  ZGlobals.o [1]
  .bss               zero     0x2000758f      0x1  ZGlobals.o [1]
  .bss               zero     0x20007590      0x1  ZGlobals.o [1]
  .bss               zero     0x20007591      0x1  zmac_cb.o [1]
  .bss               zero     0x20007592      0x1  nwk_util.o [3]
  .bss               zero     0x20007593      0x1  nwk_util.o [3]
  .bss               zero     0x20007594      0x1  rtg.o [3]
  .bss               zero     0x20007595      0x1  rtg.o [3]
  .bss               zero     0x20007596      0x1  nwk.o [3]
  .bss               zero     0x20007597      0x1  ssp.o [3]
                            - 0x20007598   0x11f4


*******************************************************************************
*** INIT TABLE
***

          Address     Size
          -------     ----
Zero (__iar_zero_init3)
    2 destination ranges, total size 0x12f4:
          0x20004000   0x100
          0x200063a4  0x11f4

Copy/packbits (__iar_packbits_init_single3)
    1 source range, total size 0xca (30% of destination):
          0x002176d6    0xca
    1 destination range, total size 0x29d:
          0x20004100   0x29d



*******************************************************************************
*** MODULE SUMMARY
***

    Module                  ro code  ro data  rw data  rw data
                                                        (abs)
    ------                  -------  -------  -------  -------
F:\03.Git\smf\FW\fw_smf_v1.1\fw_smf_zigbee\fw_zigbee_gw\Coordinator-Mesh\Obj: [1]
    AF.o                      1 440        2        8
    AppData.o                             12       40
    BindingTable.o            2 104                32
    Main.o                    1 708                18
    OSAL.o                    1 140                 5
    OSAL_Clock.o                100                 8
    OSAL_Main.o                  76       33        4
    OSAL_Memory.o               392             6 149
    OSAL_PwrMgr.o               108                 8
    OSAL_Timers.o               532                 8
    OnBoard.o                    94                10
    Parse.o                     272
    Printf.o                    416
    UserUART.o                  520               768
    ZDApp.o                   3 302       25       92
    ZDConfig.o                   64                20
    ZDNwkMgr.o                1 160                56
    ZDObject.o                4 102        1       62
    ZDProfile.o               2 192       27       92
    ZDSecMgr.o                2 150                57
    ZDiags.o                      2
    ZGlobals.o                  340       13       74
    ZMain.o                     576
    ZigbeeIO.o                  672               512
    armcm3flashutil.o           296
    hal_adc.o                    28
    hal_aes.o                    68                 4
    hal_assert.o                560                 1
    hal_ccm.o                   154
    hal_drivers.o               156                 1
    hal_key.o                    24
    hal_lcd.o                    10
    hal_led.o                     4
    hal_sleep.o                 612        1        2
    hal_sys_ctrl.o              464
    hal_systick.o                50
    hal_uart.o                  160                45
    mac_autopend.o              900                 2
    mac_backoff_timer.o         352                 8
    mac_cfg.o                              8
    mac_csp_tx.o                992
    mac_low_level.o              78
    mac_mcu.o                 1 176                25
    mac_mem.o                   104
    mac_pib.o                   756               140
    mac_radio.o                 538                 4
    mac_radio_defs.o            132        2        1
    mac_rffrontend.o             60
    mac_rx.o                  1 928                24
    mac_rx_onoff.o              448                 2
    mac_sleep.o                 232                 1
    mac_tx.o                    928                 8
    nwk_globals.o               636       85    1 959
    osal_nv.o                 3 596       13       44   12 288
    saddr.o                     146
    startup_ewarm.o              58      268    2 048
    zmac.o                      470                 8
    zmac_cb.o                   584                 5
    ----------------------------------------------------------
    Total:                   40 162      490   12 355   12 288

command line: [2]
    ----------------------------------------------------------
    Total:

Router.a: [3]
    APS.o                     1 976       10       60
    APSMEDE.o                 3 320                24
    APSMEDE_CB.o                304
    AddrMgr.o                 1 092                 8
    AssocList.o               1 496
    NLMEDE.o                  1 028        1       25
    NLMEDE_CB.o                 736
    aps_frag.o                1 568        4       12
    aps_groups.o                 88                 4
    aps_util.o                  552
    nwk.o                     6 036        6      143
    nwk_bufs.o                1 272                 8
    nwk_util.o                9 946        6       93
    reflecttrack.o              328        3       10
    rtg.o                     7 080                22
    ssp.o                     1 396                17
    ssp_hash.o                  688
    ----------------------------------------------------------
    Total:                   38 906       30      426

TIMAC-CC2538.a: [4]
    mac_beacon.o             10 984      281      660
    ----------------------------------------------------------
    Total:                   10 984      281      660

bsp.lib: [5]
    ----------------------------------------------------------
    Total:

dl7M_tln.a: [6]
    exit.o                        4
    low_level_init.o              4
    sprintf.o                    52
    strstr.o                     46
    xprintftiny.o               334
    xsprout.o                    10
    ----------------------------------------------------------
    Total:                      450

rt7M_tl.a: [7]
    ABImemclr.o                   6
    ABImemclr4.o                  6
    ABImemcpy_unaligned.o       118
    ABImemset.o                 102
    ABImemset48.o                50
    cexit.o                      10
    cmain.o                      26
    cstartup_M.o                 12
    data_init.o                  40
    packbits_init_single.o       56
    strchr.o                     22
    strcmp_unaligned.o           66
    strcpy_unaligned.o           68
    strlen.o                     54
    zero_init3.o                 64
    ----------------------------------------------------------
    Total:                      700

sdriverlib.lib: [8]
    aes.o                       492                20
    ccm.o                       904
    cpu.o                        20
    flash.o                      56
    gpio.o                      336
    interrupt.o                 592               256
    ioc.o                       768
    sys_ctrl.o                  560
    systick.o                    52
    uart.o                      276
    ----------------------------------------------------------
    Total:                    4 056               276

shb_l.a: [9]
    exit.o                       20
    ----------------------------------------------------------
    Total:                       20

    Gaps                         48        5
    Linker created                        40
--------------------------------------------------------------
    Grand Total:             95 326      846   13 717   12 288


*******************************************************************************
*** ENTRY LIST
***

Entry                      Address    Size  Type      Object
-----                      -------    ----  ----      ------
.iar.init_table$$Base   0x002176a4           --   Gb  - Linker created -
.iar.init_table$$Limit  0x002176cc           --   Gb  - Linker created -
?main                   0x002175dd          Code  Gb  cmain.o [7]
AESECBCheckResult       0x00216335    0x16  Code  Gb  aes.o [8]
AESECBGetResult         0x0021634b    0x5a  Code  Gb  aes.o [8]
AESECBStart             0x002162ad    0x88  Code  Gb  aes.o [8]
AESLoadKey              0x002161dd    0xce  Code  Gb  aes.o [8]
AF_DataRequest          0x0021169f   0x1ce  Code  Gb  AF.o [1]
AF_DataRequestDiscoverRoute
                        0x20004100     0x1  Data  Gb  AF.o [1]
AIB_MaxBindingTime      0x20004220     0x2  Data  Gb  APS.o [3]
AIB_apsTrustCenterAddress
                        0x20004224     0x4  Data  Gb  APS.o [3]
AIB_apsUseExtendedPANID
                        0x20004234     0x8  Data  Gb  APS.o [3]
AIB_apsUseInsecureJoin  0x2000421e     0x1  Data  Gb  APS.o [3]
APSDE_DataCnf           0x002127bd     0xa  Code  Gb  APSMEDE_CB.o [3]
APSDE_DataConfirm       0x002127a5    0x18  Code  Gb  APSMEDE_CB.o [3]
APSDE_DataIndication    0x002127c7    0x9a  Code  Gb  APSMEDE_CB.o [3]
APSDE_DataReq           0x00211965   0x1f0  Code  Gb  APSMEDE.o [3]
APSDE_DataReqMTU        0x00211b55    0x28  Code  Gb  APSMEDE.o [3]
APSDE_FrameAlloc        0x002122b9   0x114  Code  Gb  APSMEDE.o [3]
APSDE_FrameHdrSet       0x00212075    0xee  Code  Gb  APSMEDE.o [3]
APSDE_FrameSend         0x002123d1    0x42  Code  Gb  APSMEDE.o [3]
APSDE_ParseMsg          0x002128d5   0x102  Code  Gb  aps_util.o [3]
APSF_AllocRxObj         0x0020893d    0xee  Code  Lc  aps_frag.o [3]
APSF_FindObj            0x0020863b    0x2a  Code  Lc  aps_frag.o [3]
APSF_FreeObj            0x00208665    0x28  Code  Lc  aps_frag.o [3]
APSF_IncomingData       0x00208a2b   0x12e  Code  Lc  aps_frag.o [3]
APSF_Init               0x00208615    0x26  Code  Gb  aps_frag.o [3]
APSF_ObjList            0x20004354     0x4  Data  Lc  aps_frag.o [3]
APSF_ProcessAck         0x002088b9    0x84  Code  Gb  aps_frag.o [3]
APSF_ProcessEvent       0x00208b63    0xb0  Code  Gb  aps_frag.o [3]
APSF_SendFragmented     0x0020868d   0x128  Code  Gb  aps_frag.o [3]
APSF_SendOsalMsg        0x00208b59     0xa  Code  Gb  aps_frag.o [3]
APSF_TxNextFrame        0x002087b5   0x102  Code  Lc  aps_frag.o [3]
APSF_taskID             0x20004350     0x1  Data  Gb  aps_frag.o [3]
APSME_BindRequest       0x00211b7d    0x26  Code  Gb  APSMEDE.o [3]
APSME_CmdPkt            0x00212261    0x40  Code  Gb  APSMEDE.o [3]
APSME_CmdPktCM_CD       0x00212205    0x5c  Code  Gb  APSMEDE.o [3]
APSME_CmdPktHook        0x20007404     0x4  Data  Gb  APSMEDE.o [3]
APSME_FrameSecApplyCM   0x00212005    0x6c  Code  Gb  APSMEDE.o [3]
APSME_FrameSecApplyExtCM
                        0x00212071     0x4  Code  Gb  APSMEDE.o [3]
APSME_FrameSecApplyExtHook
                        0x200073fc     0x4  Data  Gb  APSMEDE.o [3]
APSME_FrameSecApplyHook
                        0x200073f8     0x4  Data  Gb  APSMEDE.o [3]
APSME_FrameSecKeySetup  0x00211e91    0x76  Code  Gb  APSMEDE.o [3]
APSME_FrameSecKeySync   0x00211e2f    0x62  Code  Gb  APSMEDE.o [3]
APSME_FrameSecRemoveCM  0x00211f8b    0x7a  Code  Gb  APSMEDE.o [3]
APSME_FrameSecRemoveHook
                        0x20007400     0x4  Data  Gb  APSMEDE.o [3]
APSME_FrameSecSetupCM   0x00211f07    0x84  Code  Gb  APSMEDE.o [3]
APSME_FrameSecSetupHook
                        0x200073f4     0x4  Data  Gb  APSMEDE.o [3]
APSME_FrameSecurityRemove
                        0x00212413    0x20  Code  Gb  APSMEDE.o [3]
APSME_FrameTunnel       0x00212163    0x98  Code  Gb  APSMEDE.o [3]
APSME_GetRequest        0x00211bb7    0x5a  Code  Gb  APSMEDE.o [3]
APSME_HoldDataRequests  0x0020849d    0x2a  Code  Gb  APS.o [3]
APSME_IsDistributedSecurity
                        0x00212629     0xc  Code  Gb  APSMEDE.o [3]
APSME_LinkKeyLoad       0x00211db1    0x7e  Code  Gb  APSMEDE.o [3]
APSME_LinkKeyNVIdGet    0x00213fdf    0x5a  Code  Gb  ZDSecMgr.o [1]
APSME_LinkKeySync       0x00211d09    0x5e  Code  Gb  APSMEDE.o [3]
APSME_LookupExtAddr     0x00211c3b    0x3e  Code  Gb  APSMEDE.o [3]
APSME_LookupNwkAddr     0x00211c79    0x2e  Code  Gb  APSMEDE.o [3]
APSME_NwkKeyLoad        0x00211d67    0x4a  Code  Gb  APSMEDE.o [3]
APSME_NwkKeySync        0x00211cdf    0x2a  Code  Gb  APSMEDE.o [3]
APSME_RemoveDeviceReq   0x002125b1    0x52  Code  Gb  APSMEDE.o [3]
APSME_RequestKeyInd     0x0021288d    0x2c  Code  Gb  APSMEDE_CB.o [3]
APSME_SecurityCM_CD     0x00212611    0x18  Code  Gb  APSMEDE.o [3]
APSME_SetRequest        0x00211c11    0x2a  Code  Gb  APSMEDE.o [3]
APSME_TCLinkKeyInit     0x0021403d    0x76  Code  Gb  ZDSecMgr.o [1]
APSME_TCLinkKeyLoad     0x0021414f    0x80  Code  Gb  ZDSecMgr.o [1]
APSME_TCLinkKeySync     0x002140b3    0x9c  Code  Gb  ZDSecMgr.o [1]
APSME_TransportKeyReq   0x00212451    0xf8  Code  Gb  APSMEDE.o [3]
APSME_UnBindRequest     0x00211ba3    0x14  Code  Gb  APSMEDE.o [3]
APSME_UpdateDeviceInd   0x00212861    0x2c  Code  Gb  APSMEDE_CB.o [3]
APSME_UpdateDeviceReq   0x00212549    0x60  Code  Gb  APSMEDE.o [3]
APS_AllowDataRequests   0x2000421f     0x1  Data  Gb  APS.o [3]
APS_CmdInd              0x00207f8b    0x60  Code  Gb  APS.o [3]
APS_Counter             0x2000421d     0x1  Data  Gb  APS.o [3]
APS_DataConfirmReflect  0x002080cd    0x20  Code  Lc  APS.o [3]
APS_DataIndReflect      0x002080ed   0x118  Code  Lc  APS.o [3]
APS_GetBind             0x00208025    0xa8  Code  Lc  APS.o [3]
APS_Init                0x00207e81    0x30  Code  Gb  APS.o [3]
APS_IsDuplicate         0x0020854f    0x98  Code  Lc  APS.o [3]
APS_MaintainDupRejTable
                        0x002084c7    0x88  Code  Lc  APS.o [3]
APS_ReReflect           0x002083dd    0x78  Code  Lc  APS.o [3]
APS_Reflect             0x0020820b   0x1d2  Code  Lc  APS.o [3]
APS_ReflectorInit       0x00207e5d    0x24  Code  Gb  APS.o [3]
APS_SetEndDeviceBindTimeout
                        0x00207f6d    0x1e  Code  Gb  APS.o [3]
APS_TaskID              0x2000421c     0x1  Data  Gb  APS.o [3]
APS_UnBind              0x00207fed    0x38  Code  Lc  APS.o [3]
APS_event_loop          0x00207eb1    0xbc  Code  Gb  APS.o [3]
APS_lastDupTime         0x20004230     0x4  Data  Gb  APS.o [3]
AddrMgrEntryAdd         0x0021076d    0x64  Code  Lc  AddrMgr.o [3]
AddrMgrEntryAddRef      0x002108c7    0x3c  Code  Gb  AddrMgr.o [3]
AddrMgrEntryData        0x20007508     0x4  Data  Lc  AddrMgr.o [3]
AddrMgrEntryGet         0x002109cd    0x52  Code  Gb  AddrMgr.o [3]
AddrMgrEntryLookupExt   0x00210973    0x5a  Code  Gb  AddrMgr.o [3]
AddrMgrEntryLookupNwk   0x00210903    0x70  Code  Gb  AddrMgr.o [3]
AddrMgrEntryRelease     0x00210893    0x34  Code  Gb  AddrMgr.o [3]
AddrMgrEntryTotal       0x20007504     0x2  Data  Lc  AddrMgr.o [3]
AddrMgrEntryUpdate      0x00210a1f   0x142  Code  Gb  AddrMgr.o [3]
AddrMgrEntryValidate    0x00210749    0x24  Code  Lc  AddrMgr.o [3]
AddrMgrExtAddrEqual     0x00210823    0x18  Code  Gb  AddrMgr.o [3]
AddrMgrExtAddrLookup    0x0021083b    0x28  Code  Gb  AddrMgr.o [3]
AddrMgrExtAddrSet       0x002107fb     0xe  Code  Gb  AddrMgr.o [3]
AddrMgrExtAddrValid     0x00210809    0x1a  Code  Gb  AddrMgr.o [3]
AddrMgrInit             0x002107d1    0x2a  Code  Gb  AddrMgr.o [3]
AddrMgrIsFull           0x00210b61    0x28  Code  Gb  AddrMgr.o [3]
AddrMgrNwkAddrLookup    0x00210863    0x30  Code  Gb  AddrMgr.o [3]
AddrMgrWriteNVRequest   0x002096c5     0x2  Code  Gb  ZDApp.o [1]
ApsLinkKeyFrmCntr       0x2000733c    0x24  Data  Gb  ZDSecMgr.o [1]
AssocAddNew             0x0020d93d   0x12c  Code  Gb  AssocList.o [3]
AssocChangeNwkAddr      0x0020da6f    0x62  Code  Gb  AssocList.o [3]
AssocCheckDupNeighbors  0x0020dd8f    0x6a  Code  Gb  AssocList.o [3]
AssocChildAging         0x0020ddf9    0x62  Code  Gb  AssocList.o [3]
AssocChildTableManagement
                        0x0020de77    0x3a  Code  Gb  AssocList.o [3]
AssocChildTableUpdateTimeout
                        0x0020de5b    0x1c  Code  Gb  AssocList.o [3]
AssocCnfFailStr         0x0020d8e8    0x10  Data  Gb  nwk_globals.o [1]
AssocCnfStr             0x0020d878     0xc  Data  Gb  nwk_globals.o [1]
AssocCount              0x0020d917    0x26  Code  Gb  AssocList.o [3]
AssocFindDevice         0x0020dd65    0x2a  Code  Gb  AssocList.o [3]
AssocGetNextNode        0x0020dc8b    0x6a  Code  Lc  AssocList.o [3]
AssocGetWithAddress     0x0020dbbf    0x74  Code  Gb  AssocList.o [3]
AssocGetWithExt         0x0020db5d    0x62  Code  Gb  AssocList.o [3]
AssocGetWithShort       0x0020db29    0x34  Code  Gb  AssocList.o [3]
AssocInit               0x0020d915     0x2  Code  Gb  AssocList.o [3]
AssocIsChild            0x0020dad1    0x20  Code  Gb  AssocList.o [3]
AssocIsParent           0x0020db11    0x18  Code  Gb  AssocList.o [3]
AssocIsRFChild          0x0020daf1    0x20  Code  Gb  AssocList.o [3]
AssocMakeList           0x0020dd0b    0x48  Code  Gb  AssocList.o [3]
AssocRemove             0x0020dc39    0x52  Code  Gb  AssocList.o [3]
AssocRspFailStr         0x0020d8d8    0x10  Data  Gb  nwk_globals.o [1]
AssociatedDevList       0x200063a4   0x318  Data  Gb  nwk_globals.o [1]
BindCopyBackupToNewNV   0x0021107b    0xcc  Code  Lc  BindingTable.o [1]
BindInitNV              0x0021102d    0x38  Code  Gb  BindingTable.o [1]
BindRestoreFromNV       0x00211149    0xca  Code  Gb  BindingTable.o [1]
BindSetDefaultNV        0x00211065    0x16  Code  Gb  BindingTable.o [1]
BindWriteNV             0x00211215    0x6c  Code  Gb  BindingTable.o [1]
BindingTable            0x20007214    0x38  Data  Gb  nwk_globals.o [1]
BuzzerControl           0x00204715     0x2  Code  Gb  OnBoard.o [1]
CCMAuthEncryptCheckResult
                        0x00216d1b    0x16  Code  Gb  ccm.o [8]
CCMAuthEncryptGetResult
                        0x00216d31    0x88  Code  Gb  ccm.o [8]
CCMAuthEncryptStart     0x00216c11   0x10a  Code  Gb  ccm.o [8]
CCMInvAuthDecryptCheckResult
                        0x00216ebf     0x2  Code  Gb  ccm.o [8]
CCMInvAuthDecryptGetResult
                        0x00216ec1    0xaa  Code  Gb  ccm.o [8]
CCMInvAuthDecryptStart  0x00216db9   0x100  Code  Gb  ccm.o [8]
CPUcpsid                0x00204a81     0x8  Code  Gb  cpu.o [8]
CPUcpsie                0x00204a89     0x8  Code  Gb  cpu.o [8]
CPUwfi                  0x00204a91     0x4  Code  Gb  cpu.o [8]
CskipChldrn             0x20007586     0x1  Data  Gb  nwk_globals.o [1]
CskipRtrs               0x20007585     0x1  Data  Gb  nwk_globals.o [1]
EnergyLevelStr          0x0020d8f8    0x10  Data  Gb  nwk_globals.o [1]
FailedStr               0x0020d8d0     0x8  Data  Gb  nwk_globals.o [1]
FaultISR                0x002175cb     0x2  Code  Lc  startup_ewarm.o [1]
FlashCacheModeSet       0x00216fb9    0x12  Code  Gb  flash.o [8]
FlashMainPageErase      0x00216f99    0x10  Code  Gb  flash.o [8]
GPIODirModeSet          0x00205e5d    0x28  Code  Gb  gpio.o [8]
GPIOIntWakeupDisable    0x00205f8f     0xc  Code  Gb  gpio.o [8]
GPIOIntWakeupEnable     0x00205f85     0xa  Code  Gb  gpio.o [8]
GPIOPinRead             0x00205e85     0x6  Code  Gb  gpio.o [8]
GPIOPinTypeGPIOOutput   0x00205e91     0xa  Code  Gb  gpio.o [8]
GPIOPinTypeUARTInput    0x00205eb3     0x4  Code  Gb  gpio.o [8]
GPIOPinTypeUARTOutput   0x00205eb7    0x1a  Code  Gb  gpio.o [8]
GPIOPinWrite            0x00205e8b     0x6  Code  Gb  gpio.o [8]
GPIOPowIntClear         0x00205f59    0x22  Code  Gb  gpio.o [8]
GPIOPowIntDisable       0x00205f2b    0x2e  Code  Gb  gpio.o [8]
GPIOPowIntEnable        0x00205f07    0x24  Code  Gb  gpio.o [8]
GPIOPowIntTypeSet       0x00205ed1    0x36  Code  Gb  gpio.o [8]
GenericApp_InClusterList
                        0x20004364     0x2  Data  Gb  AppData.o [1]
GenericApp_Out_ClusterList
                        0x20004366     0x2  Data  Gb  AppData.o [1]
GenericApp_SimpleDesc   0x20004108    0x14  Data  Gb  AppData.o [1]
GetBindingTableEntry    0x00211371    0x3c  Code  Gb  BindingTable.o [1]
HalAdcCheckVdd          0x0021683d    0x16  Code  Gb  hal_adc.o [1]
HalAesInit              0x0020a451    0x14  Code  Gb  hal_aes.o [1]
HalDriverInit           0x002049eb     0x4  Code  Gb  hal_drivers.o [1]
HalKeyConfig            0x0020644d     0x2  Code  Gb  hal_key.o [1]
HalLcdWriteScreen       0x00215ba1     0x2  Code  Gb  hal_lcd.o [1]
HalLcdWriteString       0x00215b9d     0x2  Code  Gb  hal_lcd.o [1]
HalLcdWriteStringValue  0x00215ba3     0x2  Code  Gb  hal_lcd.o [1]
HalLcdWriteStringValueValue
                        0x00215ba5     0x2  Code  Gb  hal_lcd.o [1]
HalLcdWriteValue        0x00215b9f     0x2  Code  Gb  hal_lcd.o [1]
HalLedEnterSleep        0x0020d5fd     0x2  Code  Gb  hal_led.o [1]
HalLedExitSleep         0x0020d5ff     0x2  Code  Gb  hal_led.o [1]
Hal_Init                0x002049e5     0x6  Code  Gb  hal_drivers.o [1]
Hal_ProcessEvent        0x002049ef    0x80  Code  Gb  hal_drivers.o [1]
Hal_ProcessPoll         0x00204a6f     0x8  Code  Gb  hal_drivers.o [1]
Hal_TaskID              0x2000757f     0x1  Data  Gb  hal_drivers.o [1]
IOCPadConfigSet         0x0020d47d    0x68  Code  Gb  ioc.o [8]
IOCPinConfigPeriphInput
                        0x0020d365   0x118  Code  Gb  ioc.o [8]
IOCPinConfigPeriphOutput
                        0x0020d2fd    0x68  Code  Gb  ioc.o [8]
InitBindingTable        0x00210b8d    0x50  Code  Gb  BindingTable.o [1]
InitBoard               0x002046b9    0x22  Code  Gb  OnBoard.o [1]
IntAltMapEnable         0x002033cd     0xc  Code  Gb  interrupt.o [8]
IntDefaultHandler       0x002175cd     0x2  Code  Lc  startup_ewarm.o [1]
IntDisable              0x00203339    0x58  Code  Gb  interrupt.o [8]
IntEnable               0x002032e1    0x58  Code  Gb  interrupt.o [8]
IntMasterDisable        0x00203289     0x6  Code  Gb  interrupt.o [8]
IntMasterEnable         0x00203281     0x8  Code  Gb  interrupt.o [8]
IntPendClear            0x00203391    0x3c  Code  Gb  interrupt.o [8]
IntPrioritySet          0x002032bd    0x24  Code  Gb  interrupt.o [8]
IntRegister             0x00203297    0x26  Code  Gb  interrupt.o [8]
MAC_CbackCheckPending   0x00203815     0x4  Code  Gb  zmac_cb.o [1]
MAC_CbackEvent          0x00203631   0x1e4  Code  Gb  zmac_cb.o [1]
MAC_CbackQueryRetransmit
                        0x00203819     0x4  Code  Gb  zmac_cb.o [1]
MAC_Init                0x0020252d    0x44  Code  Gb  mac_beacon.o [4]
MAC_InitCoord           0x00200b19    0x3c  Code  Gb  mac_beacon.o [4]
MAC_InitDevice          0x00201955    0x2a  Code  Gb  mac_beacon.o [4]
MAC_McpsDataAlloc       0x00201261    0x1a  Code  Gb  mac_beacon.o [4]
MAC_McpsDataReq         0x002011cd    0x90  Code  Gb  mac_beacon.o [4]
MAC_MlmeAssociateRsp    0x00200bb9     0xa  Code  Gb  mac_beacon.o [4]
MAC_MlmeGetReq          0x00203ad1    0x52  Code  Gb  mac_pib.o [1]
MAC_MlmeOrphanRsp       0x00200bc3     0xa  Code  Gb  mac_beacon.o [4]
MAC_MlmeResetReq        0x00202479    0xae  Code  Gb  mac_beacon.o [4]
MAC_MlmeScanReq         0x00202935    0x20  Code  Gb  mac_beacon.o [4]
MAC_MlmeSetReq          0x00203b23   0x11c  Code  Gb  mac_pib.o [1]
MAC_MlmeStartReq        0x00200bcd    0x20  Code  Gb  mac_beacon.o [4]
MAC_PwrNextTimeout      0x00202b99    0x36  Code  Gb  mac_beacon.o [4]
MAC_PwrOffReq           0x00202577    0x30  Code  Gb  mac_beacon.o [4]
MAC_PwrOnReq            0x002025a7    0x14  Code  Gb  mac_beacon.o [4]
MAC_RfFrontendSetup     0x00205fad    0x3c  Code  Gb  mac_rffrontend.o [1]
MAC_SrcMatchAckAllPending
                        0x0020cf3b    0x1e  Code  Gb  mac_autopend.o [1]
MAC_SrcMatchAddEntry    0x0020cd7f   0x148  Code  Gb  mac_autopend.o [1]
MAC_SrcMatchCheckAllPending
                        0x0020cf59     0xe  Code  Gb  mac_autopend.o [1]
MAC_SrcMatchCheckResult
                        0x0020cf67    0x18  Code  Gb  mac_autopend.o [1]
MAC_SrcMatchDeleteEntry
                        0x0020cec7    0x74  Code  Gb  mac_autopend.o [1]
MAC_SrcMatchEnable      0x0020cd49    0x36  Code  Gb  mac_autopend.o [1]
NIB_init                0x0020d6bb    0xba  Code  Gb  nwk_globals.o [1]
NLDE_BuildMsg           0x0020a785   0x120  Code  Lc  nwk_util.o [3]
NLDE_BuildSrcRtgFrame   0x0020a8a5    0x4a  Code  Gb  nwk_util.o [3]
NLDE_CheckForAddrConflict
                        0x0020b739    0x36  Code  Gb  nwk_util.o [3]
NLDE_CheckFrameSecurity
                        0x0020aa2d    0x30  Code  Gb  nwk_util.o [3]
NLDE_DataCnf            0x0020fe99    0xf4  Code  Gb  NLMEDE_CB.o [3]
NLDE_DataIndSend        0x0020a66f    0x54  Code  Gb  nwk_util.o [3]
NLDE_DataIndication     0x0020ff8d   0x156  Code  Gb  NLMEDE_CB.o [3]
NLDE_DataReq            0x0020faad    0x5c  Code  Gb  NLMEDE.o [3]
NLDE_DataReqAlloc       0x0020fb09    0x40  Code  Gb  NLMEDE.o [3]
NLDE_DataReqSend        0x0020a495   0x1d4  Code  Gb  nwk_util.o [3]
NLDE_FrameDataLoad      0x00211ca7    0x38  Code  Gb  APSMEDE.o [3]
NLDE_GetHandle          0x0020ab27    0x1e  Code  Gb  nwk_util.o [3]
NLDE_ParseFrameControl  0x0020a9ef    0x3e  Code  Gb  nwk_util.o [3]
NLDE_ParseMsg           0x0020a8ef   0x100  Code  Gb  nwk_util.o [3]
NLDE_ParseMsg2          0x0020aa5d    0x9c  Code  Gb  nwk_util.o [3]
NLDE_SendMsg            0x0020a6c3    0xc2  Code  Gb  nwk_util.o [3]
NLME_AddressConflictAssignNewStochastic
                        0x0020b463    0x28  Code  Gb  nwk_util.o [3]
NLME_AssocPermission    0x2000439a     0x1  Data  Gb  NLMEDE.o [3]
NLME_CheckNewAddrSet    0x0020b4a5   0x284  Code  Gb  nwk_util.o [3]
NLME_CmdBcast           0x0020b12d    0x12  Code  Gb  nwk_util.o [3]
NLME_CmdCnf             0x0020b0b5    0x78  Code  Gb  nwk_util.o [3]
NLME_CmdDataReqAlloc    0x0020b13f    0x3a  Code  Gb  nwk_util.o [3]
NLME_ConcentratorIndication
                        0x0021012d     0x4  Code  Gb  NLMEDE_CB.o [3]
NLME_CoordStartPANIDConflictCB
                        0x00210171     0x4  Code  Gb  NLMEDE_CB.o [3]
NLME_CoordinatorInit    0x0020fa95    0x18  Code  Gb  NLMEDE.o [3]
NLME_EDScanConfirm      0x00210131    0x1c  Code  Gb  NLMEDE_CB.o [3]
NLME_EDScanRequest      0x0020fdf7    0x56  Code  Gb  NLMEDE.o [3]
NLME_GetCoordExtAddr    0x0020ab1f     0x8  Code  Gb  nwk_util.o [3]
NLME_GetCoordShortAddr  0x0020ab17     0x8  Code  Gb  nwk_util.o [3]
NLME_GetEnergyThreshold
                        0x0020b17f     0x8  Code  Gb  nwk_util.o [3]
NLME_GetExtAddr         0x0020aaf9    0x16  Code  Gb  nwk_util.o [3]
NLME_GetProtocolVersion
                        0x0020b179     0x6  Code  Gb  nwk_util.o [3]
NLME_GetShortAddr       0x0020ab0f     0x8  Code  Gb  nwk_util.o [3]
NLME_InitLinkStatus     0x0020bc75    0x18  Code  Gb  nwk_util.o [3]
NLME_InitStochasticAddressing
                        0x0020fdd9    0x1e  Code  Gb  NLMEDE.o [3]
NLME_IsAddressBroadcast
                        0x0020b1a7    0x3e  Code  Gb  nwk_util.o [3]
NLME_JoinConfirm        0x002100f9     0x4  Code  Gb  NLMEDE_CB.o [3]
NLME_JoinIndication     0x002100fd     0x4  Code  Gb  NLMEDE_CB.o [3]
NLME_LeaveCmdProcess    0x0020aff9    0xb8  Code  Gb  nwk_util.o [3]
NLME_LeaveCmdSend       0x0020af51    0x9e  Code  Gb  nwk_util.o [3]
NLME_LeaveCmdSendDirectly
                        0x0020c7d1   0x174  Code  Gb  nwk_util.o [3]
NLME_LeaveCnf           0x00210101     0x4  Code  Gb  NLMEDE_CB.o [3]
NLME_LeaveInd           0x00210105     0x4  Code  Gb  NLMEDE_CB.o [3]
NLME_LeaveReq           0x0020fcf5    0x9e  Code  Gb  NLMEDE.o [3]
NLME_LeaveRsp           0x0020fd93    0x46  Code  Gb  NLMEDE.o [3]
NLME_NetworkDiscoveryConfirm
                        0x002100e9     0x4  Code  Gb  NLMEDE_CB.o [3]
NLME_NetworkFormationConfirm
                        0x002100ed     0x4  Code  Gb  NLMEDE_CB.o [3]
NLME_NetworkFormationRequest
                        0x0020fbc1    0xba  Code  Gb  NLMEDE.o [3]
NLME_NetworkStatusCB    0x00210175     0x4  Code  Gb  NLMEDE_CB.o [3]
NLME_NwkDiscReq2        0x0020fb49    0x5a  Code  Gb  NLMEDE.o [3]
NLME_NwkDiscTerm        0x0020fba3    0x1e  Code  Gb  NLMEDE.o [3]
NLME_PermitJoining      0x20004398     0x1  Data  Gb  NLMEDE.o [3]
NLME_PermitJoiningDuration
                        0x20004399     0x1  Data  Lc  NLMEDE.o [3]
NLME_PermitJoiningEvent
                        0x0020fc7b    0x18  Code  Gb  NLMEDE.o [3]
NLME_PermitJoiningSet   0x0020fc93    0x4e  Code  Lc  NLMEDE.o [3]
NLME_PermitJoiningTimeout
                        0x00213205     0x2  Code  Gb  ZDObject.o [1]
NLME_ProcessAddressConflictLocal
                        0x0020b2e5   0x17e  Code  Gb  nwk_util.o [3]
NLME_ProcessLinkStatus  0x0020bfd5   0x180  Code  Gb  nwk_util.o [3]
NLME_ProcessNetworkReport
                        0x0020b8bd    0xa8  Code  Gb  nwk_util.o [3]
NLME_ProcessNetworkStatus
                        0x0020b7bf    0xea  Code  Gb  nwk_util.o [3]
NLME_ProcessNetworkUpdate
                        0x0020b971    0x7a  Code  Gb  nwk_util.o [3]
NLME_ReadNwkKeyInfo     0x0020c76f    0x22  Code  Gb  nwk_util.o [3]
NLME_RejoinReqCmdProcess
                        0x0020adf7    0x50  Code  Gb  nwk_util.o [3]
NLME_RejoinRspCmdProcess
                        0x0020aed3    0x76  Code  Gb  nwk_util.o [3]
NLME_RejoinRspSend      0x0020ae47    0x8c  Code  Gb  nwk_util.o [3]
NLME_RemoveChild        0x0020b1e5    0x38  Code  Gb  nwk_util.o [3]
NLME_RouteDiscoveryIndication
                        0x0021010d    0x20  Code  Gb  NLMEDE_CB.o [3]
NLME_RouteDiscoveryRequest
                        0x0020df69   0x126  Code  Gb  rtg.o [3]
NLME_ScanFields         0x20007568     0x4  Data  Gb  NLMEDE.o [3]
NLME_SendLinkStatus     0x0020bf6b    0x68  Code  Gb  nwk_util.o [3]
NLME_SendNetworkStatus  0x0020b76f    0x50  Code  Gb  nwk_util.o [3]
NLME_SetAssocFlags      0x0020acd7    0xe8  Code  Gb  nwk_util.o [3]
NLME_SetBroadcastFilter
                        0x0020b18f    0x18  Code  Gb  nwk_util.o [3]
NLME_SetEnergyThreshold
                        0x0020b187     0x8  Code  Gb  nwk_util.o [3]
NLME_SetLinkStatusTimer
                        0x0020bcb1    0x34  Code  Gb  nwk_util.o [3]
NLME_SetPollRate        0x0020aca3    0x2c  Code  Gb  nwk_util.o [3]
NLME_SetResponseRate    0x0020accf     0x8  Code  Gb  nwk_util.o [3]
NLME_SetUpdateID        0x0020adbf    0x38  Code  Gb  nwk_util.o [3]
NLME_StartRouterConfirm
                        0x002100f1     0x4  Code  Gb  NLMEDE_CB.o [3]
NLME_StartRouterRequest
                        0x0020fceb     0xa  Code  Gb  NLMEDE.o [3]
NLME_SyncIndication     0x00210109     0x4  Code  Gb  NLMEDE_CB.o [3]
NLME_UpdateLinkStatus   0x0020bc8d    0x22  Code  Gb  nwk_util.o [3]
NLME_beaconNotifyInd    0x002100f5     0x4  Code  Gb  NLMEDE_CB.o [3]
NWK_TaskID              0x2000757a     0x1  Data  Gb  nwk.o [3]
NetworkIDStr            0x0020d8a4     0xc  Data  Gb  nwk_globals.o [1]
NmiSR                   0x002175c9     0x2  Code  Lc  startup_ewarm.o [1]
NwkCommandPktProcessing
                        0x00206b1d    0xee  Code  Lc  nwk.o [3]
NwkDescList             0x20006fbc     0x4  Data  Gb  nwk.o [3]
NwkFreqAgilityIncErrorCnt
                        0x0020c6dd    0x6e  Code  Lc  nwk_util.o [3]
NwkFreqAgilityIncTotalTx
                        0x0020c681    0x5a  Code  Lc  nwk_util.o [3]
NwkFreqAgilityInit      0x0020c647    0x18  Code  Gb  nwk_util.o [3]
NwkFreqAgilityScanCfg   0x0020c661    0x20  Code  Lc  nwk_util.o [3]
NwkInitChildAging       0x0020c791    0x32  Code  Gb  nwk_util.o [3]
NwkMgrStr_4             0x00209d90    0x14  Data  Gb  ZDNwkMgr.o [1]
NwkNotMyChildListAdd    0x0020c9ad    0x7e  Code  Gb  nwk_util.o [3]
NwkNotMyChildListAging  0x0020c961    0x4a  Code  Gb  nwk_util.o [3]
NwkNotMyChildListDelete
                        0x0020ca2d    0x52  Code  Gb  nwk_util.o [3]
NwkNotMyChildListInit   0x0020c945    0x1c  Code  Gb  nwk_util.o [3]
NwkNotMyChildSendLeave  0x0020cad9    0x26  Code  Gb  nwk_util.o [3]
OSAL_timeSeconds        0x200074c0     0x4  Data  Gb  OSAL_Clock.o [1]
OnBoard_KeyCallback     0x002046dd    0x2c  Code  Gb  OnBoard.o [1]
OnboardKeyIntEnable     0x20007587     0x1  Data  Gb  OnBoard.o [1]
Onboard_rand            0x00204711     0x4  Code  Gb  OnBoard.o [1]
OrphanRspStr            0x0020d8b8    0x10  Data  Gb  nwk_globals.o [1]
ParentStr               0x0020d88c     0x8  Data  Gb  nwk_globals.o [1]
PortCPortAIsr           0x002175c5     0x4  Code  Lc  startup_ewarm.o [1]
RTG_AddRtgEntry         0x0020ea25   0x16a  Code  Lc  rtg.o [3]
RTG_AddSrcRtgEntry      0x0020eb99    0x8e  Code  Lc  rtg.o [3]
RTG_AllocNewAddress     0x0020e96d    0x2e  Code  Gb  rtg.o [3]
RTG_BcastAdd            0x0020f255   0x170  Code  Gb  rtg.o [3]
RTG_BcastChk            0x0020f1bb    0x8e  Code  Gb  rtg.o [3]
RTG_BcastDel            0x0020f3c9    0x2a  Code  Gb  rtg.o [3]
RTG_BcastHold           0x0020f07f    0x46  Code  Lc  rtg.o [3]
RTG_BcastTimeout        0x0020f0cd    0x96  Code  Lc  rtg.o [3]
RTG_BcastTimerHandler   0x0020f163    0x58  Code  Gb  rtg.o [3]
RTG_CheckRtStatus       0x0020f629    0xb0  Code  Gb  rtg.o [3]
RTG_ChildGetNextHop     0x0020e247    0x1a  Code  Gb  rtg.o [3]
RTG_DataReq             0x0020f3f3    0xaa  Code  Gb  rtg.o [3]
RTG_DeAllocStochasticAddress
                        0x0020e9fd     0x4  Code  Gb  rtg.o [3]
RTG_GetLinkCost         0x0020efd1    0x38  Code  Lc  rtg.o [3]
RTG_GetNextHop          0x0020e17d    0xca  Code  Gb  rtg.o [3]
RTG_GetRoutingAddress   0x0020f6e1    0x34  Code  Lc  rtg.o [3]
RTG_GetRtDiscEntry      0x0020f57b    0x2e  Code  Lc  rtg.o [3]
RTG_GetRtgEntry         0x0020f5a9    0x72  Code  Gb  rtg.o [3]
RTG_GetRtgSrcEntry      0x0020ec35    0x2e  Code  Gb  rtg.o [3]
RTG_GetRtgSrcIndex      0x0020ec69    0x5e  Code  Lc  rtg.o [3]
RTG_GetStochastic       0x0020e99b    0x48  Code  Gb  rtg.o [3]
RTG_Init                0x0020deed    0x7c  Code  Gb  rtg.o [3]
RTG_MTORouteReq         0x0020e095    0xe8  Code  Gb  rtg.o [3]
RTG_ProcessRrec         0x0020ecd9   0x154  Code  Gb  rtg.o [3]
RTG_ProcessRrep         0x0020e581   0x11e  Code  Gb  rtg.o [3]
RTG_ProcessRreq         0x0020e36d   0x20e  Code  Gb  rtg.o [3]
RTG_ProcessRtDiscBits   0x0020f71d    0xe0  Code  Gb  rtg.o [3]
RTG_RemoveRtgEntry      0x0020ef93    0x3a  Code  Gb  rtg.o [3]
RTG_RouteMaintanence    0x0020e261   0x10c  Code  Gb  rtg.o [3]
RTG_RtgRecordInitiation
                        0x0020ee75   0x11e  Code  Gb  rtg.o [3]
RTG_SendBrokenRoute     0x0020f809    0x4a  Code  Gb  rtg.o [3]
RTG_SendNextEDMsg       0x0020f4a1    0xd4  Code  Gb  rtg.o [3]
RTG_SendRErr            0x0020e795    0x68  Code  Gb  rtg.o [3]
RTG_SendRrep            0x0020e6a5    0xf0  Code  Lc  rtg.o [3]
RTG_SrcGetNextHop       0x0020ee2d     0xa  Code  Gb  rtg.o [3]
RTG_TimerEvent          0x0020e7fd   0x12a  Code  Gb  rtg.o [3]
RTG_UpdateNeighborEntry
                        0x0020ab45   0x15e  Code  Gb  nwk_util.o [3]
RTG_UpdateRtDiscEntry   0x0020f009    0x76  Code  Lc  rtg.o [3]
RTG_ValidateSrcRtg      0x0020ee37    0x3a  Code  Gb  rtg.o [3]
RTG_initRtgTable        0x0020f889    0x28  Code  Gb  rtg.o [3]
RTG_nextHopIsBad        0x0020f853    0x32  Code  Gb  rtg.o [3]
Region$$Table$$Base     0x002176a4           --   Gb  - Linker created -
Region$$Table$$Limit    0x002176cc           --   Gb  - Linker created -
ResetIsr                0x00217595    0x1e  Code  Lc  startup_ewarm.o [1]
RouterStr               0x0020d8b0     0x8  Data  Gb  nwk_globals.o [1]
SSP_BuildAuxHdr2        0x002101ed    0x44  Code  Gb  ssp.o [3]
SSP_CCM_Auth_Encrypt    0x00216679    0x4a  Code  Gb  hal_ccm.o [1]
SSP_CCM_InvAuth_Decrypt
                        0x002166c5    0x4e  Code  Gb  hal_ccm.o [1]
SSP_GetMicLen           0x002106bf     0xe  Code  Gb  ssp.o [3]
SSP_GetMicLenHook       0x20007518     0x4  Data  Lc  ssp.o [3]
SSP_GetMicLenProc       0x00210421    0x10  Code  Gb  ssp.o [3]
SSP_GetNwkKey           0x00210431    0x52  Code  Gb  ssp.o [3]
SSP_GetTrueRand         0x002102e7    0x4e  Code  Gb  ssp.o [3]
SSP_Init                0x00210179    0x12  Code  Gb  ssp.o [3]
SSP_KeyedHash           0x002163c9    0xa4  Code  Gb  ssp_hash.o [3]
SSP_NwkSecurity         0x002106ad    0x12  Code  Gb  ssp.o [3]
SSP_NwkSecurityHook     0x20007514     0x4  Data  Lc  ssp.o [3]
SSP_NwkSecurityProc     0x00210485   0x144  Code  Gb  ssp.o [3]
SSP_ParseAuxHdr         0x0021018b    0x62  Code  Gb  ssp.o [3]
SSP_Process             0x00210231    0xb6  Code  Gb  ssp.o [3]
SSP_ReadNwkActiveKey    0x00210335    0x1c  Code  Gb  ssp.o [3]
SSP_SwitchNwkKey        0x0021037f    0xa2  Code  Gb  ssp.o [3]
SSP_UpdateNwkKey        0x00210351    0x2e  Code  Gb  ssp.o [3]
ScanFailedStr           0x0020d908     0xc  Data  Gb  nwk_globals.o [1]
SentStr                 0x0020d8c8     0x8  Data  Gb  nwk_globals.o [1]
SuccessStr              0x0020d884     0x8  Data  Gb  nwk_globals.o [1]
SysCtrlClockGet         0x0020d119    0x2c  Code  Gb  sys_ctrl.o [8]
SysCtrlClockSet         0x0020d0cd    0x4c  Code  Gb  sys_ctrl.o [8]
SysCtrlClockStartSetting
                        0x00205e37    0x1a  Code  Gb  hal_sys_ctrl.o [1]
SysCtrlDeepSleep        0x0020d175    0x70  Code  Gb  sys_ctrl.o [8]
SysCtrlDeepSleepSetting
                        0x00205d59    0x5e  Code  Gb  hal_sys_ctrl.o [1]
SysCtrlDelay            0x0020d165     0x8  Code  Gb  sys_ctrl.o [8]
SysCtrlPeripheralDeepSleepDisable
                        0x0020d267     0x6  Code  Gb  sys_ctrl.o [8]
SysCtrlPeripheralDisable
                        0x0020d227     0x6  Code  Gb  sys_ctrl.o [8]
SysCtrlPeripheralEnable
                        0x0020d221     0x6  Code  Gb  sys_ctrl.o [8]
SysCtrlPeripheralReset  0x0020d1e5    0x3c  Code  Gb  sys_ctrl.o [8]
SysCtrlPeripheralSleepDisable
                        0x0020d247     0x4  Code  Gb  sys_ctrl.o [8]
SysCtrlPowIntClear      0x00205e21    0x16  Code  Gb  hal_sys_ctrl.o [1]
SysCtrlPowIntDisableSetting
                        0x00205e0b    0x16  Code  Gb  hal_sys_ctrl.o [1]
SysCtrlPowIntEnableSetting
                        0x00205df5    0x16  Code  Gb  hal_sys_ctrl.o [1]
SysCtrlReset            0x0020d16d     0x8  Code  Gb  sys_ctrl.o [8]
SysCtrlRunSetting       0x00205c8d    0x6e  Code  Gb  hal_sys_ctrl.o [1]
SysCtrlSleepSetting     0x00205cfb    0x5e  Code  Gb  hal_sys_ctrl.o [1]
SysCtrlWakeupSetting    0x00205db7    0x3e  Code  Gb  hal_sys_ctrl.o [1]
SysTickEnable           0x0020d601     0xc  Code  Gb  systick.o [8]
SysTickIntDisable       0x0020d619     0xc  Code  Gb  systick.o [8]
SysTickIntEnable        0x0020d60d     0xc  Code  Gb  systick.o [8]
SysTickIntHandler       0x00217361    0x10  Code  Gb  hal_systick.o [1]
SysTickPeriodSet        0x0020d625     0x8  Code  Gb  systick.o [8]
SysTickSetup            0x00217375    0x1e  Code  Gb  hal_systick.o [1]
TCLinkKeyFrmCntr        0x2000746c     0xc  Data  Gb  ZDSecMgr.o [1]
UARTCharGet             0x00216935     0xa  Code  Gb  uart.o [8]
UARTCharGetNonBlocking  0x00216925    0x10  Code  Gb  uart.o [8]
UARTCharPut             0x0021694f     0xa  Code  Gb  uart.o [8]
UARTCharPutNonBlocking  0x0021693f    0x10  Code  Gb  uart.o [8]
UARTCharsAvail          0x00216915     0x6  Code  Gb  uart.o [8]
UARTClockSourceSet      0x0021699f     0x6  Code  Gb  uart.o [8]
UARTConfigSetExpClk     0x00216891    0x46  Code  Gb  uart.o [8]
UARTDisable             0x002168f1    0x1e  Code  Gb  uart.o [8]
UARTEnable              0x002168d7    0x1a  Code  Gb  uart.o [8]
UARTIntClear            0x00216993     0x4  Code  Gb  uart.o [8]
UARTIntDisable          0x00216983     0x6  Code  Gb  uart.o [8]
UARTIntEnable           0x0021697d     0x6  Code  Gb  uart.o [8]
UARTIntRegister         0x00216959    0x1c  Code  Gb  uart.o [8]
UARTIntStatus           0x00216989     0xa  Code  Gb  uart.o [8]
UART_APP_RX_Buffer      0x200066bc   0x200  Data  Gb  UserUART.o [1]
UART_APP_TX_Buffer      0x20006bbc   0x100  Data  Gb  UserUART.o [1]
UART_RX_Flag            0x20007580     0x1  Data  Gb  hal_uart.o [1]
ZDAppDetermineDeviceType
                        0x00208f89    0x58  Code  Gb  ZDApp.o [1]
ZDAppNwkAddr            0x20004158     0xc  Data  Gb  ZDApp.o [1]
ZDAppPendingBindReq     0x20004194     0x4  Data  Gb  ZDApp.o [1]
ZDAppTaskID             0x20004167     0x1  Data  Gb  ZDApp.o [1]
ZDApp_AgeOutPendingBindEntry
                        0x00209859    0xbc  Code  Gb  ZDApp.o [1]
ZDApp_CoordStartPANIDConflictCB
                        0x0020970d     0x6  Code  Gb  ZDApp.o [1]
ZDApp_DeviceAuthEvt     0x00209027    0xa6  Code  Gb  ZDApp.o [1]
ZDApp_GetEmptyPendingBindReq
                        0x00209785    0x2e  Code  Gb  ZDApp.o [1]
ZDApp_InMsgCB           0x002096c7    0x2e  Code  Gb  ZDApp.o [1]
ZDApp_Init              0x00208c35    0x52  Code  Gb  ZDApp.o [1]
ZDApp_InitPendingBind   0x00209735    0x50  Code  Gb  ZDApp.o [1]
ZDApp_LeaveCtrl         0x20004169     0x1  Data  Gb  ZDApp.o [1]
ZDApp_LeaveUpdate       0x002091c7    0x92  Code  Gb  ZDApp.o [1]
ZDApp_NVUpdate          0x0020970b     0x2  Code  Gb  ZDApp.o [1]
ZDApp_NetworkStartEvt   0x00208fe1    0x46  Code  Gb  ZDApp.o [1]
ZDApp_NewDeviceList     0x20004198     0x4  Data  Gb  ZDApp.o [1]
ZDApp_NwkStateUpdateCB  0x002096f9     0xc  Code  Gb  ZDApp.o [1]
ZDApp_ProcessMsgCBs     0x002090cd    0xb0  Code  Gb  ZDApp.o [1]
ZDApp_ProcessPendingBindReq
                        0x002097b3    0x82  Code  Gb  ZDApp.o [1]
ZDApp_ProcessSecEvent   0x00208e29    0xa4  Code  Gb  ZDApp.o [1]
ZDApp_RegisterCBs       0x0020917d    0x4a  Code  Gb  ZDApp.o [1]
ZDApp_SavedPollRate     0x2000416e     0x2  Data  Gb  ZDApp.o [1]
ZDApp_SecInit           0x00208c87    0x66  Code  Gb  ZDApp.o [1]
ZDApp_epDesc            0x2000419c    0x10  Data  Gb  ZDApp.o [1]
ZDApp_event_loop        0x00208ced   0x13c  Code  Gb  ZDApp.o [1]
ZDConfig_InitDescriptors
                        0x00215b5d    0x30  Code  Gb  ZDConfig.o [1]
ZDMatchSendState        0x00213681   0x18e  Code  Gb  ZDObject.o [1]
ZDNwkMgr_BuildAndSendUpdateNotify
                        0x00209c4d    0xaa  Code  Lc  ZDNwkMgr.o [1]
ZDNwkMgr_CheckForChannelInterference
                        0x00209bbb    0x92  Code  Lc  ZDNwkMgr.o [1]
ZDNwkMgr_EDScanConfirmCB
                        0x00209d21    0x36  Code  Gb  ZDNwkMgr.o [1]
ZDNwkMgr_Init           0x0020991d    0x36  Code  Gb  ZDNwkMgr.o [1]
ZDNwkMgr_MgmtNwkUpdateNotifyAddr
                        0x200072c8     0xc  Data  Gb  ZDNwkMgr.o [1]
ZDNwkMgr_MgmtNwkUpdateNotifyTransSeq
                        0x200072d5     0x1  Data  Gb  ZDNwkMgr.o [1]
ZDNwkMgr_MgmtNwkUpdateReq
                        0x200072bc     0xc  Data  Gb  ZDNwkMgr.o [1]
ZDNwkMgr_NewChannel     0x200072d8     0x1  Data  Gb  ZDNwkMgr.o [1]
ZDNwkMgr_NumUpdateNotifySent
                        0x200072d6     0x1  Data  Gb  ZDNwkMgr.o [1]
ZDNwkMgr_ProcessDataConfirm
                        0x00209d59    0x26  Code  Gb  ZDNwkMgr.o [1]
ZDNwkMgr_ProcessMgmtNwkUpdateReq
                        0x00209abb   0x100  Code  Lc  ZDNwkMgr.o [1]
ZDNwkMgr_ReportChannelInterference
                        0x00209cf9    0x28  Code  Gb  ZDNwkMgr.o [1]
ZDNwkMgr_TaskID         0x200072d4     0x1  Data  Gb  ZDNwkMgr.o [1]
ZDNwkMgr_TotalTransmissions
                        0x200072dc     0x2  Data  Gb  ZDNwkMgr.o [1]
ZDNwkMgr_TxFailures     0x200072de     0x2  Data  Gb  ZDNwkMgr.o [1]
ZDNwkMgr_UpdateNotifyTimer
                        0x200072da     0x2  Data  Gb  ZDNwkMgr.o [1]
ZDNwkMgr_WaitingForNotifyConfirm
                        0x200072d7     0x1  Data  Gb  ZDNwkMgr.o [1]
ZDNwkMgr_event_loop     0x00209953   0x162  Code  Gb  ZDNwkMgr.o [1]
ZDOBuildBuf             0x2000724c    0x34  Data  Lc  ZDObject.o [1]
ZDOInitDevice           0x00208ecd    0xbc  Code  Gb  ZDApp.o [1]
ZDO_AddrChangeIndicationCB
                        0x0020948f    0x62  Code  Gb  ZDApp.o [1]
ZDO_CompareClusterLists
                        0x00212c69    0x3a  Code  Lc  ZDObject.o [1]
ZDO_ConcentratorIndicationCB
                        0x00209559    0x20  Code  Gb  ZDApp.o [1]
ZDO_Config_Node_Descriptor
                        0x200073e0    0x10  Data  Gb  ZDConfig.o [1]
ZDO_Config_Power_Descriptor
                        0x200073f0     0x4  Data  Gb  ZDConfig.o [1]
ZDO_ConvertOTAClusters  0x00212dd1    0x26  Code  Gb  ZDObject.o [1]
ZDO_CopyMatchInfo       0x00213619    0x68  Code  Lc  ZDObject.o [1]
ZDO_EDBind              0x20007534     0x4  Data  Lc  ZDObject.o [1]
ZDO_EndDeviceBindMatchTimeoutCB
                        0x00213815   0x13c  Code  Lc  ZDObject.o [1]
ZDO_Init                0x00212afd    0x22  Code  Gb  ZDObject.o [1]
ZDO_JoinConfirmCB       0x002093e9    0x94  Code  Gb  ZDApp.o [1]
ZDO_JoinIndicationCB    0x002094f5    0x5e  Code  Gb  ZDApp.o [1]
ZDO_LeaveCnf            0x0020957d    0x5c  Code  Gb  ZDApp.o [1]
ZDO_LeaveInd            0x002095e3    0xa8  Code  Gb  ZDApp.o [1]
ZDO_ManytoOneFailureIndicationCB
                        0x002096bd     0x4  Code  Gb  ZDApp.o [1]
ZDO_MatchEndDeviceBind  0x00213369   0x244  Code  Gb  ZDObject.o [1]
ZDO_NetworkDiscoveryConfirmCB
                        0x00209259    0x40  Code  Gb  ZDApp.o [1]
ZDO_NetworkFormationConfirmCB
                        0x002092a9    0x1a  Code  Gb  ZDApp.o [1]
ZDO_NetworkStatusCB     0x002096c1     0x4  Code  Gb  ZDApp.o [1]
ZDO_ParseAddrRsp        0x00213a29    0x68  Code  Gb  ZDObject.o [1]
ZDO_ParseBindUnbindReq  0x002139e3    0x46  Code  Gb  ZDObject.o [1]
ZDO_ParseDeviceAnnce    0x00213aa5    0x20  Code  Gb  ZDObject.o [1]
ZDO_ParseEndDeviceBindReq
                        0x00213957    0x8c  Code  Gb  ZDObject.o [1]
ZDO_ParseMgmtNwkUpdateReq
                        0x00213ac5    0x3e  Code  Gb  ZDObject.o [1]
ZDO_ParseServerDiscRsp  0x00213a91    0x14  Code  Gb  ZDObject.o [1]
ZDO_PermitJoinCB        0x0020947d    0x12  Code  Gb  ZDApp.o [1]
ZDO_ProcessActiveEPReq  0x00212d77    0x5a  Code  Gb  ZDObject.o [1]
ZDO_ProcessBindUnbindReq
                        0x002130cd   0x112  Code  Gb  ZDObject.o [1]
ZDO_ProcessDeviceAnnce  0x0021322d   0x12a  Code  Gb  ZDObject.o [1]
ZDO_ProcessMatchDescReq
                        0x00212df7   0x296  Code  Gb  ZDObject.o [1]
ZDO_ProcessNodeDescReq  0x00212ca3    0x36  Code  Gb  ZDObject.o [1]
ZDO_ProcessPowerDescReq
                        0x00212cd9    0x34  Code  Gb  ZDObject.o [1]
ZDO_ProcessSimpleDescReq
                        0x00212d1d    0x5a  Code  Gb  ZDObject.o [1]
ZDO_RegisterForZDOMsg   0x00214a77    0x44  Code  Gb  ZDProfile.o [1]
ZDO_RemoveMatchMemory   0x002135b3    0x4e  Code  Lc  ZDObject.o [1]
ZDO_SendMsgCBs          0x00214abb    0x68  Code  Gb  ZDProfile.o [1]
ZDO_SrcRtgIndCB         0x00209713    0x1e  Code  Gb  ZDApp.o [1]
ZDO_StartDevice         0x00212b1f    0x76  Code  Gb  ZDObject.o [1]
ZDO_StartRouterConfirmCB
                        0x002093c9    0x1a  Code  Gb  ZDApp.o [1]
ZDO_SyncIndicationCB    0x0020968b    0x32  Code  Gb  ZDApp.o [1]
ZDO_UpdateAddrManager   0x002131df    0x1e  Code  Gb  ZDObject.o [1]
ZDO_UpdateNwkStatus     0x00212bf3    0x76  Code  Gb  ZDObject.o [1]
ZDO_UseExtendedPANID    0x200074d4     0x8  Data  Gb  ZDApp.o [1]
ZDO_beaconNotifyIndCB   0x002092d5    0xf4  Code  Gb  ZDApp.o [1]
ZDP_BindUnbindReq       0x0021496b    0x72  Code  Gb  ZDProfile.o [1]
ZDP_Buf                 0x200041b4    0x50  Data  Lc  ZDProfile.o [1]
ZDP_DeviceAnnce         0x002144c5    0x58  Code  Gb  ZDProfile.o [1]
ZDP_EPRsp               0x002148b5    0x5a  Code  Gb  ZDProfile.o [1]
ZDP_GenericRsp          0x0021490f    0x5c  Code  Gb  ZDProfile.o [1]
ZDP_IncomingData        0x00214b2d    0x86  Code  Gb  ZDProfile.o [1]
ZDP_MgmtNwkUpdateNotify
                        0x002149f9    0x7e  Code  Gb  ZDProfile.o [1]
ZDP_NodeDescMsg         0x002146b9    0x6e  Code  Gb  ZDProfile.o [1]
ZDP_NwkAddrReq          0x00214435    0x8a  Code  Gb  ZDProfile.o [1]
ZDP_PowerDescMsg        0x00214727    0x50  Code  Gb  ZDProfile.o [1]
ZDP_SendData            0x002143bf    0x76  Code  Gb  ZDProfile.o [1]
ZDP_SimpleDescMsg       0x002147a5   0x104  Code  Gb  ZDProfile.o [1]
ZDP_TmpBuf              0x200041b0     0x4  Data  Lc  ZDProfile.o [1]
ZDP_TransID             0x200041ac     0x1  Data  Gb  ZDProfile.o [1]
ZDP_TxOptions           0x200041ad     0x1  Data  Gb  ZDProfile.o [1]
ZDSecMgrAddrClear       0x00213b05    0x42  Code  Gb  ZDSecMgr.o [1]
ZDSecMgrAppKeyReq       0x00213ba7    0x7e  Code  Gb  ZDSecMgr.o [1]
ZDSecMgrAppKeyType      0x2000437e     0x1  Data  Gb  ZDSecMgr.o [1]
ZDSecMgrApsLinkKeyInit  0x0021427f    0x66  Code  Gb  ZDSecMgr.o [1]
ZDSecMgrAuthenticationCheck
                        0x00213f41    0x9e  Code  Gb  ZDSecMgr.o [1]
ZDSecMgrDeviceJoin      0x00213d9d    0x84  Code  Gb  ZDSecMgr.o [1]
ZDSecMgrDeviceJoinDirect
                        0x00213e21    0x20  Code  Gb  ZDSecMgr.o [1]
ZDSecMgrDeviceRemove    0x00213cfd    0x88  Code  Gb  ZDSecMgr.o [1]
ZDSecMgrDeviceRemoveByExtAddr
                        0x00213ca7    0x56  Code  Gb  ZDSecMgr.o [1]
ZDSecMgrDeviceValidate  0x00213d85    0x18  Code  Gb  ZDSecMgr.o [1]
ZDSecMgrEntries         0x200074e0     0x4  Data  Gb  ZDSecMgr.o [1]
ZDSecMgrEntryFree       0x00213b6f    0x38  Code  Gb  ZDSecMgr.o [1]
ZDSecMgrEntryInit       0x00213b47    0x28  Code  Gb  ZDSecMgr.o [1]
ZDSecMgrInit            0x00213e41    0x22  Code  Gb  ZDSecMgr.o [1]
ZDSecMgrInitNVKeyTables
                        0x002142e5    0x14  Code  Gb  ZDSecMgr.o [1]
ZDSecMgrNewDeviceEvent  0x00213e6f    0x84  Code  Gb  ZDSecMgr.o [1]
ZDSecMgrNwkKeyInit      0x002141d9    0x64  Code  Gb  ZDSecMgr.o [1]
ZDSecMgrPermitJoiningEnabled
                        0x200074dc     0x1  Data  Gb  ZDSecMgr.o [1]
ZDSecMgrPermitJoiningTimed
                        0x200074dd     0x1  Data  Gb  ZDSecMgr.o [1]
ZDSecMgrReadKeyFromNv   0x0021423d    0x42  Code  Gb  ZDSecMgr.o [1]
ZDSecMgrRequestKeyInd   0x00213f31    0x10  Code  Gb  ZDSecMgr.o [1]
ZDSecMgrSaveTCLinkKey   0x002142fd    0x44  Code  Gb  ZDSecMgr.o [1]
ZDSecMgrSendNwkKey      0x00213c25    0x82  Code  Gb  ZDSecMgr.o [1]
ZDSecMgrUpdateDeviceInd
                        0x00213ef3    0x3e  Code  Gb  ZDSecMgr.o [1]
ZDiagsUpdateStats       0x002106ed     0x2  Code  Gb  ZDiags.o [1]
ZIGBEE_RX_Buffer        0x20006cbc   0x100  Data  Gb  ZigbeeIO.o [1]
ZIGBEE_TX_Buffer        0x20006dbc   0x100  Data  Gb  ZigbeeIO.o [1]
ZMacAssociateRsp        0x0020cbef     0x8  Code  Gb  zmac.o [1]
ZMacDataReqSec          0x0020cc7d    0x62  Code  Gb  zmac.o [1]
ZMacGetReq              0x0020cbb5    0x1c  Code  Gb  zmac.o [1]
ZMacInit                0x0020cb71    0x44  Code  Gb  zmac.o [1]
ZMacLqiAdjust           0x0020381d    0x32  Code  Lc  zmac_cb.o [1]
ZMacOrphanRsp           0x0020cbf7     0xe  Code  Gb  zmac.o [1]
ZMacScanReq             0x0020cc05    0x52  Code  Gb  zmac.o [1]
ZMacSendNoData          0x0020ccfb    0x36  Code  Gb  zmac.o [1]
ZMacSetReq              0x0020cbd1    0x1e  Code  Gb  zmac.o [1]
ZMacSrcMatchAckAllPending
                        0x0020ccf1     0xa  Code  Gb  zmac.o [1]
ZMacSrcMatchAddEntry    0x0020cce9     0x4  Code  Gb  zmac.o [1]
ZMacSrcMatchDeleteEntry
                        0x0020cced     0x4  Code  Gb  zmac.o [1]
ZMacSrcMatchEnable      0x0020ccdf     0xa  Code  Gb  zmac.o [1]
ZMacStartReq            0x0020cc57    0x26  Code  Gb  zmac.o [1]
ZMac_ScanBuf            0x20007500     0x4  Data  Gb  zmac.o [1]
ZigbeeCoordStr          0x0020d894    0x10  Data  Gb  nwk_globals.o [1]
_NIB                    0x20006f48    0x74  Data  Gb  nwk.o [3]
_PrintfTiny             0x00216fe9   0x136  Code  Gb  xprintftiny.o [6]
_SProut                 0x00203277     0xa  Code  Gb  xsprout.o [6]
_ScanChannels           0x200074fc     0x4  Data  Gb  zmac.o [1]
__aeabi_memclr          0x00216bd5          Code  Gb  ABImemclr.o [7]
__aeabi_memclr4         0x00216081          Code  Gb  ABImemclr4.o [7]
__aeabi_memset          0x00204651          Code  Gb  ABImemset.o [7]
[...]
nwk_scan_cnf_processing
                        0x00207785    0x66  Code  Lc  nwk.o [3]
nwk_send_direct_leave_req
                        0x00207ddb    0x24  Code  Gb  nwk.o [3]
nwk_start_cnf_processing
                        0x00207bd7    0x72  Code  Lc  nwk.o [3]
nwk_start_coord         0x00207a99   0x13e  Code  Gb  nwk.o [3]
nwk_stateIdle           0x00207dd5     0x6  Code  Gb  nwk.o [3]
nwkbufs_hold            0x002052fb    0x74  Code  Gb  nwk_bufs.o [3]
nwkbufs_init            0x00204f2d     0xa  Code  Gb  nwk_bufs.o [3]
osalAddTimer            0x00204721    0x4a  Code  Gb  OSAL_Timers.o [1]
osalAdjustTimer         0x0020d66f    0x1c  Code  Gb  OSAL_Clock.o [1]
osalClockUpdate         0x0020d635    0x3a  Code  Lc  OSAL_Clock.o [1]
osalInitTasks           0x00204999    0x48  Code  Gb  OSAL_Main.o [1]
osalMemStat             0x20007588     0x1  Data  Lc  OSAL_Memory.o [1]
osalTimerInit           0x00204719     0x8  Code  Gb  OSAL_Timers.o [1]
osalTimerUpdate         0x00204837    0xca  Code  Gb  OSAL_Timers.o [1]
osal_GetSystemClock     0x0020491d     0x6  Code  Gb  OSAL_Timers.o [1]
osal_buffer_uint24      0x00203017     0xe  Code  Gb  OSAL.o [1]
osal_buffer_uint32      0x00203005    0x12  Code  Gb  OSAL.o [1]
osal_build_uint32       0x00202c25    0x3c  Code  Gb  OSAL.o [1]
osal_clear_event        0x00202f19    0x22  Code  Gb  OSAL.o [1]
osal_get_timeoutEx      0x00204805    0x32  Code  Gb  OSAL_Timers.o [1]
osal_init_system        0x00202f5f    0x20  Code  Gb  OSAL.o [1]
osal_int_disable        0x00202f4d    0x12  Code  Gb  OSAL.o [1]
osal_int_enable         0x00202f3b    0x12  Code  Gb  OSAL.o [1]
osal_isbufset           0x00203025    0x24  Code  Gb  OSAL.o [1]
osal_mem_alloc          0x002030b5    0xc8  Code  Gb  OSAL_Memory.o [1]
osal_mem_free           0x0020317d    0x56  Code  Gb  OSAL_Memory.o [1]
osal_mem_init           0x0020305d    0x24  Code  Gb  OSAL_Memory.o [1]
osal_mem_kick           0x00203081    0x34  Code  Gb  OSAL_Memory.o [1]
osal_memcmp             0x00202bf9    0x18  Code  Gb  OSAL.o [1]
osal_memcpy             0x00202be9    0x10  Code  Gb  OSAL.o [1]
osal_memset             0x00202c11    0x14  Code  Gb  OSAL.o [1]
osal_msg_allocate       0x00202c65    0x24  Code  Gb  OSAL.o [1]
osal_msg_deallocate     0x00202c89    0x1e  Code  Gb  OSAL.o [1]
osal_msg_dequeue        0x00202e29    0x32  Code  Gb  OSAL.o [1]
osal_msg_enqueue        0x00202df5    0x34  Code  Gb  OSAL.o [1]
osal_msg_enqueue_max    0x00202eb5    0x42  Code  Gb  OSAL.o [1]
osal_msg_extract        0x00202e7b    0x3a  Code  Gb  OSAL.o [1]
osal_msg_find           0x00202dbf    0x36  Code  Gb  OSAL.o [1]
osal_msg_push           0x00202e5b    0x18  Code  Gb  OSAL.o [1]
osal_msg_receive        0x00202d41    0x7e  Code  Gb  OSAL.o [1]
osal_msg_send           0x00202ca7    0x7a  Code  Gb  OSAL.o [1]
osal_next_timeout       0x00204901    0x1c  Code  Gb  OSAL_Timers.o [1]
osal_nv_delete          0x00215acf    0x84  Code  Gb  osal_nv.o [1]
osal_nv_init            0x0021577d     0x4  Code  Gb  osal_nv.o [1]
osal_nv_item_init       0x00215781    0x44  Code  Gb  osal_nv.o [1]
osal_nv_item_len        0x002157c5    0x4a  Code  Gb  osal_nv.o [1]
osal_nv_read            0x00215a69    0x66  Code  Gb  osal_nv.o [1]
osal_nv_write           0x0021580f   0x25a  Code  Gb  osal_nv.o [1]
osal_pwrmgr_device      0x00204937     0x6  Code  Gb  OSAL_PwrMgr.o [1]
osal_pwrmgr_init        0x0020492d     0xa  Code  Gb  OSAL_PwrMgr.o [1]
osal_pwrmgr_powerconserve
                        0x00204965    0x2c  Code  Gb  OSAL_PwrMgr.o [1]
osal_pwrmgr_task_state  0x0020493d    0x28  Code  Gb  OSAL_PwrMgr.o [1]
osal_qHead              0x20007524     0x4  Data  Gb  OSAL.o [1]
osal_rand               0x00202c61     0x4  Code  Gb  OSAL.o [1]
osal_run_system         0x00202f87    0x7e  Code  Gb  OSAL.o [1]
osal_set_event          0x00202ef7    0x22  Code  Gb  OSAL.o [1]
osal_start_reload_timer
                        0x00204795    0x34  Code  Gb  OSAL_Timers.o [1]
osal_start_system       0x00202f7f     0x8  Code  Gb  OSAL.o [1]
osal_start_timerEx      0x0020476b    0x2a  Code  Gb  OSAL_Timers.o [1]
osal_stop_timerEx       0x002047c9    0x3c  Code  Gb  OSAL_Timers.o [1]
osal_systemClock        0x200074d0     0x4  Data  Lc  OSAL_Timers.o [1]
out                     0x00216fd1    0x18  Code  Lc  xprintftiny.o [6]
pAPSDupRej              0x2000422c     0x4  Data  Lc  APS.o [3]
pAPSF_IgnoreBlock       0x20004358     0x4  Data  Gb  aps_frag.o [3]
pAPS_BindingTimeoutCB   0x20004228     0x4  Data  Gb  APS.o [3]
pAPS_DataConfirmReflect
                        0x20007458     0x4  Data  Gb  APS.o [3]
pAPS_DataIndReflect     0x2000745c     0x4  Data  Gb  APS.o [3]
pAPS_GetBind            0x20007454     0x4  Data  Gb  APS.o [3]
pAPS_UnBind             0x20007450     0x4  Data  Gb  APS.o [3]
pAssocChildAging        0x20007380     0x4  Data  Gb  nwk_util.o [3]
pAssocChildTableUpdateTimeout
                        0x20007384     0x4  Data  Gb  nwk_util.o [3]
pBindInitNV             0x20007370     0x4  Data  Gb  BindingTable.o [1]
pBindRestoreFromNV      0x20007378     0x4  Data  Gb  BindingTable.o [1]
pBindSetDefaultNV       0x20007374     0x4  Data  Gb  BindingTable.o [1]
pBindWriteNV            0x2000737c     0x4  Data  Gb  BindingTable.o [1]
pFuncRxState            0x200073ac     0x4  Data  Lc  mac_rx.o [1]
pMacDataTx              0x200042ac     0x4  Data  Gb  mac_beacon.o [4]
pNLME_NetworkFormationConfirm
                        0x20007498     0x4  Data  Gb  NLMEDE.o [3]
pNLME_ProcessLinkStatus
                        0x2000748c     0x4  Data  Gb  nwk_util.o [3]
pNLME_SetLinkStatusTimer
                        0x20007484     0x4  Data  Gb  nwk_util.o [3]
pNLME_UpdateLinkStatus  0x20007488     0x4  Data  Gb  nwk_util.o [3]
pNwkFreqAgilityIncErrorCnt
                        0x2000744c     0x4  Data  Gb  nwk_util.o [3]
pNwkFreqAgilityIncTotalTx
                        0x20007448     0x4  Data  Gb  nwk_util.o [3]
pNwkFreqAgilityScanCfg  0x20007444     0x4  Data  Gb  nwk_util.o [3]
pNwkNotMyChildListAdd   0x20007390     0x4  Data  Gb  nwk_util.o [3]
pNwkNotMyChildListAging
                        0x2000738c     0x4  Data  Gb  nwk_util.o [3]
pNwkNotMyChildListDelete
                        0x20007394     0x4  Data  Gb  nwk_util.o [3]
pNwkNotMyChildListInit  0x20007388     0x4  Data  Gb  nwk_util.o [3]
pNwkNotMyChildSendLeave
                        0x20007398     0x4  Data  Gb  nwk_util.o [3]
pRTG_CalcAddress        0x2000754c     0x4  Data  Gb  rtg.o [3]
pRTG_DeAllocAddress     0x20007554     0x4  Data  Gb  rtg.o [3]
pRTG_FinishGetNextHop   0x20007544     0x4  Data  Gb  rtg.o [3]
pRTG_GetNextTreeHop     0x20007548     0x4  Data  Gb  rtg.o [3]
pRTG_GetTreeRoute       0x20007550     0x4  Data  Gb  rtg.o [3]
pRandomSeedCB           0x200074a8     0x4  Data  Lc  mac_mcu.o [1]
pRxBuf                  0x200073b0     0x4  Data  Lc  mac_rx.o [1]
pSspAesEncrypt          0x2000751c     0x4  Data  Gb  hal_aes.o [1]
pZDNwkMgr_EDScanConfirmCB
                        0x200072e8     0x4  Data  Gb  ZDNwkMgr.o [1]
pZDNwkMgr_NetworkReportCB
                        0x2000752c     0x4  Data  Gb  ZDNwkMgr.o [1]
pZDNwkMgr_NetworkUpdateCB
                        0x20007530     0x4  Data  Gb  ZDNwkMgr.o [1]
pZDNwkMgr_ProcessDataConfirm
                        0x200072e4     0x4  Data  Gb  ZDNwkMgr.o [1]
pZDNwkMgr_ReportChannelInterference
                        0x200072e0     0x4  Data  Gb  ZDNwkMgr.o [1]
pZMac_AppCallback       0x2000753c     0x4  Data  Gb  zmac_cb.o [1]
pbindAddEntry           0x20007364     0x4  Data  Gb  BindingTable.o [1]
pbindNumOfEntries       0x20007368     0x4  Data  Gb  BindingTable.o [1]
pbindRemoveDev          0x2000736c     0x4  Data  Gb  BindingTable.o [1]
pfnPreProcessDataReq    0x20007540     0x4  Data  Lc  APSMEDE.o [3]
pgLost                  0x20004140     0xc  Data  Lc  osal_nv.o [1]
pgOff                   0x20004134     0xc  Data  Lc  osal_nv.o [1]
pgRes                   0x2000412c     0x1  Data  Lc  osal_nv.o [1]
pnwk_AssignNewAddr      0x20004210     0x4  Data  Gb  nwk_util.o [3]
pnwk_ScanJoiningOrphan  0x2000756c     0x4  Data  Gb  NLMEDE.o [3]
pnwk_ScanPANChanSelect  0x20007490     0x4  Data  Gb  NLMEDE.o [3]
pnwk_ScanPANChanVerify  0x20007494     0x4  Data  Gb  NLMEDE.o [3]
prevAccumulatedOverflowCount
                        0x20007434     0x4  Data  Lc  mac_mcu.o [1]
prevoverflowCount       0x20007438     0x4  Data  Lc  mac_mcu.o [1]
procRx                  0x00217461    0x44  Code  Lc  hal_uart.o [1]
procTx                  0x002174a5    0x30  Code  Lc  hal_uart.o [1]
pulStack                0x20005ba0   0x800  Data  Lc  startup_ewarm.o [1]
pwrmgr_attribute        0x200074c4     0x8  Data  Gb  OSAL_PwrMgr.o [1]
readHdr                 0x00215419    0x34  Code  Lc  osal_nv.o [1]
reflectID               0x2000435d     0x1  Data  Lc  reflecttrack.o [3]
reflectMAXEntries       0x2000435c     0x1  Data  Lc  reflecttrack.o [3]
reflectMAXIndirects     0x2000439c     0x1  Data  Lc  reflecttrack.o [3]
reflectMAXSimultaneous  0x2000439b     0x1  Data  Lc  reflecttrack.o [3]
reflectTrack_AddNewEntry
                        0x002126df    0x64  Code  Gb  reflecttrack.o [3]
reflectTrack_FindHandle
                        0x00212743    0x2a  Code  Gb  reflecttrack.o [3]
reflectTrack_GetNewEntry
                        0x002126b5    0x2a  Code  Gb  reflecttrack.o [3]
reflectTrack_RemoveEntryNotify
                        0x00208455    0x48  Code  Gb  APS.o [3]
reflectTrack_UpdateOption
                        0x0021276d    0x2e  Code  Gb  reflecttrack.o [3]
reflectTrackingHdr      0x20004360     0x4  Data  Lc  reflecttrack.o [3]
reflectTracking_GetMaxIndirectAdjusted
                        0x00212689    0x2c  Code  Gb  reflecttrack.o [3]
reflectTracking_GetMaxSimultaneousAdjusted
                        0x0021265d    0x2c  Code  Gb  reflecttrack.o [3]
registeredKeysTaskID    0x2000437c     0x1  Data  Lc  OnBoard.o [1]
reqChannel              0x20007522     0x1  Data  Lc  mac_radio.o [1]
reqTxPower              0x20007523     0x1  Data  Lc  mac_radio.o [1]
retryCnt                0x2000416c     0x1  Data  Gb  ZDApp.o [1]
rreqCounter             0x20007594     0x1  Data  Gb  rtg.o [3]
rtDiscTable             0x200070ec    0x50  Data  Gb  nwk_globals.o [1]
rtgFindRandomNeighbor   0x0020f8b5   0x126  Code  Lc  rtg.o [3]
rtgIsValidNeighbor      0x0020f9e1    0x48  Code  Lc  rtg.o [3]
rtgRReqFindMatchCB      0x0020e929    0x44  Code  Lc  rtg.o [3]
rtgSrcRelayList         0x200073b4    0x18  Data  Gb  nwk_globals.o [1]
rtgSrcTable             0x20007030    0x60  Data  Gb  nwk_globals.o [1]
rtgTable                0x20006a7c   0x140  Data  Gb  nwk_globals.o [1]
rxAddrIsr               0x002058dd    0xb8  Code  Lc  mac_rx.o [1]
rxBuf                   0x2000739c     0x4  Data  Lc  mac_rx.o [1]
rxDiscardFrame          0x00205af3    0x5c  Code  Lc  mac_rx.o [1]
rxDiscardIsr            0x00205b51    0x62  Code  Lc  mac_rx.o [1]
rxFcsIsr                0x002059d9    0xfc  Code  Lc  mac_rx.o [1]
rxFifoOverflowCount     0x200073aa     0x1  Data  Lc  mac_rx.o [1]
rxFilter                0x200073a6     0x1  Data  Lc  mac_rx.o [1]
rxHaltCleanupFinalStep  0x00205501    0x6a  Code  Lc  mac_rx.o [1]
rxIsrActiveFlag         0x200073a8     0x1  Data  Lc  mac_rx.o [1]
rxNextLen               0x200073a4     0x1  Data  Lc  mac_rx.o [1]
rxPayloadIsr            0x00205995    0x44  Code  Lc  mac_rx.o [1]
rxPayloadLen            0x200073a5     0x1  Data  Lc  mac_rx.o [1]
rxPromiscuousMode       0x200073a7     0x1  Data  Lc  mac_rx.o [1]
rxResetFlag             0x200073a9     0x1  Data  Lc  mac_rx.o [1]
rxStartIsr              0x00205591   0x34c  Code  Lc  mac_rx.o [1]
rxUnreadLen             0x200073a3     0x1  Data  Lc  mac_rx.o [1]
sAddrCmp                0x002031e5    0x46  Code  Gb  saddr.o [1]
sAddrCpy                0x00203231    0x14  Code  Gb  saddr.o [1]
sAddrExtCmp             0x00203245    0x26  Code  Gb  saddr.o [1]
sAddrExtCpy             0x00203271     0x6  Code  Gb  saddr.o [1]
s_bcMask                0x20007592     0x1  Data  Lc  nwk_util.o [3]
saveExtAddr             0x20004214     0x8  Data  Gb  nwk_util.o [3]
savedResponseRate       0x2000757c     0x2  Data  Gb  NLMEDE.o [3]
setItem                 0x0021537b    0x70  Code  Lc  osal_nv.o [1]
sprintf                 0x00216bdd    0x34  Code  Gb  sprintf.o [6]
sspAesEncryptHW         0x0020a471    0x1c  Code  Gb  hal_aes.o [1]
sspMMOHash              0x0021646d   0x1b4  Code  Gb  ssp_hash.o [3]
ssp_HW_KeyInit          0x0020a469     0x6  Code  Gb  hal_aes.o [1]
storedRand              0x20007597     0x1  Data  Lc  ssp.o [3]
strchr                  0x00216b89          Code  Gb  strchr.o [7]
strlen                  0x00216859          Code  Gb  strlen.o [7]
tasksArr                0x00217680    0x20  Data  Gb  OSAL_Main.o [1]
tasksCnt                0x002176a0     0x1  Data  Gb  OSAL_Main.o [1]
tasksEvents             0x20007528     0x4  Data  Gb  OSAL_Main.o [1]
theHeap                 0x200043a0  0x1800  Data  Lc  OSAL_Memory.o [1]
timeMSec                0x200074bc     0x4  Data  Lc  OSAL_Clock.o [1]
timerAlignedQ           0x200042c0     0x4  Data  Gb  mac_beacon.o [4]
timerHead               0x200074cc     0x4  Data  Gb  OSAL_Timers.o [1]
timerUnalignedQ         0x200042bc     0x4  Data  Gb  mac_beacon.o [4]
txAckReq                0x200074b2     0x1  Data  Lc  mac_tx.o [1]
txComplete              0x00204343    0x22  Code  Lc  mac_tx.o [1]
txCsmaPrep              0x00204105    0x2a  Code  Lc  mac_tx.o [1]
txRetransmitFlag        0x200074b3     0x1  Data  Lc  mac_tx.o [1]
txSeqn                  0x200074b1     0x1  Data  Lc  mac_tx.o [1]
uMain_TaskID            0x20007428     0x1  Data  Gb  Main.o [1]
uPacketIDSent           0x2000742a     0x1  Data  Gb  Main.o [1]
uSerialResend_Counter   0x2000742d     0x1  Data  Gb  Main.o [1]
uZigbeeIO_RecvMessage   0x00215dff    0x48  Code  Gb  ZigbeeIO.o [1]
uZigbeeIO_SendMessage   0x00215db1    0x4e  Code  Gb  ZigbeeIO.o [1]
uZigbee_ResendCounter   0x2000742b     0x1  Data  Gb  Main.o [1]
uartRecord              0x200072ec    0x2c  Data  Lc  hal_uart.o [1]
uiMain_ProcessEvent     0x00209e1d   0x2e0  Code  Gb  Main.o [1]
updateRolloverflag      0x20007430     0x1  Data  Lc  mac_mcu.o [1]
vMain_Init              0x00209da5    0x68  Code  Gb  Main.o [1]
vParse_MsgSplit         0x00216089    0x8a  Code  Gb  Parse.o [1]
vParse_PackingMsg       0x00216113    0x70  Code  Gb  Parse.o [1]
vPrintf_                0x002169a5   0x168  Code  Lc  Printf.o [1]
vPrintf_To_Host         0x00216b11     0x2  Code  Gb  Printf.o [1]
vUART_App_Recv_Callback
                        0x00215ba9    0x7e  Code  Lc  UserUART.o [1]
vUART_App_Write         0x00215d09    0x12  Code  Gb  UserUART.o [1]
vUART_Debug             0x00215d35    0x12  Code  Gb  UserUART.o [1]
vUART_Debug_Write       0x00215cff     0xa  Code  Lc  UserUART.o [1]
vUART_Init              0x00215c27    0xd8  Code  Gb  UserUART.o [1]
vZigbeeIO_ProcessZDOMsgs
                        0x00215e47    0xbc  Code  Gb  ZigbeeIO.o [1]
writeBuf                0x0021544d    0xc8  Code  Lc  osal_nv.o [1]
writeItem               0x002155f3   0x146  Code  Lc  osal_nv.o [1]
xAddrNode               0x2000741c     0xc  Data  Gb  Main.o [1]
xDataEPDesc             0x2000411c    0x10  Data  Gb  AppData.o [1]
xMain_NWKSatte          0x20007429     0x1  Data  Gb  Main.o [1]
xferBuf                 0x00215515    0xde  Code  Lc  osal_nv.o [1]
zdoCBFunc               0x20004170    0x24  Data  Gb  ZDApp.o [1]
zdoDiscCounter          0x20004164     0x1  Data  Gb  ZDApp.o [1]
zdoMsgCBs               0x20007538     0x4  Data  Gb  ZDProfile.o [1]
zdoSendStateChangeMsg   0x00212bb5    0x3e  Code  Lc  ZDObject.o [1]
zdpExternalStateTaskID  0x20004368     0x2  Data  Gb  ZDObject.o [1]
zdpMsgProcs             0x00214bb4    0x48  Data  Gb  ZDProfile.o [1]
zdpProcessAddrReq       0x0021451d   0x19c  Code  Gb  ZDProfile.o [1]
zgApsAckWaitMultiplier  0x20004390     0x1  Data  Gb  ZGlobals.o [1]
zgApsAllowR19Sec        0x2000758f     0x1  Data  Gb  ZGlobals.o [1]
zgApsDefaultMaxBindingTime
                        0x20004370     0x2  Data  Gb  ZGlobals.o [1]
zgApsLinkKeyType        0x20004394     0x1  Data  Gb  ZGlobals.o [1]
zgApsMinDupRejTableSize
                        0x20004374     0x2  Data  Gb  ZGlobals.o [1]
zgApsNonMemberRadius    0x20004392     0x1  Data  Gb  ZGlobals.o [1]
zgApsTrustCenterAddr    0x200074e4     0x8  Data  Gb  ZGlobals.o [1]
zgApsUseExtendedPANID   0x200074f4     0x8  Data  Gb  ZGlobals.o [1]
zgApsUseInsecureJoin    0x20004391     0x1  Data  Gb  ZGlobals.o [1]
zgApscAckWaitDurationPolled
                        0x2000436e     0x2  Data  Gb  ZGlobals.o [1]
zgApscDupRejTimeoutCount
                        0x20004393     0x1  Data  Gb  ZGlobals.o [1]
zgApscDupRejTimeoutInc  0x20004372     0x2  Data  Gb  ZGlobals.o [1]
zgApscMaxFrameRetries   0x2000438f     0x1  Data  Gb  ZGlobals.o [1]
zgBcastDeliveryTime     0x2000438a     0x1  Data  Gb  ZGlobals.o [1]
zgChildAgingEnable      0x2000758d     0x1  Data  Gb  ZGlobals.o [1]
zgConcentratorDiscoveryTime
                        0x2000758a     0x1  Data  Gb  ZGlobals.o [1]
zgConcentratorEnable    0x20007589     0x1  Data  Gb  ZGlobals.o [1]
zgConcentratorRC        0x2000758b     0x1  Data  Gb  ZGlobals.o [1]
zgConcentratorRadius    0x2000438c     0x1  Data  Gb  ZGlobals.o [1]
zgConfigPANID           0x20004376     0x2  Data  Gb  ZGlobals.o [1]
zgDefaultChannelList    0x20004204     0x4  Data  Gb  ZGlobals.o [1]
zgDefaultStartingScanDuration
                        0x20004381     0x1  Data  Gb  ZGlobals.o [1]
zgDeviceLogicalType     0x20007590     0x1  Data  Gb  ZGlobals.o [1]
zgExtendedPANID         0x200074ec     0x8  Data  Gb  ZGlobals.o [1]
zgIndirectMsgTimeout    0x20004383     0x1  Data  Gb  ZGlobals.o [1]
zgInit                  0x00214bfd    0xa4  Code  Gb  ZGlobals.o [1]
zgInitItems             0x00214ca1    0x5a  Code  Gb  ZGlobals.o [1]
zgItemTable             0x00214d48     0x8  Data  Lc  ZGlobals.o [1]
zgMaxBcastRetires       0x20004388     0x1  Data  Gb  ZGlobals.o [1]
zgMaxDataRetries        0x2000437f     0x1  Data  Gb  ZGlobals.o [1]
zgMaxPollFailureRetries
                        0x20004380     0x1  Data  Gb  ZGlobals.o [1]
zgNwkLeaveRequestAllowed
                        0x2000438e     0x1  Data  Gb  ZGlobals.o [1]
zgNwkMgrMinTransmissions
                        0x20004396     0x1  Data  Gb  ZGlobals.o [1]
zgNwkMode               0x2000438b     0x1  Data  Gb  ZGlobals.o [1]
zgNwkSrcRtgExpiryTime   0x2000438d     0x1  Data  Gb  ZGlobals.o [1]
zgPassiveAckTimeout     0x20004389     0x1  Data  Gb  ZGlobals.o [1]
zgPollRate              0x2000436a     0x2  Data  Gb  ZGlobals.o [1]
zgPreConfigKeys         0x2000758e     0x1  Data  Gb  ZGlobals.o [1]
zgResponsePollRate      0x2000436c     0x2  Data  Gb  ZGlobals.o [1]
zgRouteDiscoveryTime    0x20004386     0x1  Data  Gb  ZGlobals.o [1]
zgRouteExpiryTime       0x20004387     0x1  Data  Gb  ZGlobals.o [1]
zgRouterOffAssocCleanup
                        0x2000758c     0x1  Data  Gb  ZGlobals.o [1]
zgSecurePermitJoin      0x20004385     0x1  Data  Gb  ZGlobals.o [1]
zgSecurityMode          0x20004384     0x1  Data  Gb  ZGlobals.o [1]
zgStackProfile          0x20004382     0x1  Data  Gb  ZGlobals.o [1]
zgUseDefaultTCLK        0x20004395     0x1  Data  Gb  ZGlobals.o [1]
zgWriteStartupOptions   0x00214d09    0x3e  Code  Gb  ZGlobals.o [1]
zmacCBSizeTable         0x00203864    0x14  Data  Gb  zmac_cb.o [1]
zmain_ext_addr          0x00217239    0xe8  Code  Lc  ZMain.o [1]


[1] = F:\03.Git\smf\FW\fw_smf_v1.1\fw_smf_zigbee\fw_zigbee_gw\Coordinator-Mesh\Obj
[2] = command line
[3] = Router.a
[4] = TIMAC-CC2538.a
[5] = bsp.lib
[6] = dl7M_tln.a
[7] = rt7M_tl.a
[8] = sdriverlib.lib
[9] = shb_l.a

  95 326 bytes of readonly  code memory
     846 bytes of readonly  data memory
  13 717 bytes of readwrite data memory (+ 12 288 absolute)

Errors: none
Warnings: none
