###############################################################################
#
# IAR ELF Linker V7.80.2.11947/W32 for ARM                20/Oct/2018  12:09:02
# Copyright 2007-2016 IAR Systems AB.
#
#    Output file  =  
#        F:\03.Git\smf\FW\fw_smf_v1.1\fw_smf_sensor\Release\Exe\fw_smf_sensor.out
#    Map file     =  
#        F:\03.Git\smf\FW\fw_smf_v1.1\fw_smf_sensor\Release\List\fw_smf_sensor.map
#    Command line =  
#        F:\03.Git\smf\FW\fw_smf_v1.1\fw_smf_sensor\Release\Obj\BH1750.o
#        F:\03.Git\smf\FW\fw_smf_v1.1\fw_smf_sensor\Release\Obj\board.o
#        F:\03.Git\smf\FW\fw_smf_v1.1\fw_smf_sensor\Release\Obj\clock_config.o
#        F:\03.Git\smf\FW\fw_smf_v1.1\fw_smf_sensor\Release\Obj\croutine.o
#        F:\03.Git\smf\FW\fw_smf_v1.1\fw_smf_sensor\Release\Obj\DeviceControl.o
#        F:\03.Git\smf\FW\fw_smf_v1.1\fw_smf_sensor\Release\Obj\diskio.o
#        F:\03.Git\smf\FW\fw_smf_v1.1\fw_smf_sensor\Release\Obj\event_groups.o
#        F:\03.Git\smf\FW\fw_smf_v1.1\fw_smf_sensor\Release\Obj\ff.o
#        F:\03.Git\smf\FW\fw_smf_v1.1\fw_smf_sensor\Release\Obj\ffsystem.o
#        F:\03.Git\smf\FW\fw_smf_v1.1\fw_smf_sensor\Release\Obj\ffunicode.o
#        F:\03.Git\smf\FW\fw_smf_v1.1\fw_smf_sensor\Release\Obj\FileAccess.o
#        F:\03.Git\smf\FW\fw_smf_v1.1\fw_smf_sensor\Release\Obj\fsl_clock.o
#        F:\03.Git\smf\FW\fw_smf_v1.1\fw_smf_sensor\Release\Obj\fsl_common.o
#        F:\03.Git\smf\FW\fw_smf_v1.1\fw_smf_sensor\Release\Obj\fsl_debug_console.o
#        F:\03.Git\smf\FW\fw_smf_v1.1\fw_smf_sensor\Release\Obj\fsl_dspi.o
#        F:\03.Git\smf\FW\fw_smf_v1.1\fw_smf_sensor\Release\Obj\fsl_dspi_freertos.o
#        F:\03.Git\smf\FW\fw_smf_v1.1\fw_smf_sensor\Release\Obj\fsl_flash.o
#        F:\03.Git\smf\FW\fw_smf_v1.1\fw_smf_sensor\Release\Obj\fsl_ftm.o
#        F:\03.Git\smf\FW\fw_smf_v1.1\fw_smf_sensor\Release\Obj\fsl_gpio.o
#        F:\03.Git\smf\FW\fw_smf_v1.1\fw_smf_sensor\Release\Obj\fsl_i2c.o
#        F:\03.Git\smf\FW\fw_smf_v1.1\fw_smf_sensor\Release\Obj\fsl_i2c_freertos.o
#        F:\03.Git\smf\FW\fw_smf_v1.1\fw_smf_sensor\Release\Obj\fsl_lptmr.o
#        F:\03.Git\smf\FW\fw_smf_v1.1\fw_smf_sensor\Release\Obj\fsl_sd.o
#        F:\03.Git\smf\FW\fw_smf_v1.1\fw_smf_sensor\Release\Obj\fsl_sd_disk.o
#        F:\03.Git\smf\FW\fw_smf_v1.1\fw_smf_sensor\Release\Obj\fsl_sdhc.o
#        F:\03.Git\smf\FW\fw_smf_v1.1\fw_smf_sensor\Release\Obj\fsl_sdmmc_common.o
#        F:\03.Git\smf\FW\fw_smf_v1.1\fw_smf_sensor\Release\Obj\fsl_sdmmc_event.o
#        F:\03.Git\smf\FW\fw_smf_v1.1\fw_smf_sensor\Release\Obj\fsl_sdmmc_host.o
#        F:\03.Git\smf\FW\fw_smf_v1.1\fw_smf_sensor\Release\Obj\fsl_sim.o
#        F:\03.Git\smf\FW\fw_smf_v1.1\fw_smf_sensor\Release\Obj\fsl_smc.o
#        F:\03.Git\smf\FW\fw_smf_v1.1\fw_smf_sensor\Release\Obj\fsl_tickless_systick.o
#        F:\03.Git\smf\FW\fw_smf_v1.1\fw_smf_sensor\Release\Obj\fsl_uart.o
#        F:\03.Git\smf\FW\fw_smf_v1.1\fw_smf_sensor\Release\Obj\fsl_uart_freertos.o
#        F:\03.Git\smf\FW\fw_smf_v1.1\fw_smf_sensor\Release\Obj\fsl_wdog.o
#        F:\03.Git\smf\FW\fw_smf_v1.1\fw_smf_sensor\Release\Obj\heap_4.o
#        F:\03.Git\smf\FW\fw_smf_v1.1\fw_smf_sensor\Release\Obj\I2C.o
#        F:\03.Git\smf\FW\fw_smf_v1.1\fw_smf_sensor\Release\Obj\list.o
#        F:\03.Git\smf\FW\fw_smf_v1.1\fw_smf_sensor\Release\Obj\main.o
#        F:\03.Git\smf\FW\fw_smf_v1.1\fw_smf_sensor\Release\Obj\PacketHandle.o
#        F:\03.Git\smf\FW\fw_smf_v1.1\fw_smf_sensor\Release\Obj\pin_mux.o
#        F:\03.Git\smf\FW\fw_smf_v1.1\fw_smf_sensor\Release\Obj\port.o
#        F:\03.Git\smf\FW\fw_smf_v1.1\fw_smf_sensor\Release\Obj\portasm.o
#        F:\03.Git\smf\FW\fw_smf_v1.1\fw_smf_sensor\Release\Obj\ProcessTask.o
#        F:\03.Git\smf\FW\fw_smf_v1.1\fw_smf_sensor\Release\Obj\queue.o
#        F:\03.Git\smf\FW\fw_smf_v1.1\fw_smf_sensor\Release\Obj\SDCardTask.o
#        F:\03.Git\smf\FW\fw_smf_v1.1\fw_smf_sensor\Release\Obj\SensorTask.o
#        F:\03.Git\smf\FW\fw_smf_v1.1\fw_smf_sensor\Release\Obj\SHT1x.o
#        F:\03.Git\smf\FW\fw_smf_v1.1\fw_smf_sensor\Release\Obj\SS_EC.o
#        F:\03.Git\smf\FW\fw_smf_v1.1\fw_smf_sensor\Release\Obj\SS_EC_Atlas.o
#        F:\03.Git\smf\FW\fw_smf_v1.1\fw_smf_sensor\Release\Obj\SS_Light.o
#        F:\03.Git\smf\FW\fw_smf_v1.1\fw_smf_sensor\Release\Obj\SS_PH.o
#        F:\03.Git\smf\FW\fw_smf_v1.1\fw_smf_sensor\Release\Obj\SS_PH_Atlas.o
#        F:\03.Git\smf\FW\fw_smf_v1.1\fw_smf_sensor\Release\Obj\SS_TempAndHumi.o
#        F:\03.Git\smf\FW\fw_smf_v1.1\fw_smf_sensor\Release\Obj\startup_MK64F12.o
#        F:\03.Git\smf\FW\fw_smf_v1.1\fw_smf_sensor\Release\Obj\system_MK64F12.o
#        F:\03.Git\smf\FW\fw_smf_v1.1\fw_smf_sensor\Release\Obj\tasks.o
#        F:\03.Git\smf\FW\fw_smf_v1.1\fw_smf_sensor\Release\Obj\timers.o
#        F:\03.Git\smf\FW\fw_smf_v1.1\fw_smf_sensor\Release\Obj\UART.o
#        F:\03.Git\smf\FW\fw_smf_v1.1\fw_smf_sensor\Release\Obj\UserFile.o
#        F:\03.Git\smf\FW\fw_smf_v1.1\fw_smf_sensor\Release\Obj\WhoAmITask.o
#        --redirect _Printf=_PrintfFull --redirect _Scanf=_ScanfSmall -o
#        F:\03.Git\smf\FW\fw_smf_v1.1\fw_smf_sensor\Release\Exe\fw_smf_sensor.out
#        --map
#        F:\03.Git\smf\FW\fw_smf_v1.1\fw_smf_sensor\Release\List\fw_smf_sensor.map
#        --config
#        F:\03.Git\smf\FW\fw_smf_v1.1\fw_smf_sensor/MK64FN1M0xxx12_flash.icf
#        --semihosting --entry __iar_program_start --vfe
#
###############################################################################

*******************************************************************************
*** RUNTIME MODEL ATTRIBUTES
***

CppFlavor       = *
__Heap_Handler  = DLMalloc
__SystemLibrary = DLib


*******************************************************************************
*** PLACEMENT SUMMARY
***

"A0":  place at 0x00000000 { ro section .intvec };
"P1":  place in [from 0x00000400 to 0x0000040f] { section FlashConfig };
"P2":  place in [from 0x00000000 to 0x000003ff] |
                [from 0x00000410 to 0x000fffff] { ro };
"P3":  place in [from 0x1fff0000 to 0x1fffffff] |
                [from 0x20000000 to 0x2002fbff] { block RW };
"P4":  place in [from 0x1fff0000 to 0x1fffffff] |
                [from 0x20000000 to 0x2002fbff] { block ZI };
"P6":  place in [from 0x2002fc00 to 0x2002ffff] { block CSTACK };
initialize by copy { rw, section .textrw };

  Section               Kind        Address     Size  Object
  -------               ----        -------     ----  ------
"A0":                                          0x400
  .intvec               ro code  0x00000000    0x400  startup_MK64F12.o [1]
                               - 0x00000400    0x400

"P1":                                           0x10
  FlashConfig           ro code  0x00000400     0x10  startup_MK64F12.o [1]
                               - 0x00000410     0x10

"P2":                                        0x1e4ac
  .rodata               const    0x00000410   0x7378  ffunicode.o [1]
  .rodata               const    0x00007788   0x7378  ffunicode.o [1]
  .text                 ro code  0x0000eb00   0x1bc4  ff.o [1]
  .text                 ro code  0x000106c4    0x188  ffunicode.o [1]
  .text                 ro code  0x0001084c     0x74  diskio.o [1]
  .text                 ro code  0x000108c0     0xf8  fsl_sd_disk.o [1]
  .text                 ro code  0x000109b8   0x156e  fsl_sd.o [1]
  .text                 ro code  0x00011f26      0xa  xsprout.o [3]
  .text                 ro code  0x00011f30     0x66  ABImemset.o [5]
  .text                 ro code  0x00011f96      0x2  startup_MK64F12.o [1]
  .text                 ro code  0x00011f98     0x24  ABIassert.o [6]
  .text                 ro code  0x00011fbc    0x320  fsl_sdmmc_common.o [1]
  .text                 ro code  0x000122dc      0x6  ABImemclr4.o [5]
  .text                 ro code  0x000122e2      0x2  startup_MK64F12.o [1]
  .text                 ro code  0x000122e4     0x76  ABImemcpy_unaligned.o [5]
  .text                 ro code  0x0001235a      0x2  startup_MK64F12.o [1]
  .text                 ro code  0x0001235c    0xb84  fsl_sdhc.o [1]
  .text                 ro code  0x00012ee0    0x362  fsl_sdmmc_host.o [1]
  .text                 ro code  0x00013242      0x6  abort.o [3]
  .text                 ro code  0x00013248     0x32  ABImemset48.o [5]
  .text                 ro code  0x0001327a      0x2  startup_MK64F12.o [1]
  .text                 ro code  0x0001327c    0x106  fsl_sdmmc_event.o [1]
  .text                 ro code  0x00013382      0x2  startup_MK64F12.o [1]
  .text                 ro code  0x00013384     0x14  exit.o [6]
  .text                 ro code  0x00013398    0x7fe  queue.o [1]
  .text                 ro code  0x00013b96      0x2  startup_MK64F12.o [1]
  .text                 ro code  0x00013b98    0xc2c  tasks.o [1]
  .text                 ro code  0x000147c4    0x230  port.o [1]
  .text                 ro code  0x000149f4     0x98  list.o [1]
  .text                 ro code  0x00014a8c    0x260  heap_4.o [1]
  .text                 ro code  0x00014cec    0x420  timers.o [1]
  .text                 ro code  0x0001510c     0x30  fsl_tickless_systick.o [1]
  CODE                  ro code  0x0001513c     0xa8  portasm.o [1]
  .text                 ro code  0x000151e4    0xdd2  xprintffull.o [3]
  .rodata               const    0x00015fb6      0x1  fsl_sdhc.o [1]
  .text                 ro code  0x00015fb8     0x16  strchr.o [5]
  .text                 ro code  0x00015fd0     0x36  strlen.o [5]
  .text                 ro code  0x00016008     0x58  memchr.o [5]
  .text                 ro code  0x00016060    0x132  I64DivMod.o [5]
  .text                 ro code  0x00016192     0x44  xdnorm.o [4]
  .text                 ro code  0x000161d8     0x2e  DblCmpLe.o [4]
  .text                 ro code  0x00016208     0x2e  DblCmpGe.o [4]
  .text                 ro code  0x00016238    0x114  xdscale.o [4]
  .text                 ro code  0x0001634c     0x58  DblToI32.o [4]
  .text                 ro code  0x000163a4     0x30  I32ToDbl.o [4]
  .text                 ro code  0x000163d4    0x180  DblSub.o [4]
  .text                 ro code  0x00016554    0x1a2  DblMul.o [4]
  .text                 ro code  0x000166f8    0x256  DblDiv.o [4]
  .text                 ro code  0x0001694e      0xe  div.o [3]
  .text                 ro code  0x0001695c      0x2  I64DivZer.o [5]
  .text                 ro code  0x00016960     0xe8  DblAdd.o [4]
  .text                 ro code  0x00016a48    0xa4e  fsl_debug_console.o [1]
  .text                 ro code  0x00017498    0x3cc  fsl_uart.o [1]
  .text                 ro code  0x00017864     0x20  DblCmpEq.o [4]
  .text                 ro code  0x00017884     0xc0  modf.o [4]
  .rodata               const    0x00017944     0x54  fsl_sdhc.o [1]
  .text                 ro code  0x00017998    0x8c0  pow.o [4]
  .text                 ro code  0x00018258     0x7a  DblToI64.o [4]
  .text                 ro code  0x000182d4     0x58  I64ToDbl.o [4]
  .text                 ro code  0x0001832c     0x7e  xdint.o [4]
  .text                 ro code  0x000183ac      0xc  errno.o [3]
  .text                 ro code  0x000183b8     0xb0  xlog.o [4]
  .text                 ro code  0x00018468    0x2c6  xexp.o [4]
  .text                 ro code  0x0001872e      0x2  xtls.o [3]
  .text                 ro code  0x00018730     0x40  xdtest.o [4]
  .text                 ro code  0x00018770    0x906  PacketHandle.o [1]
  .text                 ro code  0x00019078     0xbe  UART.o [1]
  .text                 ro code  0x00019138     0x42  strcmp_unaligned.o [5]
  .text                 ro code  0x0001917a      0x8  atoi.o [3]
  .text                 ro code  0x00019184    0x288  UserFile.o [1]
  .text                 ro code  0x0001940c    0x580  dlmalloc.o [3]
  .text                 ro code  0x0001998c     0x34  sprintf.o [3]
  .text                 ro code  0x000199c0     0x10  atof.o [4]
  .text                 ro code  0x000199d0     0x90  DblToFlt.o [4]
  .text                 ro code  0x00019a60     0x4e  FltToDbl.o [4]
  .text                 ro code  0x00019ab0    0x5cc  main.o [1]
  .text                 ro code  0x0001a07c    0x588  fsl_clock.o [1]
  .text                 ro code  0x0001a604    0x19c  xstoul.o [3]
  .text                 ro code  0x0001a7a0    0x108  FileAccess.o [1]
  .text                 ro code  0x0001a8a8    0x168  xstod.o [4]
  .text                 ro code  0x0001aa10    0x2c8  pin_mux.o [1]
  .text                 ro code  0x0001acd8     0x68  clock_config.o [1]
  .text                 ro code  0x0001ad40     0x1c  board.o [1]
  .text                 ro code  0x0001ad5c    0x11c  fsl_wdog.o [1]
  .text                 ro code  0x0001ae78    0x386  fsl_ftm.o [1]
  .text                 ro code  0x0001b200     0x2c  fsl_sim.o [1]
  .text                 ro code  0x0001b22c    0x11e  xstopfx.o [3]
  .text                 ro code  0x0001b34c    0x1ac  xstoflt.o [3]
  .text                 ro code  0x0001b4f8    0x200  xdtento.o [4]
  .text                 ro code  0x0001b6f8    0x200  xstoxflt.o [3]
  .text                 ro code  0x0001b8f8     0x64  fsl_gpio.o [1]
  .text                 ro code  0x0001b95c     0x20  fsl_smc.o [1]
  .text                 ro code  0x0001b97c     0x56  xdunscal.o [4]
  .text                 ro code  0x0001b9d4    0x35c  SHT1x.o [1]
  .text                 ro code  0x0001bd30    0x33c  SensorTask.o [1]
  .text                 ro code  0x0001c06c     0x10  SS_PH.o [1]
  .text                 ro code  0x0001c07c     0x10  SS_EC.o [1]
  .text                 ro code  0x0001c08c     0x10  SS_TempAndHumi.o [1]
  .text                 ro code  0x0001c09c     0x50  SS_PH_Atlas.o [1]
  .text                 ro code  0x0001c0ec     0x54  SS_EC_Atlas.o [1]
  .text                 ro code  0x0001c140    0x300  ProcessTask.o [1]
  .text                 ro code  0x0001c440    0x27c  SDCardTask.o [1]
  .rodata               const    0x0001c6bc    0x1f4  ffunicode.o [1]
  .text                 ro code  0x0001c8b0     0xd4  fsl_dspi.o [1]
  .text                 ro code  0x0001c984     0xcc  WhoAmITask.o [1]
  .rodata               const    0x0001ca50     0xbc  ffunicode.o [1]
  Initializer bytes     const    0x0001cb0c     0x8c  <for RW-1>
  .text                 ro code  0x0001cb98     0x68  fsl_i2c.o [1]
  .rodata               const    0x0001cc00     0x58  fsl_clock.o [1]
  .rodata               const    0x0001cc58     0x58  fsl_dspi.o [1]
  .rodata               const    0x0001ccb0     0x58  fsl_ftm.o [1]
  .rodata               const    0x0001cd08     0x58  fsl_gpio.o [1]
  .rodata               const    0x0001cd60     0x58  fsl_sdhc.o [1]
  .rodata               const    0x0001cdb8     0x58  fsl_sdhc.o [1]
  .rodata               const    0x0001ce10     0x58  fsl_sdmmc_common.o [1]
  .rodata               const    0x0001ce68     0x58  fsl_uart.o [1]
  .rodata               const    0x0001cec0     0x58  fsl_wdog.o [1]
  .rodata               const    0x0001cf18     0x58  pin_mux.o [1]
  .rodata               const    0x0001cf70     0x54  fsl_sdhc.o [1]
  .rodata               const    0x0001cfc4     0x50  fsl_sdhc.o [1]
  .rodata               const    0x0001d014     0x4c  fsl_sd.o [1]
  .rodata               const    0x0001d060     0x4c  fsl_sdhc.o [1]
  .rodata               const    0x0001d0ac     0x48  main.o [1]
  .rodata               const    0x0001d0f4     0x48  main.o [1]
  .rodata               const    0x0001d13c     0x44  main.o [1]
  .rodata               const    0x0001d180     0x44  PacketHandle.o [1]
  .rodata               const    0x0001d1c4     0x44  SensorTask.o [1]
  .rodata               const    0x0001d208     0x40  fsl_uart.o [1]
  .rodata               const    0x0001d248     0x40  fsl_uart.o [1]
  .rodata               const    0x0001d288     0x40  ProcessTask.o [1]
  .rodata               const    0x0001d2c8     0x40  SDCardTask.o [1]
  .rodata               const    0x0001d308     0x40  WhoAmITask.o [1]
  .text                 ro code  0x0001d348     0x40  zero_init3.o [5]
  .rodata               const    0x0001d388     0x3c  PacketHandle.o [1]
  .rodata               const    0x0001d3c4     0x3c  WhoAmITask.o [1]
  .rodata               const    0x0001d400     0x38  main.o [1]
  .rodata               const    0x0001d438     0x38  PacketHandle.o [1]
  .rodata               const    0x0001d470     0x38  WhoAmITask.o [1]
  .rodata               const    0x0001d4a8     0x34  FileAccess.o [1]
  .rodata               const    0x0001d4dc     0x34  PacketHandle.o [1]
  .rodata               const    0x0001d510     0x34  SensorTask.o [1]
  .rodata               const    0x0001d544     0x34  SensorTask.o [1]
  .rodata               const    0x0001d578     0x34  UserFile.o [1]
  .rodata               const    0x0001d5ac     0x34  UserFile.o [1]
  .text                 ro code  0x0001d5e0     0x34  system_MK64F12.o [1]
  .rodata               const    0x0001d614     0x30  fsl_sd.o [1]
  .rodata               const    0x0001d644     0x30  PacketHandle.o [1]
  .rodata               const    0x0001d674     0x30  PacketHandle.o [1]
  .rodata               const    0x0001d6a4     0x30  PacketHandle.o [1]
  .rodata               const    0x0001d6d4     0x30  PacketHandle.o [1]
  .rodata               const    0x0001d704     0x30  UserFile.o [1]
  .rodata               const    0x0001d734     0x30  UserFile.o [1]
  .rodata               const    0x0001d764     0x30  UserFile.o [1]
  .rodata               const    0x0001d794     0x2c  fsl_sd.o [1]
  .rodata               const    0x0001d7c0     0x2c  main.o [1]
  .rodata               const    0x0001d7ec     0x2c  main.o [1]
  .rodata               const    0x0001d818     0x2c  main.o [1]
  .rodata               const    0x0001d844     0x2c  main.o [1]
  .rodata               const    0x0001d870     0x2c  PacketHandle.o [1]
  .rodata               const    0x0001d89c     0x2c  PacketHandle.o [1]
  .rodata               const    0x0001d8c8     0x2c  PacketHandle.o [1]
  .rodata               const    0x0001d8f4     0x2c  PacketHandle.o [1]
  .rodata               const    0x0001d920     0x2c  PacketHandle.o [1]
  .rodata               const    0x0001d94c     0x2c  ProcessTask.o [1]
  .rodata               const    0x0001d978     0x2c  ProcessTask.o [1]
  .rodata               const    0x0001d9a4     0x2c  SDCardTask.o [1]
  .rodata               const    0x0001d9d0     0x2c  SensorTask.o [1]
  .text                 ro code  0x0001d9fc     0x2c  copy_init3.o [5]
  .rodata               const    0x0001da28     0x28  fsl_sdhc.o [1]
  .rodata               const    0x0001da50     0x28  PacketHandle.o [1]
  .rodata               const    0x0001da78     0x28  PacketHandle.o [1]
  .rodata               const    0x0001daa0     0x28  ProcessTask.o [1]
  .rodata               const    0x0001dac8     0x28  ProcessTask.o [1]
  .rodata               const    0x0001daf0     0x28  ProcessTask.o [1]
  .rodata               const    0x0001db18     0x28  SDCardTask.o [1]
  .rodata               const    0x0001db40     0x28  SDCardTask.o [1]
  .rodata               const    0x0001db68     0x28  SDCardTask.o [1]
  .rodata               const    0x0001db90     0x28  SDCardTask.o [1]
  .rodata               const    0x0001dbb8     0x28  SDCardTask.o [1]
  .rodata               const    0x0001dbe0     0x28  SDCardTask.o [1]
  .rodata               const    0x0001dc08     0x28  SDCardTask.o [1]
  .rodata               const    0x0001dc30     0x28  SDCardTask.o [1]
  .rodata               const    0x0001dc58     0x28  SensorTask.o [1]
  .rodata               const    0x0001dc80     0x28  SensorTask.o [1]
  .rodata               const    0x0001dca8     0x28  UserFile.o [1]
  .rodata               const    0x0001dcd0     0x28  UserFile.o [1]
  .rodata               const    0x0001dcf8     0x28  WhoAmITask.o [1]
  .text                 ro code  0x0001dd20     0x28  startup_MK64F12.o [1]
  .text                 ro code  0x0001dd48     0x28  data_init.o [5]
  .rodata               const    0x0001dd70     0x24  FileAccess.o [1]
  .rodata               const    0x0001dd94     0x24  FileAccess.o [1]
  .rodata               const    0x0001ddb8     0x24  FileAccess.o [1]
  .rodata               const    0x0001dddc     0x24  fsl_sdhc.o [1]
  .rodata               const    0x0001de00     0x24  PacketHandle.o [1]
  .rodata               const    0x0001de24     0x24  PacketHandle.o [1]
  .rodata               const    0x0001de48     0x24  SDCardTask.o [1]
  .rodata               const    0x0001de6c     0x24  SDCardTask.o [1]
  .rodata               const    0x0001de90     0x24  SensorTask.o [1]
  .rodata               const    0x0001deb4     0x24  SensorTask.o [1]
  .text                 ro code  0x0001ded8     0x22  fpinit_M.o [4]
  .iar.init_table       const    0x0001defc     0x24  - Linker created -
  .rodata               const    0x0001df20     0x20  clock_config.o [1]
  .rodata               const    0x0001df40     0x20  fsl_sd.o [1]
  .rodata               const    0x0001df60     0x20  fsl_sd.o [1]
  .rodata               const    0x0001df80     0x20  fsl_sd.o [1]
  .rodata               const    0x0001dfa0     0x20  fsl_sd.o [1]
  .rodata               const    0x0001dfc0     0x20  fsl_sd.o [1]
  .rodata               const    0x0001dfe0     0x20  fsl_sd.o [1]
  .rodata               const    0x0001e000     0x20  fsl_sd.o [1]
  .rodata               const    0x0001e020     0x20  fsl_sd.o [1]
  .rodata               const    0x0001e040     0x20  fsl_sd.o [1]
  .rodata               const    0x0001e060     0x20  fsl_sd.o [1]
  .rodata               const    0x0001e080     0x20  fsl_sd.o [1]
  .rodata               const    0x0001e0a0     0x20  fsl_sd.o [1]
  .rodata               const    0x0001e0c0     0x20  fsl_sdmmc_common.o [1]
  .rodata               const    0x0001e0e0     0x20  fsl_sdmmc_common.o [1]
  .rodata               const    0x0001e100     0x20  fsl_sdmmc_common.o [1]
  .rodata               const    0x0001e120     0x20  fsl_sdmmc_common.o [1]
  .rodata               const    0x0001e140     0x20  fsl_sdmmc_common.o [1]
  .rodata               const    0x0001e160     0x20  fsl_sdmmc_common.o [1]
  .rodata               const    0x0001e180     0x20  PacketHandle.o [1]
  .rodata               const    0x0001e1a0     0x20  ProcessTask.o [1]
  .rodata               const    0x0001e1c0     0x20  ProcessTask.o [1]
  .rodata               const    0x0001e1e0     0x20  SDCardTask.o [1]
  .rodata               const    0x0001e200     0x1c  fsl_ftm.o [1]
  .rodata               const    0x0001e21c     0x1c  fsl_uart.o [1]
  .rodata               const    0x0001e238     0x1c  main.o [1]
  .rodata               const    0x0001e254     0x1c  SensorTask.o [1]
  .rodata               const    0x0001e270     0x1c  SensorTask.o [1]
  .text                 ro code  0x0001e28c     0x1a  cmain.o [5]
  .text                 ro code  0x0001e2a6      0x4  low_level_init.o [3]
  .text                 ro code  0x0001e2aa      0x4  exit.o [3]
  .text                 ro code  0x0001e2b0      0xa  cexit.o [5]
  .rodata               const    0x0001e2bc     0x18  fsl_uart.o [1]
  .rodata               const    0x0001e2d4     0x18  fsl_uart.o [1]
  .rodata               const    0x0001e2ec     0x18  fsl_uart.o [1]
  .rodata               const    0x0001e304     0x14  fsl_sd.o [1]
  .rodata               const    0x0001e318     0x14  main.o [1]
  .rodata               const    0x0001e32c     0x14  main.o [1]
  .rodata               const    0x0001e340     0x14  main.o [1]
  .rodata               const    0x0001e354     0x14  SDCardTask.o [1]
  .rodata               const    0x0001e368     0x10  ff.o [1]
  .rodata               const    0x0001e378     0x10  fsl_clock.o [1]
  .rodata               const    0x0001e388     0x10  fsl_clock.o [1]
  .rodata               const    0x0001e398     0x10  fsl_dspi.o [1]
  .rodata               const    0x0001e3a8     0x10  fsl_dspi.o [1]
  .rodata               const    0x0001e3b8     0x10  fsl_dspi.o [1]
  .rodata               const    0x0001e3c8     0x10  fsl_ftm.o [1]
  .rodata               const    0x0001e3d8     0x10  fsl_ftm.o [1]
  .rodata               const    0x0001e3e8     0x10  fsl_sdhc.o [1]
  .rodata               const    0x0001e3f8     0x10  fsl_sdhc.o [1]
  .rodata               const    0x0001e408     0x10  fsl_sdhc.o [1]
  .rodata               const    0x0001e418     0x10  main.o [1]
  .rodata               const    0x0001e428     0x10  PacketHandle.o [1]
  .rodata               const    0x0001e438     0x10  SS_PH_Atlas.o [1]
  .rodata               const    0x0001e448     0x10  UserFile.o [1]
  .rodata               const    0x0001e458      0xc  ff.o [1]
  .rodata               const    0x0001e464      0xc  ff.o [1]
  .rodata               const    0x0001e470      0xc  fsl_clock.o [1]
  .rodata               const    0x0001e47c      0xc  fsl_clock.o [1]
  .rodata               const    0x0001e488      0xc  fsl_sd.o [1]
  .rodata               const    0x0001e494      0xc  fsl_sdhc.o [1]
  .rodata               const    0x0001e4a0      0xc  fsl_sdhc.o [1]
  .rodata               const    0x0001e4ac      0xc  fsl_sdhc.o [1]
  .rodata               const    0x0001e4b8      0xc  fsl_sdhc.o [1]
  .rodata               const    0x0001e4c4      0xc  fsl_sdmmc_common.o [1]
  .rodata               const    0x0001e4d0      0xc  PacketHandle.o [1]
  .rodata               const    0x0001e4dc      0xc  SensorTask.o [1]
  .rodata               const    0x0001e4e8      0xc  UserFile.o [1]
  .rodata               const    0x0001e4f4      0xc  UserFile.o [1]
  .rodata               const    0x0001e500      0xc  UserFile.o [1]
  .text                 ro code  0x0001e50c      0xc  cstartup_M.o [5]
  .rodata               const    0x0001e518      0x8  ff.o [1]
  .rodata               const    0x0001e520      0x8  ff.o [1]
  .rodata               const    0x0001e528      0x8  fsl_ftm.o [1]
  .rodata               const    0x0001e530      0x8  fsl_gpio.o [1]
  .rodata               const    0x0001e538      0x8  fsl_sd.o [1]
  .rodata               const    0x0001e540      0x8  fsl_sd.o [1]
  .rodata               const    0x0001e548      0x8  fsl_sd.o [1]
  .rodata               const    0x0001e550      0x8  fsl_sd.o [1]
  .rodata               const    0x0001e558      0x8  fsl_sd.o [1]
  .rodata               const    0x0001e560      0x8  fsl_sd.o [1]
  .rodata               const    0x0001e568      0x8  fsl_sd.o [1]
  .rodata               const    0x0001e570      0x8  fsl_sd.o [1]
  .rodata               const    0x0001e578      0x8  fsl_sd.o [1]
  .rodata               const    0x0001e580      0x8  fsl_sd.o [1]
  .rodata               const    0x0001e588      0x8  fsl_sd.o [1]
  .rodata               const    0x0001e590      0x8  fsl_sd.o [1]
  .rodata               const    0x0001e598      0x8  fsl_sd.o [1]
  .rodata               const    0x0001e5a0      0x8  fsl_sd.o [1]
  .rodata               const    0x0001e5a8      0x8  fsl_sd.o [1]
  .rodata               const    0x0001e5b0      0x8  fsl_sd.o [1]
  .rodata               const    0x0001e5b8      0x8  fsl_sd.o [1]
  .rodata               const    0x0001e5c0      0x8  fsl_sd.o [1]
  .rodata               const    0x0001e5c8      0x8  fsl_sd.o [1]
  .rodata               const    0x0001e5d0      0x8  fsl_sdhc.o [1]
  .rodata               const    0x0001e5d8      0x8  fsl_sdhc.o [1]
  .rodata               const    0x0001e5e0      0x8  fsl_sdmmc_common.o [1]
  .rodata               const    0x0001e5e8      0x8  fsl_sdmmc_common.o [1]
  .rodata               const    0x0001e5f0      0x8  fsl_sdmmc_common.o [1]
  .rodata               const    0x0001e5f8      0x8  fsl_sdmmc_common.o [1]
  .rodata               const    0x0001e600      0x8  fsl_sdmmc_common.o [1]
  .rodata               const    0x0001e608      0x8  fsl_sdmmc_common.o [1]
  .rodata               const    0x0001e610      0x8  fsl_uart.o [1]
  .rodata               const    0x0001e618      0x8  fsl_uart.o [1]
  .rodata               const    0x0001e620      0x8  fsl_wdog.o [1]
  .rodata               const    0x0001e628      0x8  PacketHandle.o [1]
  .rodata               const    0x0001e630      0x8  PacketHandle.o [1]
  .rodata               const    0x0001e638      0x8  PacketHandle.o [1]
  .rodata               const    0x0001e640      0x8  PacketHandle.o [1]
  .rodata               const    0x0001e648      0x8  PacketHandle.o [1]
  .rodata               const    0x0001e650      0x8  PacketHandle.o [1]
  .rodata               const    0x0001e658      0x8  PacketHandle.o [1]
  .rodata               const    0x0001e660      0x8  PacketHandle.o [1]
  .rodata               const    0x0001e668      0x8  PacketHandle.o [1]
  .rodata               const    0x0001e670      0x8  PacketHandle.o [1]
  .rodata               const    0x0001e678      0x8  PacketHandle.o [1]
  .rodata               const    0x0001e680      0x8  PacketHandle.o [1]
  .rodata               const    0x0001e688      0x8  PacketHandle.o [1]
  .rodata               const    0x0001e690      0x8  pin_mux.o [1]
  .rodata               const    0x0001e698      0x8  SensorTask.o [1]
  .rodata               const    0x0001e6a0      0x8  SensorTask.o [1]
  .rodata               const    0x0001e6a8      0x8  SensorTask.o [1]
  .rodata               const    0x0001e6b0      0x8  SensorTask.o [1]
  .rodata               const    0x0001e6b8      0x8  SS_EC_Atlas.o [1]
  .rodata               const    0x0001e6c0      0x8  SS_EC_Atlas.o [1]
  .rodata               const    0x0001e6c8      0x8  SS_PH_Atlas.o [1]
  .rodata               const    0x0001e6d0      0x8  tasks.o [1]
  .rodata               const    0x0001e6d8      0x8  timers.o [1]
  .rodata               const    0x0001e6e0      0x8  timers.o [1]
  .rodata               const    0x0001e6e8      0x8  UserFile.o [1]
  .rodata               const    0x0001e6f0      0x8  UserFile.o [1]
  .rodata               const    0x0001e6f8      0x8  UserFile.o [1]
  .text                 ro code  0x0001e700      0x8  startup_MK64F12.o [1]
  .text                 ro code  0x0001e708      0x8  startup_MK64F12.o [1]
  .text                 ro code  0x0001e710      0x8  startup_MK64F12.o [1]
  .text                 ro code  0x0001e718      0x8  startup_MK64F12.o [1]
  .text                 ro code  0x0001e720      0x8  startup_MK64F12.o [1]
  .text                 ro code  0x0001e728      0x8  startup_MK64F12.o [1]
  .text                 ro code  0x0001e730      0x8  startup_MK64F12.o [1]
  .text                 ro code  0x0001e738      0x8  startup_MK64F12.o [1]
  .text                 ro code  0x0001e740      0x8  startup_MK64F12.o [1]
  .text                 ro code  0x0001e748      0x8  startup_MK64F12.o [1]
  .text                 ro code  0x0001e750      0x8  startup_MK64F12.o [1]
  .text                 ro code  0x0001e758      0x8  startup_MK64F12.o [1]
  .text                 ro code  0x0001e760      0x8  startup_MK64F12.o [1]
  .text                 ro code  0x0001e768      0x8  startup_MK64F12.o [1]
  .text                 ro code  0x0001e770      0x8  startup_MK64F12.o [1]
  .text                 ro code  0x0001e778      0x8  startup_MK64F12.o [1]
  .text                 ro code  0x0001e780      0x8  startup_MK64F12.o [1]
  .text                 ro code  0x0001e788      0x8  startup_MK64F12.o [1]
  .text                 ro code  0x0001e790      0x8  startup_MK64F12.o [1]
  .text                 ro code  0x0001e798      0x8  startup_MK64F12.o [1]
  .text                 ro code  0x0001e7a0      0x8  startup_MK64F12.o [1]
  .text                 ro code  0x0001e7a8      0x8  startup_MK64F12.o [1]
  .text                 ro code  0x0001e7b0      0x8  startup_MK64F12.o [1]
  .text                 ro code  0x0001e7b8      0x8  startup_MK64F12.o [1]
  .text                 ro code  0x0001e7c0      0x8  startup_MK64F12.o [1]
  .text                 ro code  0x0001e7c8      0x8  startup_MK64F12.o [1]
  .text                 ro code  0x0001e7d0      0x8  startup_MK64F12.o [1]
  .text                 ro code  0x0001e7d8      0x8  startup_MK64F12.o [1]
  .text                 ro code  0x0001e7e0      0x8  startup_MK64F12.o [1]
  .text                 ro code  0x0001e7e8      0x8  startup_MK64F12.o [1]
  .text                 ro code  0x0001e7f0      0x8  startup_MK64F12.o [1]
  .text                 ro code  0x0001e7f8      0x8  startup_MK64F12.o [1]
  .text                 ro code  0x0001e800      0x8  startup_MK64F12.o [1]
  .text                 ro code  0x0001e808      0x8  startup_MK64F12.o [1]
  .text                 ro code  0x0001e810      0x8  startup_MK64F12.o [1]
  .text                 ro code  0x0001e818      0x8  startup_MK64F12.o [1]
  .text                 ro code  0x0001e820      0x8  startup_MK64F12.o [1]
  .text                 ro code  0x0001e828      0x8  startup_MK64F12.o [1]
  .text                 ro code  0x0001e830      0x8  startup_MK64F12.o [1]
  .text                 ro code  0x0001e838      0x8  startup_MK64F12.o [1]
  .text                 ro code  0x0001e840      0x8  startup_MK64F12.o [1]
  .text                 ro code  0x0001e848      0x8  startup_MK64F12.o [1]
  .text                 ro code  0x0001e850      0x8  startup_MK64F12.o [1]
  .text                 ro code  0x0001e858      0x8  startup_MK64F12.o [1]
  .text                 ro code  0x0001e860      0x8  startup_MK64F12.o [1]
  .text                 ro code  0x0001e868      0x8  startup_MK64F12.o [1]
  .rodata               const    0x0001e870      0x4  fsl_sdhc.o [1]
  .rodata               const    0x0001e874      0x4  fsl_sdhc.o [1]
  .rodata               const    0x0001e878      0x4  heap_4.o [1]
  .rodata               const    0x0001e87c      0x4  pin_mux.o [1]
  .rodata               const    0x0001e880      0x4  pin_mux.o [1]
  .rodata               const    0x0001e884      0x4  pin_mux.o [1]
  .rodata               const    0x0001e888      0x4  pin_mux.o [1]
  .rodata               const    0x0001e88c      0x4  pin_mux.o [1]
  .rodata               const    0x0001e890      0x4  pin_mux.o [1]
  .rodata               const    0x0001e894      0x4  pin_mux.o [1]
  .rodata               const    0x0001e898      0x4  pin_mux.o [1]
  .rodata               const    0x0001e89c      0x4  pin_mux.o [1]
  .rodata               const    0x0001e8a0      0x4  port.o [1]
  .rodata               const    0x0001e8a4      0x4  SDCardTask.o [1]
  .rodata               const    0x0001e8a8      0x4  SHT1x.o [1]
  .rodata               const    0x0001e8ac      0x4  SHT1x.o [1]
  .rodata               const    0x0001e8b0      0x4  SHT1x.o [1]
  .rodata               const    0x0001e8b4      0x4  SHT1x.o [1]
  .text                 ro code  0x0001e8b8      0x4  startup_MK64F12.o [1]
  .rodata               const    0x0001e8bc      0x0  zero_init3.o [5]
  .rodata               const    0x0001e8bc      0x0  copy_init3.o [5]
                               - 0x0001e8bc  0x1e4ac

"P3-P4", part 1 of 2:                           0x8c
  RW                             0x1fff0000     0x8c  <Block>
    RW-1                         0x1fff0000     0x89  <Init block>
      .data             inited   0x1fff0000      0x4  fsl_clock.o [1]
      .data             inited   0x1fff0004      0x4  fsl_clock.o [1]
      .data             inited   0x1fff0008     0x24  main.o [1]
      .data             inited   0x1fff002c     0x18  main.o [1]
      .data             inited   0x1fff0044      0x4  main.o [1]
      .data             inited   0x1fff0048      0x4  port.o [1]
      .data             inited   0x1fff004c     0x24  SHT1x.o [1]
      .data             inited   0x1fff0070     0x10  SS_TempAndHumi.o [1]
      .data             inited   0x1fff0080      0x4  system_MK64F12.o [1]
      __DLIB_PERTHREAD  inited   0x1fff0084      0x4  errno.o [3]
      .data             inited   0x1fff0088      0x1  fsl_sdmmc_host.o [1]
                               - 0x1fff008c     0x8c

"P3-P4", part 2 of 2:                         0x8cc0
  ZI                             0x1fff008c   0x8cc0  <Block>
    .bss                zero     0x1fff008c      0xc  ff.o [1]
    .bss                zero     0x1fff0098    0x200  ff.o [1]
    .bss                zero     0x1fff0298      0x4  fsl_clock.o [1]
    .bss                zero     0x1fff029c      0x4  fsl_clock.o [1]
    .bss                zero     0x1fff02a0     0x10  fsl_debug_console.o [1]
    .bss                zero     0x1fff02b0      0xc  fsl_dspi.o [1]
    .bss                zero     0x1fff02bc      0x4  fsl_dspi.o [1]
    .bss                zero     0x1fff02c0      0x4  fsl_dspi.o [1]
    .bss                zero     0x1fff02c4      0xc  fsl_i2c.o [1]
    .bss                zero     0x1fff02d0      0x4  fsl_i2c.o [1]
    .bss                zero     0x1fff02d4      0x4  fsl_i2c.o [1]
    .bss                zero     0x1fff02d8     0xbc  fsl_sd_disk.o [1]
    .bss                zero     0x1fff0394      0x4  fsl_sdhc.o [1]
    .bss                zero     0x1fff0398      0x4  fsl_sdhc.o [1]
    .bss                zero     0x1fff039c    0x200  fsl_sdmmc_common.o [1]
    .bss                zero     0x1fff059c      0x4  fsl_sdmmc_event.o [1]
    .bss                zero     0x1fff05a0      0x4  fsl_sdmmc_event.o [1]
    .bss                zero     0x1fff05a4     0x28  fsl_sdmmc_host.o [1]
    .bss                zero     0x1fff05cc     0x20  fsl_sdmmc_host.o [1]
    .bss                zero     0x1fff05ec     0x18  fsl_uart.o [1]
    .bss                zero     0x1fff0604      0x4  fsl_uart.o [1]
    .bss                zero     0x1fff0608   0x7800  heap_4.o [1]
    .bss                zero     0x1fff7e08      0x8  heap_4.o [1]
    .bss                zero     0x1fff7e10      0x4  heap_4.o [1]
    .bss                zero     0x1fff7e14      0x4  heap_4.o [1]
    .bss                zero     0x1fff7e18      0x4  heap_4.o [1]
    .bss                zero     0x1fff7e1c      0x4  heap_4.o [1]
    .bss                zero     0x1fff7e20    0x204  main.o [1]
    .bss                zero     0x1fff8024    0x204  main.o [1]
    .bss                zero     0x1fff8228    0x204  main.o [1]
    .bss                zero     0x1fff842c      0x4  main.o [1]
    .bss                zero     0x1fff8430     0x14  main.o [1]
    .bss                zero     0x1fff8444      0x4  port.o [1]
    .bss                zero     0x1fff8448      0x4  ProcessTask.o [1]
    .bss                zero     0x1fff844c     0x40  queue.o [1]
    .bss                zero     0x1fff848c    0x238  SDCardTask.o [1]
    .bss                zero     0x1fff86c4    0x310  SensorTask.o [1]
    .bss                zero     0x1fff89d4     0x14  SensorTask.o [1]
    .bss                zero     0x1fff89e8     0x14  SensorTask.o [1]
    .bss                zero     0x1fff89fc      0x4  SensorTask.o [1]
    .bss                zero     0x1fff8a00      0x4  tasks.o [1]
    .bss                zero     0x1fff8a04     0x64  tasks.o [1]
    .bss                zero     0x1fff8a68     0x14  tasks.o [1]
    .bss                zero     0x1fff8a7c     0x14  tasks.o [1]
    .bss                zero     0x1fff8a90      0x4  tasks.o [1]
    .bss                zero     0x1fff8a94      0x4  tasks.o [1]
    .bss                zero     0x1fff8a98     0x14  tasks.o [1]
    .bss                zero     0x1fff8aac     0x14  tasks.o [1]
    .bss                zero     0x1fff8ac0      0x4  tasks.o [1]
    .bss                zero     0x1fff8ac4     0x14  tasks.o [1]
    .bss                zero     0x1fff8ad8      0x4  tasks.o [1]
    .bss                zero     0x1fff8adc      0x4  tasks.o [1]
    .bss                zero     0x1fff8ae0      0x4  tasks.o [1]
    .bss                zero     0x1fff8ae4      0x4  tasks.o [1]
    .bss                zero     0x1fff8ae8      0x4  tasks.o [1]
    .bss                zero     0x1fff8aec      0x4  tasks.o [1]
    .bss                zero     0x1fff8af0      0x4  tasks.o [1]
    .bss                zero     0x1fff8af4      0x4  tasks.o [1]
    .bss                zero     0x1fff8af8      0x4  tasks.o [1]
    .bss                zero     0x1fff8afc      0x4  tasks.o [1]
    .bss                zero     0x1fff8b00      0x4  tasks.o [1]
    .bss                zero     0x1fff8b04     0x14  timers.o [1]
    .bss                zero     0x1fff8b18     0x14  timers.o [1]
    .bss                zero     0x1fff8b2c      0x4  timers.o [1]
    .bss                zero     0x1fff8b30      0x4  timers.o [1]
    .bss                zero     0x1fff8b34      0x4  timers.o [1]
    .bss                zero     0x1fff8b38      0x4  timers.o [1]
    .bss                zero     0x1fff8b3c      0x4  timers.o [1]
    .bss                zero     0x1fff8b40     0x18  dlmalloc.o [3]
    .bss                zero     0x1fff8b58    0x1d8  dlmalloc.o [3]
    .bss                zero     0x1fff8d30      0x2  ff.o [1]
    .bss                zero     0x1fff8d32      0x2  main.o [1]
    .bss                zero     0x1fff8d34      0x2  main.o [1]
    .bss                zero     0x1fff8d36      0x2  main.o [1]
    .bss                zero     0x1fff8d38      0x2  main.o [1]
    .bss                zero     0x1fff8d3a      0x2  main.o [1]
    .bss                zero     0x1fff8d3c      0x2  ProcessTask.o [1]
    .bss                zero     0x1fff8d3e      0x2  ProcessTask.o [1]
    .bss                zero     0x1fff8d40      0x1  ff.o [1]
    .bss                zero     0x1fff8d41      0x1  fsl_sdmmc_host.o [1]
    .bss                zero     0x1fff8d42      0x1  main.o [1]
    .bss                zero     0x1fff8d43      0x1  port.o [1]
    .bss                zero     0x1fff8d44      0x1  ProcessTask.o [1]
    .bss                zero     0x1fff8d45      0x1  SDCardTask.o [1]
    .bss                zero     0x1fff8d46      0x1  SDCardTask.o [1]
    .bss                zero     0x1fff8d47      0x1  SDCardTask.o [1]
    .bss                zero     0x1fff8d48      0x1  SensorTask.o [1]
                               - 0x1fff8d4c   0x8cc0

"P6":                                          0x400
  CSTACK                         0x2002fc00    0x400  <Block>
    CSTACK              uninit   0x2002fc00    0x400  <Block tail>
                               - 0x20030000    0x400


*******************************************************************************
*** INIT TABLE
***

          Address     Size
          -------     ----
Zero (__iar_zero_init3)
    1 destination range, total size 0x8cbd:
          0x1fff008c  0x8cbd

Copy (__iar_copy_init3)
    1 source range, total size 0x8c (102% of destination):
          0x0001cb0c    0x8c
    1 destination range, total size 0x89:
          0x1fff0000    0x89



*******************************************************************************
*** MODULE SUMMARY
***

    Module                  ro code  ro data  rw data
    ------                  -------  -------  -------
F:\03.Git\smf\FW\fw_smf_v1.1\fw_smf_sensor\Release\Obj: [1]
    FileAccess.o                264      160
    PacketHandle.o            2 310      964
    ProcessTask.o               768      336        9
    SDCardTask.o                636      556      571
    SHT1x.o                     860       52       36
    SS_EC.o                      16
    SS_EC_Atlas.o                84       16
    SS_PH.o                      16
    SS_PH_Atlas.o                80       24
    SS_TempAndHumi.o             16       16       16
    SensorTask.o                828      468      829
    UART.o                      190
    UserFile.o                  648      404
    WhoAmITask.o                204      220
    board.o                      28
    clock_config.o              104       32
    diskio.o                    116
    ff.o                      7 108       56      527
    ffunicode.o                 392   59 808
    fsl_clock.o               1 416      152       16
    fsl_debug_console.o       2 638                16
    fsl_dspi.o                  212      136       20
    fsl_ftm.o                   902      156
    fsl_gpio.o                  100       96
    fsl_i2c.o                   104                20
    fsl_sd.o                  5 486      736
    fsl_sd_disk.o               248               188
    fsl_sdhc.o                2 948      697        8
    fsl_sdmmc_common.o          800      340      512
    fsl_sdmmc_event.o           262                 8
    fsl_sdmmc_host.o            866        1       74
    fsl_sim.o                    44
    fsl_smc.o                    32
    fsl_tickless_systick.o       48
    fsl_uart.o                  972      332       28
    fsl_wdog.o                  284       96
    heap_4.o                    608        4   30 744
    list.o                      152
    main.o                    1 484      612    1 647
    pin_mux.o                   712      132
    port.o                      560        8        9
    portasm.o                   168
    queue.o                   2 046                64
    startup_MK64F12.o         1 464
    system_MK64F12.o             52        4        4
    tasks.o                   3 116        8      260
    timers.o                  1 056       16       60
    -------------------------------------------------
    Total:                   43 448   66 638   35 666

command line: [2]
    -------------------------------------------------
    Total:

dl7M_tln.a: [3]
    abort.o                       6
    atoi.o                        8
    div.o                        14
    dlmalloc.o                1 408               496
    errno.o                      12        4        4
    exit.o                        4
    low_level_init.o              4
    sprintf.o                    52
    xprintffull.o             3 538
    xsprout.o                    10
    xstoflt.o                   428
    xstopfx.o                   286
    xstoul.o                    412
    xstoxflt.o                  512
    xtls.o                        2
    -------------------------------------------------
    Total:                    6 696        4      500

m7M_tls.a: [4]
    DblAdd.o                    232
    DblCmpEq.o                   32
    DblCmpGe.o                   46
    DblCmpLe.o                   46
    DblDiv.o                    598
    DblMul.o                    418
    DblSub.o                    384
    DblToFlt.o                  144
    DblToI32.o                   88
    DblToI64.o                  122
    FltToDbl.o                   78
    I32ToDbl.o                   48
    I64ToDbl.o                   88
    atof.o                       16
    fpinit_M.o                   34
    modf.o                      192
    pow.o                     2 240
    xdint.o                     126
    xdnorm.o                     68
    xdscale.o                   276
    xdtento.o                   512
    xdtest.o                     64
    xdunscal.o                   86
    xexp.o                      710
    xlog.o                      176
    xstod.o                     360
    -------------------------------------------------
    Total:                    7 184

rt7M_tl.a: [5]
    ABImemclr4.o                  6
    ABImemcpy_unaligned.o       118
    ABImemset.o                 102
    ABImemset48.o                50
    I64DivMod.o                 306
    I64DivZer.o                   2
    cexit.o                      10
    cmain.o                      26
    copy_init3.o                 44
    cstartup_M.o                 12
    data_init.o                  40
    memchr.o                     88
    strchr.o                     22
    strcmp_unaligned.o           66
    strlen.o                     54
    zero_init3.o                 64
    -------------------------------------------------
    Total:                    1 010

shb_l.a: [6]
    ABIassert.o                  36
    exit.o                       20
    -------------------------------------------------
    Total:                       56

    Gaps                         37        4
    Linker created                        39    1 024
-----------------------------------------------------
    Grand Total:             58 431   66 685   37 190


*******************************************************************************
*** ENTRY LIST
***

Entry                      Address    Size  Type      Object
-----                      -------    ----  ----      ------
.iar.init_table$$Base   0x0001defc           --   Gb  - Linker created -
.iar.init_table$$Limit  0x0001df20           --   Gb  - Linker created -
?main                   0x0001e28d          Code  Gb  cmain.o [5]
BOARD_BootClockVLPR     0x0001aceb    0x40  Code  Gb  clock_config.o [1]
BOARD_InitDebugConsole  0x0001ad41    0x1c  Code  Gb  board.o [1]
BOARD_InitPins          0x0001aa67   0x20e  Code  Gb  pin_mux.o [1]
CLOCK_BootToBlpiMode    0x0001a5a5    0x40  Code  Gb  fsl_clock.o [1]
CLOCK_DisableClock      0x000123a1    0x1a  Code  Lc  fsl_sdhc.o [1]
CLOCK_EnableClock       0x0001ae79    0x18  Code  Lc  fsl_ftm.o [1]
CLOCK_EnableClock       0x00012389    0x18  Code  Lc  fsl_sdhc.o [1]
CLOCK_EnableClock       0x00017499    0x18  Code  Lc  fsl_uart.o [1]
CLOCK_EnableClock       0x0001aa11    0x18  Code  Lc  pin_mux.o [1]
CLOCK_GetCoreSysClkFreq
                        0x0001a299    0x16  Code  Gb  fsl_clock.o [1]
CLOCK_GetEr32kClkFreq   0x0001a207    0x60  Code  Gb  fsl_clock.o [1]
CLOCK_GetFixedFreqClkFreq
                        0x0001a42f    0x1e  Code  Gb  fsl_clock.o [1]
CLOCK_GetFllExtRefClkFreq
                        0x0001a11d    0x66  Code  Lc  fsl_clock.o [1]
CLOCK_GetFllFreq        0x0001a3cf    0x4a  Code  Gb  fsl_clock.o [1]
CLOCK_GetFllFreq::fllFactorTable
                        0x0001e388    0x10  Data  Lc  fsl_clock.o [1]
CLOCK_GetFllRefClkFreq  0x0001a1a9    0x20  Code  Lc  fsl_clock.o [1]
CLOCK_GetFreq           0x0001a2af    0xce  Code  Gb  fsl_clock.o [1]
CLOCK_GetInternalRefClkFreq
                        0x0001a419    0x16  Code  Gb  fsl_clock.o [1]
CLOCK_GetInternalRefClkSelectFreq
                        0x0001a183    0x26  Code  Lc  fsl_clock.o [1]
CLOCK_GetMcgExtClkFreq  0x0001a0b1    0x6c  Code  Lc  fsl_clock.o [1]
CLOCK_GetOsc0ErClkFreq  0x0001a1d1    0x36  Code  Gb  fsl_clock.o [1]
CLOCK_GetOutClkFreq     0x0001a397    0x38  Code  Gb  fsl_clock.o [1]
CLOCK_GetPll0Freq       0x0001a44d    0x54  Code  Gb  fsl_clock.o [1]
CLOCK_GetPll0RefFreq    0x0001a1c9     0x8  Code  Lc  fsl_clock.o [1]
CLOCK_GetPllFllSelClkFreq
                        0x0001a267    0x32  Code  Gb  fsl_clock.o [1]
CLOCK_SetEr32kClock     0x0001a07d    0x1a  Code  Lc  fsl_clock.o [1]
CLOCK_SetInternalRefClkConfig
                        0x0001a4a1    0xba  Code  Gb  fsl_clock.o [1]
CLOCK_SetPllFllSelClock
                        0x0001a097    0x1a  Code  Lc  fsl_clock.o [1]
CLOCK_SetSimConfig      0x0001a37d    0x1a  Code  Gb  fsl_clock.o [1]
CLOCK_SetSimSafeDivs    0x0001acd9     0xa  Code  Lc  clock_config.o [1]
CSTACK$$Base            0x2002fc00           --   Gb  - Linker created -
CSTACK$$Limit           0x20030000           --   Gb  - Linker created -
CurrVol                 0x1fff8d40     0x1  Data  Lc  ff.o [1]
DSPI_CommonIRQHandler   0x0001c8b9    0x28  Code  Lc  fsl_dspi.o [1]
DSPI_IsMaster           0x0001c8b1     0x8  Code  Lc  fsl_dspi.o [1]
DbcTbl                  0x0001e464     0xc  Data  Lc  ff.o [1]
DbgConsole_ConvertFloatRadixNumToString
                        0x00016c91   0x1b6  Code  Lc  fsl_debug_console.o [1]
DbgConsole_ConvertRadixNumToString
                        0x00016b65   0x12a  Code  Lc  fsl_debug_console.o [1]
DbgConsole_Init         0x00016a7d    0x74  Code  Gb  fsl_debug_console.o [1]
DbgConsole_Printf       0x00016af1    0x24  Code  Gb  fsl_debug_console.o [1]
DbgConsole_PrintfFormattedData
                        0x00016e6d   0x62a  Code  Lc  fsl_debug_console.o [1]
DbgConsole_PrintfPaddingCharacter
                        0x00016b3d    0x28  Code  Lc  fsl_debug_console.o [1]
DbgConsole_Putchar      0x00016b15    0x28  Code  Gb  fsl_debug_console.o [1]
DisableGlobalIRQ        0x0001ad5d     0x8  Code  Lc  fsl_wdog.o [1]
DisableIRQ              0x000123d3    0x18  Code  Lc  fsl_sdhc.o [1]
EnableGlobalIRQ         0x0001ad65     0x6  Code  Lc  fsl_wdog.o [1]
EnableIRQ               0x000123bb    0x18  Code  Lc  fsl_sdhc.o [1]
EnableIRQ               0x00012f19    0x18  Code  Lc  fsl_sdmmc_host.o [1]
EnableIRQ               0x00019ac7    0x18  Code  Lc  main.o [1]
EnableIRQ               0x000190bd    0x18  Code  Lc  UART.o [1]
Enum_CARD_EVENT         0x1fff8d45     0x1  Data  Gb  SDCardTask.o [1]
FTM0_IRQHandler         0x00019e49    0x92  Code  Gb  main.o [1]
FTM_ClearStatusFlags    0x0001b1cd    0x32  Code  Gb  fsl_ftm.o [1]
FTM_EnableInterrupts    0x0001b163    0x46  Code  Gb  fsl_ftm.o [1]
FTM_GetDefaultConfig    0x0001b115    0x4e  Code  Gb  fsl_ftm.o [1]
FTM_GetInstance         0x0001ae91    0x34  Code  Lc  fsl_ftm.o [1]
FTM_Init                0x0001b06f    0xa6  Code  Gb  fsl_ftm.o [1]
FTM_SetPwmSync          0x0001aec5    0xa0  Code  Lc  fsl_ftm.o [1]
FTM_SetReloadPoints     0x0001af65   0x10a  Code  Lc  fsl_ftm.o [1]
FTM_SetTimerPeriod      0x00019ae3     0x4  Code  Lc  main.o [1]
FTM_StartTimer          0x00019ae7    0x14  Code  Lc  main.o [1]
FatFs                   0x1fff008c     0xc  Data  Lc  ff.o [1]
Fsid                    0x1fff8d30     0x2  Data  Lc  ff.o [1]
GPIO_PinInit            0x0001b913    0x42  Code  Gb  fsl_gpio.o [1]
GPIO_ReadPinInput       0x00012f31     0xa  Code  Lc  fsl_sdmmc_host.o [1]
GPIO_ReadPinInput       0x0001b9ef     0xa  Code  Lc  SHT1x.o [1]
GPIO_TogglePinsOutput   0x0001c177     0x4  Code  Lc  ProcessTask.o [1]
GPIO_WritePinOutput     0x0001b8f9    0x1a  Code  Lc  fsl_gpio.o [1]
GPIO_WritePinOutput     0x00019b15    0x1a  Code  Lc  main.o [1]
GPIO_WritePinOutput     0x0001c15d    0x1a  Code  Lc  ProcessTask.o [1]
GPIO_WritePinOutput     0x0001b9d5    0x1a  Code  Lc  SHT1x.o [1]
GPIO_WritePinOutput     0x0001c985    0x1a  Code  Lc  WhoAmITask.o [1]
I2C0_DriverIRQHandler   0x0001cbbf     0xe  Code  Gb  fsl_i2c.o [1]
I2C1_DriverIRQHandler   0x0001cbcd     0xe  Code  Gb  fsl_i2c.o [1]
I2C2_DriverIRQHandler   0x0001cbdb     0xe  Code  Gb  fsl_i2c.o [1]
I2C_TransferCommonIRQHandler
                        0x0001cb99    0x26  Code  Lc  fsl_i2c.o [1]
LfnBuf                  0x1fff0098   0x200  Data  Lc  ff.o [1]
LfnOfs                  0x0001e368    0x10  Data  Lc  ff.o [1]
LoadInt                 0x0001578b    0x6e  Code  Lc  xprintffull.o [3]
NVIC_DisableIRQ         0x00012373    0x16  Code  Lc  fsl_sdhc.o [1]
NVIC_EnableIRQ          0x0001235d    0x16  Code  Lc  fsl_sdhc.o [1]
NVIC_EnableIRQ          0x00012ee1    0x16  Code  Lc  fsl_sdmmc_host.o [1]
NVIC_EnableIRQ          0x00019ab1    0x16  Code  Lc  main.o [1]
NVIC_EnableIRQ          0x00019079    0x14  Code  Lc  UART.o [1]
NVIC_SetPriority        0x00012ef7    0x22  Code  Lc  fsl_sdmmc_host.o [1]
NVIC_SetPriority        0x0001c441    0x22  Code  Lc  SDCardTask.o [1]
NVIC_SetPriority        0x0001908d    0x22  Code  Lc  UART.o [1]
NVIC_SystemReset        0x0001c141    0x1c  Code  Lc  ProcessTask.o [1]
NVIC_SystemReset        0x0001c463    0x1c  Code  Lc  SDCardTask.o [1]
PORTE_IRQHandler        0x0001313b    0x26  Code  Gb  fsl_sdmmc_host.o [1]
PORT_ClearPinsInterruptFlags
                        0x00012f91     0x6  Code  Lc  fsl_sdmmc_host.o [1]
PORT_GetPinsInterruptFlags
                        0x00012f8b     0x6  Code  Lc  fsl_sdmmc_host.o [1]
PORT_SetPinConfig       0x0001aa29    0x26  Code  Lc  pin_mux.o [1]
PORT_SetPinInterruptConfig
                        0x00012f73    0x18  Code  Lc  fsl_sdmmc_host.o [1]
PORT_SetPinMux          0x0001aa4f    0x18  Code  Lc  pin_mux.o [1]
PendSV_Handler          0x0001513d          Code  Gb  portasm.o [1]
RW$$Base                0x1fff0000           --   Gb  - Linker created -
RW$$Limit               0x1fff008c           --   Gb  - Linker created -
Region$$Table$$Base     0x0001defc           --   Gb  - Linker created -
Region$$Table$$Limit    0x0001df20           --   Gb  - Linker created -
SDCARD_DetectCallBack   0x0001c611     0xc  Code  Lc  SDCardTask.o [1]
SDHC_CardDetectByData3  0x00012f59    0x1a  Code  Lc  fsl_sdmmc_host.o [1]
SDHC_ClearInterruptStatusFlags
                        0x00012413     0x4  Code  Lc  fsl_sdhc.o [1]
SDHC_Deinit             0x00012937    0x14  Code  Gb  fsl_sdhc.o [1]
SDHC_DisableInterruptSignal
                        0x00012405     0xa  Code  Lc  fsl_sdhc.o [1]
SDHC_DisableInterruptSignal
                        0x00012f4b     0xa  Code  Lc  fsl_sdmmc_host.o [1]
SDHC_DisableInterruptStatus
                        0x000123f3     0xa  Code  Lc  fsl_sdhc.o [1]
SDHC_DriverIRQHandler   0x00012e59    0x2c  Code  Gb  fsl_sdhc.o [1]
SDHC_EnableInterruptSignal
                        0x000123fd     0x8  Code  Lc  fsl_sdhc.o [1]
SDHC_EnableInterruptSignal
                        0x00012f43     0x8  Code  Lc  fsl_sdmmc_host.o [1]
SDHC_EnableInterruptStatus
                        0x000123eb     0x8  Code  Lc  fsl_sdhc.o [1]
SDHC_EnableInterruptStatus
                        0x00012f3b     0x8  Code  Lc  fsl_sdmmc_host.o [1]
SDHC_EnableSdClock      0x00011fc1    0x1a  Code  Lc  fsl_sdmmc_common.o [1]
SDHC_GetCapability      0x0001297f    0x54  Code  Gb  fsl_sdhc.o [1]
SDHC_GetCommandResponse
                        0x0001241b    0x26  Code  Lc  fsl_sdhc.o [1]
SDHC_GetInstance        0x00012449    0x3a  Code  Lc  fsl_sdhc.o [1]
SDHC_GetInterruptStatusFlags
                        0x0001240f     0x4  Code  Lc  fsl_sdhc.o [1]
SDHC_GetPresentStatusFlags
                        0x000109b9     0x4  Code  Lc  fsl_sd.o [1]
SDHC_GetPresentStatusFlags
                        0x00012417     0x4  Code  Lc  fsl_sdhc.o [1]
SDHC_GetPresentStatusFlags
                        0x00011fbd     0x4  Code  Lc  fsl_sdmmc_common.o [1]
SDHC_GetPresentStatusFlags
                        0x00012f55     0x4  Code  Lc  fsl_sdmmc_host.o [1]
SDHC_Init               0x0001284f    0xe8  Code  Gb  fsl_sdhc.o [1]
SDHC_ReadData           0x00012445     0x4  Code  Lc  fsl_sdhc.o [1]
SDHC_ReadDataPort       0x00012653    0x66  Code  Lc  fsl_sdhc.o [1]
SDHC_ReceiveCommandResponse
                        0x000125b7    0x9c  Code  Lc  fsl_sdhc.o [1]
SDHC_Reset              0x0001294b    0x34  Code  Gb  fsl_sdhc.o [1]
SDHC_SetAdmaTableConfig
                        0x00012b3d   0x104  Code  Gb  fsl_sdhc.o [1]
SDHC_SetCardActive      0x00012a89    0x2e  Code  Gb  fsl_sdhc.o [1]
SDHC_SetDataBusWidth    0x000109bd    0x14  Code  Lc  fsl_sd.o [1]
SDHC_SetSdClock         0x000129d3    0xb6  Code  Gb  fsl_sdhc.o [1]
SDHC_SetTransferConfig  0x00012ab7    0x86  Code  Gb  fsl_sdhc.o [1]
SDHC_SetTransferInterrupt
                        0x00012483    0x58  Code  Lc  fsl_sdhc.o [1]
SDHC_StartTransfer      0x000124db    0xdc  Code  Lc  fsl_sdhc.o [1]
SDHC_TransferCreateHandle
                        0x00012c45    0x7e  Code  Gb  fsl_sdhc.o [1]
SDHC_TransferHandleCardDetect
                        0x0001271f    0x24  Code  Lc  fsl_sdhc.o [1]
SDHC_TransferHandleCommand
                        0x00012743    0x66  Code  Lc  fsl_sdhc.o [1]
SDHC_TransferHandleData
                        0x000127a9    0x82  Code  Lc  fsl_sdhc.o [1]
SDHC_TransferHandleIRQ  0x00012dd9    0x80  Code  Gb  fsl_sdhc.o [1]
SDHC_TransferHandleSdioBlockGap
                        0x0001283d    0x12  Code  Lc  fsl_sdhc.o [1]
SDHC_TransferHandleSdioInterrupt
                        0x0001282b    0x12  Code  Lc  fsl_sdhc.o [1]
SDHC_TransferNonBlocking
                        0x00012ce1    0xee  Code  Gb  fsl_sdhc.o [1]
SDHC_WriteData          0x00012441     0x4  Code  Lc  fsl_sdhc.o [1]
SDHC_WriteDataPort      0x000126b9    0x66  Code  Lc  fsl_sdhc.o [1]
SDMMCEVENT_Create       0x00013295    0x2c  Code  Gb  fsl_sdmmc_event.o [1]
SDMMCEVENT_Delay        0x0001336d    0x16  Code  Gb  fsl_sdmmc_event.o [1]
SDMMCEVENT_Delete       0x00013359    0x14  Code  Gb  fsl_sdmmc_event.o [1]
SDMMCEVENT_GetInstance  0x0001327d    0x18  Code  Lc  fsl_sdmmc_event.o [1]
SDMMCEVENT_Notify       0x00013309    0x42  Code  Gb  fsl_sdmmc_event.o [1]
SDMMCEVENT_Wait         0x000132c1    0x48  Code  Gb  fsl_sdmmc_event.o [1]
SDMMCHOST_CardDetectDeinit
                        0x00013123    0x10  Code  Lc  fsl_sdmmc_host.o [1]
SDMMCHOST_CardDetectInit
                        0x000130bb    0x68  Code  Lc  fsl_sdmmc_host.o [1]
SDMMCHOST_Deinit        0x0001322f    0x14  Code  Gb  fsl_sdmmc_host.o [1]
SDMMCHOST_Delay         0x00013133     0x8  Code  Gb  fsl_sdmmc_host.o [1]
SDMMCHOST_DetectCardByGpio
                        0x00012f97    0x44  Code  Lc  fsl_sdmmc_host.o [1]
SDMMCHOST_DetectCardInsertByHost
                        0x00012fdb    0x2e  Code  Lc  fsl_sdmmc_host.o [1]
SDMMCHOST_DetectCardRemoveByHost
                        0x00013009    0x1e  Code  Lc  fsl_sdmmc_host.o [1]
SDMMCHOST_ErrorRecovery
                        0x0001308b    0x30  Code  Gb  fsl_sdmmc_host.o [1]
SDMMCHOST_Init          0x00013193    0x66  Code  Gb  fsl_sdmmc_host.o [1]
SDMMCHOST_PowerOffCard  0x00013161    0x14  Code  Gb  fsl_sdmmc_host.o [1]
SDMMCHOST_PowerOnCard   0x00013175    0x1e  Code  Gb  fsl_sdmmc_host.o [1]
SDMMCHOST_Reset         0x0001322d     0x2  Code  Gb  fsl_sdmmc_host.o [1]
SDMMCHOST_TransferCompleteCallback
                        0x00013027    0x1c  Code  Lc  fsl_sdmmc_host.o [1]
SDMMCHOST_TransferFunction
                        0x00013043    0x48  Code  Lc  fsl_sdmmc_host.o [1]
SDMMC_ExecuteTuning     0x0001222b    0x74  Code  Gb  fsl_sdmmc_common.o [1]
SDMMC_GoIdle            0x000120d3    0x54  Code  Gb  fsl_sdmmc_common.o [1]
SDMMC_SelectCard        0x00011fdb    0x82  Code  Gb  fsl_sdmmc_common.o [1]
SDMMC_SendApplicationCommand
                        0x0001205d    0x76  Code  Gb  fsl_sdmmc_common.o [1]
SDMMC_SetBlockSize      0x00012127    0x66  Code  Gb  fsl_sdmmc_common.o [1]
SDMMC_SwitchVoltage     0x0001218d    0x9e  Code  Gb  fsl_sdmmc_common.o [1]
SD_AllSendCid           0x000114bb    0x78  Code  Lc  fsl_sd.o [1]
SD_ApplicationSendOperationCondition
                        0x00011533    0xaa  Code  Lc  fsl_sd.o [1]
SD_CardDeinit           0x00011e17    0x22  Code  Gb  fsl_sd.o [1]
SD_CardInit             0x00011c91   0x186  Code  Gb  fsl_sd.o [1]
SD_DecodeCid            0x0001143f    0x7c  Code  Lc  fsl_sd.o [1]
SD_DecodeCsd            0x000111a7   0x21e  Code  Lc  fsl_sd.o [1]
SD_DecodeScr            0x00010d93    0xfa  Code  Lc  fsl_sd.o [1]
SD_Deinit               0x00011f15    0x12  Code  Gb  fsl_sd.o [1]
SD_ExecuteTuning        0x00010a79    0x2a  Code  Lc  fsl_sd.o [1]
SD_GoIdle               0x00010a29    0x26  Code  Lc  fsl_sd.o [1]
SD_HostDeinit           0x00011e79    0x26  Code  Gb  fsl_sd.o [1]
SD_HostInit             0x00011e39    0x3a  Code  Gb  fsl_sd.o [1]
SD_HostReset            0x00011e9f     0xa  Code  Gb  fsl_sd.o [1]
SD_PowerOffCard         0x00011eb1     0x8  Code  Gb  fsl_sd.o [1]
SD_PowerOnCard          0x00011ea9     0x8  Code  Gb  fsl_sd.o [1]
SD_Read                 0x00011751   0x144  Code  Lc  fsl_sd.o [1]
SD_ReadBlocks           0x00011a15   0x138  Code  Gb  fsl_sd.o [1]
SD_SelectBusTiming      0x00011665    0x84  Code  Lc  fsl_sd.o [1]
SD_SelectCard           0x000109d1    0x2e  Code  Lc  fsl_sd.o [1]
SD_SelectFunction       0x00010f7b   0x192  Code  Lc  fsl_sd.o [1]
SD_SendApplicationCmd   0x000109ff    0x2a  Code  Lc  fsl_sd.o [1]
SD_SendCsd              0x000113c5    0x7a  Code  Lc  fsl_sd.o [1]
SD_SendInterfaceCondition
                        0x000115dd    0x82  Code  Lc  fsl_sd.o [1]
SD_SendRca              0x00010c59    0x6c  Code  Lc  fsl_sd.o [1]
SD_SendScr              0x00010e8d    0xee  Code  Lc  fsl_sd.o [1]
SD_SetBlockSize         0x00010a4f    0x2a  Code  Lc  fsl_sd.o [1]
SD_SetDataBusWidth      0x0001110d    0x9a  Code  Lc  fsl_sd.o [1]
SD_SetDriverStrength    0x000116e9    0x2a  Code  Lc  fsl_sd.o [1]
SD_SetMaxCurrent        0x00011713    0x2a  Code  Lc  fsl_sd.o [1]
SD_StopTransmission     0x00010be5    0x74  Code  Lc  fsl_sd.o [1]
SD_SwitchFunction       0x00010cc5    0xce  Code  Lc  fsl_sd.o [1]
SD_SwitchVoltage        0x00010aa3    0x26  Code  Lc  fsl_sd.o [1]
SD_Transfer             0x00010ac9    0x9a  Code  Lc  fsl_sd.o [1]
SD_WaitWriteComplete    0x00010b63    0x82  Code  Lc  fsl_sd.o [1]
SD_Write                0x000118a5   0x150  Code  Lc  fsl_sd.o [1]
SD_WriteBlocks          0x00011b4d   0x138  Code  Gb  fsl_sd.o [1]
SIM_GetUniqueId         0x0001b201    0x1a  Code  Gb  fsl_sim.o [1]
SMC_GetPowerModeState   0x0001ace7     0x4  Code  Lc  clock_config.o [1]
SMC_SetPowerModeProtection
                        0x0001ace3     0x4  Code  Lc  clock_config.o [1]
SMC_SetPowerModeVlpr    0x0001b95d    0x20  Code  Gb  fsl_smc.o [1]
SPI0_DriverIRQHandler   0x0001c8e1    0x26  Code  Gb  fsl_dspi.o [1]
SPI1_DriverIRQHandler   0x0001c909    0x26  Code  Gb  fsl_dspi.o [1]
SPI2_DriverIRQHandler   0x0001c935    0x26  Code  Gb  fsl_dspi.o [1]
SVC_Handler             0x00015195          Code  Gb  portasm.o [1]
SYSMPU_Enable           0x00019afb    0x1a  Code  Lc  main.o [1]
SysTick_Handler         0x0001494f    0x28  Code  Gb  port.o [1]
SystemCoreClock         0x1fff0080     0x4  Data  Gb  system_MK64F12.o [1]
SystemInit              0x0001d5e1    0x26  Code  Gb  system_MK64F12.o [1]
UART0_DriverIRQHandler  0x000177dd    0x10  Code  Gb  fsl_uart.o [1]
UART0_RX_TX_DriverIRQHandler
                        0x000177ed     0x8  Code  Gb  fsl_uart.o [1]
UART1_RX_TX_IRQHandler  0x00019d41    0x50  Code  Gb  main.o [1]
UART2_DriverIRQHandler  0x000177f5    0x10  Code  Gb  fsl_uart.o [1]
UART2_RX_TX_DriverIRQHandler
                        0x00017805     0x8  Code  Gb  fsl_uart.o [1]
UART3_RX_TX_IRQHandler  0x00019cf1    0x50  Code  Gb  main.o [1]
UART4_RX_TX_IRQHandler  0x00019c97    0x5a  Code  Gb  main.o [1]
UART5_DriverIRQHandler  0x0001781d    0x10  Code  Gb  fsl_uart.o [1]
UART5_RX_TX_DriverIRQHandler
                        0x0001785d     0x8  Code  Gb  fsl_uart.o [1]
UART_EnableInterrupts   0x00017713    0x26  Code  Gb  fsl_uart.o [1]
UART_EnableRx           0x00016a63    0x1a  Code  Lc  fsl_debug_console.o [1]
UART_EnableTx           0x00016a49    0x1a  Code  Lc  fsl_debug_console.o [1]
UART_GetDefaultConfig   0x000176d7    0x3c  Code  Gb  fsl_uart.o [1]
UART_GetInstance        0x000174b1    0x34  Code  Gb  fsl_uart.o [1]
UART_GetStatusFlags     0x00017739    0x1a  Code  Gb  fsl_uart.o [1]
UART_Init               0x000174e5   0x1f2  Code  Gb  fsl_uart.o [1]
UART_ReadBlocking       0x0001776b    0x68  Code  Gb  fsl_uart.o [1]
UART_ReadByte           0x00019adf     0x4  Code  Lc  main.o [1]
UART_WriteBlocking      0x00017753    0x18  Code  Gb  fsl_uart.o [1]
WDOG_GetDefaultConfig   0x0001ad79    0x46  Code  Gb  fsl_wdog.o [1]
WDOG_Init               0x0001adbf    0x94  Code  Gb  fsl_wdog.o [1]
WDOG_Refresh            0x0001ae5d    0x1c  Code  Gb  fsl_wdog.o [1]
WDOG_Unlock             0x0001ad6b     0xe  Code  Lc  fsl_wdog.o [1]
ZI$$Base                0x1fff008c           --   Gb  - Linker created -
ZI$$Limit               0x1fff8d4c           --   Gb  - Linker created -
_EVENT_SYS              0x1fff8d3a     0x2  Data  Gb  main.o [1]
_GenldFull              0x00015d05   0x26a  Code  Lc  xprintffull.o [3]
_LdtobFull              0x00015905   0x3fa  Code  Lc  xprintffull.o [3]
_LitobFull              0x000157f9   0x10a  Code  Lc  xprintffull.o [3]
_PrintfFull             0x000151e5   0x5a0  Code  Gb  xprintffull.o [3]
_PutcharsFull           0x00015f6f    0x2e  Code  Lc  xprintffull.o [3]
_SHT1x_Func_Index       0x1fff004c    0x24  Data  Gb  SHT1x.o [1]
_SHT1x_IO_Soil_Index    0x1fff0070    0x10  Data  Gb  SS_TempAndHumi.o [1]
_SProut                 0x00011f27     0xa  Code  Gb  xsprout.o [3]
_Stoflt                 0x0001b34d   0x1ac  Code  Gb  xstoflt.o [3]
_Stopfx                 0x0001b22d   0x11e  Code  Gb  xstopfx.o [3]
_Stoxflt                0x0001b6f9   0x1cc  Code  Gb  xstoxflt.o [3]
_Stoxflt::digits        0x0001b8c8    0x18  Data  Lc  xstoxflt.o [3]
_Stoxflt::vals          0x0001b8e0    0x18  Data  Lc  xstoxflt.o [3]
__RAM_VECTOR_TABLE_SIZE {Abs}
                        0x00000000          Data  Gb  command line/config [2]
__VECTOR_RAM {Abs}      0x00000000          Data  Gb  command line/config [2]
__VECTOR_TABLE {Abs}    0x00000000          Data  Gb  command line/config [2]
__Vectors               0x00000000           --   Gb  startup_MK64F12.o [1]
__Vectors_End           0x00000400          Data  Gb  startup_MK64F12.o [1]
__Vectors_Size {Abs}    0x00000400           --   Gb  startup_MK64F12.o [1]
__aeabi_assert          0x00011f99    0x24  Code  Gb  ABIassert.o [6]
__aeabi_cdcmpeq         0x00017865          Code  Gb  DblCmpEq.o [4]
__aeabi_cdcmple         0x000161d9          Code  Gb  DblCmpLe.o [4]
__aeabi_cdrcmple        0x00016209          Code  Gb  DblCmpGe.o [4]
__aeabi_d2f             0x000199d1          Code  Gb  DblToFlt.o [4]
__aeabi_d2iz            0x0001634d          Code  Gb  DblToI32.o [4]
__aeabi_d2lz            0x00018259          Code  Gb  DblToI64.o [4]
__aeabi_d2uiz           0x00016379          Code  Gb  DblToI32.o [4]
__aeabi_dadd            0x00016961          Code  Gb  DblAdd.o [4]
__aeabi_ddiv            0x000166f9          Code  Gb  DblDiv.o [4]
__aeabi_dmul            0x00016555          Code  Gb  DblMul.o [4]
__aeabi_dsub            0x000163d5          Code  Gb  DblSub.o [4]
__aeabi_errno_addr      0x000183ad     0x6  Code  Gb  errno.o [3]
__aeabi_f2d             0x00019a61          Code  Gb  FltToDbl.o [4]
__aeabi_i2d             0x000163a5          Code  Gb  I32ToDbl.o [4]
__aeabi_l2d             0x000182d5          Code  Gb  I64ToDbl.o [4]
__aeabi_ldiv0           0x0001695d          Code  Gb  I64DivZer.o [5]
__aeabi_ldivmod         0x00016061          Code  Gb  I64DivMod.o [5]
__aeabi_memclr4         0x000122dd          Code  Gb  ABImemclr4.o [5]
__aeabi_memset          0x00011f31          Code  Gb  ABImemset.o [5]
__aeabi_ui2d            0x000163b9          Code  Gb  I32ToDbl.o [4]
__aeabi_uldivmod        0x000160a5          Code  Gb  I64DivMod.o [5]
__cmain                 0x0001e28d          Code  Gb  cmain.o [5]
__exit                  0x00013385    0x14  Code  Gb  exit.o [6]
__iar_Dint              0x0001832d    0x7e  Code  Gb  xdint.o [4]
__iar_Dnorm             0x00016193    0x44  Code  Gb  xdnorm.o [4]
__iar_Dscale            0x00016239   0x114  Code  Gb  xdscale.o [4]
__iar_Dtentox           0x0001b555   0x140  Code  Gb  xdtento.o [4]
__iar_Dtest             0x00018731    0x30  Code  Gb  xdtest.o [4]
__iar_Dunscale          0x0001b97d    0x56  Code  Gb  xdunscal.o [4]
__iar_Errno             0x1fff0084     0x4  Data  Gb  errno.o [3]
__iar_Exp               0x00018469   0x2be  Code  Gb  xexp.o [4]
__iar_Logpoly           0x000183b9    0x76  Code  Gb  xlog.o [4]
__iar_Memchr            0x00016009          Code  Gb  memchr.o [5]
__iar_Memset            0x00011f31          Code  Gb  ABImemset.o [5]
__iar_Memset4_word      0x00013249          Code  Gb  ABImemset48.o [5]
__iar_Memset8_word      0x00013249          Code  Gb  ABImemset48.o [5]
__iar_Memset_word       0x00011f39          Code  Gb  ABImemset.o [5]
__iar_Stod              0x0001aa0d     0x4  Code  Gb  xstod.o [4]
__iar_Stodx             0x0001a8a9   0x14e  Code  Gb  xstod.o [4]
__iar_Stoul             0x0001a74d     0x4  Code  Gb  xstoul.o [3]
__iar_Stoulx            0x0001a605   0x142  Code  Gb  xstoul.o [3]
__iar_Strchr            0x00015fb9          Code  Gb  strchr.o [5]
__iar_copy_init3        0x0001d9fd    0x2c  Code  Gb  copy_init3.o [5]
__iar_d2uiz             0x00016385          Code  Gb  DblToI32.o [4]
__iar_dadd              0x00016975          Code  Gb  DblAdd.o [4]
__iar_data_init3        0x0001dd49    0x28  Code  Gb  data_init.o [5]
__iar_dlfree            0x00019469   0x51a  Code  Gb  dlmalloc.o [3]
__iar_dlib_perthread_access
                        0x0001872f     0x2  Code  Gb  xtls.o [3]
__iar_dsub              0x000163e9          Code  Gb  DblSub.o [4]
__iar_dsubStart         0x000163fb          Code  Gb  DblSub.o [4]
__iar_init_vfp          0x0001ded9          Code  Gb  fpinit_M.o [4]
__iar_modf              0x0001789d          Code  Gb  modf.o [4]
__iar_modfl             0x0001789d          Code  Gb  modf.o [4]
__iar_program_start     0x0001e50d          Code  Gb  cstartup_M.o [5]
__iar_ui2d              0x000163bd          Code  Gb  I32ToDbl.o [4]
__iar_ul2d              0x000182f1          Code  Gb  I64ToDbl.o [4]
__iar_unaligned___aeabi_memcpy
                        0x000122e5          Code  Gb  ABImemcpy_unaligned.o [5]
__iar_unaligned___aeabi_memcpy4
                        0x00012305          Code  Gb  ABImemcpy_unaligned.o [5]
__iar_unaligned___aeabi_memcpy8
                        0x00012305          Code  Gb  ABImemcpy_unaligned.o [5]
__iar_unaligned_strcmp  0x00019139          Code  Gb  strcmp_unaligned.o [5]
__iar_vfp_atof          0x000199c1    0x10  Code  Gb  atof.o [4]
__iar_vfp_modf          0x00017885          Code  Gb  modf.o [4]
__iar_vfp_modfl         0x00017885          Code  Gb  modf.o [4]
__iar_vfp_pow           0x00017e19    0x18  Code  Gb  pow.o [4]
__iar_zero_init3        0x0001d349    0x40  Code  Gb  zero_init3.o [5]
__low_level_init        0x0001e2a7     0x4  Code  Gb  low_level_init.o [3]
__vector_table          0x00000000          Data  Gb  startup_MK64F12.o [1]
__vector_table_0x1c     0x0000001c          Data  Gb  startup_MK64F12.o [1]
_call_main              0x0001e299          Code  Gb  cmain.o [5]
_exit                   0x0001e2b1          Code  Gb  cexit.o [5]
_gm_                    0x1fff8b58   0x1d8  Data  Lc  dlmalloc.o [3]
_main                   0x0001e2a3          Code  Gb  cmain.o [5]
abort                   0x00013243     0x6  Code  Gb  abort.o [3]
atoi                    0x0001917b     0x8  Code  Gb  atoi.o [3]
bData_Sending           0x1fff8d44     0x1  Data  Gb  ProcessTask.o [1]
bFileAccess_Open        0x0001a7a1    0x26  Code  Gb  FileAccess.o [1]
bFileAccess_Read_All    0x0001a7cb    0x7c  Code  Gb  FileAccess.o [1]
bFileAccess_Write_All   0x0001a847    0x52  Code  Gb  FileAccess.o [1]
bSDCardTask_MMC_Access  0x0001c61d    0x32  Code  Lc  SDCardTask.o [1]
bSensor_Feedback        0x1fff8d48     0x1  Data  Gb  SensorTask.o [1]
bUserFile_ReadAll       0x000192b7   0x118  Code  Gb  UserFile.o [1]
bUserFile_ReadFile      0x00019185    0xb6  Code  Gb  UserFile.o [1]
bUserFile_WriteFile     0x0001923b    0x7c  Code  Gb  UserFile.o [1]
cID_EndDevice           0x1fff8430    0x14  Data  Gb  main.o [1]
check_fs                0x0000fc0f    0x76  Code  Lc  ff.o [1]
chk_chr                 0x0000eb8b    0x14  Code  Lc  ff.o [1]
clst2sect               0x0000edc3    0x18  Code  Lc  ff.o [1]
cmp_lfn                 0x0000f3e5    0xa2  Code  Lc  ff.o [1]
create_chain            0x0000f041   0x11e  Code  Lc  ff.o [1]
create_name             0x0000f845   0x2c8  Code  Lc  ff.o [1]
dbc_1st                 0x0000eb9f    0x42  Code  Lc  ff.o [1]
dbc_2nd                 0x0000ebe1    0x62  Code  Lc  ff.o [1]
digits                  0x0001a750    0x28  Data  Lc  xstoul.o [3]
dir_alloc               0x0000f33d    0x5a  Code  Lc  ff.o [1]
dir_clear               0x0000f15f    0x68  Code  Lc  ff.o [1]
dir_find                0x0000f5df   0x10e  Code  Lc  ff.o [1]
dir_next                0x0000f26b    0xd2  Code  Lc  ff.o [1]
dir_register            0x0000f6ed   0x158  Code  Lc  ff.o [1]
dir_sdi                 0x0000f1c7    0xa4  Code  Lc  ff.o [1]
disk_initialize         0x00010863    0x16  Code  Gb  diskio.o [1]
disk_ioctl              0x000108a9    0x18  Code  Gb  diskio.o [1]
disk_read               0x00010879    0x18  Code  Gb  diskio.o [1]
disk_status             0x0001084d    0x16  Code  Gb  diskio.o [1]
disk_write              0x00010891    0x18  Code  Gb  diskio.o [1]
div                     0x0001694f     0xe  Code  Gb  div.o [3]
dmul                    0x0001b4f9    0x5a  Code  Lc  xdtento.o [4]
driverNumberBuffer      0x0001e8a4     0x4  Data  Gb  SDCardTask.o [1]
exit                    0x0001e2ab     0x4  Code  Gb  exit.o [3]
f_chdrive               0x00010685    0x18  Code  Gb  ff.o [1]
f_close                 0x0001065d    0x28  Code  Gb  ff.o [1]
f_mount                 0x0000ffd1    0x58  Code  Gb  ff.o [1]
f_open                  0x00010029   0x1f2  Code  Gb  ff.o [1]
f_read                  0x00010221   0x1ae  Code  Gb  ff.o [1]
f_sync                  0x000105c3    0x9a  Code  Gb  ff.o [1]
f_write                 0x000103cf   0x1f4  Code  Gb  ff.o [1]
ff_oem2uni              0x0001072b    0x62  Code  Gb  ffunicode.o [1]
ff_uni2oem              0x000106c5    0x66  Code  Gb  ffunicode.o [1]
ff_wtoupper             0x0001078d    0xae  Code  Gb  ffunicode.o [1]
ff_wtoupper::cvt1       0x0001c6bc   0x1f4  Data  Lc  ffunicode.o [1]
ff_wtoupper::cvt2       0x0001ca50    0xbc  Data  Lc  ffunicode.o [1]
find_volume             0x0000fc91   0x2fa  Code  Lc  ff.o [1]
follow_path             0x0000fb0d    0xb2  Code  Lc  ff.o [1]
g_defaultClockConfigVlpr
                        0x0001df20    0x20  Data  Gb  clock_config.o [1]
g_dspiHandle            0x1fff02b0     0xc  Data  Lc  fsl_dspi.o [1]
g_eventCardDetect       0x1fff05a0     0x4  Data  Lc  fsl_sdmmc_event.o [1]
g_eventTransferComplete
                        0x1fff059c     0x4  Data  Lc  fsl_sdmmc_event.o [1]
g_fileSystem            0x1fff848c   0x238  Data  Lc  SDCardTask.o [1]
g_sd                    0x1fff02d8    0xbc  Data  Gb  fsl_sd_disk.o [1]
g_sdmmc                 0x1fff039c   0x200  Data  Gb  fsl_sdmmc_common.o [1]
g_xtal0Freq             0x1fff0298     0x4  Data  Gb  fsl_clock.o [1]
g_xtal32Freq            0x1fff029c     0x4  Data  Gb  fsl_clock.o [1]
gen_numname             0x0000f51d    0xa2  Code  Lc  ff.o [1]
get_fat                 0x0000eddb    0xca  Code  Lc  ff.o [1]
get_ldnumber            0x0000fbbf    0x50  Code  Lc  ff.o [1]
iSHT1x_ReadRaw          0x0001b9f9   0x196  Code  Lc  SHT1x.o [1]
init_mparams            0x00019429    0x32  Code  Lc  dlmalloc.o [3]
internal_Pow            0x00017999   0x474  Code  Lc  pow.o [4]
ld_clust                0x0000f397    0x26  Code  Lc  ff.o [1]
ld_dword                0x0000eb0f    0x18  Code  Lc  ff.o [1]
ld_word                 0x0000eb01     0xe  Code  Lc  ff.o [1]
lnbias                  0x00017e38   0x420  Data  Lc  pow.o [4]
main                    0x00019b2f    0xf8  Code  Gb  main.o [1]
mem_cmp                 0x0000eb6d    0x1e  Code  Lc  ff.o [1]
mem_cpy                 0x0000eb4d    0x14  Code  Lc  ff.o [1]
mem_set                 0x0000eb61     0xc  Code  Lc  ff.o [1]
memchr                  0x00016009          Code  Gb  memchr.o [5]
move_window             0x0000ecef    0x3c  Code  Lc  ff.o [1]
mparams                 0x1fff8b40    0x18  Data  Lc  dlmalloc.o [3]
ndigs                   0x0001a778    0x28  Data  Lc  xstoul.o [3]
oem2uni932              0x00007788  0x7378  Data  Lc  ffunicode.o [1]
pcInterruptPriorityRegisters
                        0x0001e8a0     0x4  Data  Lc  port.o [1]
pows                    0x0001b6b0    0x48  Data  Lc  xdtento.o [4]
prvAddCurrentTaskToDelayedList
                        0x00014701    0x80  Code  Lc  tasks.o [1]
prvAddNewTaskToReadyList
                        0x00013cd3    0xc0  Code  Lc  tasks.o [1]
prvCheckForValidListAndQueue
                        0x00015097    0x4c  Code  Lc  timers.o [1]
prvCheckTasksWaitingTermination
                        0x000144a1    0x64  Code  Lc  tasks.o [1]
prvCopyDataFromQueue    0x00013a23    0x2a  Code  Lc  queue.o [1]
prvCopyDataToQueue      0x0001399d    0x86  Code  Lc  queue.o [1]
prvDeleteTCB            0x00014505    0x12  Code  Lc  tasks.o [1]
prvGetNextExpireTime    0x00014e8f    0x2a  Code  Lc  timers.o [1]
prvHeapInit             0x00014c0f    0x64  Code  Lc  heap_4.o [1]
prvIdleTask             0x00014411    0x24  Code  Lc  tasks.o [1]
prvInitialiseNewQueue   0x00013475    0x22  Code  Lc  queue.o [1]
prvInitialiseNewTask    0x00013c0f    0xc4  Code  Lc  tasks.o [1]
prvInitialiseTaskLists  0x0001443d    0x56  Code  Lc  tasks.o [1]
prvInsertBlockIntoFreeList
                        0x00014c73    0x5c  Code  Lc  heap_4.o [1]
prvInsertTimerInActiveList
                        0x00014ee1    0x3e  Code  Lc  timers.o [1]
prvIsQueueEmpty         0x00013abb    0x1c  Code  Lc  queue.o [1]
prvIsQueueFull          0x00013ad7    0x1e  Code  Lc  queue.o [1]
prvProcessExpiredTimer  0x00014da5    0x5c  Code  Lc  timers.o [1]
prvProcessReceivedCommands
                        0x00014f1f    0xfa  Code  Lc  timers.o [1]
prvProcessTimerOrBlockTask
                        0x00014e19    0x76  Code  Lc  timers.o [1]
prvResetNextTaskUnblockTime
                        0x00014517    0x28  Code  Lc  tasks.o [1]
prvSampleTimeNow        0x00014eb9    0x28  Code  Lc  timers.o [1]
prvSampleTimeNow::xLastTime
                        0x1fff8b3c     0x4  Data  Lc  timers.o [1]
prvSwitchTimerLists     0x00015019    0x7e  Code  Lc  timers.o [1]
prvTaskExitError        0x000147ed    0x2a  Code  Lc  port.o [1]
prvTaskIsTaskSuspended  0x00013eb5    0x36  Code  Lc  tasks.o [1]
prvTimerTask            0x00014e05    0x14  Code  Lc  timers.o [1]
prvUnlockQueue          0x00013a4d    0x6e  Code  Lc  queue.o [1]
put_fat                 0x0000eea5   0x112  Code  Lc  ff.o [1]
put_lfn                 0x0000f487    0x88  Code  Lc  ff.o [1]
pvPortMalloc            0x00014a8d   0x10c  Code  Gb  heap_4.o [1]
pvTaskIncrementMutexHeldCount
                        0x000146c9    0x1e  Code  Gb  tasks.o [1]
pxCurrentTCB            0x1fff8a00     0x4  Data  Gb  tasks.o [1]
pxCurrentTimerList      0x1fff8b2c     0x4  Data  Lc  timers.o [1]
pxDelayedTaskList       0x1fff8a90     0x4  Data  Lc  tasks.o [1]
pxEnd                   0x1fff7e10     0x4  Data  Lc  heap_4.o [1]
pxOverflowDelayedTaskList
                        0x1fff8a94     0x4  Data  Lc  tasks.o [1]
pxOverflowTimerList     0x1fff8b30     0x4  Data  Lc  timers.o [1]
pxPortInitialiseStack   0x000147c5    0x28  Code  Gb  port.o [1]
pxReadyTasksLists       0x1fff8a04    0x64  Data  Lc  tasks.o [1]
remove_chain            0x0000efb7    0x8a  Code  Lc  ff.o [1]
s_cardInserted          0x1fff8d46     0x1  Data  Lc  SDCardTask.o [1]
s_debugConsole          0x1fff02a0    0x10  Data  Lc  fsl_debug_console.o [1]
s_dspiMasterIsr         0x1fff02bc     0x4  Data  Lc  fsl_dspi.o [1]
s_dspiSlaveIsr          0x1fff02c0     0x4  Data  Lc  fsl_dspi.o [1]
s_fastIrcFreq           0x1fff0004     0x4  Data  Lc  fsl_clock.o [1]
s_ftmBases              0x0001e3c8    0x10  Data  Lc  fsl_ftm.o [1]
s_ftmClocks             0x0001e3d8    0x10  Data  Lc  fsl_ftm.o [1]
s_i2cHandle             0x1fff02c4     0xc  Data  Lc  fsl_i2c.o [1]
s_i2cMasterIsr          0x1fff02d0     0x4  Data  Lc  fsl_i2c.o [1]
s_i2cSlaveIsr           0x1fff02d4     0x4  Data  Lc  fsl_i2c.o [1]
s_sdCardDetect          0x0001e354    0x14  Data  Lc  SDCardTask.o [1]
s_sdInsertedFlag        0x1fff8d41     0x1  Data  Lc  fsl_sdmmc_host.o [1]
s_sdhcAdmaTable         0x1fff05cc    0x20  Data  Lc  fsl_sdmmc_host.o [1]
s_sdhcBase              0x0001e870     0x4  Data  Lc  fsl_sdhc.o [1]
s_sdhcClock             0x0001e874     0x4  Data  Lc  fsl_sdhc.o [1]
s_sdhcHandle            0x1fff0394     0x4  Data  Lc  fsl_sdhc.o [1]
s_sdhcHandle            0x1fff05a4    0x28  Data  Lc  fsl_sdmmc_host.o [1]
s_sdhcIRQ               0x00015fb6     0x1  Data  Lc  fsl_sdhc.o [1]
s_sdhcIsr               0x1fff0398     0x4  Data  Lc  fsl_sdhc.o [1]
s_sdhcTransferSuccessFlag
                        0x1fff0088     0x1  Data  Lc  fsl_sdmmc_host.o [1]
s_slowIrcFreq           0x1fff0000     0x4  Data  Lc  fsl_clock.o [1]
s_uartBases             0x0001e2d4    0x18  Data  Lc  fsl_uart.o [1]
s_uartClock             0x0001e2ec    0x18  Data  Lc  fsl_uart.o [1]
s_uartHandle            0x1fff05ec    0x18  Data  Lc  fsl_uart.o [1]
s_uartIsr               0x1fff0604     0x4  Data  Lc  fsl_uart.o [1]
sd_disk_initialize      0x0001096f    0x44  Code  Gb  fsl_sd_disk.o [1]
sd_disk_ioctl           0x00010901    0x60  Code  Gb  fsl_sd_disk.o [1]
sd_disk_read            0x000108e1    0x20  Code  Gb  fsl_sd_disk.o [1]
sd_disk_status          0x00010961     0xe  Code  Gb  fsl_sd_disk.o [1]
sd_disk_write           0x000108c1    0x20  Code  Gb  fsl_sd_disk.o [1]
segment_holding         0x0001940d    0x1c  Code  Lc  dlmalloc.o [3]
sprintf                 0x0001998d    0x34  Code  Gb  sprintf.o [3]
st_clust                0x0000f3bd    0x28  Code  Lc  ff.o [1]
st_dword                0x0000eb35    0x18  Code  Lc  ff.o [1]
st_word                 0x0000eb27     0xe  Code  Lc  ff.o [1]
strchr                  0x00015fb9          Code  Gb  strchr.o [5]
strlen                  0x00015fd1          Code  Gb  strlen.o [5]
sum_sfn                 0x0000f5bf    0x20  Code  Lc  ff.o [1]
sync_fs                 0x0000ed2b    0x98  Code  Lc  ff.o [1]
sync_window             0x0000ec9f    0x50  Code  Lc  ff.o [1]
tchar2uni               0x0000ec43    0x5c  Code  Lc  ff.o [1]
uError_Counter          0x1fff8d47     0x1  Data  Gb  SDCardTask.o [1]
uLedStatus              0x1fff8d42     0x1  Data  Gb  main.o [1]
uReadSS_Counter         0x1fff89fc     0x4  Data  Gb  SensorTask.o [1]
uResend_Counter         0x1fff8d3e     0x2  Data  Gb  ProcessTask.o [1]
uSHT1x_Data_In          0x0001bd25     0xc  Code  Lc  SHT1x.o [1]
uSendData_Counter       0x1fff8448     0x4  Data  Gb  ProcessTask.o [1]
uUART_CONN_RX_Buffer    0x1fff7e20   0x204  Data  Gb  main.o [1]
uUART_EC_RX_Buffer      0x1fff8024   0x204  Data  Gb  main.o [1]
uUART_PH_RX_Buffer      0x1fff8228   0x204  Data  Gb  main.o [1]
ucHeap                  0x1fff0608  0x7800  Data  Lc  heap_4.o [1]
ucMaxSysCallPriority    0x1fff8d43     0x1  Data  Lc  port.o [1]
ui16SecCounter          0x1fff8d34     0x2  Data  Gb  main.o [1]
ui16SendCounter         0x1fff8d38     0x2  Data  Gb  main.o [1]
ui16WAMICounter         0x1fff8d36     0x2  Data  Gb  main.o [1]
uiSendWait_Counter      0x1fff8d3c     0x2  Data  Gb  ProcessTask.o [1]
uiTimerCounter          0x1fff8d32     0x2  Data  Gb  main.o [1]
ulMaxPRIGROUPValue      0x1fff8444     0x4  Data  Lc  port.o [1]
uni2oem932              0x00000410  0x7378  Data  Lc  ffunicode.o [1]
uxCriticalNesting       0x1fff0048     0x4  Data  Lc  port.o [1]
uxCurrentNumberOfTasks  0x1fff8ad8     0x4  Data  Lc  tasks.o [1]
uxDeletedTasksWaitingCleanUp
                        0x1fff8ac0     0x4  Data  Lc  tasks.o [1]
uxListRemove            0x00014a67    0x26  Code  Gb  list.o [1]
uxPendedTicks           0x1fff8ae8     0x4  Data  Lc  tasks.o [1]
uxSchedulerSuspended    0x1fff8b00     0x4  Data  Lc  tasks.o [1]
uxTaskNumber            0x1fff8af4     0x4  Data  Lc  tasks.o [1]
uxTopReadyPriority      0x1fff8ae0     0x4  Data  Lc  tasks.o [1]
vListInitialise         0x000149f5    0x1e  Code  Gb  list.o [1]
vListInitialiseItem     0x00014a13     0x6  Code  Gb  list.o [1]
vListInsert             0x00014a31    0x36  Code  Gb  list.o [1]
vListInsertEnd          0x00014a19    0x18  Code  Gb  list.o [1]
vMain_GetUniqueID       0x00019edb    0xec  Code  Gb  main.o [1]
vMain_InitWatchdog      0x00019d99    0x4c  Code  Gb  main.o [1]
vMain_Peripheral_Init   0x00019c27    0x70  Code  Gb  main.o [1]
vMain_RefreshWDT        0x00019de5     0xc  Code  Gb  main.o [1]
vMain_TimerInit         0x00019df1    0x58  Code  Gb  main.o [1]
vMain_setEvent          0x00019fc7     0xc  Code  Gb  main.o [1]
vPacketHandle_Coppy     0x00019049    0x2e  Code  Gb  PacketHandle.o [1]
vPacketHandle_HandleMessage
                        0x00018ad5    0xf0  Code  Gb  PacketHandle.o [1]
vPacketHandle_HandleMessageConfig
                        0x00018bc5   0x272  Code  Gb  PacketHandle.o [1]
vPacketHandle_HandleMessageRequest
                        0x00018e37    0xce  Code  Gb  PacketHandle.o [1]
vPacketHandle_HandleMessageResponse
                        0x00018f05    0x40  Code  Gb  PacketHandle.o [1]
vPacketHandle_HandleMessageWhoAmI
                        0x00018f51    0x2e  Code  Gb  PacketHandle.o [1]
vPacketHandle_SendMessage
                        0x00018771   0x160  Code  Gb  PacketHandle.o [1]
vPacketHandle_SendWhoAmI
                        0x00018f7f    0x2a  Code  Gb  PacketHandle.o [1]
vPortEnableVFP          0x000151c9          Code  Gb  portasm.o [1]
vPortEnterCritical      0x000148e3    0x3a  Code  Gb  port.o [1]
vPortExitCritical       0x0001491d    0x32  Code  Gb  port.o [1]
vPortFree               0x00014b99    0x76  Code  Gb  heap_4.o [1]
vPortSetupTimerInterrupt
                        0x0001510d    0x30  Code  Wk  fsl_tickless_systick.o [1]
vPortStartFirstTask     0x000151b1          Code  Gb  portasm.o [1]
vPortValidateInterruptPriority
                        0x00014979    0x4a  Code  Gb  port.o [1]
vProcessTask_CheckEvent
                        0x0001c241   0x196  Code  Lc  ProcessTask.o [1]
vProcessTask_Task       0x0001c17b    0xc6  Code  Gb  ProcessTask.o [1]
vQueueAddToRegistry     0x00013af5    0x24  Code  Gb  queue.o [1]
vQueueDelete            0x00013977    0x26  Code  Gb  queue.o [1]
vQueueUnregisterQueue   0x00013b19    0x2a  Code  Gb  queue.o [1]
vQueueWaitForMessageRestricted
                        0x00013b4d    0x4a  Code  Gb  queue.o [1]
vSDCardTask_Run         0x0001c47f   0x192  Code  Gb  SDCardTask.o [1]
vSHT11_Read             0x0001bb8f    0xc2  Code  Gb  SHT1x.o [1]
vSHT1x_ClkDir_In        0x0001bc8d    0x14  Code  Lc  SHT1x.o [1]
vSHT1x_ClkDir_Out       0x0001bc79    0x14  Code  Lc  SHT1x.o [1]
vSHT1x_ClkOut_High      0x0001bd09     0xe  Code  Lc  SHT1x.o [1]
vSHT1x_ClkOut_Low       0x0001bd17     0xe  Code  Lc  SHT1x.o [1]
vSHT1x_DataDir_In       0x0001bc65    0x14  Code  Lc  SHT1x.o [1]
vSHT1x_DataDir_Out      0x0001bc51    0x14  Code  Lc  SHT1x.o [1]
vSHT1x_DataOut_High     0x0001bced     0xe  Code  Lc  SHT1x.o [1]
vSHT1x_DataOut_Low      0x0001bcfb     0xe  Code  Lc  SHT1x.o [1]
vSS_EC_Atlas_Init       0x0001c105    0x1c  Code  Gb  SS_EC_Atlas.o [1]
vSS_EC_Atlas_Read       0x0001c121    0x10  Code  Gb  SS_EC_Atlas.o [1]
vSS_EC_Atlas_SendCMD    0x0001c0ed    0x18  Code  Gb  SS_EC_Atlas.o [1]
vSS_EC_Init             0x0001c07d     0x8  Code  Gb  SS_EC.o [1]
vSS_EC_Read             0x0001c085     0x8  Code  Gb  SS_EC.o [1]
vSS_PH_Atlas_Init       0x0001c0b5    0x1c  Code  Gb  SS_PH_Atlas.o [1]
vSS_PH_Atlas_Read       0x0001c0d1     0xa  Code  Gb  SS_PH_Atlas.o [1]
vSS_PH_Atlas_SendCMD    0x0001c09d    0x18  Code  Lc  SS_PH_Atlas.o [1]
vSS_PH_Init             0x0001c06d     0x8  Code  Gb  SS_PH.o [1]
vSS_PH_Read             0x0001c075     0x8  Code  Gb  SS_PH.o [1]
vSS_TempAndHumi_Soil_Index
                        0x0001c08d     0xa  Code  Gb  SS_TempAndHumi.o [1]
vSensorTask_SetDataSensor
                        0x0001bedf    0xf8  Code  Gb  SensorTask.o [1]
vSensorTask_Task        0x0001bd31   0x1ae  Code  Gb  SensorTask.o [1]
vSensorTask_Wait_SS_Feedback
                        0x0001bfd7    0x28  Code  Lc  SensorTask.o [1]
vTaskDelay              0x00013d93    0x4c  Code  Gb  tasks.o [1]
vTaskMissedYield        0x00014401     0xa  Code  Gb  tasks.o [1]
vTaskPlaceOnEventList   0x0001425f    0x2e  Code  Gb  tasks.o [1]
vTaskPlaceOnEventListRestricted
                        0x0001428d    0x38  Code  Gb  tasks.o [1]
vTaskPriorityInherit    0x0001455f    0xa8  Code  Gb  tasks.o [1]
vTaskResume             0x00013eeb    0x86  Code  Gb  tasks.o [1]
vTaskSetTimeOutState    0x00014359    0x26  Code  Gb  tasks.o [1]
vTaskStartScheduler     0x00013f71    0x6e  Code  Gb  tasks.o [1]
vTaskSuspend            0x00013ddf    0xd6  Code  Gb  tasks.o [1]
vTaskSuspendAll         0x00013fdf    0x10  Code  Gb  tasks.o [1]
vTaskSwitchContext      0x000141f3    0x6c  Code  Gb  tasks.o [1]
vUART_Init              0x000190d5    0x58  Code  Gb  UART.o [1]
vUART_Write             0x0001912d     0xa  Code  Gb  UART.o [1]
vWhoAmITask_Task        0x0001c99f    0x96  Code  Gb  WhoAmITask.o [1]
validate                0x0000ff8b    0x46  Code  Lc  ff.o [1]
xActiveTimerList1       0x1fff8b04    0x14  Data  Lc  timers.o [1]
xActiveTimerList2       0x1fff8b18    0x14  Data  Lc  timers.o [1]
xBlockAllocatedBit      0x1fff7e1c     0x4  Data  Lc  heap_4.o [1]
xDataLocal              0x1fff0008    0x24  Data  Gb  main.o [1]
xDelayedTaskList1       0x1fff8a68    0x14  Data  Lc  tasks.o [1]
xDelayedTaskList2       0x1fff8a7c    0x14  Data  Lc  tasks.o [1]
xFileAccess_GetSizeByID
                        0x0001a7c7     0x4  Code  Lc  FileAccess.o [1]
xFlags                  0x1fff842c     0x4  Data  Gb  main.o [1]
xFreeBytesReMaining     0x1fff7e14     0x4  Data  Lc  heap_4.o [1]
xHeapStructSize         0x0001e878     0x4  Data  Lc  heap_4.o [1]
xIdleTaskHandle         0x1fff8afc     0x4  Data  Lc  tasks.o [1]
xMinimumEverFreeBytesReMaining
                        0x1fff7e18     0x4  Data  Lc  heap_4.o [1]
xNextTaskUnblockTime    0x1fff8af8     0x4  Data  Lc  tasks.o [1]
xNumOfOverflows         0x1fff8af0     0x4  Data  Lc  tasks.o [1]
xPacketHandle_RecvMessage
                        0x000188d1   0x204  Code  Gb  PacketHandle.o [1]
xPacketSend             0x1fff86c4   0x310  Data  Gb  SensorTask.o [1]
xPendingReadyList       0x1fff8a98    0x14  Data  Lc  tasks.o [1]
xPortStartScheduler     0x00014817    0xcc  Code  Gb  port.o [1]
xQueueGenericCreate     0x0001342b    0x4a  Code  Gb  queue.o [1]
xQueueGenericReceive    0x000137b9   0x1be  Code  Gb  queue.o [1]
xQueueGenericReset      0x00013399    0x92  Code  Gb  queue.o [1]
xQueueGenericSend       0x00013497   0x196  Code  Gb  queue.o [1]
xQueueGenericSendFromISR
                        0x0001362d    0xd8  Code  Gb  queue.o [1]
xQueueGiveFromISR       0x00013705    0xb4  Code  Gb  queue.o [1]
xQueueRegistry          0x1fff844c    0x40  Data  Gb  queue.o [1]
xSS_Value               0x1fff89d4    0x14  Data  Gb  SensorTask.o [1]
xSS_Value_Current       0x1fff89e8    0x14  Data  Gb  SensorTask.o [1]
xSchedulerRunning       0x1fff8ae4     0x4  Data  Lc  tasks.o [1]
xStart                  0x1fff7e08     0x8  Data  Lc  heap_4.o [1]
xSuspendedTaskList      0x1fff8ac4    0x14  Data  Lc  tasks.o [1]
xTask                   0x1fff002c    0x18  Data  Gb  main.o [1]
xTaskCheckForTimeOut    0x00014381    0x80  Code  Gb  tasks.o [1]
xTaskCreate             0x00013b99    0x76  Code  Gb  tasks.o [1]
xTaskGetSchedulerState  0x0001453f    0x20  Code  Gb  tasks.o [1]
xTaskGetTickCount       0x000140e9     0x8  Code  Gb  tasks.o [1]
xTaskIncrementTick      0x000140f1   0x102  Code  Gb  tasks.o [1]
xTaskPriorityDisinherit
                        0x0001460d    0xb2  Code  Gb  tasks.o [1]
xTaskRemoveFromEventList
                        0x000142cd    0x7c  Code  Gb  tasks.o [1]
xTaskResumeAll          0x00013fef    0xfa  Code  Gb  tasks.o [1]
xTasksWaitingTermination
                        0x1fff8aac    0x14  Data  Lc  tasks.o [1]
xTickCount              0x1fff8adc     0x4  Data  Lc  tasks.o [1]
xTimerCreateTimerTask   0x00014ced    0x46  Code  Gb  timers.o [1]
xTimerGenericCommand    0x00014d33    0x72  Code  Gb  timers.o [1]
xTimerQueue             0x1fff8b34     0x4  Data  Lc  timers.o [1]
xTimerTaskHandle        0x1fff8b38     0x4  Data  Lc  timers.o [1]
xWdog_Base              0x1fff0044     0x4  Data  Lc  main.o [1]
xYieldPending           0x1fff8aec     0x4  Data  Lc  tasks.o [1]


[1] = F:\03.Git\smf\FW\fw_smf_v1.1\fw_smf_sensor\Release\Obj
[2] = command line
[3] = dl7M_tln.a
[4] = m7M_tls.a
[5] = rt7M_tl.a
[6] = shb_l.a

  58 431 bytes of readonly  code memory
  66 685 bytes of readonly  data memory
  37 190 bytes of readwrite data memory

Errors: none
Warnings: none
