###############################################################################
#
# IAR ELF Linker V7.80.2.11947/W32 for ARM                15/Nov/2018  02:44:34
# Copyright 2007-2016 IAR Systems AB.
#
#    Output file  =  
#        F:\03.Git\smf\FW\fw_smf_v1.1\fw_smf_sensor\Release\Exe\fw_smf_sensor.out
#    Map file     =  
#        F:\03.Git\smf\FW\fw_smf_v1.1\fw_smf_sensor\Release\List\fw_smf_sensor.map
#    Command line =  
#        F:\03.Git\smf\FW\fw_smf_v1.1\fw_smf_sensor\Release\Obj\BH1750.o
#        F:\03.Git\smf\FW\fw_smf_v1.1\fw_smf_sensor\Release\Obj\board.o
#        F:\03.Git\smf\FW\fw_smf_v1.1\fw_smf_sensor\Release\Obj\clock_config.o
#        F:\03.Git\smf\FW\fw_smf_v1.1\fw_smf_sensor\Release\Obj\croutine.o
#        F:\03.Git\smf\FW\fw_smf_v1.1\fw_smf_sensor\Release\Obj\DeviceControl.o
#        F:\03.Git\smf\FW\fw_smf_v1.1\fw_smf_sensor\Release\Obj\diskio.o
#        F:\03.Git\smf\FW\fw_smf_v1.1\fw_smf_sensor\Release\Obj\event_groups.o
#        F:\03.Git\smf\FW\fw_smf_v1.1\fw_smf_sensor\Release\Obj\ff.o
#        F:\03.Git\smf\FW\fw_smf_v1.1\fw_smf_sensor\Release\Obj\ffsystem.o
#        F:\03.Git\smf\FW\fw_smf_v1.1\fw_smf_sensor\Release\Obj\ffunicode.o
#        F:\03.Git\smf\FW\fw_smf_v1.1\fw_smf_sensor\Release\Obj\FileAccess.o
#        F:\03.Git\smf\FW\fw_smf_v1.1\fw_smf_sensor\Release\Obj\fsl_clock.o
#        F:\03.Git\smf\FW\fw_smf_v1.1\fw_smf_sensor\Release\Obj\fsl_common.o
#        F:\03.Git\smf\FW\fw_smf_v1.1\fw_smf_sensor\Release\Obj\fsl_debug_console.o
#        F:\03.Git\smf\FW\fw_smf_v1.1\fw_smf_sensor\Release\Obj\fsl_dspi.o
#        F:\03.Git\smf\FW\fw_smf_v1.1\fw_smf_sensor\Release\Obj\fsl_dspi_freertos.o
#        F:\03.Git\smf\FW\fw_smf_v1.1\fw_smf_sensor\Release\Obj\fsl_flash.o
#        F:\03.Git\smf\FW\fw_smf_v1.1\fw_smf_sensor\Release\Obj\fsl_ftm.o
#        F:\03.Git\smf\FW\fw_smf_v1.1\fw_smf_sensor\Release\Obj\fsl_gpio.o
#        F:\03.Git\smf\FW\fw_smf_v1.1\fw_smf_sensor\Release\Obj\fsl_i2c.o
#        F:\03.Git\smf\FW\fw_smf_v1.1\fw_smf_sensor\Release\Obj\fsl_i2c_freertos.o
#        F:\03.Git\smf\FW\fw_smf_v1.1\fw_smf_sensor\Release\Obj\fsl_lptmr.o
#        F:\03.Git\smf\FW\fw_smf_v1.1\fw_smf_sensor\Release\Obj\fsl_sd.o
#        F:\03.Git\smf\FW\fw_smf_v1.1\fw_smf_sensor\Release\Obj\fsl_sd_disk.o
#        F:\03.Git\smf\FW\fw_smf_v1.1\fw_smf_sensor\Release\Obj\fsl_sdhc.o
#        F:\03.Git\smf\FW\fw_smf_v1.1\fw_smf_sensor\Release\Obj\fsl_sdmmc_common.o
#        F:\03.Git\smf\FW\fw_smf_v1.1\fw_smf_sensor\Release\Obj\fsl_sdmmc_event.o
#        F:\03.Git\smf\FW\fw_smf_v1.1\fw_smf_sensor\Release\Obj\fsl_sdmmc_host.o
#        F:\03.Git\smf\FW\fw_smf_v1.1\fw_smf_sensor\Release\Obj\fsl_sim.o
#        F:\03.Git\smf\FW\fw_smf_v1.1\fw_smf_sensor\Release\Obj\fsl_smc.o
#        F:\03.Git\smf\FW\fw_smf_v1.1\fw_smf_sensor\Release\Obj\fsl_tickless_systick.o
#        F:\03.Git\smf\FW\fw_smf_v1.1\fw_smf_sensor\Release\Obj\fsl_uart.o
#        F:\03.Git\smf\FW\fw_smf_v1.1\fw_smf_sensor\Release\Obj\fsl_uart_freertos.o
#        F:\03.Git\smf\FW\fw_smf_v1.1\fw_smf_sensor\Release\Obj\fsl_wdog.o
#        F:\03.Git\smf\FW\fw_smf_v1.1\fw_smf_sensor\Release\Obj\heap_4.o
#        F:\03.Git\smf\FW\fw_smf_v1.1\fw_smf_sensor\Release\Obj\I2C.o
#        F:\03.Git\smf\FW\fw_smf_v1.1\fw_smf_sensor\Release\Obj\list.o
#        F:\03.Git\smf\FW\fw_smf_v1.1\fw_smf_sensor\Release\Obj\main.o
#        F:\03.Git\smf\FW\fw_smf_v1.1\fw_smf_sensor\Release\Obj\PacketHandle.o
#        F:\03.Git\smf\FW\fw_smf_v1.1\fw_smf_sensor\Release\Obj\pin_mux.o
#        F:\03.Git\smf\FW\fw_smf_v1.1\fw_smf_sensor\Release\Obj\port.o
#        F:\03.Git\smf\FW\fw_smf_v1.1\fw_smf_sensor\Release\Obj\portasm.o
#        F:\03.Git\smf\FW\fw_smf_v1.1\fw_smf_sensor\Release\Obj\ProcessTask.o
#        F:\03.Git\smf\FW\fw_smf_v1.1\fw_smf_sensor\Release\Obj\queue.o
#        F:\03.Git\smf\FW\fw_smf_v1.1\fw_smf_sensor\Release\Obj\SDCardTask.o
#        F:\03.Git\smf\FW\fw_smf_v1.1\fw_smf_sensor\Release\Obj\SensorTask.o
#        F:\03.Git\smf\FW\fw_smf_v1.1\fw_smf_sensor\Release\Obj\SHT1x.o
#        F:\03.Git\smf\FW\fw_smf_v1.1\fw_smf_sensor\Release\Obj\SS_EC.o
#        F:\03.Git\smf\FW\fw_smf_v1.1\fw_smf_sensor\Release\Obj\SS_EC_Atlas.o
#        F:\03.Git\smf\FW\fw_smf_v1.1\fw_smf_sensor\Release\Obj\SS_Light.o
#        F:\03.Git\smf\FW\fw_smf_v1.1\fw_smf_sensor\Release\Obj\SS_PH.o
#        F:\03.Git\smf\FW\fw_smf_v1.1\fw_smf_sensor\Release\Obj\SS_PH_Atlas.o
#        F:\03.Git\smf\FW\fw_smf_v1.1\fw_smf_sensor\Release\Obj\SS_TempAndHumi.o
#        F:\03.Git\smf\FW\fw_smf_v1.1\fw_smf_sensor\Release\Obj\startup_MK64F12.o
#        F:\03.Git\smf\FW\fw_smf_v1.1\fw_smf_sensor\Release\Obj\system_MK64F12.o
#        F:\03.Git\smf\FW\fw_smf_v1.1\fw_smf_sensor\Release\Obj\tasks.o
#        F:\03.Git\smf\FW\fw_smf_v1.1\fw_smf_sensor\Release\Obj\timers.o
#        F:\03.Git\smf\FW\fw_smf_v1.1\fw_smf_sensor\Release\Obj\UART.o
#        F:\03.Git\smf\FW\fw_smf_v1.1\fw_smf_sensor\Release\Obj\UserFile.o
#        F:\03.Git\smf\FW\fw_smf_v1.1\fw_smf_sensor\Release\Obj\WhoAmITask.o
#        --redirect _Printf=_PrintfFull --redirect _Scanf=_ScanfSmall -o
#        F:\03.Git\smf\FW\fw_smf_v1.1\fw_smf_sensor\Release\Exe\fw_smf_sensor.out
#        --map
#        F:\03.Git\smf\FW\fw_smf_v1.1\fw_smf_sensor\Release\List\fw_smf_sensor.map
#        --config
#        F:\03.Git\smf\FW\fw_smf_v1.1\fw_smf_sensor/MK64FN1M0xxx12_flash.icf
#        --semihosting --entry __iar_program_start --vfe
#
###############################################################################

*******************************************************************************
*** RUNTIME MODEL ATTRIBUTES
***

CppFlavor       = *
__Heap_Handler  = DLMalloc
__SystemLibrary = DLib


*******************************************************************************
*** PLACEMENT SUMMARY
***

"A0":  place at 0x00000000 { ro section .intvec };
"P1":  place in [from 0x00000400 to 0x0000040f] { section FlashConfig };
"P2":  place in [from 0x00000000 to 0x000003ff] |
                [from 0x00000410 to 0x000fffff] { ro };
"P3":  place in [from 0x1fff0000 to 0x1fffffff] |
                [from 0x20000000 to 0x2002fbff] { block RW };
"P4":  place in [from 0x1fff0000 to 0x1fffffff] |
                [from 0x20000000 to 0x2002fbff] { block ZI };
"P6":  place in [from 0x2002fc00 to 0x2002ffff] { block CSTACK };
initialize by copy { rw, section .textrw };

  Section               Kind        Address     Size  Object
  -------               ----        -------     ----  ------
"A0":                                          0x400
  .intvec               ro code  0x00000000    0x400  startup_MK64F12.o [1]
                               - 0x00000400    0x400

"P1":                                           0x10
  FlashConfig           ro code  0x00000400     0x10  startup_MK64F12.o [1]
                               - 0x00000410     0x10

"P2":                                        0x1f600
  .rodata               const    0x00000410   0x7378  ffunicode.o [1]
  .rodata               const    0x00007788   0x7378  ffunicode.o [1]
  .text                 ro code  0x0000eb00   0x1bc4  ff.o [1]
  .text                 ro code  0x000106c4    0x188  ffunicode.o [1]
  .text                 ro code  0x0001084c     0x74  diskio.o [1]
  .text                 ro code  0x000108c0     0xf8  fsl_sd_disk.o [1]
  .text                 ro code  0x000109b8   0x156e  fsl_sd.o [1]
  .text                 ro code  0x00011f26      0xa  xsprout.o [3]
  .text                 ro code  0x00011f30     0x66  ABImemset.o [5]
  .text                 ro code  0x00011f96      0x2  startup_MK64F12.o [1]
  .text                 ro code  0x00011f98     0x24  ABIassert.o [6]
  .text                 ro code  0x00011fbc    0x320  fsl_sdmmc_common.o [1]
  .text                 ro code  0x000122dc      0x6  ABImemclr4.o [5]
  .text                 ro code  0x000122e2      0x2  startup_MK64F12.o [1]
  .text                 ro code  0x000122e4     0x76  ABImemcpy_unaligned.o [5]
  .text                 ro code  0x0001235a      0x2  startup_MK64F12.o [1]
  .text                 ro code  0x0001235c    0xb84  fsl_sdhc.o [1]
  .text                 ro code  0x00012ee0    0x362  fsl_sdmmc_host.o [1]
  .text                 ro code  0x00013242      0x6  abort.o [3]
  .text                 ro code  0x00013248     0x32  ABImemset48.o [5]
  .text                 ro code  0x0001327a      0x2  startup_MK64F12.o [1]
  .text                 ro code  0x0001327c    0x106  fsl_sdmmc_event.o [1]
  .text                 ro code  0x00013382      0x2  startup_MK64F12.o [1]
  .text                 ro code  0x00013384     0x14  exit.o [6]
  .text                 ro code  0x00013398    0x83a  queue.o [1]
  .text                 ro code  0x00013bd2      0x2  startup_MK64F12.o [1]
  .text                 ro code  0x00013bd4    0xc2c  tasks.o [1]
  .text                 ro code  0x00014800    0x230  port.o [1]
  .text                 ro code  0x00014a30     0x98  list.o [1]
  .text                 ro code  0x00014ac8    0x260  heap_4.o [1]
  .text                 ro code  0x00014d28    0x420  timers.o [1]
  .text                 ro code  0x00015148     0x30  fsl_tickless_systick.o [1]
  CODE                  ro code  0x00015178     0xa8  portasm.o [1]
  .text                 ro code  0x00015220    0xdd2  xprintffull.o [3]
  .rodata               const    0x00015ff2      0x1  fsl_sdhc.o [1]
  .text                 ro code  0x00015ff4     0x16  strchr.o [5]
  .text                 ro code  0x0001600c     0x36  strlen.o [5]
  .text                 ro code  0x00016044     0x58  memchr.o [5]
  .text                 ro code  0x0001609c    0x132  I64DivMod.o [5]
  .text                 ro code  0x000161ce     0x44  xdnorm.o [4]
  .text                 ro code  0x00016214     0x2e  DblCmpLe.o [4]
  .text                 ro code  0x00016244     0x2e  DblCmpGe.o [4]
  .text                 ro code  0x00016274    0x114  xdscale.o [4]
  .text                 ro code  0x00016388     0x58  DblToI32.o [4]
  .text                 ro code  0x000163e0     0x30  I32ToDbl.o [4]
  .text                 ro code  0x00016410    0x180  DblSub.o [4]
  .text                 ro code  0x00016590    0x1a2  DblMul.o [4]
  .text                 ro code  0x00016734    0x256  DblDiv.o [4]
  .text                 ro code  0x0001698a      0xe  div.o [3]
  .text                 ro code  0x00016998      0x2  I64DivZer.o [5]
  .text                 ro code  0x0001699c     0xe8  DblAdd.o [4]
  .text                 ro code  0x00016a84    0xa4e  fsl_debug_console.o [1]
  .text                 ro code  0x000174d4    0x3cc  fsl_uart.o [1]
  .text                 ro code  0x000178a0     0x20  DblCmpEq.o [4]
  .text                 ro code  0x000178c0     0xc0  modf.o [4]
  .text                 ro code  0x00017980    0x8c0  pow.o [4]
  .text                 ro code  0x00018240     0x7a  DblToI64.o [4]
  .text                 ro code  0x000182bc     0x58  I64ToDbl.o [4]
  .text                 ro code  0x00018314     0x7e  xdint.o [4]
  .text                 ro code  0x00018394      0xc  errno.o [3]
  .text                 ro code  0x000183a0     0xb0  xlog.o [4]
  .text                 ro code  0x00018450    0x2c6  xexp.o [4]
  .text                 ro code  0x00018716      0x2  xtls.o [3]
  .text                 ro code  0x00018718     0x40  xdtest.o [4]
  .text                 ro code  0x00018758    0x956  PacketHandle.o [1]
  .text                 ro code  0x000190b0     0xbe  UART.o [1]
  .text                 ro code  0x00019170     0x42  strcmp_unaligned.o [5]
  .text                 ro code  0x000191b2      0x8  atoi.o [3]
  .text                 ro code  0x000191bc    0x340  UserFile.o [1]
  .text                 ro code  0x000194fc    0x580  dlmalloc.o [3]
  .text                 ro code  0x00019a7c     0x34  sprintf.o [3]
  .text                 ro code  0x00019ab0     0x10  atof.o [4]
  .text                 ro code  0x00019ac0     0x90  DblToFlt.o [4]
  .text                 ro code  0x00019b50     0x4e  FltToDbl.o [4]
  .text                 ro code  0x00019ba0    0x5d4  main.o [1]
  .text                 ro code  0x0001a174    0x588  fsl_clock.o [1]
  .text                 ro code  0x0001a6fc    0x19c  xstoul.o [3]
  .text                 ro code  0x0001a898    0x108  FileAccess.o [1]
  .text                 ro code  0x0001a9a0    0x168  xstod.o [4]
  .text                 ro code  0x0001ab08    0x2c8  pin_mux.o [1]
  .text                 ro code  0x0001add0     0x68  clock_config.o [1]
  .text                 ro code  0x0001ae38     0x1c  board.o [1]
  .text                 ro code  0x0001ae54     0x14  SS_Light.o [1]
  .text                 ro code  0x0001ae68    0x11c  fsl_wdog.o [1]
  .text                 ro code  0x0001af84    0x386  fsl_ftm.o [1]
  .text                 ro code  0x0001b30c     0x2c  fsl_sim.o [1]
  .text                 ro code  0x0001b338    0x11e  xstopfx.o [3]
  .text                 ro code  0x0001b458    0x1ac  xstoflt.o [3]
  .rodata               const    0x0001b604     0x54  fsl_sdhc.o [1]
  .text                 ro code  0x0001b658    0x200  xdtento.o [4]
  .text                 ro code  0x0001b858    0x200  xstoxflt.o [3]
  .text                 ro code  0x0001ba58     0x64  fsl_gpio.o [1]
  .text                 ro code  0x0001babc     0x20  fsl_smc.o [1]
  .text                 ro code  0x0001badc     0xd0  BH1750.o [1]
  .text                 ro code  0x0001bbac     0x56  xdunscal.o [4]
  .text                 ro code  0x0001bc04    0x208  I2C.o [1]
  .text                 ro code  0x0001be0c    0x6a4  fsl_i2c.o [1]
  .text                 ro code  0x0001c4b0     0xf8  fsl_i2c_freertos.o [1]
  .text                 ro code  0x0001c5a8    0x508  SensorTask.o [1]
  .text                 ro code  0x0001cab0     0x10  SS_PH.o [1]
  .text                 ro code  0x0001cac0     0x10  SS_EC.o [1]
  .text                 ro code  0x0001cad0     0x1c  SS_TempAndHumi.o [1]
  .text                 ro code  0x0001caec     0x50  SS_PH_Atlas.o [1]
  .text                 ro code  0x0001cb3c     0x54  SS_EC_Atlas.o [1]
  .text                 ro code  0x0001cb90    0x35c  SHT1x.o [1]
  .text                 ro code  0x0001ceec    0x300  ProcessTask.o [1]
  .text                 ro code  0x0001d1ec    0x294  SDCardTask.o [1]
  .rodata               const    0x0001d480    0x1f4  ffunicode.o [1]
  .text                 ro code  0x0001d674     0xd4  fsl_dspi.o [1]
  .text                 ro code  0x0001d748     0xcc  WhoAmITask.o [1]
  .rodata               const    0x0001d814     0xbc  ffunicode.o [1]
  Initializer bytes     const    0x0001d8d0     0xb4  <for RW-1>
  .rodata               const    0x0001d984     0x80  fsl_i2c.o [1]
  .rodata               const    0x0001da04     0x58  fsl_clock.o [1]
  .rodata               const    0x0001da5c     0x58  fsl_dspi.o [1]
  .rodata               const    0x0001dab4     0x58  fsl_ftm.o [1]
  .rodata               const    0x0001db0c     0x58  fsl_gpio.o [1]
  .rodata               const    0x0001db64     0x58  fsl_i2c.o [1]
  .rodata               const    0x0001dbbc     0x58  fsl_sdhc.o [1]
  .rodata               const    0x0001dc14     0x58  fsl_sdhc.o [1]
  .rodata               const    0x0001dc6c     0x58  fsl_sdmmc_common.o [1]
  .rodata               const    0x0001dcc4     0x58  fsl_uart.o [1]
  .rodata               const    0x0001dd1c     0x58  fsl_wdog.o [1]
  .rodata               const    0x0001dd74     0x58  pin_mux.o [1]
  .rodata               const    0x0001ddcc     0x54  fsl_sdhc.o [1]
  .rodata               const    0x0001de20     0x50  fsl_sdhc.o [1]
  .rodata               const    0x0001de70     0x4c  fsl_sd.o [1]
  .rodata               const    0x0001debc     0x4c  fsl_sdhc.o [1]
  .rodata               const    0x0001df08     0x48  main.o [1]
  .rodata               const    0x0001df50     0x48  main.o [1]
  .rodata               const    0x0001df98     0x44  main.o [1]
  .rodata               const    0x0001dfdc     0x44  PacketHandle.o [1]
  .rodata               const    0x0001e020     0x44  SensorTask.o [1]
  .rodata               const    0x0001e064     0x40  fsl_uart.o [1]
  .rodata               const    0x0001e0a4     0x40  fsl_uart.o [1]
  .rodata               const    0x0001e0e4     0x40  ProcessTask.o [1]
  .rodata               const    0x0001e124     0x40  SDCardTask.o [1]
  .rodata               const    0x0001e164     0x40  WhoAmITask.o [1]
  .text                 ro code  0x0001e1a4     0x40  zero_init3.o [5]
  .rodata               const    0x0001e1e4     0x3c  PacketHandle.o [1]
  .rodata               const    0x0001e220     0x3c  WhoAmITask.o [1]
  .rodata               const    0x0001e25c     0x38  I2C.o [1]
  .rodata               const    0x0001e294     0x38  I2C.o [1]
  .rodata               const    0x0001e2cc     0x38  main.o [1]
  .rodata               const    0x0001e304     0x38  PacketHandle.o [1]
  .rodata               const    0x0001e33c     0x38  WhoAmITask.o [1]
  .rodata               const    0x0001e374     0x34  FileAccess.o [1]
  .rodata               const    0x0001e3a8     0x34  PacketHandle.o [1]
  .rodata               const    0x0001e3dc     0x34  SensorTask.o [1]
  .rodata               const    0x0001e410     0x34  SensorTask.o [1]
  .rodata               const    0x0001e444     0x34  SensorTask.o [1]
  .rodata               const    0x0001e478     0x34  UserFile.o [1]
  .rodata               const    0x0001e4ac     0x34  UserFile.o [1]
  .rodata               const    0x0001e4e0     0x34  UserFile.o [1]
  .rodata               const    0x0001e514     0x34  UserFile.o [1]
  .rodata               const    0x0001e548     0x34  UserFile.o [1]
  .text                 ro code  0x0001e57c     0x34  system_MK64F12.o [1]
  .rodata               const    0x0001e5b0     0x30  fsl_sd.o [1]
  .rodata               const    0x0001e5e0     0x30  I2C.o [1]
  .rodata               const    0x0001e610     0x30  I2C.o [1]
  .rodata               const    0x0001e640     0x30  PacketHandle.o [1]
  .rodata               const    0x0001e670     0x30  PacketHandle.o [1]
  .rodata               const    0x0001e6a0     0x30  PacketHandle.o [1]
  .rodata               const    0x0001e6d0     0x30  PacketHandle.o [1]
  .rodata               const    0x0001e700     0x30  UserFile.o [1]
  .rodata               const    0x0001e730     0x30  UserFile.o [1]
  .rodata               const    0x0001e760     0x30  UserFile.o [1]
  .rodata               const    0x0001e790     0x2c  fsl_sd.o [1]
  .rodata               const    0x0001e7bc     0x2c  I2C.o [1]
  .rodata               const    0x0001e7e8     0x2c  main.o [1]
  .rodata               const    0x0001e814     0x2c  main.o [1]
  .rodata               const    0x0001e840     0x2c  main.o [1]
  .rodata               const    0x0001e86c     0x2c  main.o [1]
  .rodata               const    0x0001e898     0x2c  PacketHandle.o [1]
  .rodata               const    0x0001e8c4     0x2c  PacketHandle.o [1]
  .rodata               const    0x0001e8f0     0x2c  PacketHandle.o [1]
  .rodata               const    0x0001e91c     0x2c  PacketHandle.o [1]
  .rodata               const    0x0001e948     0x2c  PacketHandle.o [1]
  .rodata               const    0x0001e974     0x2c  ProcessTask.o [1]
  .rodata               const    0x0001e9a0     0x2c  ProcessTask.o [1]
  .rodata               const    0x0001e9cc     0x2c  SDCardTask.o [1]
  .rodata               const    0x0001e9f8     0x2c  SensorTask.o [1]
  .rodata               const    0x0001ea24     0x2c  SensorTask.o [1]
  .text                 ro code  0x0001ea50     0x2c  copy_init3.o [5]
  .rodata               const    0x0001ea7c     0x28  fsl_sdhc.o [1]
  .rodata               const    0x0001eaa4     0x28  PacketHandle.o [1]
  .rodata               const    0x0001eacc     0x28  PacketHandle.o [1]
  .rodata               const    0x0001eaf4     0x28  ProcessTask.o [1]
  .rodata               const    0x0001eb1c     0x28  ProcessTask.o [1]
  .rodata               const    0x0001eb44     0x28  ProcessTask.o [1]
  .rodata               const    0x0001eb6c     0x28  SDCardTask.o [1]
  .rodata               const    0x0001eb94     0x28  SDCardTask.o [1]
  .rodata               const    0x0001ebbc     0x28  SDCardTask.o [1]
  .rodata               const    0x0001ebe4     0x28  SDCardTask.o [1]
  .rodata               const    0x0001ec0c     0x28  SDCardTask.o [1]
  .rodata               const    0x0001ec34     0x28  SDCardTask.o [1]
  .rodata               const    0x0001ec5c     0x28  SDCardTask.o [1]
  .rodata               const    0x0001ec84     0x28  SDCardTask.o [1]
  .rodata               const    0x0001ecac     0x28  SensorTask.o [1]
  .rodata               const    0x0001ecd4     0x28  SensorTask.o [1]
  .rodata               const    0x0001ecfc     0x28  UserFile.o [1]
  .rodata               const    0x0001ed24     0x28  UserFile.o [1]
  .rodata               const    0x0001ed4c     0x28  WhoAmITask.o [1]
  .text                 ro code  0x0001ed74     0x28  startup_MK64F12.o [1]
  .text                 ro code  0x0001ed9c     0x28  data_init.o [5]
  .rodata               const    0x0001edc4     0x24  FileAccess.o [1]
  .rodata               const    0x0001ede8     0x24  FileAccess.o [1]
  .rodata               const    0x0001ee0c     0x24  FileAccess.o [1]
  .rodata               const    0x0001ee30     0x24  fsl_i2c.o [1]
  .rodata               const    0x0001ee54     0x24  fsl_sdhc.o [1]
  .rodata               const    0x0001ee78     0x24  PacketHandle.o [1]
  .rodata               const    0x0001ee9c     0x24  PacketHandle.o [1]
  .rodata               const    0x0001eec0     0x24  SDCardTask.o [1]
  .rodata               const    0x0001eee4     0x24  SDCardTask.o [1]
  .rodata               const    0x0001ef08     0x24  SensorTask.o [1]
  .rodata               const    0x0001ef2c     0x24  SensorTask.o [1]
  .rodata               const    0x0001ef50     0x24  SensorTask.o [1]
  .text                 ro code  0x0001ef74     0x22  fpinit_M.o [4]
  .iar.init_table       const    0x0001ef98     0x24  - Linker created -
  .rodata               const    0x0001efbc     0x20  clock_config.o [1]
  .rodata               const    0x0001efdc     0x20  fsl_sd.o [1]
  .rodata               const    0x0001effc     0x20  fsl_sd.o [1]
  .rodata               const    0x0001f01c     0x20  fsl_sd.o [1]
  .rodata               const    0x0001f03c     0x20  fsl_sd.o [1]
  .rodata               const    0x0001f05c     0x20  fsl_sd.o [1]
  .rodata               const    0x0001f07c     0x20  fsl_sd.o [1]
  .rodata               const    0x0001f09c     0x20  fsl_sd.o [1]
  .rodata               const    0x0001f0bc     0x20  fsl_sd.o [1]
  .rodata               const    0x0001f0dc     0x20  fsl_sd.o [1]
  .rodata               const    0x0001f0fc     0x20  fsl_sd.o [1]
  .rodata               const    0x0001f11c     0x20  fsl_sd.o [1]
  .rodata               const    0x0001f13c     0x20  fsl_sd.o [1]
  .rodata               const    0x0001f15c     0x20  fsl_sdmmc_common.o [1]
  .rodata               const    0x0001f17c     0x20  fsl_sdmmc_common.o [1]
  .rodata               const    0x0001f19c     0x20  fsl_sdmmc_common.o [1]
  .rodata               const    0x0001f1bc     0x20  fsl_sdmmc_common.o [1]
  .rodata               const    0x0001f1dc     0x20  fsl_sdmmc_common.o [1]
  .rodata               const    0x0001f1fc     0x20  fsl_sdmmc_common.o [1]
  .rodata               const    0x0001f21c     0x20  PacketHandle.o [1]
  .rodata               const    0x0001f23c     0x20  ProcessTask.o [1]
  .rodata               const    0x0001f25c     0x20  ProcessTask.o [1]
  .rodata               const    0x0001f27c     0x20  SDCardTask.o [1]
  .rodata               const    0x0001f29c     0x1c  fsl_ftm.o [1]
  .rodata               const    0x0001f2b8     0x1c  fsl_i2c.o [1]
  .rodata               const    0x0001f2d4     0x1c  fsl_uart.o [1]
  .rodata               const    0x0001f2f0     0x1c  main.o [1]
  .rodata               const    0x0001f30c     0x1c  SensorTask.o [1]
  .rodata               const    0x0001f328     0x1c  SensorTask.o [1]
  .text                 ro code  0x0001f344     0x1a  cmain.o [5]
  .text                 ro code  0x0001f35e      0x4  low_level_init.o [3]
  .text                 ro code  0x0001f362      0x4  exit.o [3]
  .text                 ro code  0x0001f368      0xa  cexit.o [5]
  .rodata               const    0x0001f374     0x18  fsl_uart.o [1]
  .rodata               const    0x0001f38c     0x18  fsl_uart.o [1]
  .rodata               const    0x0001f3a4     0x18  fsl_uart.o [1]
  .rodata               const    0x0001f3bc     0x14  fsl_sd.o [1]
  .rodata               const    0x0001f3d0     0x14  main.o [1]
  .rodata               const    0x0001f3e4     0x14  main.o [1]
  .rodata               const    0x0001f3f8     0x14  main.o [1]
  .rodata               const    0x0001f40c     0x14  SDCardTask.o [1]
  .rodata               const    0x0001f420     0x10  ff.o [1]
  .rodata               const    0x0001f430     0x10  fsl_clock.o [1]
  .rodata               const    0x0001f440     0x10  fsl_clock.o [1]
  .rodata               const    0x0001f450     0x10  fsl_dspi.o [1]
  .rodata               const    0x0001f460     0x10  fsl_dspi.o [1]
  .rodata               const    0x0001f470     0x10  fsl_dspi.o [1]
  .rodata               const    0x0001f480     0x10  fsl_ftm.o [1]
  .rodata               const    0x0001f490     0x10  fsl_ftm.o [1]
  .rodata               const    0x0001f4a0     0x10  fsl_i2c.o [1]
  .rodata               const    0x0001f4b0     0x10  fsl_sdhc.o [1]
  .rodata               const    0x0001f4c0     0x10  fsl_sdhc.o [1]
  .rodata               const    0x0001f4d0     0x10  fsl_sdhc.o [1]
  .rodata               const    0x0001f4e0     0x10  main.o [1]
  .rodata               const    0x0001f4f0     0x10  PacketHandle.o [1]
  .rodata               const    0x0001f500     0x10  SS_PH_Atlas.o [1]
  .rodata               const    0x0001f510     0x10  UserFile.o [1]
  .rodata               const    0x0001f520      0xc  ff.o [1]
  .rodata               const    0x0001f52c      0xc  ff.o [1]
  .rodata               const    0x0001f538      0xc  fsl_clock.o [1]
  .rodata               const    0x0001f544      0xc  fsl_clock.o [1]
  .rodata               const    0x0001f550      0xc  fsl_i2c.o [1]
  .rodata               const    0x0001f55c      0xc  fsl_i2c.o [1]
  .rodata               const    0x0001f568      0xc  fsl_i2c.o [1]
  .rodata               const    0x0001f574      0xc  fsl_sd.o [1]
  .rodata               const    0x0001f580      0xc  fsl_sdhc.o [1]
  .rodata               const    0x0001f58c      0xc  fsl_sdhc.o [1]
  .rodata               const    0x0001f598      0xc  fsl_sdhc.o [1]
  .rodata               const    0x0001f5a4      0xc  fsl_sdhc.o [1]
  .rodata               const    0x0001f5b0      0xc  fsl_sdmmc_common.o [1]
  .rodata               const    0x0001f5bc      0xc  PacketHandle.o [1]
  .rodata               const    0x0001f5c8      0xc  SensorTask.o [1]
  .rodata               const    0x0001f5d4      0xc  UserFile.o [1]
  .rodata               const    0x0001f5e0      0xc  UserFile.o [1]
  .rodata               const    0x0001f5ec      0xc  UserFile.o [1]
  .rodata               const    0x0001f5f8      0xc  UserFile.o [1]
  .rodata               const    0x0001f604      0xc  UserFile.o [1]
  .rodata               const    0x0001f610      0xc  UserFile.o [1]
  .text                 ro code  0x0001f61c      0xc  cstartup_M.o [5]
  .rodata               const    0x0001f628      0x8  ff.o [1]
  .rodata               const    0x0001f630      0x8  ff.o [1]
  .rodata               const    0x0001f638      0x8  fsl_ftm.o [1]
  .rodata               const    0x0001f640      0x8  fsl_gpio.o [1]
  .rodata               const    0x0001f648      0x8  fsl_i2c.o [1]
  .rodata               const    0x0001f650      0x8  fsl_i2c.o [1]
  .rodata               const    0x0001f658      0x8  fsl_sd.o [1]
  .rodata               const    0x0001f660      0x8  fsl_sd.o [1]
  .rodata               const    0x0001f668      0x8  fsl_sd.o [1]
  .rodata               const    0x0001f670      0x8  fsl_sd.o [1]
  .rodata               const    0x0001f678      0x8  fsl_sd.o [1]
  .rodata               const    0x0001f680      0x8  fsl_sd.o [1]
  .rodata               const    0x0001f688      0x8  fsl_sd.o [1]
  .rodata               const    0x0001f690      0x8  fsl_sd.o [1]
  .rodata               const    0x0001f698      0x8  fsl_sd.o [1]
  .rodata               const    0x0001f6a0      0x8  fsl_sd.o [1]
  .rodata               const    0x0001f6a8      0x8  fsl_sd.o [1]
  .rodata               const    0x0001f6b0      0x8  fsl_sd.o [1]
  .rodata               const    0x0001f6b8      0x8  fsl_sd.o [1]
  .rodata               const    0x0001f6c0      0x8  fsl_sd.o [1]
  .rodata               const    0x0001f6c8      0x8  fsl_sd.o [1]
  .rodata               const    0x0001f6d0      0x8  fsl_sd.o [1]
  .rodata               const    0x0001f6d8      0x8  fsl_sd.o [1]
  .rodata               const    0x0001f6e0      0x8  fsl_sd.o [1]
  .rodata               const    0x0001f6e8      0x8  fsl_sd.o [1]
  .rodata               const    0x0001f6f0      0x8  fsl_sdhc.o [1]
  .rodata               const    0x0001f6f8      0x8  fsl_sdhc.o [1]
  .rodata               const    0x0001f700      0x8  fsl_sdmmc_common.o [1]
  .rodata               const    0x0001f708      0x8  fsl_sdmmc_common.o [1]
  .rodata               const    0x0001f710      0x8  fsl_sdmmc_common.o [1]
  .rodata               const    0x0001f718      0x8  fsl_sdmmc_common.o [1]
  .rodata               const    0x0001f720      0x8  fsl_sdmmc_common.o [1]
  .rodata               const    0x0001f728      0x8  fsl_sdmmc_common.o [1]
  .rodata               const    0x0001f730      0x8  fsl_uart.o [1]
  .rodata               const    0x0001f738      0x8  fsl_uart.o [1]
  .rodata               const    0x0001f740      0x8  fsl_wdog.o [1]
  .rodata               const    0x0001f748      0x8  PacketHandle.o [1]
  .rodata               const    0x0001f750      0x8  PacketHandle.o [1]
  .rodata               const    0x0001f758      0x8  PacketHandle.o [1]
  .rodata               const    0x0001f760      0x8  PacketHandle.o [1]
  .rodata               const    0x0001f768      0x8  PacketHandle.o [1]
  .rodata               const    0x0001f770      0x8  PacketHandle.o [1]
  .rodata               const    0x0001f778      0x8  PacketHandle.o [1]
  .rodata               const    0x0001f780      0x8  PacketHandle.o [1]
  .rodata               const    0x0001f788      0x8  PacketHandle.o [1]
  .rodata               const    0x0001f790      0x8  PacketHandle.o [1]
  .rodata               const    0x0001f798      0x8  PacketHandle.o [1]
  .rodata               const    0x0001f7a0      0x8  PacketHandle.o [1]
  .rodata               const    0x0001f7a8      0x8  PacketHandle.o [1]
  .rodata               const    0x0001f7b0      0x8  PacketHandle.o [1]
  .rodata               const    0x0001f7b8      0x8  PacketHandle.o [1]
  .rodata               const    0x0001f7c0      0x8  PacketHandle.o [1]
  .rodata               const    0x0001f7c8      0x8  pin_mux.o [1]
  .rodata               const    0x0001f7d0      0x8  SensorTask.o [1]
  .rodata               const    0x0001f7d8      0x8  SensorTask.o [1]
  .rodata               const    0x0001f7e0      0x8  SensorTask.o [1]
  .rodata               const    0x0001f7e8      0x8  SensorTask.o [1]
  .rodata               const    0x0001f7f0      0x8  SensorTask.o [1]
  .rodata               const    0x0001f7f8      0x8  SensorTask.o [1]
  .rodata               const    0x0001f800      0x8  SensorTask.o [1]
  .rodata               const    0x0001f808      0x8  SS_EC_Atlas.o [1]
  .rodata               const    0x0001f810      0x8  SS_EC_Atlas.o [1]
  .rodata               const    0x0001f818      0x8  SS_PH_Atlas.o [1]
  .rodata               const    0x0001f820      0x8  tasks.o [1]
  .rodata               const    0x0001f828      0x8  timers.o [1]
  .rodata               const    0x0001f830      0x8  timers.o [1]
  .rodata               const    0x0001f838      0x8  UserFile.o [1]
  .rodata               const    0x0001f840      0x8  UserFile.o [1]
  .rodata               const    0x0001f848      0x8  UserFile.o [1]
  .text                 ro code  0x0001f850      0x8  startup_MK64F12.o [1]
  .text                 ro code  0x0001f858      0x8  startup_MK64F12.o [1]
  .text                 ro code  0x0001f860      0x8  startup_MK64F12.o [1]
  .text                 ro code  0x0001f868      0x8  startup_MK64F12.o [1]
  .text                 ro code  0x0001f870      0x8  startup_MK64F12.o [1]
  .text                 ro code  0x0001f878      0x8  startup_MK64F12.o [1]
  .text                 ro code  0x0001f880      0x8  startup_MK64F12.o [1]
  .text                 ro code  0x0001f888      0x8  startup_MK64F12.o [1]
  .text                 ro code  0x0001f890      0x8  startup_MK64F12.o [1]
  .text                 ro code  0x0001f898      0x8  startup_MK64F12.o [1]
  .text                 ro code  0x0001f8a0      0x8  startup_MK64F12.o [1]
  .text                 ro code  0x0001f8a8      0x8  startup_MK64F12.o [1]
  .text                 ro code  0x0001f8b0      0x8  startup_MK64F12.o [1]
  .text                 ro code  0x0001f8b8      0x8  startup_MK64F12.o [1]
  .text                 ro code  0x0001f8c0      0x8  startup_MK64F12.o [1]
  .text                 ro code  0x0001f8c8      0x8  startup_MK64F12.o [1]
  .text                 ro code  0x0001f8d0      0x8  startup_MK64F12.o [1]
  .text                 ro code  0x0001f8d8      0x8  startup_MK64F12.o [1]
  .text                 ro code  0x0001f8e0      0x8  startup_MK64F12.o [1]
  .text                 ro code  0x0001f8e8      0x8  startup_MK64F12.o [1]
  .text                 ro code  0x0001f8f0      0x8  startup_MK64F12.o [1]
  .text                 ro code  0x0001f8f8      0x8  startup_MK64F12.o [1]
  .text                 ro code  0x0001f900      0x8  startup_MK64F12.o [1]
  .text                 ro code  0x0001f908      0x8  startup_MK64F12.o [1]
  .text                 ro code  0x0001f910      0x8  startup_MK64F12.o [1]
  .text                 ro code  0x0001f918      0x8  startup_MK64F12.o [1]
  .text                 ro code  0x0001f920      0x8  startup_MK64F12.o [1]
  .text                 ro code  0x0001f928      0x8  startup_MK64F12.o [1]
  .text                 ro code  0x0001f930      0x8  startup_MK64F12.o [1]
  .text                 ro code  0x0001f938      0x8  startup_MK64F12.o [1]
  .text                 ro code  0x0001f940      0x8  startup_MK64F12.o [1]
  .text                 ro code  0x0001f948      0x8  startup_MK64F12.o [1]
  .text                 ro code  0x0001f950      0x8  startup_MK64F12.o [1]
  .text                 ro code  0x0001f958      0x8  startup_MK64F12.o [1]
  .text                 ro code  0x0001f960      0x8  startup_MK64F12.o [1]
  .text                 ro code  0x0001f968      0x8  startup_MK64F12.o [1]
  .text                 ro code  0x0001f970      0x8  startup_MK64F12.o [1]
  .text                 ro code  0x0001f978      0x8  startup_MK64F12.o [1]
  .text                 ro code  0x0001f980      0x8  startup_MK64F12.o [1]
  .text                 ro code  0x0001f988      0x8  startup_MK64F12.o [1]
  .text                 ro code  0x0001f990      0x8  startup_MK64F12.o [1]
  .text                 ro code  0x0001f998      0x8  startup_MK64F12.o [1]
  .text                 ro code  0x0001f9a0      0x8  startup_MK64F12.o [1]
  .text                 ro code  0x0001f9a8      0x8  startup_MK64F12.o [1]
  .text                 ro code  0x0001f9b0      0x8  startup_MK64F12.o [1]
  .text                 ro code  0x0001f9b8      0x8  startup_MK64F12.o [1]
  .rodata               const    0x0001f9c0      0x4  fsl_i2c.o [1]
  .rodata               const    0x0001f9c4      0x4  fsl_sdhc.o [1]
  .rodata               const    0x0001f9c8      0x4  fsl_sdhc.o [1]
  .rodata               const    0x0001f9cc      0x4  heap_4.o [1]
  .rodata               const    0x0001f9d0      0x4  pin_mux.o [1]
  .rodata               const    0x0001f9d4      0x4  pin_mux.o [1]
  .rodata               const    0x0001f9d8      0x4  pin_mux.o [1]
  .rodata               const    0x0001f9dc      0x4  pin_mux.o [1]
  .rodata               const    0x0001f9e0      0x4  pin_mux.o [1]
  .rodata               const    0x0001f9e4      0x4  pin_mux.o [1]
  .rodata               const    0x0001f9e8      0x4  pin_mux.o [1]
  .rodata               const    0x0001f9ec      0x4  pin_mux.o [1]
  .rodata               const    0x0001f9f0      0x4  pin_mux.o [1]
  .rodata               const    0x0001f9f4      0x4  port.o [1]
  .rodata               const    0x0001f9f8      0x4  SDCardTask.o [1]
  .rodata               const    0x0001f9fc      0x4  SHT1x.o [1]
  .rodata               const    0x0001fa00      0x4  SHT1x.o [1]
  .rodata               const    0x0001fa04      0x4  SHT1x.o [1]
  .rodata               const    0x0001fa08      0x4  SHT1x.o [1]
  .text                 ro code  0x0001fa0c      0x4  startup_MK64F12.o [1]
  .rodata               const    0x0001fa10      0x0  zero_init3.o [5]
  .rodata               const    0x0001fa10      0x0  copy_init3.o [5]
                               - 0x0001fa10  0x1f600

"P3-P4", part 1 of 2:                           0xb4
  RW                             0x1fff0000     0xb4  <Block>
    RW-1                         0x1fff0000     0xb1  <Init block>
      .data             inited   0x1fff0000      0x4  fsl_clock.o [1]
      .data             inited   0x1fff0004      0x4  fsl_clock.o [1]
      .data             inited   0x1fff0008     0x3c  main.o [1]
      .data             inited   0x1fff0044     0x18  main.o [1]
      .data             inited   0x1fff005c      0x4  main.o [1]
      .data             inited   0x1fff0060      0x4  port.o [1]
      .data             inited   0x1fff0064     0x24  SHT1x.o [1]
      .data             inited   0x1fff0088     0x10  SS_TempAndHumi.o [1]
      .data             inited   0x1fff0098     0x10  SS_TempAndHumi.o [1]
      .data             inited   0x1fff00a8      0x4  system_MK64F12.o [1]
      __DLIB_PERTHREAD  inited   0x1fff00ac      0x4  errno.o [3]
      .data             inited   0x1fff00b0      0x1  fsl_sdmmc_host.o [1]
                               - 0x1fff00b4     0xb4

"P3-P4", part 2 of 2:                         0x8d88
  ZI                             0x1fff00b4   0x8d88  <Block>
    .bss                zero     0x1fff00b4      0xc  ff.o [1]
    .bss                zero     0x1fff00c0    0x200  ff.o [1]
    .bss                zero     0x1fff02c0      0x4  fsl_clock.o [1]
    .bss                zero     0x1fff02c4      0x4  fsl_clock.o [1]
    .bss                zero     0x1fff02c8     0x10  fsl_debug_console.o [1]
    .bss                zero     0x1fff02d8      0xc  fsl_dspi.o [1]
    .bss                zero     0x1fff02e4      0x4  fsl_dspi.o [1]
    .bss                zero     0x1fff02e8      0x4  fsl_dspi.o [1]
    .bss                zero     0x1fff02ec      0xc  fsl_i2c.o [1]
    .bss                zero     0x1fff02f8      0x4  fsl_i2c.o [1]
    .bss                zero     0x1fff02fc      0x4  fsl_i2c.o [1]
    .bss                zero     0x1fff0300     0xbc  fsl_sd_disk.o [1]
    .bss                zero     0x1fff03bc      0x4  fsl_sdhc.o [1]
    .bss                zero     0x1fff03c0      0x4  fsl_sdhc.o [1]
    .bss                zero     0x1fff03c4    0x200  fsl_sdmmc_common.o [1]
    .bss                zero     0x1fff05c4      0x4  fsl_sdmmc_event.o [1]
    .bss                zero     0x1fff05c8      0x4  fsl_sdmmc_event.o [1]
    .bss                zero     0x1fff05cc     0x28  fsl_sdmmc_host.o [1]
    .bss                zero     0x1fff05f4     0x20  fsl_sdmmc_host.o [1]
    .bss                zero     0x1fff0614     0x18  fsl_uart.o [1]
    .bss                zero     0x1fff062c      0x4  fsl_uart.o [1]
    .bss                zero     0x1fff0630   0x7800  heap_4.o [1]
    .bss                zero     0x1fff7e30      0x8  heap_4.o [1]
    .bss                zero     0x1fff7e38      0x4  heap_4.o [1]
    .bss                zero     0x1fff7e3c      0x4  heap_4.o [1]
    .bss                zero     0x1fff7e40      0x4  heap_4.o [1]
    .bss                zero     0x1fff7e44      0x4  heap_4.o [1]
    .bss                zero     0x1fff7e48     0x38  main.o [1]
    .bss                zero     0x1fff7e80    0x204  main.o [1]
    .bss                zero     0x1fff8084    0x204  main.o [1]
    .bss                zero     0x1fff8288    0x204  main.o [1]
    .bss                zero     0x1fff848c      0x4  main.o [1]
    .bss                zero     0x1fff8490     0x14  main.o [1]
    .bss                zero     0x1fff84a4      0x4  port.o [1]
    .bss                zero     0x1fff84a8      0x4  ProcessTask.o [1]
    .bss                zero     0x1fff84ac     0x40  queue.o [1]
    .bss                zero     0x1fff84ec    0x238  SDCardTask.o [1]
    .bss                zero     0x1fff8724    0x388  SensorTask.o [1]
    .bss                zero     0x1fff8aac     0x20  SensorTask.o [1]
    .bss                zero     0x1fff8acc     0x20  SensorTask.o [1]
    .bss                zero     0x1fff8aec      0x4  SensorTask.o [1]
    .bss                zero     0x1fff8af0      0x4  tasks.o [1]
    .bss                zero     0x1fff8af4     0x64  tasks.o [1]
    .bss                zero     0x1fff8b58     0x14  tasks.o [1]
    .bss                zero     0x1fff8b6c     0x14  tasks.o [1]
    .bss                zero     0x1fff8b80      0x4  tasks.o [1]
    .bss                zero     0x1fff8b84      0x4  tasks.o [1]
    .bss                zero     0x1fff8b88     0x14  tasks.o [1]
    .bss                zero     0x1fff8b9c     0x14  tasks.o [1]
    .bss                zero     0x1fff8bb0      0x4  tasks.o [1]
    .bss                zero     0x1fff8bb4     0x14  tasks.o [1]
    .bss                zero     0x1fff8bc8      0x4  tasks.o [1]
    .bss                zero     0x1fff8bcc      0x4  tasks.o [1]
    .bss                zero     0x1fff8bd0      0x4  tasks.o [1]
    .bss                zero     0x1fff8bd4      0x4  tasks.o [1]
    .bss                zero     0x1fff8bd8      0x4  tasks.o [1]
    .bss                zero     0x1fff8bdc      0x4  tasks.o [1]
    .bss                zero     0x1fff8be0      0x4  tasks.o [1]
    .bss                zero     0x1fff8be4      0x4  tasks.o [1]
    .bss                zero     0x1fff8be8      0x4  tasks.o [1]
    .bss                zero     0x1fff8bec      0x4  tasks.o [1]
    .bss                zero     0x1fff8bf0      0x4  tasks.o [1]
    .bss                zero     0x1fff8bf4     0x14  timers.o [1]
    .bss                zero     0x1fff8c08     0x14  timers.o [1]
    .bss                zero     0x1fff8c1c      0x4  timers.o [1]
    .bss                zero     0x1fff8c20      0x4  timers.o [1]
    .bss                zero     0x1fff8c24      0x4  timers.o [1]
    .bss                zero     0x1fff8c28      0x4  timers.o [1]
    .bss                zero     0x1fff8c2c      0x4  timers.o [1]
    .bss                zero     0x1fff8c30     0x18  dlmalloc.o [3]
    .bss                zero     0x1fff8c48    0x1d8  dlmalloc.o [3]
    .bss                zero     0x1fff8e20      0x2  ff.o [1]
    .bss                zero     0x1fff8e22      0x2  main.o [1]
    .bss                zero     0x1fff8e24      0x2  main.o [1]
    .bss                zero     0x1fff8e26      0x2  main.o [1]
    .bss                zero     0x1fff8e28      0x2  main.o [1]
    .bss                zero     0x1fff8e2a      0x2  main.o [1]
    .bss                zero     0x1fff8e2c      0x2  ProcessTask.o [1]
    .bss                zero     0x1fff8e2e      0x2  ProcessTask.o [1]
    .bss                zero     0x1fff8e30      0x1  ff.o [1]
    .bss                zero     0x1fff8e31      0x1  fsl_sdmmc_host.o [1]
    .bss                zero     0x1fff8e32      0x1  main.o [1]
    .bss                zero     0x1fff8e33      0x1  port.o [1]
    .bss                zero     0x1fff8e34      0x1  ProcessTask.o [1]
    .bss                zero     0x1fff8e35      0x1  SDCardTask.o [1]
    .bss                zero     0x1fff8e36      0x1  SDCardTask.o [1]
    .bss                zero     0x1fff8e37      0x1  SDCardTask.o [1]
    .bss                zero     0x1fff8e38      0x1  SensorTask.o [1]
                               - 0x1fff8e3c   0x8d88

"P6":                                          0x400
  CSTACK                         0x2002fc00    0x400  <Block>
    CSTACK              uninit   0x2002fc00    0x400  <Block tail>
                               - 0x20030000    0x400


*******************************************************************************
*** INIT TABLE
***

          Address     Size
          -------     ----
Zero (__iar_zero_init3)
    1 destination range, total size 0x8d85:
          0x1fff00b4  0x8d85

Copy (__iar_copy_init3)
    1 source range, total size 0xb4 (101% of destination):
          0x0001d8d0    0xb4
    1 destination range, total size 0xb1:
          0x1fff0000    0xb1



*******************************************************************************
*** MODULE SUMMARY
***

    Module                  ro code  ro data  rw data
    ------                  -------  -------  -------
F:\03.Git\smf\FW\fw_smf_v1.1\fw_smf_sensor\Release\Obj: [1]
    BH1750.o                    208
    FileAccess.o                264      160
    I2C.o                       520      252
    PacketHandle.o            2 390      988
    ProcessTask.o               768      336        9
    SDCardTask.o                660      556      571
    SHT1x.o                     860       52       36
    SS_EC.o                      16
    SS_EC_Atlas.o                84       16
    SS_Light.o                   20
    SS_PH.o                      16
    SS_PH_Atlas.o                80       24
    SS_TempAndHumi.o             28       32       32
    SensorTask.o              1 288      624      973
    UART.o                      190
    UserFile.o                  832      596
    WhoAmITask.o                204      220
    board.o                      28
    clock_config.o              104       32
    diskio.o                    116
    ff.o                      7 108       56      527
    ffunicode.o                 392   59 808
    fsl_clock.o               1 416      152       16
    fsl_debug_console.o       2 638                16
    fsl_dspi.o                  212      136       20
    fsl_ftm.o                   902      156
    fsl_gpio.o                  100       96
    fsl_i2c.o                 1 700      352       20
    fsl_i2c_freertos.o          248
    fsl_sd.o                  5 486      736
    fsl_sd_disk.o               248               188
    fsl_sdhc.o                2 948      697        8
    fsl_sdmmc_common.o          800      340      512
    fsl_sdmmc_event.o           262                 8
    fsl_sdmmc_host.o            866        1       74
    fsl_sim.o                    44
    fsl_smc.o                    32
    fsl_tickless_systick.o       48
    fsl_uart.o                  972      332       28
    fsl_wdog.o                  284       96
    heap_4.o                    608        4   30 744
    list.o                      152
    main.o                    1 492      636    1 727
    pin_mux.o                   712      132
    port.o                      560        8        9
    portasm.o                   168
    queue.o                   2 106                64
    startup_MK64F12.o         1 464
    system_MK64F12.o             52        4        4
    tasks.o                   3 116        8      260
    timers.o                  1 056       16       60
    -------------------------------------------------
    Total:                   46 868   67 654   35 906

command line: [2]
    -------------------------------------------------
    Total:

dl7M_tln.a: [3]
    abort.o                       6
    atoi.o                        8
    div.o                        14
    dlmalloc.o                1 408               496
    errno.o                      12        4        4
    exit.o                        4
    low_level_init.o              4
    sprintf.o                    52
    xprintffull.o             3 538
    xsprout.o                    10
    xstoflt.o                   428
    xstopfx.o                   286
    xstoul.o                    412
    xstoxflt.o                  512
    xtls.o                        2
    -------------------------------------------------
    Total:                    6 696        4      500

m7M_tls.a: [4]
    DblAdd.o                    232
    DblCmpEq.o                   32
    DblCmpGe.o                   46
    DblCmpLe.o                   46
    DblDiv.o                    598
    DblMul.o                    418
    DblSub.o                    384
    DblToFlt.o                  144
    DblToI32.o                   88
    DblToI64.o                  122
    FltToDbl.o                   78
    I32ToDbl.o                   48
    I64ToDbl.o                   88
    atof.o                       16
    fpinit_M.o                   34
    modf.o                      192
    pow.o                     2 240
    xdint.o                     126
    xdnorm.o                     68
    xdscale.o                   276
    xdtento.o                   512
    xdtest.o                     64
    xdunscal.o                   86
    xexp.o                      710
    xlog.o                      176
    xstod.o                     360
    -------------------------------------------------
    Total:                    7 184

rt7M_tl.a: [5]
    ABImemclr4.o                  6
    ABImemcpy_unaligned.o       118
    ABImemset.o                 102
    ABImemset48.o                50
    I64DivMod.o                 306
    I64DivZer.o                   2
    cexit.o                      10
    cmain.o                      26
    copy_init3.o                 44
    cstartup_M.o                 12
    data_init.o                  40
    memchr.o                     88
    strchr.o                     22
    strcmp_unaligned.o           66
    strlen.o                     54
    zero_init3.o                 64
    -------------------------------------------------
    Total:                    1 010

shb_l.a: [6]
    ABIassert.o                  36
    exit.o                       20
    -------------------------------------------------
    Total:                       56

    Gaps                         37        4
    Linker created                        39    1 024
-----------------------------------------------------
    Grand Total:             61 851   67 701   37 430


*******************************************************************************
*** ENTRY LIST
***

Entry                      Address    Size  Type      Object
-----                      -------    ----  ----      ------
.iar.init_table$$Base   0x0001ef98           --   Gb  - Linker created -
.iar.init_table$$Limit  0x0001efbc           --   Gb  - Linker created -
?main                   0x0001f345          Code  Gb  cmain.o [5]
BOARD_BootClockVLPR     0x0001ade3    0x40  Code  Gb  clock_config.o [1]
BOARD_InitDebugConsole  0x0001ae39    0x1c  Code  Gb  board.o [1]
BOARD_InitPins          0x0001ab5f   0x20e  Code  Gb  pin_mux.o [1]
CLOCK_BootToBlpiMode    0x0001a69d    0x40  Code  Gb  fsl_clock.o [1]
CLOCK_DisableClock      0x000123a1    0x1a  Code  Lc  fsl_sdhc.o [1]
CLOCK_EnableClock       0x0001af85    0x18  Code  Lc  fsl_ftm.o [1]
CLOCK_EnableClock       0x0001be23    0x18  Code  Lc  fsl_i2c.o [1]
CLOCK_EnableClock       0x00012389    0x18  Code  Lc  fsl_sdhc.o [1]
CLOCK_EnableClock       0x000174d5    0x18  Code  Lc  fsl_uart.o [1]
CLOCK_EnableClock       0x0001ab09    0x18  Code  Lc  pin_mux.o [1]
CLOCK_GetCoreSysClkFreq
                        0x0001a391    0x16  Code  Gb  fsl_clock.o [1]
CLOCK_GetEr32kClkFreq   0x0001a2ff    0x60  Code  Gb  fsl_clock.o [1]
CLOCK_GetFixedFreqClkFreq
                        0x0001a527    0x1e  Code  Gb  fsl_clock.o [1]
CLOCK_GetFllExtRefClkFreq
                        0x0001a215    0x66  Code  Lc  fsl_clock.o [1]
CLOCK_GetFllFreq        0x0001a4c7    0x4a  Code  Gb  fsl_clock.o [1]
CLOCK_GetFllFreq::fllFactorTable
                        0x0001f440    0x10  Data  Lc  fsl_clock.o [1]
CLOCK_GetFllRefClkFreq  0x0001a2a1    0x20  Code  Lc  fsl_clock.o [1]
CLOCK_GetFreq           0x0001a3a7    0xce  Code  Gb  fsl_clock.o [1]
CLOCK_GetInternalRefClkFreq
                        0x0001a511    0x16  Code  Gb  fsl_clock.o [1]
CLOCK_GetInternalRefClkSelectFreq
                        0x0001a27b    0x26  Code  Lc  fsl_clock.o [1]
CLOCK_GetMcgExtClkFreq  0x0001a1a9    0x6c  Code  Lc  fsl_clock.o [1]
CLOCK_GetOsc0ErClkFreq  0x0001a2c9    0x36  Code  Gb  fsl_clock.o [1]
CLOCK_GetOutClkFreq     0x0001a48f    0x38  Code  Gb  fsl_clock.o [1]
CLOCK_GetPll0Freq       0x0001a545    0x54  Code  Gb  fsl_clock.o [1]
CLOCK_GetPll0RefFreq    0x0001a2c1     0x8  Code  Lc  fsl_clock.o [1]
CLOCK_GetPllFllSelClkFreq
                        0x0001a35f    0x32  Code  Gb  fsl_clock.o [1]
CLOCK_SetEr32kClock     0x0001a175    0x1a  Code  Lc  fsl_clock.o [1]
CLOCK_SetInternalRefClkConfig
                        0x0001a599    0xba  Code  Gb  fsl_clock.o [1]
CLOCK_SetPllFllSelClock
                        0x0001a18f    0x1a  Code  Lc  fsl_clock.o [1]
CLOCK_SetSimConfig      0x0001a475    0x1a  Code  Gb  fsl_clock.o [1]
CLOCK_SetSimSafeDivs    0x0001add1     0xa  Code  Lc  clock_config.o [1]
CSTACK$$Base            0x2002fc00           --   Gb  - Linker created -
CSTACK$$Limit           0x20030000           --   Gb  - Linker created -
CurrVol                 0x1fff8e30     0x1  Data  Lc  ff.o [1]
DSPI_CommonIRQHandler   0x0001d67d    0x28  Code  Lc  fsl_dspi.o [1]
DSPI_IsMaster           0x0001d675     0x8  Code  Lc  fsl_dspi.o [1]
DbcTbl                  0x0001f52c     0xc  Data  Lc  ff.o [1]
DbgConsole_ConvertFloatRadixNumToString
                        0x00016ccd   0x1b6  Code  Lc  fsl_debug_console.o [1]
DbgConsole_ConvertRadixNumToString
                        0x00016ba1   0x12a  Code  Lc  fsl_debug_console.o [1]
DbgConsole_Init         0x00016ab9    0x74  Code  Gb  fsl_debug_console.o [1]
DbgConsole_Printf       0x00016b2d    0x24  Code  Gb  fsl_debug_console.o [1]
DbgConsole_PrintfFormattedData
                        0x00016ea9   0x62a  Code  Lc  fsl_debug_console.o [1]
DbgConsole_PrintfPaddingCharacter
                        0x00016b79    0x28  Code  Lc  fsl_debug_console.o [1]
DbgConsole_Putchar      0x00016b51    0x28  Code  Gb  fsl_debug_console.o [1]
DisableGlobalIRQ        0x0001ae69     0x8  Code  Lc  fsl_wdog.o [1]
DisableIRQ              0x000123d3    0x18  Code  Lc  fsl_sdhc.o [1]
EnableGlobalIRQ         0x0001ae71     0x6  Code  Lc  fsl_wdog.o [1]
EnableIRQ               0x0001be3b    0x18  Code  Lc  fsl_i2c.o [1]
EnableIRQ               0x000123bb    0x18  Code  Lc  fsl_sdhc.o [1]
EnableIRQ               0x00012f19    0x18  Code  Lc  fsl_sdmmc_host.o [1]
EnableIRQ               0x00019bb7    0x18  Code  Lc  main.o [1]
EnableIRQ               0x000190f5    0x18  Code  Lc  UART.o [1]
Enum_CARD_EVENT         0x1fff8e35     0x1  Data  Gb  SDCardTask.o [1]
FTM0_IRQHandler         0x00019f3d    0x92  Code  Gb  main.o [1]
FTM_ClearStatusFlags    0x0001b2d9    0x32  Code  Gb  fsl_ftm.o [1]
FTM_EnableInterrupts    0x0001b26f    0x46  Code  Gb  fsl_ftm.o [1]
FTM_GetDefaultConfig    0x0001b221    0x4e  Code  Gb  fsl_ftm.o [1]
FTM_GetInstance         0x0001af9d    0x34  Code  Lc  fsl_ftm.o [1]
FTM_Init                0x0001b17b    0xa6  Code  Gb  fsl_ftm.o [1]
FTM_SetPwmSync          0x0001afd1    0xa0  Code  Lc  fsl_ftm.o [1]
FTM_SetReloadPoints     0x0001b071   0x10a  Code  Lc  fsl_ftm.o [1]
FTM_SetTimerPeriod      0x00019bd3     0x4  Code  Lc  main.o [1]
FTM_StartTimer          0x00019bd7    0x14  Code  Lc  main.o [1]
FatFs                   0x1fff00b4     0xc  Data  Lc  ff.o [1]
Fsid                    0x1fff8e20     0x2  Data  Lc  ff.o [1]
GPIO_PinInit            0x0001ba73    0x42  Code  Gb  fsl_gpio.o [1]
GPIO_ReadPinInput       0x00012f31     0xa  Code  Lc  fsl_sdmmc_host.o [1]
GPIO_ReadPinInput       0x0001cbab     0xa  Code  Lc  SHT1x.o [1]
GPIO_TogglePinsOutput   0x0001cf23     0x4  Code  Lc  ProcessTask.o [1]
GPIO_WritePinOutput     0x0001badd    0x1a  Code  Lc  BH1750.o [1]
GPIO_WritePinOutput     0x0001ba59    0x1a  Code  Lc  fsl_gpio.o [1]
GPIO_WritePinOutput     0x00019c05    0x1a  Code  Lc  main.o [1]
GPIO_WritePinOutput     0x0001cf09    0x1a  Code  Lc  ProcessTask.o [1]
GPIO_WritePinOutput     0x0001cb91    0x1a  Code  Lc  SHT1x.o [1]
GPIO_WritePinOutput     0x0001d749    0x1a  Code  Lc  WhoAmITask.o [1]
I2C0_DriverIRQHandler   0x0001c44d     0xe  Code  Gb  fsl_i2c.o [1]
I2C1_DriverIRQHandler   0x0001c45b     0xe  Code  Gb  fsl_i2c.o [1]
I2C2_DriverIRQHandler   0x0001c469     0xe  Code  Gb  fsl_i2c.o [1]
I2C_CheckAndClearError  0x0001bef5    0x1c  Code  Lc  fsl_i2c.o [1]
I2C_DisableInterrupts   0x0001c195    0x1a  Code  Gb  fsl_i2c.o [1]
I2C_EnableInterrupts    0x0001c177    0x1e  Code  Gb  fsl_i2c.o [1]
I2C_GetInstance         0x0001be6f    0x32  Code  Gb  fsl_i2c.o [1]
I2C_InitTransferStateMachine
                        0x0001bea1    0x54  Code  Lc  fsl_i2c.o [1]
I2C_MasterClearStatusFlags
                        0x0001be53    0x1c  Code  Lc  fsl_i2c.o [1]
I2C_MasterGetDefaultConfig
                        0x0001c147    0x30  Code  Gb  fsl_i2c.o [1]
I2C_MasterGetStatusFlags
                        0x0001c2df    0x1a  Code  Gb  fsl_i2c.o [1]
I2C_MasterInit          0x0001c0b7    0x90  Code  Gb  fsl_i2c.o [1]
I2C_MasterRepeatedStart
                        0x0001c25d    0x58  Code  Gb  fsl_i2c.o [1]
I2C_MasterSetBaudRate   0x0001c1af    0x76  Code  Gb  fsl_i2c.o [1]
I2C_MasterStart         0x0001c225    0x38  Code  Gb  fsl_i2c.o [1]
I2C_MasterStop          0x0001c2b5    0x2a  Code  Gb  fsl_i2c.o [1]
I2C_MasterTransferCreateHandle
                        0x0001c2f9    0x56  Code  Gb  fsl_i2c.o [1]
I2C_MasterTransferHandleIRQ
                        0x0001c3b1    0x86  Code  Gb  fsl_i2c.o [1]
I2C_MasterTransferNonBlocking
                        0x0001c34f    0x62  Code  Gb  fsl_i2c.o [1]
I2C_MasterTransferRunStateMachine
                        0x0001bf11   0x180  Code  Lc  fsl_i2c.o [1]
I2C_RTOS_Callback       0x0001c4b1    0x24  Code  Lc  fsl_i2c_freertos.o [1]
I2C_RTOS_Init           0x0001c4d5    0x6e  Code  Gb  fsl_i2c_freertos.o [1]
I2C_RTOS_Transfer       0x0001c54d    0x5c  Code  Gb  fsl_i2c_freertos.o [1]
I2C_TransferCommonIRQHandler
                        0x0001c091    0x26  Code  Lc  fsl_i2c.o [1]
LfnBuf                  0x1fff00c0   0x200  Data  Lc  ff.o [1]
LfnOfs                  0x0001f420    0x10  Data  Lc  ff.o [1]
LoadInt                 0x000157c7    0x6e  Code  Lc  xprintffull.o [3]
NVIC_DisableIRQ         0x00012373    0x16  Code  Lc  fsl_sdhc.o [1]
NVIC_EnableIRQ          0x0001be0d    0x16  Code  Lc  fsl_i2c.o [1]
NVIC_EnableIRQ          0x0001235d    0x16  Code  Lc  fsl_sdhc.o [1]
NVIC_EnableIRQ          0x00012ee1    0x16  Code  Lc  fsl_sdmmc_host.o [1]
NVIC_EnableIRQ          0x00019ba1    0x16  Code  Lc  main.o [1]
NVIC_EnableIRQ          0x000190b1    0x14  Code  Lc  UART.o [1]
NVIC_SetPriority        0x00012ef7    0x22  Code  Lc  fsl_sdmmc_host.o [1]
NVIC_SetPriority        0x0001bc05    0x22  Code  Lc  I2C.o [1]
NVIC_SetPriority        0x0001d1ed    0x22  Code  Lc  SDCardTask.o [1]
NVIC_SetPriority        0x000190c5    0x22  Code  Lc  UART.o [1]
NVIC_SystemReset        0x0001ceed    0x1c  Code  Lc  ProcessTask.o [1]
NVIC_SystemReset        0x0001d20f    0x1c  Code  Lc  SDCardTask.o [1]
PORTE_IRQHandler        0x0001313b    0x26  Code  Gb  fsl_sdmmc_host.o [1]
PORT_ClearPinsInterruptFlags
                        0x00012f91     0x6  Code  Lc  fsl_sdmmc_host.o [1]
PORT_GetPinsInterruptFlags
                        0x00012f8b     0x6  Code  Lc  fsl_sdmmc_host.o [1]
PORT_SetPinConfig       0x0001ab21    0x26  Code  Lc  pin_mux.o [1]
PORT_SetPinInterruptConfig
                        0x00012f73    0x18  Code  Lc  fsl_sdmmc_host.o [1]
PORT_SetPinMux          0x0001ab47    0x18  Code  Lc  pin_mux.o [1]
PendSV_Handler          0x00015179          Code  Gb  portasm.o [1]
RW$$Base                0x1fff0000           --   Gb  - Linker created -
RW$$Limit               0x1fff00b4           --   Gb  - Linker created -
Region$$Table$$Base     0x0001ef98           --   Gb  - Linker created -
Region$$Table$$Limit    0x0001efbc           --   Gb  - Linker created -
SDCARD_DetectCallBack   0x0001d3d3     0xc  Code  Lc  SDCardTask.o [1]
SDHC_CardDetectByData3  0x00012f59    0x1a  Code  Lc  fsl_sdmmc_host.o [1]
SDHC_ClearInterruptStatusFlags
                        0x00012413     0x4  Code  Lc  fsl_sdhc.o [1]
SDHC_Deinit             0x00012937    0x14  Code  Gb  fsl_sdhc.o [1]
SDHC_DisableInterruptSignal
                        0x00012405     0xa  Code  Lc  fsl_sdhc.o [1]
SDHC_DisableInterruptSignal
                        0x00012f4b     0xa  Code  Lc  fsl_sdmmc_host.o [1]
SDHC_DisableInterruptStatus
                        0x000123f3     0xa  Code  Lc  fsl_sdhc.o [1]
SDHC_DriverIRQHandler   0x00012e59    0x2c  Code  Gb  fsl_sdhc.o [1]
SDHC_EnableInterruptSignal
                        0x000123fd     0x8  Code  Lc  fsl_sdhc.o [1]
SDHC_EnableInterruptSignal
                        0x00012f43     0x8  Code  Lc  fsl_sdmmc_host.o [1]
SDHC_EnableInterruptStatus
                        0x000123eb     0x8  Code  Lc  fsl_sdhc.o [1]
SDHC_EnableInterruptStatus
                        0x00012f3b     0x8  Code  Lc  fsl_sdmmc_host.o [1]
SDHC_EnableSdClock      0x00011fc1    0x1a  Code  Lc  fsl_sdmmc_common.o [1]
SDHC_GetCapability      0x0001297f    0x54  Code  Gb  fsl_sdhc.o [1]
SDHC_GetCommandResponse
                        0x0001241b    0x26  Code  Lc  fsl_sdhc.o [1]
SDHC_GetInstance        0x00012449    0x3a  Code  Lc  fsl_sdhc.o [1]
SDHC_GetInterruptStatusFlags
                        0x0001240f     0x4  Code  Lc  fsl_sdhc.o [1]
SDHC_GetPresentStatusFlags
                        0x000109b9     0x4  Code  Lc  fsl_sd.o [1]
SDHC_GetPresentStatusFlags
                        0x00012417     0x4  Code  Lc  fsl_sdhc.o [1]
SDHC_GetPresentStatusFlags
                        0x00011fbd     0x4  Code  Lc  fsl_sdmmc_common.o [1]
SDHC_GetPresentStatusFlags
                        0x00012f55     0x4  Code  Lc  fsl_sdmmc_host.o [1]
SDHC_Init               0x0001284f    0xe8  Code  Gb  fsl_sdhc.o [1]
SDHC_ReadData           0x00012445     0x4  Code  Lc  fsl_sdhc.o [1]
SDHC_ReadDataPort       0x00012653    0x66  Code  Lc  fsl_sdhc.o [1]
SDHC_ReceiveCommandResponse
                        0x000125b7    0x9c  Code  Lc  fsl_sdhc.o [1]
SDHC_Reset              0x0001294b    0x34  Code  Gb  fsl_sdhc.o [1]
SDHC_SetAdmaTableConfig
                        0x00012b3d   0x104  Code  Gb  fsl_sdhc.o [1]
SDHC_SetCardActive      0x00012a89    0x2e  Code  Gb  fsl_sdhc.o [1]
SDHC_SetDataBusWidth    0x000109bd    0x14  Code  Lc  fsl_sd.o [1]
SDHC_SetSdClock         0x000129d3    0xb6  Code  Gb  fsl_sdhc.o [1]
SDHC_SetTransferConfig  0x00012ab7    0x86  Code  Gb  fsl_sdhc.o [1]
SDHC_SetTransferInterrupt
                        0x00012483    0x58  Code  Lc  fsl_sdhc.o [1]
SDHC_StartTransfer      0x000124db    0xdc  Code  Lc  fsl_sdhc.o [1]
SDHC_TransferCreateHandle
                        0x00012c45    0x7e  Code  Gb  fsl_sdhc.o [1]
SDHC_TransferHandleCardDetect
                        0x0001271f    0x24  Code  Lc  fsl_sdhc.o [1]
SDHC_TransferHandleCommand
                        0x00012743    0x66  Code  Lc  fsl_sdhc.o [1]
SDHC_TransferHandleData
                        0x000127a9    0x82  Code  Lc  fsl_sdhc.o [1]
SDHC_TransferHandleIRQ  0x00012dd9    0x80  Code  Gb  fsl_sdhc.o [1]
SDHC_TransferHandleSdioBlockGap
                        0x0001283d    0x12  Code  Lc  fsl_sdhc.o [1]
SDHC_TransferHandleSdioInterrupt
                        0x0001282b    0x12  Code  Lc  fsl_sdhc.o [1]
SDHC_TransferNonBlocking
                        0x00012ce1    0xee  Code  Gb  fsl_sdhc.o [1]
SDHC_WriteData          0x00012441     0x4  Code  Lc  fsl_sdhc.o [1]
SDHC_WriteDataPort      0x000126b9    0x66  Code  Lc  fsl_sdhc.o [1]
SDMMCEVENT_Create       0x00013295    0x2c  Code  Gb  fsl_sdmmc_event.o [1]
SDMMCEVENT_Delay        0x0001336d    0x16  Code  Gb  fsl_sdmmc_event.o [1]
SDMMCEVENT_Delete       0x00013359    0x14  Code  Gb  fsl_sdmmc_event.o [1]
SDMMCEVENT_GetInstance  0x0001327d    0x18  Code  Lc  fsl_sdmmc_event.o [1]
SDMMCEVENT_Notify       0x00013309    0x42  Code  Gb  fsl_sdmmc_event.o [1]
SDMMCEVENT_Wait         0x000132c1    0x48  Code  Gb  fsl_sdmmc_event.o [1]
SDMMCHOST_CardDetectDeinit
                        0x00013123    0x10  Code  Lc  fsl_sdmmc_host.o [1]
SDMMCHOST_CardDetectInit
                        0x000130bb    0x68  Code  Lc  fsl_sdmmc_host.o [1]
SDMMCHOST_Deinit        0x0001322f    0x14  Code  Gb  fsl_sdmmc_host.o [1]
SDMMCHOST_Delay         0x00013133     0x8  Code  Gb  fsl_sdmmc_host.o [1]
SDMMCHOST_DetectCardByGpio
                        0x00012f97    0x44  Code  Lc  fsl_sdmmc_host.o [1]
SDMMCHOST_DetectCardInsertByHost
                        0x00012fdb    0x2e  Code  Lc  fsl_sdmmc_host.o [1]
SDMMCHOST_DetectCardRemoveByHost
                        0x00013009    0x1e  Code  Lc  fsl_sdmmc_host.o [1]
SDMMCHOST_ErrorRecovery
                        0x0001308b    0x30  Code  Gb  fsl_sdmmc_host.o [1]
SDMMCHOST_Init          0x00013193    0x66  Code  Gb  fsl_sdmmc_host.o [1]
SDMMCHOST_PowerOffCard  0x00013161    0x14  Code  Gb  fsl_sdmmc_host.o [1]
SDMMCHOST_PowerOnCard   0x00013175    0x1e  Code  Gb  fsl_sdmmc_host.o [1]
SDMMCHOST_Reset         0x0001322d     0x2  Code  Gb  fsl_sdmmc_host.o [1]
SDMMCHOST_TransferCompleteCallback
                        0x00013027    0x1c  Code  Lc  fsl_sdmmc_host.o [1]
SDMMCHOST_TransferFunction
                        0x00013043    0x48  Code  Lc  fsl_sdmmc_host.o [1]
SDMMC_ExecuteTuning     0x0001222b    0x74  Code  Gb  fsl_sdmmc_common.o [1]
SDMMC_GoIdle            0x000120d3    0x54  Code  Gb  fsl_sdmmc_common.o [1]
SDMMC_SelectCard        0x00011fdb    0x82  Code  Gb  fsl_sdmmc_common.o [1]
SDMMC_SendApplicationCommand
                        0x0001205d    0x76  Code  Gb  fsl_sdmmc_common.o [1]
SDMMC_SetBlockSize      0x00012127    0x66  Code  Gb  fsl_sdmmc_common.o [1]
SDMMC_SwitchVoltage     0x0001218d    0x9e  Code  Gb  fsl_sdmmc_common.o [1]
SD_AllSendCid           0x000114bb    0x78  Code  Lc  fsl_sd.o [1]
SD_ApplicationSendOperationCondition
                        0x00011533    0xaa  Code  Lc  fsl_sd.o [1]
SD_CardDeinit           0x00011e17    0x22  Code  Gb  fsl_sd.o [1]
SD_CardInit             0x00011c91   0x186  Code  Gb  fsl_sd.o [1]
SD_DecodeCid            0x0001143f    0x7c  Code  Lc  fsl_sd.o [1]
SD_DecodeCsd            0x000111a7   0x21e  Code  Lc  fsl_sd.o [1]
SD_DecodeScr            0x00010d93    0xfa  Code  Lc  fsl_sd.o [1]
SD_Deinit               0x00011f15    0x12  Code  Gb  fsl_sd.o [1]
SD_ExecuteTuning        0x00010a79    0x2a  Code  Lc  fsl_sd.o [1]
SD_GoIdle               0x00010a29    0x26  Code  Lc  fsl_sd.o [1]
SD_HostDeinit           0x00011e79    0x26  Code  Gb  fsl_sd.o [1]
SD_HostInit             0x00011e39    0x3a  Code  Gb  fsl_sd.o [1]
SD_HostReset            0x00011e9f     0xa  Code  Gb  fsl_sd.o [1]
SD_PowerOffCard         0x00011eb1     0x8  Code  Gb  fsl_sd.o [1]
SD_PowerOnCard          0x00011ea9     0x8  Code  Gb  fsl_sd.o [1]
SD_Read                 0x00011751   0x144  Code  Lc  fsl_sd.o [1]
SD_ReadBlocks           0x00011a15   0x138  Code  Gb  fsl_sd.o [1]
SD_SelectBusTiming      0x00011665    0x84  Code  Lc  fsl_sd.o [1]
SD_SelectCard           0x000109d1    0x2e  Code  Lc  fsl_sd.o [1]
SD_SelectFunction       0x00010f7b   0x192  Code  Lc  fsl_sd.o [1]
SD_SendApplicationCmd   0x000109ff    0x2a  Code  Lc  fsl_sd.o [1]
SD_SendCsd              0x000113c5    0x7a  Code  Lc  fsl_sd.o [1]
SD_SendInterfaceCondition
                        0x000115dd    0x82  Code  Lc  fsl_sd.o [1]
SD_SendRca              0x00010c59    0x6c  Code  Lc  fsl_sd.o [1]
SD_SendScr              0x00010e8d    0xee  Code  Lc  fsl_sd.o [1]
SD_SetBlockSize         0x00010a4f    0x2a  Code  Lc  fsl_sd.o [1]
SD_SetDataBusWidth      0x0001110d    0x9a  Code  Lc  fsl_sd.o [1]
SD_SetDriverStrength    0x000116e9    0x2a  Code  Lc  fsl_sd.o [1]
SD_SetMaxCurrent        0x00011713    0x2a  Code  Lc  fsl_sd.o [1]
SD_StopTransmission     0x00010be5    0x74  Code  Lc  fsl_sd.o [1]
SD_SwitchFunction       0x00010cc5    0xce  Code  Lc  fsl_sd.o [1]
SD_SwitchVoltage        0x00010aa3    0x26  Code  Lc  fsl_sd.o [1]
SD_Transfer             0x00010ac9    0x9a  Code  Lc  fsl_sd.o [1]
SD_WaitWriteComplete    0x00010b63    0x82  Code  Lc  fsl_sd.o [1]
SD_Write                0x000118a5   0x150  Code  Lc  fsl_sd.o [1]
SD_WriteBlocks          0x00011b4d   0x138  Code  Gb  fsl_sd.o [1]
SIM_GetUniqueId         0x0001b30d    0x1a  Code  Gb  fsl_sim.o [1]
SMC_GetPowerModeState   0x0001addf     0x4  Code  Lc  clock_config.o [1]
SMC_SetPowerModeProtection
                        0x0001addb     0x4  Code  Lc  clock_config.o [1]
SMC_SetPowerModeVlpr    0x0001babd    0x20  Code  Gb  fsl_smc.o [1]
SPI0_DriverIRQHandler   0x0001d6a5    0x26  Code  Gb  fsl_dspi.o [1]
SPI1_DriverIRQHandler   0x0001d6cd    0x26  Code  Gb  fsl_dspi.o [1]
SPI2_DriverIRQHandler   0x0001d6f9    0x26  Code  Gb  fsl_dspi.o [1]
SVC_Handler             0x000151d1          Code  Gb  portasm.o [1]
SYSMPU_Enable           0x00019beb    0x1a  Code  Lc  main.o [1]
SysTick_Handler         0x0001498b    0x28  Code  Gb  port.o [1]
SystemCoreClock         0x1fff00a8     0x4  Data  Gb  system_MK64F12.o [1]
SystemInit              0x0001e57d    0x26  Code  Gb  system_MK64F12.o [1]
UART0_DriverIRQHandler  0x00017819    0x10  Code  Gb  fsl_uart.o [1]
UART0_RX_TX_DriverIRQHandler
                        0x00017829     0x8  Code  Gb  fsl_uart.o [1]
UART1_RX_TX_IRQHandler  0x00019e35    0x50  Code  Gb  main.o [1]
UART2_DriverIRQHandler  0x00017831    0x10  Code  Gb  fsl_uart.o [1]
UART2_RX_TX_DriverIRQHandler
                        0x00017841     0x8  Code  Gb  fsl_uart.o [1]
UART3_RX_TX_IRQHandler  0x00019de5    0x50  Code  Gb  main.o [1]
UART4_RX_TX_IRQHandler  0x00019d8b    0x5a  Code  Gb  main.o [1]
UART5_DriverIRQHandler  0x00017859    0x10  Code  Gb  fsl_uart.o [1]
UART5_RX_TX_DriverIRQHandler
                        0x00017899     0x8  Code  Gb  fsl_uart.o [1]
UART_EnableInterrupts   0x0001774f    0x26  Code  Gb  fsl_uart.o [1]
UART_EnableRx           0x00016a9f    0x1a  Code  Lc  fsl_debug_console.o [1]
UART_EnableTx           0x00016a85    0x1a  Code  Lc  fsl_debug_console.o [1]
UART_GetDefaultConfig   0x00017713    0x3c  Code  Gb  fsl_uart.o [1]
UART_GetInstance        0x000174ed    0x34  Code  Gb  fsl_uart.o [1]
UART_GetStatusFlags     0x00017775    0x1a  Code  Gb  fsl_uart.o [1]
UART_Init               0x00017521   0x1f2  Code  Gb  fsl_uart.o [1]
UART_ReadBlocking       0x000177a7    0x68  Code  Gb  fsl_uart.o [1]
UART_ReadByte           0x00019bcf     0x4  Code  Lc  main.o [1]
UART_WriteBlocking      0x0001778f    0x18  Code  Gb  fsl_uart.o [1]
WDOG_GetDefaultConfig   0x0001ae85    0x46  Code  Gb  fsl_wdog.o [1]
WDOG_Init               0x0001aecb    0x94  Code  Gb  fsl_wdog.o [1]
WDOG_Refresh            0x0001af69    0x1c  Code  Gb  fsl_wdog.o [1]
WDOG_Unlock             0x0001ae77     0xe  Code  Lc  fsl_wdog.o [1]
ZI$$Base                0x1fff00b4           --   Gb  - Linker created -
ZI$$Limit               0x1fff8e3c           --   Gb  - Linker created -
_EVENT_SYS              0x1fff8e2a     0x2  Data  Gb  main.o [1]
_GenldFull              0x00015d41   0x26a  Code  Lc  xprintffull.o [3]
_LdtobFull              0x00015941   0x3fa  Code  Lc  xprintffull.o [3]
_LitobFull              0x00015835   0x10a  Code  Lc  xprintffull.o [3]
_PrintfFull             0x00015221   0x5a0  Code  Gb  xprintffull.o [3]
_PutcharsFull           0x00015fab    0x2e  Code  Lc  xprintffull.o [3]
_SHT1x_Func_Index       0x1fff0064    0x24  Data  Gb  SHT1x.o [1]
_SHT1x_IO_Air_Index     0x1fff0088    0x10  Data  Gb  SS_TempAndHumi.o [1]
_SHT1x_IO_Soil_Index    0x1fff0098    0x10  Data  Gb  SS_TempAndHumi.o [1]
_SProut                 0x00011f27     0xa  Code  Gb  xsprout.o [3]
_Stoflt                 0x0001b459   0x1ac  Code  Gb  xstoflt.o [3]
_Stopfx                 0x0001b339   0x11e  Code  Gb  xstopfx.o [3]
_Stoxflt                0x0001b859   0x1cc  Code  Gb  xstoxflt.o [3]
_Stoxflt::digits        0x0001ba28    0x18  Data  Lc  xstoxflt.o [3]
_Stoxflt::vals          0x0001ba40    0x18  Data  Lc  xstoxflt.o [3]
__RAM_VECTOR_TABLE_SIZE {Abs}
                        0x00000000          Data  Gb  command line/config [2]
__VECTOR_RAM {Abs}      0x00000000          Data  Gb  command line/config [2]
__VECTOR_TABLE {Abs}    0x00000000          Data  Gb  command line/config [2]
__Vectors               0x00000000           --   Gb  startup_MK64F12.o [1]
__Vectors_End           0x00000400          Data  Gb  startup_MK64F12.o [1]
__Vectors_Size {Abs}    0x00000400           --   Gb  startup_MK64F12.o [1]
__aeabi_assert          0x00011f99    0x24  Code  Gb  ABIassert.o [6]
__aeabi_cdcmpeq         0x000178a1          Code  Gb  DblCmpEq.o [4]
__aeabi_cdcmple         0x00016215          Code  Gb  DblCmpLe.o [4]
__aeabi_cdrcmple        0x00016245          Code  Gb  DblCmpGe.o [4]
__aeabi_d2f             0x00019ac1          Code  Gb  DblToFlt.o [4]
__aeabi_d2iz            0x00016389          Code  Gb  DblToI32.o [4]
__aeabi_d2lz            0x00018241          Code  Gb  DblToI64.o [4]
__aeabi_d2uiz           0x000163b5          Code  Gb  DblToI32.o [4]
__aeabi_dadd            0x0001699d          Code  Gb  DblAdd.o [4]
__aeabi_ddiv            0x00016735          Code  Gb  DblDiv.o [4]
__aeabi_dmul            0x00016591          Code  Gb  DblMul.o [4]
__aeabi_dsub            0x00016411          Code  Gb  DblSub.o [4]
__aeabi_errno_addr      0x00018395     0x6  Code  Gb  errno.o [3]
__aeabi_f2d             0x00019b51          Code  Gb  FltToDbl.o [4]
__aeabi_i2d             0x000163e1          Code  Gb  I32ToDbl.o [4]
__aeabi_l2d             0x000182bd          Code  Gb  I64ToDbl.o [4]
__aeabi_ldiv0           0x00016999          Code  Gb  I64DivZer.o [5]
__aeabi_ldivmod         0x0001609d          Code  Gb  I64DivMod.o [5]
__aeabi_memclr4         0x000122dd          Code  Gb  ABImemclr4.o [5]
__aeabi_memset          0x00011f31          Code  Gb  ABImemset.o [5]
__aeabi_ui2d            0x000163f5          Code  Gb  I32ToDbl.o [4]
__aeabi_uldivmod        0x000160e1          Code  Gb  I64DivMod.o [5]
__cmain                 0x0001f345          Code  Gb  cmain.o [5]
__exit                  0x00013385    0x14  Code  Gb  exit.o [6]
__iar_Dint              0x00018315    0x7e  Code  Gb  xdint.o [4]
__iar_Dnorm             0x000161cf    0x44  Code  Gb  xdnorm.o [4]
__iar_Dscale            0x00016275   0x114  Code  Gb  xdscale.o [4]
__iar_Dtentox           0x0001b6b5   0x140  Code  Gb  xdtento.o [4]
__iar_Dtest             0x00018719    0x30  Code  Gb  xdtest.o [4]
__iar_Dunscale          0x0001bbad    0x56  Code  Gb  xdunscal.o [4]
__iar_Errno             0x1fff00ac     0x4  Data  Gb  errno.o [3]
__iar_Exp               0x00018451   0x2be  Code  Gb  xexp.o [4]
__iar_Logpoly           0x000183a1    0x76  Code  Gb  xlog.o [4]
__iar_Memchr            0x00016045          Code  Gb  memchr.o [5]
__iar_Memset            0x00011f31          Code  Gb  ABImemset.o [5]
__iar_Memset4_word      0x00013249          Code  Gb  ABImemset48.o [5]
__iar_Memset8_word      0x00013249          Code  Gb  ABImemset48.o [5]
__iar_Memset_word       0x00011f39          Code  Gb  ABImemset.o [5]
__iar_Stod              0x0001ab05     0x4  Code  Gb  xstod.o [4]
__iar_Stodx             0x0001a9a1   0x14e  Code  Gb  xstod.o [4]
__iar_Stoul             0x0001a845     0x4  Code  Gb  xstoul.o [3]
__iar_Stoulx            0x0001a6fd   0x142  Code  Gb  xstoul.o [3]
__iar_Strchr            0x00015ff5          Code  Gb  strchr.o [5]
__iar_copy_init3        0x0001ea51    0x2c  Code  Gb  copy_init3.o [5]
__iar_d2uiz             0x000163c1          Code  Gb  DblToI32.o [4]
__iar_dadd              0x000169b1          Code  Gb  DblAdd.o [4]
__iar_data_init3        0x0001ed9d    0x28  Code  Gb  data_init.o [5]
__iar_dlfree            0x00019559   0x51a  Code  Gb  dlmalloc.o [3]
__iar_dlib_perthread_access
                        0x00018717     0x2  Code  Gb  xtls.o [3]
__iar_dsub              0x00016425          Code  Gb  DblSub.o [4]
__iar_dsubStart         0x00016437          Code  Gb  DblSub.o [4]
__iar_init_vfp          0x0001ef75          Code  Gb  fpinit_M.o [4]
__iar_modf              0x000178d9          Code  Gb  modf.o [4]
__iar_modfl             0x000178d9          Code  Gb  modf.o [4]
__iar_program_start     0x0001f61d          Code  Gb  cstartup_M.o [5]
__iar_ui2d              0x000163f9          Code  Gb  I32ToDbl.o [4]
__iar_ul2d              0x000182d9          Code  Gb  I64ToDbl.o [4]
__iar_unaligned___aeabi_memcpy
                        0x000122e5          Code  Gb  ABImemcpy_unaligned.o [5]
__iar_unaligned___aeabi_memcpy4
                        0x00012305          Code  Gb  ABImemcpy_unaligned.o [5]
__iar_unaligned___aeabi_memcpy8
                        0x00012305          Code  Gb  ABImemcpy_unaligned.o [5]
__iar_unaligned_strcmp  0x00019171          Code  Gb  strcmp_unaligned.o [5]
__iar_vfp_atof          0x00019ab1    0x10  Code  Gb  atof.o [4]
__iar_vfp_modf          0x000178c1          Code  Gb  modf.o [4]
__iar_vfp_modfl         0x000178c1          Code  Gb  modf.o [4]
__iar_vfp_pow           0x00017e01    0x18  Code  Gb  pow.o [4]
__iar_zero_init3        0x0001e1a5    0x40  Code  Gb  zero_init3.o [5]
__low_level_init        0x0001f35f     0x4  Code  Gb  low_level_init.o [3]
__vector_table          0x00000000          Data  Gb  startup_MK64F12.o [1]
__vector_table_0x1c     0x0000001c          Data  Gb  startup_MK64F12.o [1]
_call_main              0x0001f351          Code  Gb  cmain.o [5]
_exit                   0x0001f369          Code  Gb  cexit.o [5]
_gm_                    0x1fff8c48   0x1d8  Data  Lc  dlmalloc.o [3]
_main                   0x0001f35b          Code  Gb  cmain.o [5]
abort                   0x00013243     0x6  Code  Gb  abort.o [3]
atoi                    0x000191b3     0x8  Code  Gb  atoi.o [3]
bData_Sending           0x1fff8e34     0x1  Data  Gb  ProcessTask.o [1]
bFileAccess_Open        0x0001a899    0x26  Code  Gb  FileAccess.o [1]
bFileAccess_Read_All    0x0001a8c3    0x7c  Code  Gb  FileAccess.o [1]
bFileAccess_Write_All   0x0001a93f    0x52  Code  Gb  FileAccess.o [1]
bSDCardTask_MMC_Access  0x0001d3df    0x32  Code  Lc  SDCardTask.o [1]
bSensor_Feedback        0x1fff8e38     0x1  Data  Gb  SensorTask.o [1]
bUserFile_ReadAll       0x000192ef   0x1ba  Code  Gb  UserFile.o [1]
bUserFile_ReadFile      0x000191bd    0xb6  Code  Gb  UserFile.o [1]
bUserFile_WriteFile     0x00019273    0x7c  Code  Gb  UserFile.o [1]
cID_EndDevice           0x1fff8490    0x14  Data  Gb  main.o [1]
check_fs                0x0000fc0f    0x76  Code  Lc  ff.o [1]
chk_chr                 0x0000eb8b    0x14  Code  Lc  ff.o [1]
clst2sect               0x0000edc3    0x18  Code  Lc  ff.o [1]
cmp_lfn                 0x0000f3e5    0xa2  Code  Lc  ff.o [1]
create_chain            0x0000f041   0x11e  Code  Lc  ff.o [1]
create_name             0x0000f845   0x2c8  Code  Lc  ff.o [1]
dbc_1st                 0x0000eb9f    0x42  Code  Lc  ff.o [1]
[...]
find_volume             0x0000fc91   0x2fa  Code  Lc  ff.o [1]
follow_path             0x0000fb0d    0xb2  Code  Lc  ff.o [1]
g_defaultClockConfigVlpr
                        0x0001efbc    0x20  Data  Gb  clock_config.o [1]
g_dspiHandle            0x1fff02d8     0xc  Data  Lc  fsl_dspi.o [1]
g_eventCardDetect       0x1fff05c8     0x4  Data  Lc  fsl_sdmmc_event.o [1]
g_eventTransferComplete
                        0x1fff05c4     0x4  Data  Lc  fsl_sdmmc_event.o [1]
g_fileSystem            0x1fff84ec   0x238  Data  Lc  SDCardTask.o [1]
g_sd                    0x1fff0300    0xbc  Data  Gb  fsl_sd_disk.o [1]
g_sdmmc                 0x1fff03c4   0x200  Data  Gb  fsl_sdmmc_common.o [1]
g_xtal0Freq             0x1fff02c0     0x4  Data  Gb  fsl_clock.o [1]
g_xtal32Freq            0x1fff02c4     0x4  Data  Gb  fsl_clock.o [1]
gen_numname             0x0000f51d    0xa2  Code  Lc  ff.o [1]
get_fat                 0x0000eddb    0xca  Code  Lc  ff.o [1]
get_ldnumber            0x0000fbbf    0x50  Code  Lc  ff.o [1]
iSHT1x_ReadRaw          0x0001cbb5   0x198  Code  Lc  SHT1x.o [1]
init_mparams            0x00019519    0x32  Code  Lc  dlmalloc.o [3]
internal_Pow            0x00017981   0x474  Code  Lc  pow.o [4]
ld_clust                0x0000f397    0x26  Code  Lc  ff.o [1]
ld_dword                0x0000eb0f    0x18  Code  Lc  ff.o [1]
ld_word                 0x0000eb01     0xe  Code  Lc  ff.o [1]
lnbias                  0x00017e20   0x420  Data  Lc  pow.o [4]
main                    0x00019c1f    0xf8  Code  Gb  main.o [1]
mem_cmp                 0x0000eb6d    0x1e  Code  Lc  ff.o [1]
mem_cpy                 0x0000eb4d    0x14  Code  Lc  ff.o [1]
mem_set                 0x0000eb61     0xc  Code  Lc  ff.o [1]
memchr                  0x00016045          Code  Gb  memchr.o [5]
move_window             0x0000ecef    0x3c  Code  Lc  ff.o [1]
mparams                 0x1fff8c30    0x18  Data  Lc  dlmalloc.o [3]
ndigs                   0x0001a870    0x28  Data  Lc  xstoul.o [3]
oem2uni932              0x00007788  0x7378  Data  Lc  ffunicode.o [1]
pcInterruptPriorityRegisters
                        0x0001f9f4     0x4  Data  Lc  port.o [1]
pows                    0x0001b810    0x48  Data  Lc  xdtento.o [4]
prvAddCurrentTaskToDelayedList
                        0x0001473d    0x80  Code  Lc  tasks.o [1]
prvAddNewTaskToReadyList
                        0x00013d0f    0xc0  Code  Lc  tasks.o [1]
prvCheckForValidListAndQueue
                        0x000150d3    0x4c  Code  Lc  timers.o [1]
prvCheckTasksWaitingTermination
                        0x000144dd    0x64  Code  Lc  tasks.o [1]
prvCopyDataFromQueue    0x00013a5d    0x2a  Code  Lc  queue.o [1]
prvCopyDataToQueue      0x000139d7    0x86  Code  Lc  queue.o [1]
prvDeleteTCB            0x00014541    0x12  Code  Lc  tasks.o [1]
prvGetNextExpireTime    0x00014ecb    0x2a  Code  Lc  timers.o [1]
prvHeapInit             0x00014c4b    0x64  Code  Lc  heap_4.o [1]
prvIdleTask             0x0001444d    0x24  Code  Lc  tasks.o [1]
prvInitialiseMutex      0x00013497    0x1e  Code  Lc  queue.o [1]
prvInitialiseNewQueue   0x00013475    0x22  Code  Lc  queue.o [1]
prvInitialiseNewTask    0x00013c4b    0xc4  Code  Lc  tasks.o [1]
prvInitialiseTaskLists  0x00014479    0x56  Code  Lc  tasks.o [1]
prvInsertBlockIntoFreeList
                        0x00014caf    0x5c  Code  Lc  heap_4.o [1]
prvInsertTimerInActiveList
                        0x00014f1d    0x3e  Code  Lc  timers.o [1]
prvIsQueueEmpty         0x00013af5    0x1c  Code  Lc  queue.o [1]
prvIsQueueFull          0x00013b11    0x1e  Code  Lc  queue.o [1]
prvProcessExpiredTimer  0x00014de1    0x5c  Code  Lc  timers.o [1]
prvProcessReceivedCommands
                        0x00014f5b    0xfa  Code  Lc  timers.o [1]
prvProcessTimerOrBlockTask
                        0x00014e55    0x76  Code  Lc  timers.o [1]
prvResetNextTaskUnblockTime
                        0x00014553    0x28  Code  Lc  tasks.o [1]
prvSampleTimeNow        0x00014ef5    0x28  Code  Lc  timers.o [1]
prvSampleTimeNow::xLastTime
                        0x1fff8c2c     0x4  Data  Lc  timers.o [1]
prvSwitchTimerLists     0x00015055    0x7e  Code  Lc  timers.o [1]
prvTaskExitError        0x00014829    0x2a  Code  Lc  port.o [1]
prvTaskIsTaskSuspended  0x00013ef1    0x36  Code  Lc  tasks.o [1]
prvTimerTask            0x00014e41    0x14  Code  Lc  timers.o [1]
prvUnlockQueue          0x00013a87    0x6e  Code  Lc  queue.o [1]
put_fat                 0x0000eea5   0x112  Code  Lc  ff.o [1]
put_lfn                 0x0000f487    0x88  Code  Lc  ff.o [1]
pvPortMalloc            0x00014ac9   0x10c  Code  Gb  heap_4.o [1]
pvTaskIncrementMutexHeldCount
                        0x00014705    0x1e  Code  Gb  tasks.o [1]
pxCurrentTCB            0x1fff8af0     0x4  Data  Gb  tasks.o [1]
pxCurrentTimerList      0x1fff8c1c     0x4  Data  Lc  timers.o [1]
pxDelayedTaskList       0x1fff8b80     0x4  Data  Lc  tasks.o [1]
pxEnd                   0x1fff7e38     0x4  Data  Lc  heap_4.o [1]
pxOverflowDelayedTaskList
                        0x1fff8b84     0x4  Data  Lc  tasks.o [1]
pxOverflowTimerList     0x1fff8c20     0x4  Data  Lc  timers.o [1]
pxPortInitialiseStack   0x00014801    0x28  Code  Gb  port.o [1]
pxReadyTasksLists       0x1fff8af4    0x64  Data  Lc  tasks.o [1]
remove_chain            0x0000efb7    0x8a  Code  Lc  ff.o [1]
s_cardInserted          0x1fff8e36     0x1  Data  Lc  SDCardTask.o [1]
s_debugConsole          0x1fff02c8    0x10  Data  Lc  fsl_debug_console.o [1]
s_dspiMasterIsr         0x1fff02e4     0x4  Data  Lc  fsl_dspi.o [1]
s_dspiSlaveIsr          0x1fff02e8     0x4  Data  Lc  fsl_dspi.o [1]
s_fastIrcFreq           0x1fff0004     0x4  Data  Lc  fsl_clock.o [1]
s_ftmBases              0x0001f480    0x10  Data  Lc  fsl_ftm.o [1]
s_ftmClocks             0x0001f490    0x10  Data  Lc  fsl_ftm.o [1]
s_i2cBases              0x0001f55c     0xc  Data  Lc  fsl_i2c.o [1]
s_i2cClocks             0x0001f568     0xc  Data  Lc  fsl_i2c.o [1]
s_i2cDividerTable       0x0001d984    0x80  Data  Lc  fsl_i2c.o [1]
s_i2cHandle             0x1fff02ec     0xc  Data  Lc  fsl_i2c.o [1]
s_i2cIrqs               0x0001f9c0     0x4  Data  Lc  fsl_i2c.o [1]
s_i2cMasterIsr          0x1fff02f8     0x4  Data  Lc  fsl_i2c.o [1]
s_i2cSlaveIsr           0x1fff02fc     0x4  Data  Lc  fsl_i2c.o [1]
s_sdCardDetect          0x0001f40c    0x14  Data  Lc  SDCardTask.o [1]
s_sdInsertedFlag        0x1fff8e31     0x1  Data  Lc  fsl_sdmmc_host.o [1]
s_sdhcAdmaTable         0x1fff05f4    0x20  Data  Lc  fsl_sdmmc_host.o [1]
s_sdhcBase              0x0001f9c4     0x4  Data  Lc  fsl_sdhc.o [1]
s_sdhcClock             0x0001f9c8     0x4  Data  Lc  fsl_sdhc.o [1]
s_sdhcHandle            0x1fff03bc     0x4  Data  Lc  fsl_sdhc.o [1]
s_sdhcHandle            0x1fff05cc    0x28  Data  Lc  fsl_sdmmc_host.o [1]
s_sdhcIRQ               0x00015ff2     0x1  Data  Lc  fsl_sdhc.o [1]
s_sdhcIsr               0x1fff03c0     0x4  Data  Lc  fsl_sdhc.o [1]
s_sdhcTransferSuccessFlag
                        0x1fff00b0     0x1  Data  Lc  fsl_sdmmc_host.o [1]
s_slowIrcFreq           0x1fff0000     0x4  Data  Lc  fsl_clock.o [1]
s_uartBases             0x0001f38c    0x18  Data  Lc  fsl_uart.o [1]
s_uartClock             0x0001f3a4    0x18  Data  Lc  fsl_uart.o [1]
s_uartHandle            0x1fff0614    0x18  Data  Lc  fsl_uart.o [1]
s_uartIsr               0x1fff062c     0x4  Data  Lc  fsl_uart.o [1]
sd_disk_initialize      0x0001096f    0x44  Code  Gb  fsl_sd_disk.o [1]
sd_disk_ioctl           0x00010901    0x60  Code  Gb  fsl_sd_disk.o [1]
sd_disk_read            0x000108e1    0x20  Code  Gb  fsl_sd_disk.o [1]
sd_disk_status          0x00010961     0xe  Code  Gb  fsl_sd_disk.o [1]
sd_disk_write           0x000108c1    0x20  Code  Gb  fsl_sd_disk.o [1]
segment_holding         0x000194fd    0x1c  Code  Lc  dlmalloc.o [3]
sprintf                 0x00019a7d    0x34  Code  Gb  sprintf.o [3]
st_clust                0x0000f3bd    0x28  Code  Lc  ff.o [1]
st_dword                0x0000eb35    0x18  Code  Lc  ff.o [1]
st_word                 0x0000eb27     0xe  Code  Lc  ff.o [1]
strchr                  0x00015ff5          Code  Gb  strchr.o [5]
strlen                  0x0001600d          Code  Gb  strlen.o [5]
sum_sfn                 0x0000f5bf    0x20  Code  Lc  ff.o [1]
sync_fs                 0x0000ed2b    0x98  Code  Lc  ff.o [1]
sync_window             0x0000ec9f    0x50  Code  Lc  ff.o [1]
tchar2uni               0x0000ec43    0x5c  Code  Lc  ff.o [1]
uError_Counter          0x1fff8e37     0x1  Data  Gb  SDCardTask.o [1]
uI2C_Read               0x0001bcb1    0xb6  Code  Gb  I2C.o [1]
uI2C_Write              0x0001bd67    0x7a  Code  Gb  I2C.o [1]
uLedStatus              0x1fff8e32     0x1  Data  Gb  main.o [1]
uReadSS_Counter         0x1fff8aec     0x4  Data  Gb  SensorTask.o [1]
uResend_Counter         0x1fff8e2e     0x2  Data  Gb  ProcessTask.o [1]
uSHT1x_Data_In          0x0001cee1     0xc  Code  Lc  SHT1x.o [1]
uSendData_Counter       0x1fff84a8     0x4  Data  Gb  ProcessTask.o [1]
uUART_CONN_RX_Buffer    0x1fff7e80   0x204  Data  Gb  main.o [1]
uUART_EC_RX_Buffer      0x1fff8084   0x204  Data  Gb  main.o [1]
uUART_PH_RX_Buffer      0x1fff8288   0x204  Data  Gb  main.o [1]
ucHeap                  0x1fff0630  0x7800  Data  Lc  heap_4.o [1]
ucMaxSysCallPriority    0x1fff8e33     0x1  Data  Lc  port.o [1]
ui16SecCounter          0x1fff8e24     0x2  Data  Gb  main.o [1]
ui16SendCounter         0x1fff8e28     0x2  Data  Gb  main.o [1]
ui16WAMICounter         0x1fff8e26     0x2  Data  Gb  main.o [1]
uiSendWait_Counter      0x1fff8e2c     0x2  Data  Gb  ProcessTask.o [1]
uiTimerCounter          0x1fff8e22     0x2  Data  Gb  main.o [1]
ulMaxPRIGROUPValue      0x1fff84a4     0x4  Data  Lc  port.o [1]
uni2oem932              0x00000410  0x7378  Data  Lc  ffunicode.o [1]
uxCriticalNesting       0x1fff0060     0x4  Data  Lc  port.o [1]
uxCurrentNumberOfTasks  0x1fff8bc8     0x4  Data  Lc  tasks.o [1]
uxDeletedTasksWaitingCleanUp
                        0x1fff8bb0     0x4  Data  Lc  tasks.o [1]
uxListRemove            0x00014aa3    0x26  Code  Gb  list.o [1]
uxPendedTicks           0x1fff8bd8     0x4  Data  Lc  tasks.o [1]
uxSchedulerSuspended    0x1fff8bf0     0x4  Data  Lc  tasks.o [1]
uxTaskNumber            0x1fff8be4     0x4  Data  Lc  tasks.o [1]
uxTopReadyPriority      0x1fff8bd0     0x4  Data  Lc  tasks.o [1]
vBH1750_Begin           0x0001bb15     0xa  Code  Gb  BH1750.o [1]
vBH1750_GetLux          0x0001bb41    0x56  Code  Gb  BH1750.o [1]
vBH1750_Init            0x0001bb29    0x18  Code  Gb  BH1750.o [1]
vBH1750_SetMode         0x0001bb1f     0xa  Code  Gb  BH1750.o [1]
vBH1750_WriteCmd        0x0001baf7    0x1e  Code  Lc  BH1750.o [1]
vI2C_InitModule         0x0001bc27    0x8a  Code  Gb  I2C.o [1]
vListInitialise         0x00014a31    0x1e  Code  Gb  list.o [1]
vListInitialiseItem     0x00014a4f     0x6  Code  Gb  list.o [1]
vListInsert             0x00014a6d    0x36  Code  Gb  list.o [1]
vListInsertEnd          0x00014a55    0x18  Code  Gb  list.o [1]
vMain_GetUniqueID       0x00019fcf    0xf0  Code  Gb  main.o [1]
vMain_InitWatchdog      0x00019e8d    0x4c  Code  Gb  main.o [1]
vMain_Peripheral_Init   0x00019d17    0x74  Code  Gb  main.o [1]
vMain_RefreshWDT        0x00019ed9     0xc  Code  Gb  main.o [1]
vMain_TimerInit         0x00019ee5    0x58  Code  Gb  main.o [1]
vMain_setEvent          0x0001a0bf     0xc  Code  Gb  main.o [1]
vPacketHandle_Coppy     0x00019081    0x2e  Code  Gb  PacketHandle.o [1]
vPacketHandle_HandleMessage
                        0x00018abd    0xf0  Code  Gb  PacketHandle.o [1]
vPacketHandle_HandleMessageConfig
                        0x00018bad   0x2b6  Code  Gb  PacketHandle.o [1]
vPacketHandle_HandleMessageRequest
                        0x00018e63    0xce  Code  Gb  PacketHandle.o [1]
vPacketHandle_HandleMessageResponse
                        0x00018f3d    0x40  Code  Gb  PacketHandle.o [1]
vPacketHandle_HandleMessageWhoAmI
                        0x00018f7d    0x2e  Code  Gb  PacketHandle.o [1]
vPacketHandle_SendMessage
                        0x00018759   0x160  Code  Gb  PacketHandle.o [1]
vPacketHandle_SendWhoAmI
                        0x00018fab    0x2a  Code  Gb  PacketHandle.o [1]
vPortEnableVFP          0x00015205          Code  Gb  portasm.o [1]
vPortEnterCritical      0x0001491f    0x3a  Code  Gb  port.o [1]
vPortExitCritical       0x00014959    0x32  Code  Gb  port.o [1]
vPortFree               0x00014bd5    0x76  Code  Gb  heap_4.o [1]
vPortSetupTimerInterrupt
                        0x00015149    0x30  Code  Wk  fsl_tickless_systick.o [1]
vPortStartFirstTask     0x000151ed          Code  Gb  portasm.o [1]
vPortValidateInterruptPriority
                        0x000149b5    0x4a  Code  Gb  port.o [1]
vProcessTask_CheckEvent
                        0x0001cfed   0x196  Code  Lc  ProcessTask.o [1]
vProcessTask_Task       0x0001cf27    0xc6  Code  Gb  ProcessTask.o [1]
vQueueAddToRegistry     0x00013b2f    0x24  Code  Gb  queue.o [1]
vQueueDelete            0x000139b1    0x26  Code  Gb  queue.o [1]
vQueueUnregisterQueue   0x00013b53    0x2a  Code  Gb  queue.o [1]
vQueueWaitForMessageRestricted
                        0x00013b89    0x4a  Code  Gb  queue.o [1]
vSDCardTask_Run         0x0001d22b   0x1a8  Code  Gb  SDCardTask.o [1]
vSHT11_Read             0x0001cd4d    0xc2  Code  Gb  SHT1x.o [1]
vSHT1x_ClkDir_In        0x0001ce4b    0x14  Code  Lc  SHT1x.o [1]
vSHT1x_ClkDir_Out       0x0001ce37    0x14  Code  Lc  SHT1x.o [1]
vSHT1x_ClkOut_High      0x0001cec5     0xe  Code  Lc  SHT1x.o [1]
vSHT1x_ClkOut_Low       0x0001ced3     0xe  Code  Lc  SHT1x.o [1]
vSHT1x_DataDir_In       0x0001ce23    0x14  Code  Lc  SHT1x.o [1]
vSHT1x_DataDir_Out      0x0001ce0f    0x14  Code  Lc  SHT1x.o [1]
vSHT1x_DataOut_High     0x0001cea9     0xe  Code  Lc  SHT1x.o [1]
vSHT1x_DataOut_Low      0x0001ceb7     0xe  Code  Lc  SHT1x.o [1]
vSS_EC_Atlas_Init       0x0001cb55    0x1c  Code  Gb  SS_EC_Atlas.o [1]
vSS_EC_Atlas_Read       0x0001cb71    0x10  Code  Gb  SS_EC_Atlas.o [1]
vSS_EC_Atlas_SendCMD    0x0001cb3d    0x18  Code  Gb  SS_EC_Atlas.o [1]
vSS_EC_Init             0x0001cac1     0x8  Code  Gb  SS_EC.o [1]
vSS_EC_Read             0x0001cac9     0x8  Code  Gb  SS_EC.o [1]
vSS_Light_Init          0x0001ae55     0x8  Code  Gb  SS_Light.o [1]
vSS_Light_getLux        0x0001ae5d     0xc  Code  Gb  SS_Light.o [1]
vSS_PH_Atlas_Init       0x0001cb05    0x1c  Code  Gb  SS_PH_Atlas.o [1]
vSS_PH_Atlas_Read       0x0001cb21     0xa  Code  Gb  SS_PH_Atlas.o [1]
vSS_PH_Atlas_SendCMD    0x0001caed    0x18  Code  Lc  SS_PH_Atlas.o [1]
vSS_PH_Init             0x0001cab1     0x8  Code  Gb  SS_PH.o [1]
vSS_PH_Read             0x0001cab9     0x8  Code  Gb  SS_PH.o [1]
vSS_TempAndHumi_Air_Index
                        0x0001cad1     0xa  Code  Gb  SS_TempAndHumi.o [1]
vSS_TempAndHumi_Soil_Index
                        0x0001cadb     0xa  Code  Gb  SS_TempAndHumi.o [1]
vSensorTask_SetDataSensor
                        0x0001c86f   0x186  Code  Gb  SensorTask.o [1]
vSensorTask_Task        0x0001c5a9   0x2c6  Code  Gb  SensorTask.o [1]
vSensorTask_Wait_SS_Feedback
                        0x0001c9f5    0x28  Code  Lc  SensorTask.o [1]
vTaskDelay              0x00013dcf    0x4c  Code  Gb  tasks.o [1]
vTaskMissedYield        0x0001443d     0xa  Code  Gb  tasks.o [1]
vTaskPlaceOnEventList   0x0001429b    0x2e  Code  Gb  tasks.o [1]
vTaskPlaceOnEventListRestricted
                        0x000142c9    0x38  Code  Gb  tasks.o [1]
vTaskPriorityInherit    0x0001459b    0xa8  Code  Gb  tasks.o [1]
vTaskResume             0x00013f27    0x86  Code  Gb  tasks.o [1]
vTaskSetTimeOutState    0x00014395    0x26  Code  Gb  tasks.o [1]
vTaskStartScheduler     0x00013fad    0x6e  Code  Gb  tasks.o [1]
vTaskSuspend            0x00013e1b    0xd6  Code  Gb  tasks.o [1]
vTaskSuspendAll         0x0001401b    0x10  Code  Gb  tasks.o [1]
vTaskSwitchContext      0x0001422f    0x6c  Code  Gb  tasks.o [1]
vUART_Init              0x0001910d    0x58  Code  Gb  UART.o [1]
vUART_Write             0x00019165     0xa  Code  Gb  UART.o [1]
vWhoAmITask_Task        0x0001d763    0x96  Code  Gb  WhoAmITask.o [1]
validate                0x0000ff8b    0x46  Code  Lc  ff.o [1]
xActiveTimerList1       0x1fff8bf4    0x14  Data  Lc  timers.o [1]
xActiveTimerList2       0x1fff8c08    0x14  Data  Lc  timers.o [1]
xBlockAllocatedBit      0x1fff7e44     0x4  Data  Lc  heap_4.o [1]
xDataLocal              0x1fff0008    0x3c  Data  Gb  main.o [1]
xDelayedTaskList1       0x1fff8b58    0x14  Data  Lc  tasks.o [1]
xDelayedTaskList2       0x1fff8b6c    0x14  Data  Lc  tasks.o [1]
xFileAccess_GetSizeByID
                        0x0001a8bf     0x4  Code  Lc  FileAccess.o [1]
xFlags                  0x1fff848c     0x4  Data  Gb  main.o [1]
xFreeBytesReMaining     0x1fff7e3c     0x4  Data  Lc  heap_4.o [1]
xHeapStructSize         0x0001f9cc     0x4  Data  Lc  heap_4.o [1]
xIdleTaskHandle         0x1fff8bec     0x4  Data  Lc  tasks.o [1]
xMaster_Handle_BH1750   0x1fff7e48    0x38  Data  Gb  main.o [1]
xMinimumEverFreeBytesReMaining
                        0x1fff7e40     0x4  Data  Lc  heap_4.o [1]
xNextTaskUnblockTime    0x1fff8be8     0x4  Data  Lc  tasks.o [1]
xNumOfOverflows         0x1fff8be0     0x4  Data  Lc  tasks.o [1]
xPacketHandle_RecvMessage
                        0x000188b9   0x204  Code  Gb  PacketHandle.o [1]
xPacketSend             0x1fff8724   0x388  Data  Gb  SensorTask.o [1]
xPendingReadyList       0x1fff8b88    0x14  Data  Lc  tasks.o [1]
xPortStartScheduler     0x00014853    0xcc  Code  Gb  port.o [1]
xQueueCreateMutex       0x000134b5    0x1c  Code  Gb  queue.o [1]
xQueueGenericCreate     0x0001342b    0x4a  Code  Gb  queue.o [1]
xQueueGenericReceive    0x000137f3   0x1be  Code  Gb  queue.o [1]
xQueueGenericReset      0x00013399    0x92  Code  Gb  queue.o [1]
xQueueGenericSend       0x000134d1   0x196  Code  Gb  queue.o [1]
xQueueGenericSendFromISR
                        0x00013667    0xd8  Code  Gb  queue.o [1]
xQueueGiveFromISR       0x0001373f    0xb4  Code  Gb  queue.o [1]
xQueueRegistry          0x1fff84ac    0x40  Data  Gb  queue.o [1]
xSS_Value               0x1fff8aac    0x20  Data  Gb  SensorTask.o [1]
xSS_Value_Current       0x1fff8acc    0x20  Data  Gb  SensorTask.o [1]
xSchedulerRunning       0x1fff8bd4     0x4  Data  Lc  tasks.o [1]
xStart                  0x1fff7e30     0x8  Data  Lc  heap_4.o [1]
xSuspendedTaskList      0x1fff8bb4    0x14  Data  Lc  tasks.o [1]
xTask                   0x1fff0044    0x18  Data  Gb  main.o [1]
xTaskCheckForTimeOut    0x000143bd    0x80  Code  Gb  tasks.o [1]
xTaskCreate             0x00013bd5    0x76  Code  Gb  tasks.o [1]
xTaskGetSchedulerState  0x0001457b    0x20  Code  Gb  tasks.o [1]
xTaskGetTickCount       0x00014125     0x8  Code  Gb  tasks.o [1]
xTaskIncrementTick      0x0001412d   0x102  Code  Gb  tasks.o [1]
xTaskPriorityDisinherit
                        0x00014649    0xb2  Code  Gb  tasks.o [1]
xTaskRemoveFromEventList
                        0x00014309    0x7c  Code  Gb  tasks.o [1]
xTaskResumeAll          0x0001402b    0xfa  Code  Gb  tasks.o [1]
xTasksWaitingTermination
                        0x1fff8b9c    0x14  Data  Lc  tasks.o [1]
xTickCount              0x1fff8bcc     0x4  Data  Lc  tasks.o [1]
xTimerCreateTimerTask   0x00014d29    0x46  Code  Gb  timers.o [1]
xTimerGenericCommand    0x00014d6f    0x72  Code  Gb  timers.o [1]
xTimerQueue             0x1fff8c24     0x4  Data  Lc  timers.o [1]
xTimerTaskHandle        0x1fff8c28     0x4  Data  Lc  timers.o [1]
xWdog_Base              0x1fff005c     0x4  Data  Lc  main.o [1]
xYieldPending           0x1fff8bdc     0x4  Data  Lc  tasks.o [1]


[1] = F:\03.Git\smf\FW\fw_smf_v1.1\fw_smf_sensor\Release\Obj
[2] = command line
[3] = dl7M_tln.a
[4] = m7M_tls.a
[5] = rt7M_tl.a
[6] = shb_l.a

  61 851 bytes of readonly  code memory
  67 701 bytes of readonly  data memory
  37 430 bytes of readwrite data memory

Errors: none
Warnings: none
