###############################################################################
#
# IAR ELF Linker V7.80.2.11947/W32 for ARM                11/Aug/2018  15:26:49
# Copyright 2007-2016 IAR Systems AB.
#
#    Output file  =  
#        D:\05.Git\smf\FW\fw_smf_v1.1\fw_smf_sensor\Release\Exe\fw_smf_sensor.out
#    Map file     =  
#        D:\05.Git\smf\FW\fw_smf_v1.1\fw_smf_sensor\Release\List\fw_smf_sensor.map
#    Command line =  
#        D:\05.Git\smf\FW\fw_smf_v1.1\fw_smf_sensor\Release\Obj\BH1750.o
#        D:\05.Git\smf\FW\fw_smf_v1.1\fw_smf_sensor\Release\Obj\board.o
#        D:\05.Git\smf\FW\fw_smf_v1.1\fw_smf_sensor\Release\Obj\clock_config.o
#        D:\05.Git\smf\FW\fw_smf_v1.1\fw_smf_sensor\Release\Obj\croutine.o
#        D:\05.Git\smf\FW\fw_smf_v1.1\fw_smf_sensor\Release\Obj\DeviceControl.o
#        D:\05.Git\smf\FW\fw_smf_v1.1\fw_smf_sensor\Release\Obj\diskio.o
#        D:\05.Git\smf\FW\fw_smf_v1.1\fw_smf_sensor\Release\Obj\event_groups.o
#        D:\05.Git\smf\FW\fw_smf_v1.1\fw_smf_sensor\Release\Obj\ff.o
#        D:\05.Git\smf\FW\fw_smf_v1.1\fw_smf_sensor\Release\Obj\ffsystem.o
#        D:\05.Git\smf\FW\fw_smf_v1.1\fw_smf_sensor\Release\Obj\ffunicode.o
#        D:\05.Git\smf\FW\fw_smf_v1.1\fw_smf_sensor\Release\Obj\FileAccess.o
#        D:\05.Git\smf\FW\fw_smf_v1.1\fw_smf_sensor\Release\Obj\fsl_clock.o
#        D:\05.Git\smf\FW\fw_smf_v1.1\fw_smf_sensor\Release\Obj\fsl_common.o
#        D:\05.Git\smf\FW\fw_smf_v1.1\fw_smf_sensor\Release\Obj\fsl_debug_console.o
#        D:\05.Git\smf\FW\fw_smf_v1.1\fw_smf_sensor\Release\Obj\fsl_dspi.o
#        D:\05.Git\smf\FW\fw_smf_v1.1\fw_smf_sensor\Release\Obj\fsl_dspi_freertos.o
#        D:\05.Git\smf\FW\fw_smf_v1.1\fw_smf_sensor\Release\Obj\fsl_flash.o
#        D:\05.Git\smf\FW\fw_smf_v1.1\fw_smf_sensor\Release\Obj\fsl_ftm.o
#        D:\05.Git\smf\FW\fw_smf_v1.1\fw_smf_sensor\Release\Obj\fsl_gpio.o
#        D:\05.Git\smf\FW\fw_smf_v1.1\fw_smf_sensor\Release\Obj\fsl_i2c.o
#        D:\05.Git\smf\FW\fw_smf_v1.1\fw_smf_sensor\Release\Obj\fsl_i2c_freertos.o
#        D:\05.Git\smf\FW\fw_smf_v1.1\fw_smf_sensor\Release\Obj\fsl_lptmr.o
#        D:\05.Git\smf\FW\fw_smf_v1.1\fw_smf_sensor\Release\Obj\fsl_sd.o
#        D:\05.Git\smf\FW\fw_smf_v1.1\fw_smf_sensor\Release\Obj\fsl_sd_disk.o
#        D:\05.Git\smf\FW\fw_smf_v1.1\fw_smf_sensor\Release\Obj\fsl_sdhc.o
#        D:\05.Git\smf\FW\fw_smf_v1.1\fw_smf_sensor\Release\Obj\fsl_sdmmc_common.o
#        D:\05.Git\smf\FW\fw_smf_v1.1\fw_smf_sensor\Release\Obj\fsl_sdmmc_event.o
#        D:\05.Git\smf\FW\fw_smf_v1.1\fw_smf_sensor\Release\Obj\fsl_sdmmc_host.o
#        D:\05.Git\smf\FW\fw_smf_v1.1\fw_smf_sensor\Release\Obj\fsl_sim.o
#        D:\05.Git\smf\FW\fw_smf_v1.1\fw_smf_sensor\Release\Obj\fsl_smc.o
#        D:\05.Git\smf\FW\fw_smf_v1.1\fw_smf_sensor\Release\Obj\fsl_tickless_systick.o
#        D:\05.Git\smf\FW\fw_smf_v1.1\fw_smf_sensor\Release\Obj\fsl_uart.o
#        D:\05.Git\smf\FW\fw_smf_v1.1\fw_smf_sensor\Release\Obj\fsl_uart_freertos.o
#        D:\05.Git\smf\FW\fw_smf_v1.1\fw_smf_sensor\Release\Obj\fsl_wdog.o
#        D:\05.Git\smf\FW\fw_smf_v1.1\fw_smf_sensor\Release\Obj\heap_4.o
#        D:\05.Git\smf\FW\fw_smf_v1.1\fw_smf_sensor\Release\Obj\I2C.o
#        D:\05.Git\smf\FW\fw_smf_v1.1\fw_smf_sensor\Release\Obj\list.o
#        D:\05.Git\smf\FW\fw_smf_v1.1\fw_smf_sensor\Release\Obj\main.o
#        D:\05.Git\smf\FW\fw_smf_v1.1\fw_smf_sensor\Release\Obj\PacketHandle.o
#        D:\05.Git\smf\FW\fw_smf_v1.1\fw_smf_sensor\Release\Obj\pin_mux.o
#        D:\05.Git\smf\FW\fw_smf_v1.1\fw_smf_sensor\Release\Obj\port.o
#        D:\05.Git\smf\FW\fw_smf_v1.1\fw_smf_sensor\Release\Obj\portasm.o
#        D:\05.Git\smf\FW\fw_smf_v1.1\fw_smf_sensor\Release\Obj\ProcessTask.o
#        D:\05.Git\smf\FW\fw_smf_v1.1\fw_smf_sensor\Release\Obj\queue.o
#        D:\05.Git\smf\FW\fw_smf_v1.1\fw_smf_sensor\Release\Obj\SDCardTask.o
#        D:\05.Git\smf\FW\fw_smf_v1.1\fw_smf_sensor\Release\Obj\SensorTask.o
#        D:\05.Git\smf\FW\fw_smf_v1.1\fw_smf_sensor\Release\Obj\SHT1x.o
#        D:\05.Git\smf\FW\fw_smf_v1.1\fw_smf_sensor\Release\Obj\SS_EC.o
#        D:\05.Git\smf\FW\fw_smf_v1.1\fw_smf_sensor\Release\Obj\SS_EC_Atlas.o
#        D:\05.Git\smf\FW\fw_smf_v1.1\fw_smf_sensor\Release\Obj\SS_Light.o
#        D:\05.Git\smf\FW\fw_smf_v1.1\fw_smf_sensor\Release\Obj\SS_PH.o
#        D:\05.Git\smf\FW\fw_smf_v1.1\fw_smf_sensor\Release\Obj\SS_PH_Atlas.o
#        D:\05.Git\smf\FW\fw_smf_v1.1\fw_smf_sensor\Release\Obj\SS_TempAndHumi.o
#        D:\05.Git\smf\FW\fw_smf_v1.1\fw_smf_sensor\Release\Obj\startup_MK64F12.o
#        D:\05.Git\smf\FW\fw_smf_v1.1\fw_smf_sensor\Release\Obj\system_MK64F12.o
#        D:\05.Git\smf\FW\fw_smf_v1.1\fw_smf_sensor\Release\Obj\tasks.o
#        D:\05.Git\smf\FW\fw_smf_v1.1\fw_smf_sensor\Release\Obj\timers.o
#        D:\05.Git\smf\FW\fw_smf_v1.1\fw_smf_sensor\Release\Obj\UART.o
#        D:\05.Git\smf\FW\fw_smf_v1.1\fw_smf_sensor\Release\Obj\UserFile.o
#        D:\05.Git\smf\FW\fw_smf_v1.1\fw_smf_sensor\Release\Obj\WhoAmITask.o
#        --redirect _Printf=_PrintfFull --redirect _Scanf=_ScanfSmall -o
#        D:\05.Git\smf\FW\fw_smf_v1.1\fw_smf_sensor\Release\Exe\fw_smf_sensor.out
#        --map
#        D:\05.Git\smf\FW\fw_smf_v1.1\fw_smf_sensor\Release\List\fw_smf_sensor.map
#        --config
#        D:\05.Git\smf\FW\fw_smf_v1.1\fw_smf_sensor/MK64FN1M0xxx12_flash.icf
#        --semihosting --entry __iar_program_start --vfe
#
###############################################################################

*******************************************************************************
*** RUNTIME MODEL ATTRIBUTES
***

CppFlavor       = *
__Heap_Handler  = DLMalloc
__SystemLibrary = DLib


*******************************************************************************
*** PLACEMENT SUMMARY
***

"A0":  place at 0x00000000 { ro section .intvec };
"P1":  place in [from 0x00000400 to 0x0000040f] { section FlashConfig };
"P2":  place in [from 0x00000000 to 0x000003ff] |
                [from 0x00000410 to 0x000fffff] { ro };
"P3":  place in [from 0x1fff0000 to 0x1fffffff] |
                [from 0x20000000 to 0x2002fbff] { block RW };
"P4":  place in [from 0x1fff0000 to 0x1fffffff] |
                [from 0x20000000 to 0x2002fbff] { block ZI };
"P6":  place in [from 0x2002fc00 to 0x2002ffff] { block CSTACK };
initialize by copy { rw, section .textrw };

  Section               Kind        Address     Size  Object
  -------               ----        -------     ----  ------
"A0":                                          0x400
  .intvec               ro code  0x00000000    0x400  startup_MK64F12.o [1]
                               - 0x00000400    0x400

"P1":                                           0x10
  FlashConfig           ro code  0x00000400     0x10  startup_MK64F12.o [1]
                               - 0x00000410     0x10

"P2":                                        0x1e684
  .rodata               const    0x00000410   0x7378  ffunicode.o [1]
  .rodata               const    0x00007788   0x7378  ffunicode.o [1]
  .text                 ro code  0x0000eb00   0x1bc4  ff.o [1]
  .text                 ro code  0x000106c4    0x188  ffunicode.o [1]
  .text                 ro code  0x0001084c     0x74  diskio.o [1]
  .text                 ro code  0x000108c0     0xf8  fsl_sd_disk.o [1]
  .text                 ro code  0x000109b8   0x156e  fsl_sd.o [1]
  .text                 ro code  0x00011f26      0xa  xsprout.o [3]
  .text                 ro code  0x00011f30     0x66  ABImemset.o [5]
  .text                 ro code  0x00011f96      0x2  startup_MK64F12.o [1]
  .text                 ro code  0x00011f98     0x24  ABIassert.o [6]
  .text                 ro code  0x00011fbc    0x320  fsl_sdmmc_common.o [1]
  .text                 ro code  0x000122dc      0x6  ABImemclr4.o [5]
  .text                 ro code  0x000122e2      0x2  startup_MK64F12.o [1]
  .text                 ro code  0x000122e4     0x76  ABImemcpy_unaligned.o [5]
  .text                 ro code  0x0001235a      0x2  startup_MK64F12.o [1]
  .text                 ro code  0x0001235c    0xb84  fsl_sdhc.o [1]
  .text                 ro code  0x00012ee0    0x362  fsl_sdmmc_host.o [1]
  .text                 ro code  0x00013242      0x6  abort.o [3]
  .text                 ro code  0x00013248     0x32  ABImemset48.o [5]
  .text                 ro code  0x0001327a      0x2  startup_MK64F12.o [1]
  .text                 ro code  0x0001327c    0x106  fsl_sdmmc_event.o [1]
  .text                 ro code  0x00013382      0x2  startup_MK64F12.o [1]
  .text                 ro code  0x00013384     0x14  exit.o [6]
  .text                 ro code  0x00013398    0x7fe  queue.o [1]
  .text                 ro code  0x00013b96      0x2  startup_MK64F12.o [1]
  .text                 ro code  0x00013b98    0xc2c  tasks.o [1]
  .text                 ro code  0x000147c4    0x230  port.o [1]
  .text                 ro code  0x000149f4     0x98  list.o [1]
  .text                 ro code  0x00014a8c    0x260  heap_4.o [1]
  .text                 ro code  0x00014cec    0x420  timers.o [1]
  .text                 ro code  0x0001510c     0x30  fsl_tickless_systick.o [1]
  CODE                  ro code  0x0001513c     0xa8  portasm.o [1]
  .text                 ro code  0x000151e4    0xdd2  xprintffull.o [3]
  .rodata               const    0x00015fb6      0x1  fsl_sdhc.o [1]
  .text                 ro code  0x00015fb8     0x16  strchr.o [5]
  .text                 ro code  0x00015fd0     0x36  strlen.o [5]
  .text                 ro code  0x00016008     0x58  memchr.o [5]
  .text                 ro code  0x00016060    0x132  I64DivMod.o [5]
  .text                 ro code  0x00016192     0x44  xdnorm.o [4]
  .text                 ro code  0x000161d8     0x2e  DblCmpLe.o [4]
  .text                 ro code  0x00016208     0x2e  DblCmpGe.o [4]
  .text                 ro code  0x00016238    0x114  xdscale.o [4]
  .text                 ro code  0x0001634c     0x58  DblToI32.o [4]
  .text                 ro code  0x000163a4     0x30  I32ToDbl.o [4]
  .text                 ro code  0x000163d4    0x180  DblSub.o [4]
  .text                 ro code  0x00016554    0x1a2  DblMul.o [4]
  .text                 ro code  0x000166f8    0x256  DblDiv.o [4]
  .text                 ro code  0x0001694e      0xe  div.o [3]
  .text                 ro code  0x0001695c      0x2  I64DivZer.o [5]
  .text                 ro code  0x00016960     0xe8  DblAdd.o [4]
  .text                 ro code  0x00016a48    0xb66  PacketHandle.o [1]
  .text                 ro code  0x000175b0    0xa4e  fsl_debug_console.o [1]
  .text                 ro code  0x00018000     0xbe  UART.o [1]
  .text                 ro code  0x000180c0     0x42  strcmp_unaligned.o [5]
  .text                 ro code  0x00018102      0x8  atoi.o [3]
  .text                 ro code  0x0001810c    0x288  UserFile.o [1]
  .text                 ro code  0x00018394    0x580  dlmalloc.o [3]
  .text                 ro code  0x00018914     0x10  atof.o [4]
  .text                 ro code  0x00018924     0x90  DblToFlt.o [4]
  .text                 ro code  0x000189b4     0x4e  FltToDbl.o [4]
  .text                 ro code  0x00018a04    0x6c0  main.o [1]
  .text                 ro code  0x000190c4    0x3cc  fsl_uart.o [1]
  .text                 ro code  0x00019490     0x20  DblCmpEq.o [4]
  .text                 ro code  0x000194b0     0xc0  modf.o [4]
  .text                 ro code  0x00019570    0x8c0  pow.o [4]
  .text                 ro code  0x00019e30     0x7a  DblToI64.o [4]
  .text                 ro code  0x00019eac     0x58  I64ToDbl.o [4]
  .text                 ro code  0x00019f04    0x588  fsl_clock.o [1]
  .text                 ro code  0x0001a48c    0x19c  xstoul.o [3]
  .text                 ro code  0x0001a628    0x108  FileAccess.o [1]
  .text                 ro code  0x0001a730     0x34  sprintf.o [3]
  .text                 ro code  0x0001a764    0x168  xstod.o [4]
  .text                 ro code  0x0001a8cc    0x2c8  pin_mux.o [1]
  .text                 ro code  0x0001ab94     0x68  clock_config.o [1]
  .text                 ro code  0x0001abfc     0x1c  board.o [1]
  .text                 ro code  0x0001ac18    0x11c  fsl_wdog.o [1]
  .text                 ro code  0x0001ad34    0x386  fsl_ftm.o [1]
  .text                 ro code  0x0001b0bc     0x20  fsl_sim.o [1]
  .text                 ro code  0x0001b0dc     0x7e  xdint.o [4]
  .text                 ro code  0x0001b15c      0xc  errno.o [3]
  .text                 ro code  0x0001b168     0xb0  xlog.o [4]
  .text                 ro code  0x0001b218    0x2c6  xexp.o [4]
  .text                 ro code  0x0001b4de    0x11e  xstopfx.o [3]
  .text                 ro code  0x0001b5fc    0x1ac  xstoflt.o [3]
  .text                 ro code  0x0001b7a8    0x200  xdtento.o [4]
  .text                 ro code  0x0001b9a8    0x200  xstoxflt.o [3]
  .text                 ro code  0x0001bba8     0x64  fsl_gpio.o [1]
  .text                 ro code  0x0001bc0c     0x20  fsl_smc.o [1]
  .text                 ro code  0x0001bc2c      0x2  xtls.o [3]
  .text                 ro code  0x0001bc2e     0x40  xdtest.o [4]
  .text                 ro code  0x0001bc6e     0x56  xdunscal.o [4]
  .text                 ro code  0x0001bcc4    0x35c  SHT1x.o [1]
  .text                 ro code  0x0001c020    0x310  SensorTask.o [1]
  .text                 ro code  0x0001c330     0x10  SS_PH.o [1]
  .text                 ro code  0x0001c340     0x10  SS_EC.o [1]
  .text                 ro code  0x0001c350     0x10  SS_TempAndHumi.o [1]
  .text                 ro code  0x0001c360     0x50  SS_PH_Atlas.o [1]
  .text                 ro code  0x0001c3b0     0x50  SS_EC_Atlas.o [1]
  .text                 ro code  0x0001c400    0x2c4  ProcessTask.o [1]
  .text                 ro code  0x0001c6c4    0x27c  SDCardTask.o [1]
  .rodata               const    0x0001c940    0x1f4  ffunicode.o [1]
  .text                 ro code  0x0001cb34     0xd4  fsl_dspi.o [1]
  .text                 ro code  0x0001cc08     0xcc  WhoAmITask.o [1]
  .rodata               const    0x0001ccd4     0xbc  ffunicode.o [1]
  Initializer bytes     const    0x0001cd90     0x8c  <for RW-1>
  .text                 ro code  0x0001ce1c     0x68  fsl_i2c.o [1]
  .rodata               const    0x0001ce84     0x58  fsl_clock.o [1]
  .rodata               const    0x0001cedc     0x58  fsl_dspi.o [1]
  .rodata               const    0x0001cf34     0x58  fsl_ftm.o [1]
  .rodata               const    0x0001cf8c     0x58  fsl_gpio.o [1]
  .rodata               const    0x0001cfe4     0x58  fsl_sdhc.o [1]
  .rodata               const    0x0001d03c     0x58  fsl_sdhc.o [1]
  .rodata               const    0x0001d094     0x58  fsl_sdmmc_common.o [1]
  .rodata               const    0x0001d0ec     0x58  fsl_uart.o [1]
  .rodata               const    0x0001d144     0x58  fsl_wdog.o [1]
  .rodata               const    0x0001d19c     0x58  pin_mux.o [1]
  .rodata               const    0x0001d1f4     0x54  fsl_sdhc.o [1]
  .rodata               const    0x0001d248     0x54  fsl_sdhc.o [1]
  .rodata               const    0x0001d29c     0x50  fsl_sdhc.o [1]
  .rodata               const    0x0001d2ec     0x4c  fsl_sd.o [1]
  .rodata               const    0x0001d338     0x4c  fsl_sdhc.o [1]
  .rodata               const    0x0001d384     0x48  main.o [1]
  .rodata               const    0x0001d3cc     0x48  main.o [1]
  .rodata               const    0x0001d414     0x44  SensorTask.o [1]
  .rodata               const    0x0001d458     0x40  fsl_uart.o [1]
  .rodata               const    0x0001d498     0x40  fsl_uart.o [1]
  .rodata               const    0x0001d4d8     0x40  ProcessTask.o [1]
  .rodata               const    0x0001d518     0x40  SDCardTask.o [1]
  .rodata               const    0x0001d558     0x40  WhoAmITask.o [1]
  .text                 ro code  0x0001d598     0x40  zero_init3.o [5]
  .rodata               const    0x0001d5d8     0x3c  PacketHandle.o [1]
  .rodata               const    0x0001d614     0x3c  WhoAmITask.o [1]
  .rodata               const    0x0001d650     0x38  main.o [1]
  .rodata               const    0x0001d688     0x38  PacketHandle.o [1]
  .rodata               const    0x0001d6c0     0x38  PacketHandle.o [1]
  .rodata               const    0x0001d6f8     0x38  WhoAmITask.o [1]
  .rodata               const    0x0001d730     0x34  FileAccess.o [1]
  .rodata               const    0x0001d764     0x34  PacketHandle.o [1]
  .rodata               const    0x0001d798     0x34  SensorTask.o [1]
  .rodata               const    0x0001d7cc     0x34  UserFile.o [1]
  .rodata               const    0x0001d800     0x34  UserFile.o [1]
  .text                 ro code  0x0001d834     0x34  system_MK64F12.o [1]
  .rodata               const    0x0001d868     0x30  fsl_sd.o [1]
  .rodata               const    0x0001d898     0x30  PacketHandle.o [1]
  .rodata               const    0x0001d8c8     0x30  PacketHandle.o [1]
  .rodata               const    0x0001d8f8     0x30  PacketHandle.o [1]
  .rodata               const    0x0001d928     0x30  PacketHandle.o [1]
  .rodata               const    0x0001d958     0x30  UserFile.o [1]
  .rodata               const    0x0001d988     0x30  UserFile.o [1]
  .rodata               const    0x0001d9b8     0x30  UserFile.o [1]
  .rodata               const    0x0001d9e8     0x2c  fsl_sd.o [1]
  .rodata               const    0x0001da14     0x2c  main.o [1]
  .rodata               const    0x0001da40     0x2c  main.o [1]
  .rodata               const    0x0001da6c     0x2c  main.o [1]
  .rodata               const    0x0001da98     0x2c  main.o [1]
  .rodata               const    0x0001dac4     0x2c  PacketHandle.o [1]
  .rodata               const    0x0001daf0     0x2c  PacketHandle.o [1]
  .rodata               const    0x0001db1c     0x2c  PacketHandle.o [1]
  .rodata               const    0x0001db48     0x2c  PacketHandle.o [1]
  .rodata               const    0x0001db74     0x2c  PacketHandle.o [1]
  .rodata               const    0x0001dba0     0x2c  ProcessTask.o [1]
  .rodata               const    0x0001dbcc     0x2c  ProcessTask.o [1]
  .rodata               const    0x0001dbf8     0x2c  SDCardTask.o [1]
  .rodata               const    0x0001dc24     0x2c  SensorTask.o [1]
  .text                 ro code  0x0001dc50     0x2c  copy_init3.o [5]
  .rodata               const    0x0001dc7c     0x28  fsl_sdhc.o [1]
  .rodata               const    0x0001dca4     0x28  PacketHandle.o [1]
  .rodata               const    0x0001dccc     0x28  PacketHandle.o [1]
  .rodata               const    0x0001dcf4     0x28  ProcessTask.o [1]
  .rodata               const    0x0001dd1c     0x28  ProcessTask.o [1]
  .rodata               const    0x0001dd44     0x28  SDCardTask.o [1]
  .rodata               const    0x0001dd6c     0x28  SDCardTask.o [1]
  .rodata               const    0x0001dd94     0x28  SDCardTask.o [1]
  .rodata               const    0x0001ddbc     0x28  SDCardTask.o [1]
  .rodata               const    0x0001dde4     0x28  SDCardTask.o [1]
  .rodata               const    0x0001de0c     0x28  SDCardTask.o [1]
  .rodata               const    0x0001de34     0x28  SDCardTask.o [1]
  .rodata               const    0x0001de5c     0x28  SDCardTask.o [1]
  .rodata               const    0x0001de84     0x28  SensorTask.o [1]
  .rodata               const    0x0001deac     0x28  SensorTask.o [1]
  .rodata               const    0x0001ded4     0x28  UserFile.o [1]
  .rodata               const    0x0001defc     0x28  UserFile.o [1]
  .rodata               const    0x0001df24     0x28  WhoAmITask.o [1]
  .text                 ro code  0x0001df4c     0x28  startup_MK64F12.o [1]
  .text                 ro code  0x0001df74     0x28  data_init.o [5]
  .rodata               const    0x0001df9c     0x24  FileAccess.o [1]
  .rodata               const    0x0001dfc0     0x24  FileAccess.o [1]
  .rodata               const    0x0001dfe4     0x24  FileAccess.o [1]
  .rodata               const    0x0001e008     0x24  fsl_sdhc.o [1]
  .rodata               const    0x0001e02c     0x24  PacketHandle.o [1]
  .rodata               const    0x0001e050     0x24  PacketHandle.o [1]
  .rodata               const    0x0001e074     0x24  SDCardTask.o [1]
  .rodata               const    0x0001e098     0x24  SDCardTask.o [1]
  .rodata               const    0x0001e0bc     0x24  SensorTask.o [1]
  .rodata               const    0x0001e0e0     0x24  SensorTask.o [1]
  .text                 ro code  0x0001e104     0x22  fpinit_M.o [4]
  .iar.init_table       const    0x0001e128     0x24  - Linker created -
  .rodata               const    0x0001e14c     0x20  clock_config.o [1]
  .rodata               const    0x0001e16c     0x20  fsl_sd.o [1]
  .rodata               const    0x0001e18c     0x20  fsl_sd.o [1]
  .rodata               const    0x0001e1ac     0x20  fsl_sd.o [1]
  .rodata               const    0x0001e1cc     0x20  fsl_sd.o [1]
  .rodata               const    0x0001e1ec     0x20  fsl_sd.o [1]
  .rodata               const    0x0001e20c     0x20  fsl_sd.o [1]
  .rodata               const    0x0001e22c     0x20  fsl_sd.o [1]
  .rodata               const    0x0001e24c     0x20  fsl_sd.o [1]
  .rodata               const    0x0001e26c     0x20  fsl_sd.o [1]
  .rodata               const    0x0001e28c     0x20  fsl_sd.o [1]
  .rodata               const    0x0001e2ac     0x20  fsl_sd.o [1]
  .rodata               const    0x0001e2cc     0x20  fsl_sd.o [1]
  .rodata               const    0x0001e2ec     0x20  fsl_sdmmc_common.o [1]
  .rodata               const    0x0001e30c     0x20  fsl_sdmmc_common.o [1]
  .rodata               const    0x0001e32c     0x20  fsl_sdmmc_common.o [1]
  .rodata               const    0x0001e34c     0x20  fsl_sdmmc_common.o [1]
  .rodata               const    0x0001e36c     0x20  fsl_sdmmc_common.o [1]
  .rodata               const    0x0001e38c     0x20  fsl_sdmmc_common.o [1]
  .rodata               const    0x0001e3ac     0x20  SDCardTask.o [1]
  .rodata               const    0x0001e3cc     0x1c  fsl_ftm.o [1]
  .rodata               const    0x0001e3e8     0x1c  fsl_uart.o [1]
  .rodata               const    0x0001e404     0x1c  main.o [1]
  .rodata               const    0x0001e420     0x1c  SensorTask.o [1]
  .rodata               const    0x0001e43c     0x1c  SensorTask.o [1]
  .text                 ro code  0x0001e458     0x1a  cmain.o [5]
  .text                 ro code  0x0001e472      0x4  low_level_init.o [3]
  .text                 ro code  0x0001e476      0x4  exit.o [3]
  .text                 ro code  0x0001e47c      0xa  cexit.o [5]
  .rodata               const    0x0001e488     0x18  fsl_uart.o [1]
  .rodata               const    0x0001e4a0     0x18  fsl_uart.o [1]
  .rodata               const    0x0001e4b8     0x18  fsl_uart.o [1]
  .rodata               const    0x0001e4d0     0x14  fsl_sd.o [1]
  .rodata               const    0x0001e4e4     0x14  main.o [1]
  .rodata               const    0x0001e4f8     0x14  main.o [1]
  .rodata               const    0x0001e50c     0x14  main.o [1]
  .rodata               const    0x0001e520     0x14  SDCardTask.o [1]
  .rodata               const    0x0001e534     0x10  ff.o [1]
  .rodata               const    0x0001e544     0x10  fsl_clock.o [1]
  .rodata               const    0x0001e554     0x10  fsl_clock.o [1]
  .rodata               const    0x0001e564     0x10  fsl_dspi.o [1]
  .rodata               const    0x0001e574     0x10  fsl_dspi.o [1]
  .rodata               const    0x0001e584     0x10  fsl_dspi.o [1]
  .rodata               const    0x0001e594     0x10  fsl_ftm.o [1]
  .rodata               const    0x0001e5a4     0x10  fsl_ftm.o [1]
  .rodata               const    0x0001e5b4     0x10  fsl_sdhc.o [1]
  .rodata               const    0x0001e5c4     0x10  fsl_sdhc.o [1]
  .rodata               const    0x0001e5d4     0x10  fsl_sdhc.o [1]
  .rodata               const    0x0001e5e4     0x10  main.o [1]
  .rodata               const    0x0001e5f4     0x10  PacketHandle.o [1]
  .rodata               const    0x0001e604     0x10  SS_PH_Atlas.o [1]
  .rodata               const    0x0001e614     0x10  UserFile.o [1]
  .rodata               const    0x0001e624      0xc  ff.o [1]
  .rodata               const    0x0001e630      0xc  ff.o [1]
  .rodata               const    0x0001e63c      0xc  fsl_clock.o [1]
  .rodata               const    0x0001e648      0xc  fsl_clock.o [1]
  .rodata               const    0x0001e654      0xc  fsl_sd.o [1]
  .rodata               const    0x0001e660      0xc  fsl_sdhc.o [1]
  .rodata               const    0x0001e66c      0xc  fsl_sdhc.o [1]
  .rodata               const    0x0001e678      0xc  fsl_sdhc.o [1]
  .rodata               const    0x0001e684      0xc  fsl_sdhc.o [1]
  .rodata               const    0x0001e690      0xc  fsl_sdmmc_common.o [1]
  .rodata               const    0x0001e69c      0xc  PacketHandle.o [1]
  .rodata               const    0x0001e6a8      0xc  PacketHandle.o [1]
  .rodata               const    0x0001e6b4      0xc  SensorTask.o [1]
  .rodata               const    0x0001e6c0      0xc  UserFile.o [1]
  .rodata               const    0x0001e6cc      0xc  UserFile.o [1]
  .rodata               const    0x0001e6d8      0xc  UserFile.o [1]
  .text                 ro code  0x0001e6e4      0xc  cstartup_M.o [5]
  .rodata               const    0x0001e6f0      0x8  ff.o [1]
  .rodata               const    0x0001e6f8      0x8  ff.o [1]
  .rodata               const    0x0001e700      0x8  fsl_ftm.o [1]
  .rodata               const    0x0001e708      0x8  fsl_gpio.o [1]
  .rodata               const    0x0001e710      0x8  fsl_sd.o [1]
  .rodata               const    0x0001e718      0x8  fsl_sd.o [1]
  .rodata               const    0x0001e720      0x8  fsl_sd.o [1]
  .rodata               const    0x0001e728      0x8  fsl_sd.o [1]
  .rodata               const    0x0001e730      0x8  fsl_sd.o [1]
  .rodata               const    0x0001e738      0x8  fsl_sd.o [1]
  .rodata               const    0x0001e740      0x8  fsl_sd.o [1]
  .rodata               const    0x0001e748      0x8  fsl_sd.o [1]
  .rodata               const    0x0001e750      0x8  fsl_sd.o [1]
  .rodata               const    0x0001e758      0x8  fsl_sd.o [1]
  .rodata               const    0x0001e760      0x8  fsl_sd.o [1]
  .rodata               const    0x0001e768      0x8  fsl_sd.o [1]
  .rodata               const    0x0001e770      0x8  fsl_sd.o [1]
  .rodata               const    0x0001e778      0x8  fsl_sd.o [1]
  .rodata               const    0x0001e780      0x8  fsl_sd.o [1]
  .rodata               const    0x0001e788      0x8  fsl_sd.o [1]
  .rodata               const    0x0001e790      0x8  fsl_sd.o [1]
  .rodata               const    0x0001e798      0x8  fsl_sd.o [1]
  .rodata               const    0x0001e7a0      0x8  fsl_sd.o [1]
  .rodata               const    0x0001e7a8      0x8  fsl_sdhc.o [1]
  .rodata               const    0x0001e7b0      0x8  fsl_sdhc.o [1]
  .rodata               const    0x0001e7b8      0x8  fsl_sdmmc_common.o [1]
  .rodata               const    0x0001e7c0      0x8  fsl_sdmmc_common.o [1]
  .rodata               const    0x0001e7c8      0x8  fsl_sdmmc_common.o [1]
  .rodata               const    0x0001e7d0      0x8  fsl_sdmmc_common.o [1]
  .rodata               const    0x0001e7d8      0x8  fsl_sdmmc_common.o [1]
  .rodata               const    0x0001e7e0      0x8  fsl_sdmmc_common.o [1]
  .rodata               const    0x0001e7e8      0x8  fsl_uart.o [1]
  .rodata               const    0x0001e7f0      0x8  fsl_uart.o [1]
  .rodata               const    0x0001e7f8      0x8  fsl_wdog.o [1]
  .rodata               const    0x0001e800      0x8  PacketHandle.o [1]
  .rodata               const    0x0001e808      0x8  PacketHandle.o [1]
  .rodata               const    0x0001e810      0x8  PacketHandle.o [1]
  .rodata               const    0x0001e818      0x8  PacketHandle.o [1]
  .rodata               const    0x0001e820      0x8  PacketHandle.o [1]
  .rodata               const    0x0001e828      0x8  PacketHandle.o [1]
  .rodata               const    0x0001e830      0x8  PacketHandle.o [1]
  .rodata               const    0x0001e838      0x8  PacketHandle.o [1]
  .rodata               const    0x0001e840      0x8  PacketHandle.o [1]
  .rodata               const    0x0001e848      0x8  PacketHandle.o [1]
  .rodata               const    0x0001e850      0x8  PacketHandle.o [1]
  .rodata               const    0x0001e858      0x8  PacketHandle.o [1]
  .rodata               const    0x0001e860      0x8  PacketHandle.o [1]
  .rodata               const    0x0001e868      0x8  pin_mux.o [1]
  .rodata               const    0x0001e870      0x8  SensorTask.o [1]
  .rodata               const    0x0001e878      0x8  SensorTask.o [1]
  .rodata               const    0x0001e880      0x8  SensorTask.o [1]
  .rodata               const    0x0001e888      0x8  SensorTask.o [1]
  .rodata               const    0x0001e890      0x8  SS_EC_Atlas.o [1]
  .rodata               const    0x0001e898      0x8  SS_EC_Atlas.o [1]
  .rodata               const    0x0001e8a0      0x8  SS_PH_Atlas.o [1]
  .rodata               const    0x0001e8a8      0x8  tasks.o [1]
  .rodata               const    0x0001e8b0      0x8  timers.o [1]
  .rodata               const    0x0001e8b8      0x8  timers.o [1]
  .rodata               const    0x0001e8c0      0x8  UserFile.o [1]
  .rodata               const    0x0001e8c8      0x8  UserFile.o [1]
  .rodata               const    0x0001e8d0      0x8  UserFile.o [1]
  .text                 ro code  0x0001e8d8      0x8  startup_MK64F12.o [1]
  .text                 ro code  0x0001e8e0      0x8  startup_MK64F12.o [1]
  .text                 ro code  0x0001e8e8      0x8  startup_MK64F12.o [1]
  .text                 ro code  0x0001e8f0      0x8  startup_MK64F12.o [1]
  .text                 ro code  0x0001e8f8      0x8  startup_MK64F12.o [1]
  .text                 ro code  0x0001e900      0x8  startup_MK64F12.o [1]
  .text                 ro code  0x0001e908      0x8  startup_MK64F12.o [1]
  .text                 ro code  0x0001e910      0x8  startup_MK64F12.o [1]
  .text                 ro code  0x0001e918      0x8  startup_MK64F12.o [1]
  .text                 ro code  0x0001e920      0x8  startup_MK64F12.o [1]
  .text                 ro code  0x0001e928      0x8  startup_MK64F12.o [1]
  .text                 ro code  0x0001e930      0x8  startup_MK64F12.o [1]
  .text                 ro code  0x0001e938      0x8  startup_MK64F12.o [1]
  .text                 ro code  0x0001e940      0x8  startup_MK64F12.o [1]
  .text                 ro code  0x0001e948      0x8  startup_MK64F12.o [1]
  .text                 ro code  0x0001e950      0x8  startup_MK64F12.o [1]
  .text                 ro code  0x0001e958      0x8  startup_MK64F12.o [1]
  .text                 ro code  0x0001e960      0x8  startup_MK64F12.o [1]
  .text                 ro code  0x0001e968      0x8  startup_MK64F12.o [1]
  .text                 ro code  0x0001e970      0x8  startup_MK64F12.o [1]
  .text                 ro code  0x0001e978      0x8  startup_MK64F12.o [1]
  .text                 ro code  0x0001e980      0x8  startup_MK64F12.o [1]
  .text                 ro code  0x0001e988      0x8  startup_MK64F12.o [1]
  .text                 ro code  0x0001e990      0x8  startup_MK64F12.o [1]
  .text                 ro code  0x0001e998      0x8  startup_MK64F12.o [1]
  .text                 ro code  0x0001e9a0      0x8  startup_MK64F12.o [1]
  .text                 ro code  0x0001e9a8      0x8  startup_MK64F12.o [1]
  .text                 ro code  0x0001e9b0      0x8  startup_MK64F12.o [1]
  .text                 ro code  0x0001e9b8      0x8  startup_MK64F12.o [1]
  .text                 ro code  0x0001e9c0      0x8  startup_MK64F12.o [1]
  .text                 ro code  0x0001e9c8      0x8  startup_MK64F12.o [1]
  .text                 ro code  0x0001e9d0      0x8  startup_MK64F12.o [1]
  .text                 ro code  0x0001e9d8      0x8  startup_MK64F12.o [1]
  .text                 ro code  0x0001e9e0      0x8  startup_MK64F12.o [1]
  .text                 ro code  0x0001e9e8      0x8  startup_MK64F12.o [1]
  .text                 ro code  0x0001e9f0      0x8  startup_MK64F12.o [1]
  .text                 ro code  0x0001e9f8      0x8  startup_MK64F12.o [1]
  .text                 ro code  0x0001ea00      0x8  startup_MK64F12.o [1]
  .text                 ro code  0x0001ea08      0x8  startup_MK64F12.o [1]
  .text                 ro code  0x0001ea10      0x8  startup_MK64F12.o [1]
  .text                 ro code  0x0001ea18      0x8  startup_MK64F12.o [1]
  .text                 ro code  0x0001ea20      0x8  startup_MK64F12.o [1]
  .text                 ro code  0x0001ea28      0x8  startup_MK64F12.o [1]
  .text                 ro code  0x0001ea30      0x8  startup_MK64F12.o [1]
  .text                 ro code  0x0001ea38      0x8  startup_MK64F12.o [1]
  .text                 ro code  0x0001ea40      0x8  startup_MK64F12.o [1]
  .rodata               const    0x0001ea48      0x4  fsl_sdhc.o [1]
  .rodata               const    0x0001ea4c      0x4  fsl_sdhc.o [1]
  .rodata               const    0x0001ea50      0x4  heap_4.o [1]
  .rodata               const    0x0001ea54      0x4  pin_mux.o [1]
  .rodata               const    0x0001ea58      0x4  pin_mux.o [1]
  .rodata               const    0x0001ea5c      0x4  pin_mux.o [1]
  .rodata               const    0x0001ea60      0x4  pin_mux.o [1]
  .rodata               const    0x0001ea64      0x4  pin_mux.o [1]
  .rodata               const    0x0001ea68      0x4  pin_mux.o [1]
  .rodata               const    0x0001ea6c      0x4  pin_mux.o [1]
  .rodata               const    0x0001ea70      0x4  pin_mux.o [1]
  .rodata               const    0x0001ea74      0x4  pin_mux.o [1]
  .rodata               const    0x0001ea78      0x4  port.o [1]
  .rodata               const    0x0001ea7c      0x4  SDCardTask.o [1]
  .rodata               const    0x0001ea80      0x4  SHT1x.o [1]
  .rodata               const    0x0001ea84      0x4  SHT1x.o [1]
  .rodata               const    0x0001ea88      0x4  SHT1x.o [1]
  .rodata               const    0x0001ea8c      0x4  SHT1x.o [1]
  .text                 ro code  0x0001ea90      0x4  startup_MK64F12.o [1]
  .rodata               const    0x0001ea94      0x0  zero_init3.o [5]
  .rodata               const    0x0001ea94      0x0  copy_init3.o [5]
                               - 0x0001ea94  0x1e684

"P3-P4", part 1 of 2:                           0x8c
  RW                             0x1fff0000     0x8c  <Block>
    RW-1                         0x1fff0000     0x89  <Init block>
      .data             inited   0x1fff0000      0x4  fsl_clock.o [1]
      .data             inited   0x1fff0004      0x4  fsl_clock.o [1]
      .data             inited   0x1fff0008     0x24  main.o [1]
      .data             inited   0x1fff002c     0x18  main.o [1]
      .data             inited   0x1fff0044      0x4  main.o [1]
      .data             inited   0x1fff0048      0x4  port.o [1]
      .data             inited   0x1fff004c     0x24  SHT1x.o [1]
      .data             inited   0x1fff0070     0x10  SS_TempAndHumi.o [1]
      .data             inited   0x1fff0080      0x4  system_MK64F12.o [1]
      __DLIB_PERTHREAD  inited   0x1fff0084      0x4  errno.o [3]
      .data             inited   0x1fff0088      0x1  fsl_sdmmc_host.o [1]
                               - 0x1fff008c     0x8c

"P3-P4", part 2 of 2:                         0x8cc0
  ZI                             0x1fff008c   0x8cc0  <Block>
    .bss                zero     0x1fff008c      0xc  ff.o [1]
    .bss                zero     0x1fff0098    0x200  ff.o [1]
    .bss                zero     0x1fff0298      0x4  fsl_clock.o [1]
    .bss                zero     0x1fff029c      0x4  fsl_clock.o [1]
    .bss                zero     0x1fff02a0     0x10  fsl_debug_console.o [1]
    .bss                zero     0x1fff02b0      0xc  fsl_dspi.o [1]
    .bss                zero     0x1fff02bc      0x4  fsl_dspi.o [1]
    .bss                zero     0x1fff02c0      0x4  fsl_dspi.o [1]
    .bss                zero     0x1fff02c4      0xc  fsl_i2c.o [1]
    .bss                zero     0x1fff02d0      0x4  fsl_i2c.o [1]
    .bss                zero     0x1fff02d4      0x4  fsl_i2c.o [1]
    .bss                zero     0x1fff02d8     0xbc  fsl_sd_disk.o [1]
    .bss                zero     0x1fff0394      0x4  fsl_sdhc.o [1]
    .bss                zero     0x1fff0398      0x4  fsl_sdhc.o [1]
    .bss                zero     0x1fff039c    0x200  fsl_sdmmc_common.o [1]
    .bss                zero     0x1fff059c      0x4  fsl_sdmmc_event.o [1]
    .bss                zero     0x1fff05a0      0x4  fsl_sdmmc_event.o [1]
    .bss                zero     0x1fff05a4     0x28  fsl_sdmmc_host.o [1]
    .bss                zero     0x1fff05cc     0x20  fsl_sdmmc_host.o [1]
    .bss                zero     0x1fff05ec     0x18  fsl_uart.o [1]
    .bss                zero     0x1fff0604      0x4  fsl_uart.o [1]
    .bss                zero     0x1fff0608   0x7800  heap_4.o [1]
    .bss                zero     0x1fff7e08      0x8  heap_4.o [1]
    .bss                zero     0x1fff7e10      0x4  heap_4.o [1]
    .bss                zero     0x1fff7e14      0x4  heap_4.o [1]
    .bss                zero     0x1fff7e18      0x4  heap_4.o [1]
    .bss                zero     0x1fff7e1c      0x4  heap_4.o [1]
    .bss                zero     0x1fff7e20    0x204  main.o [1]
    .bss                zero     0x1fff8024    0x204  main.o [1]
    .bss                zero     0x1fff8228    0x204  main.o [1]
    .bss                zero     0x1fff842c      0x4  main.o [1]
    .bss                zero     0x1fff8430     0x14  main.o [1]
    .bss                zero     0x1fff8444      0x4  port.o [1]
    .bss                zero     0x1fff8448      0x4  ProcessTask.o [1]
    .bss                zero     0x1fff844c     0x40  queue.o [1]
    .bss                zero     0x1fff848c    0x238  SDCardTask.o [1]
    .bss                zero     0x1fff86c4    0x310  SensorTask.o [1]
    .bss                zero     0x1fff89d4     0x14  SensorTask.o [1]
    .bss                zero     0x1fff89e8     0x14  SensorTask.o [1]
    .bss                zero     0x1fff89fc      0x4  SensorTask.o [1]
    .bss                zero     0x1fff8a00      0x4  tasks.o [1]
    .bss                zero     0x1fff8a04     0x64  tasks.o [1]
    .bss                zero     0x1fff8a68     0x14  tasks.o [1]
    .bss                zero     0x1fff8a7c     0x14  tasks.o [1]
    .bss                zero     0x1fff8a90      0x4  tasks.o [1]
    .bss                zero     0x1fff8a94      0x4  tasks.o [1]
    .bss                zero     0x1fff8a98     0x14  tasks.o [1]
    .bss                zero     0x1fff8aac     0x14  tasks.o [1]
    .bss                zero     0x1fff8ac0      0x4  tasks.o [1]
    .bss                zero     0x1fff8ac4     0x14  tasks.o [1]
    .bss                zero     0x1fff8ad8      0x4  tasks.o [1]
    .bss                zero     0x1fff8adc      0x4  tasks.o [1]
    .bss                zero     0x1fff8ae0      0x4  tasks.o [1]
    .bss                zero     0x1fff8ae4      0x4  tasks.o [1]
    .bss                zero     0x1fff8ae8      0x4  tasks.o [1]
    .bss                zero     0x1fff8aec      0x4  tasks.o [1]
    .bss                zero     0x1fff8af0      0x4  tasks.o [1]
    .bss                zero     0x1fff8af4      0x4  tasks.o [1]
    .bss                zero     0x1fff8af8      0x4  tasks.o [1]
    .bss                zero     0x1fff8afc      0x4  tasks.o [1]
    .bss                zero     0x1fff8b00      0x4  tasks.o [1]
    .bss                zero     0x1fff8b04     0x14  timers.o [1]
    .bss                zero     0x1fff8b18     0x14  timers.o [1]
    .bss                zero     0x1fff8b2c      0x4  timers.o [1]
    .bss                zero     0x1fff8b30      0x4  timers.o [1]
    .bss                zero     0x1fff8b34      0x4  timers.o [1]
    .bss                zero     0x1fff8b38      0x4  timers.o [1]
    .bss                zero     0x1fff8b3c      0x4  timers.o [1]
    .bss                zero     0x1fff8b40     0x18  dlmalloc.o [3]
    .bss                zero     0x1fff8b58    0x1d8  dlmalloc.o [3]
    .bss                zero     0x1fff8d30      0x2  ff.o [1]
    .bss                zero     0x1fff8d32      0x2  main.o [1]
    .bss                zero     0x1fff8d34      0x2  main.o [1]
    .bss                zero     0x1fff8d36      0x2  main.o [1]
    .bss                zero     0x1fff8d38      0x2  main.o [1]
    .bss                zero     0x1fff8d3a      0x2  main.o [1]
    .bss                zero     0x1fff8d3c      0x2  ProcessTask.o [1]
    .bss                zero     0x1fff8d3e      0x2  ProcessTask.o [1]
    .bss                zero     0x1fff8d40      0x1  ff.o [1]
    .bss                zero     0x1fff8d41      0x1  fsl_sdmmc_host.o [1]
    .bss                zero     0x1fff8d42      0x1  main.o [1]
    .bss                zero     0x1fff8d43      0x1  port.o [1]
    .bss                zero     0x1fff8d44      0x1  ProcessTask.o [1]
    .bss                zero     0x1fff8d45      0x1  SDCardTask.o [1]
    .bss                zero     0x1fff8d46      0x1  SDCardTask.o [1]
    .bss                zero     0x1fff8d47      0x1  SDCardTask.o [1]
    .bss                zero     0x1fff8d48      0x1  SensorTask.o [1]
                               - 0x1fff8d4c   0x8cc0

"P6":                                          0x400
  CSTACK                         0x2002fc00    0x400  <Block>
    CSTACK              uninit   0x2002fc00    0x400  <Block tail>
                               - 0x20030000    0x400


*******************************************************************************
*** INIT TABLE
***

          Address     Size
          -------     ----
Zero (__iar_zero_init3)
    1 destination range, total size 0x8cbd:
          0x1fff008c  0x8cbd

Copy (__iar_copy_init3)
    1 source range, total size 0x8c (102% of destination):
          0x0001cd90    0x8c
    1 destination range, total size 0x89:
          0x1fff0000    0x89



*******************************************************************************
*** MODULE SUMMARY
***

    Module                  ro code  ro data  rw data
    ------                  -------  -------  -------
D:\05.Git\smf\FW\fw_smf_v1.1\fw_smf_sensor\Release\Obj: [1]
    FileAccess.o                264      160
    PacketHandle.o            2 918      932
    ProcessTask.o               708      232        9
    SDCardTask.o                636      556      571
    SHT1x.o                     860       52       36
    SS_EC.o                      16
    SS_EC_Atlas.o                80       16
    SS_PH.o                      16
    SS_PH_Atlas.o                80       24
    SS_TempAndHumi.o             16       16       16
    SensorTask.o                784      416      829
    UART.o                      190
    UserFile.o                  648      404
    WhoAmITask.o                204      220
    board.o                      28
    clock_config.o              104       32
    diskio.o                    116
    ff.o                      7 108       56      527
    ffunicode.o                 392   59 808
    fsl_clock.o               1 416      152       16
    fsl_debug_console.o       2 638                16
    fsl_dspi.o                  212      136       20
    fsl_ftm.o                   902      156
    fsl_gpio.o                  100       96
    fsl_i2c.o                   104                20
    fsl_sd.o                  5 486      736
    fsl_sd_disk.o               248               188
    fsl_sdhc.o                2 948      697        8
    fsl_sdmmc_common.o          800      340      512
    fsl_sdmmc_event.o           262                 8
    fsl_sdmmc_host.o            866        1       74
    fsl_sim.o                    32
    fsl_smc.o                    32
    fsl_tickless_systick.o       48
    fsl_uart.o                  972      332       28
    fsl_wdog.o                  284       96
    heap_4.o                    608        4   30 744
    list.o                      152
    main.o                    1 728      544    1 647
    pin_mux.o                   712      132
    port.o                      560        8        9
    portasm.o                   168
    queue.o                   2 046                64
    startup_MK64F12.o         1 464
    system_MK64F12.o             52        4        4
    tasks.o                   3 116        8      260
    timers.o                  1 056       16       60
    -------------------------------------------------
    Total:                   44 180   66 382   35 666

command line: [2]
    -------------------------------------------------
    Total:

dl7M_tln.a: [3]
    abort.o                       6
    atoi.o                        8
    div.o                        14
    dlmalloc.o                1 408               496
    errno.o                      12        4        4
    exit.o                        4
    low_level_init.o              4
    sprintf.o                    52
    xprintffull.o             3 538
    xsprout.o                    10
    xstoflt.o                   428
    xstopfx.o                   286
    xstoul.o                    412
    xstoxflt.o                  512
    xtls.o                        2
    -------------------------------------------------
    Total:                    6 696        4      500

m7M_tls.a: [4]
    DblAdd.o                    232
    DblCmpEq.o                   32
    DblCmpGe.o                   46
    DblCmpLe.o                   46
    DblDiv.o                    598
    DblMul.o                    418
    DblSub.o                    384
    DblToFlt.o                  144
    DblToI32.o                   88
    DblToI64.o                  122
    FltToDbl.o                   78
    I32ToDbl.o                   48
    I64ToDbl.o                   88
    atof.o                       16
    fpinit_M.o                   34
    modf.o                      192
    pow.o                     2 240
    xdint.o                     126
    xdnorm.o                     68
    xdscale.o                   276
    xdtento.o                   512
    xdtest.o                     64
    xdunscal.o                   86
    xexp.o                      710
    xlog.o                      176
    xstod.o                     360
    -------------------------------------------------
    Total:                    7 184

rt7M_tl.a: [5]
    ABImemclr4.o                  6
    ABImemcpy_unaligned.o       118
    ABImemset.o                 102
    ABImemset48.o                50
    I64DivMod.o                 306
    I64DivZer.o                   2
    cexit.o                      10
    cmain.o                      26
    copy_init3.o                 44
    cstartup_M.o                 12
    data_init.o                  40
    memchr.o                     88
    strchr.o                     22
    strcmp_unaligned.o           66
    strlen.o                     54
    zero_init3.o                 64
    -------------------------------------------------
    Total:                    1 010

shb_l.a: [6]
    ABIassert.o                  36
    exit.o                       20
    -------------------------------------------------
    Total:                       56

    Gaps                         33        4
    Linker created                        39    1 024
-----------------------------------------------------
    Grand Total:             59 159   66 429   37 190


*******************************************************************************
*** ENTRY LIST
***

Entry                      Address    Size  Type      Object
-----                      -------    ----  ----      ------
.iar.init_table$$Base   0x0001e128           --   Gb  - Linker created -
.iar.init_table$$Limit  0x0001e14c           --   Gb  - Linker created -
?main                   0x0001e459          Code  Gb  cmain.o [5]
BOARD_BootClockVLPR     0x0001aba7    0x40  Code  Gb  clock_config.o [1]
BOARD_InitDebugConsole  0x0001abfd    0x1c  Code  Gb  board.o [1]
BOARD_InitPins          0x0001a923   0x20e  Code  Gb  pin_mux.o [1]
CLOCK_BootToBlpiMode    0x0001a42d    0x40  Code  Gb  fsl_clock.o [1]
CLOCK_DisableClock      0x000123a1    0x1a  Code  Lc  fsl_sdhc.o [1]
CLOCK_EnableClock       0x0001ad35    0x18  Code  Lc  fsl_ftm.o [1]
CLOCK_EnableClock       0x00012389    0x18  Code  Lc  fsl_sdhc.o [1]
CLOCK_EnableClock       0x000190c5    0x18  Code  Lc  fsl_uart.o [1]
CLOCK_EnableClock       0x0001a8cd    0x18  Code  Lc  pin_mux.o [1]
CLOCK_GetCoreSysClkFreq
                        0x0001a121    0x16  Code  Gb  fsl_clock.o [1]
CLOCK_GetEr32kClkFreq   0x0001a08f    0x60  Code  Gb  fsl_clock.o [1]
CLOCK_GetFixedFreqClkFreq
                        0x0001a2b7    0x1e  Code  Gb  fsl_clock.o [1]
CLOCK_GetFllExtRefClkFreq
                        0x00019fa5    0x66  Code  Lc  fsl_clock.o [1]
CLOCK_GetFllFreq        0x0001a257    0x4a  Code  Gb  fsl_clock.o [1]
CLOCK_GetFllFreq::fllFactorTable
                        0x0001e554    0x10  Data  Lc  fsl_clock.o [1]
CLOCK_GetFllRefClkFreq  0x0001a031    0x20  Code  Lc  fsl_clock.o [1]
CLOCK_GetFreq           0x0001a137    0xce  Code  Gb  fsl_clock.o [1]
CLOCK_GetInternalRefClkFreq
                        0x0001a2a1    0x16  Code  Gb  fsl_clock.o [1]
CLOCK_GetInternalRefClkSelectFreq
                        0x0001a00b    0x26  Code  Lc  fsl_clock.o [1]
CLOCK_GetMcgExtClkFreq  0x00019f39    0x6c  Code  Lc  fsl_clock.o [1]
CLOCK_GetOsc0ErClkFreq  0x0001a059    0x36  Code  Gb  fsl_clock.o [1]
CLOCK_GetOutClkFreq     0x0001a21f    0x38  Code  Gb  fsl_clock.o [1]
CLOCK_GetPll0Freq       0x0001a2d5    0x54  Code  Gb  fsl_clock.o [1]
CLOCK_GetPll0RefFreq    0x0001a051     0x8  Code  Lc  fsl_clock.o [1]
CLOCK_GetPllFllSelClkFreq
                        0x0001a0ef    0x32  Code  Gb  fsl_clock.o [1]
CLOCK_SetEr32kClock     0x00019f05    0x1a  Code  Lc  fsl_clock.o [1]
CLOCK_SetInternalRefClkConfig
                        0x0001a329    0xba  Code  Gb  fsl_clock.o [1]
CLOCK_SetPllFllSelClock
                        0x00019f1f    0x1a  Code  Lc  fsl_clock.o [1]
CLOCK_SetSimConfig      0x0001a205    0x1a  Code  Gb  fsl_clock.o [1]
CLOCK_SetSimSafeDivs    0x0001ab95     0xa  Code  Lc  clock_config.o [1]
CSTACK$$Base            0x2002fc00           --   Gb  - Linker created -
CSTACK$$Limit           0x20030000           --   Gb  - Linker created -
CurrVol                 0x1fff8d40     0x1  Data  Lc  ff.o [1]
DSPI_CommonIRQHandler   0x0001cb3d    0x28  Code  Lc  fsl_dspi.o [1]
DSPI_IsMaster           0x0001cb35     0x8  Code  Lc  fsl_dspi.o [1]
DbcTbl                  0x0001e630     0xc  Data  Lc  ff.o [1]
DbgConsole_ConvertFloatRadixNumToString
                        0x000177f9   0x1b6  Code  Lc  fsl_debug_console.o [1]
DbgConsole_ConvertRadixNumToString
                        0x000176cd   0x12a  Code  Lc  fsl_debug_console.o [1]
DbgConsole_Init         0x000175e5    0x74  Code  Gb  fsl_debug_console.o [1]
DbgConsole_Printf       0x00017659    0x24  Code  Gb  fsl_debug_console.o [1]
DbgConsole_PrintfFormattedData
                        0x000179d5   0x62a  Code  Lc  fsl_debug_console.o [1]
DbgConsole_PrintfPaddingCharacter
                        0x000176a5    0x28  Code  Lc  fsl_debug_console.o [1]
DbgConsole_Putchar      0x0001767d    0x28  Code  Gb  fsl_debug_console.o [1]
DisableGlobalIRQ        0x0001ac19     0x8  Code  Lc  fsl_wdog.o [1]
DisableIRQ              0x000123d3    0x18  Code  Lc  fsl_sdhc.o [1]
EnableGlobalIRQ         0x0001ac21     0x6  Code  Lc  fsl_wdog.o [1]
EnableIRQ               0x000123bb    0x18  Code  Lc  fsl_sdhc.o [1]
EnableIRQ               0x00012f19    0x18  Code  Lc  fsl_sdmmc_host.o [1]
EnableIRQ               0x00018a1b    0x18  Code  Lc  main.o [1]
EnableIRQ               0x00018045    0x18  Code  Lc  UART.o [1]
Enum_CARD_EVENT         0x1fff8d45     0x1  Data  Gb  SDCardTask.o [1]
FTM0_IRQHandler         0x00018dbd    0x92  Code  Gb  main.o [1]
FTM_ClearStatusFlags    0x0001b089    0x32  Code  Gb  fsl_ftm.o [1]
FTM_EnableInterrupts    0x0001b01f    0x46  Code  Gb  fsl_ftm.o [1]
FTM_GetDefaultConfig    0x0001afd1    0x4e  Code  Gb  fsl_ftm.o [1]
FTM_GetInstance         0x0001ad4d    0x34  Code  Lc  fsl_ftm.o [1]
FTM_Init                0x0001af2b    0xa6  Code  Gb  fsl_ftm.o [1]
FTM_SetPwmSync          0x0001ad81    0xa0  Code  Lc  fsl_ftm.o [1]
FTM_SetReloadPoints     0x0001ae21   0x10a  Code  Lc  fsl_ftm.o [1]
FTM_SetTimerPeriod      0x00018a37     0x4  Code  Lc  main.o [1]
FTM_StartTimer          0x00018a3b    0x14  Code  Lc  main.o [1]
FatFs                   0x1fff008c     0xc  Data  Lc  ff.o [1]
Fsid                    0x1fff8d30     0x2  Data  Lc  ff.o [1]
GPIO_PinInit            0x0001bbc3    0x42  Code  Gb  fsl_gpio.o [1]
GPIO_ReadPinInput       0x00012f31     0xa  Code  Lc  fsl_sdmmc_host.o [1]
GPIO_ReadPinInput       0x0001bcdf     0xa  Code  Lc  SHT1x.o [1]
GPIO_TogglePinsOutput   0x0001c437     0x4  Code  Lc  ProcessTask.o [1]
GPIO_WritePinOutput     0x0001bba9    0x1a  Code  Lc  fsl_gpio.o [1]
GPIO_WritePinOutput     0x00018a69    0x1a  Code  Lc  main.o [1]
GPIO_WritePinOutput     0x0001c41d    0x1a  Code  Lc  ProcessTask.o [1]
GPIO_WritePinOutput     0x0001bcc5    0x1a  Code  Lc  SHT1x.o [1]
GPIO_WritePinOutput     0x0001cc09    0x1a  Code  Lc  WhoAmITask.o [1]
I2C0_DriverIRQHandler   0x0001ce43     0xe  Code  Gb  fsl_i2c.o [1]
I2C1_DriverIRQHandler   0x0001ce51     0xe  Code  Gb  fsl_i2c.o [1]
I2C2_DriverIRQHandler   0x0001ce5f     0xe  Code  Gb  fsl_i2c.o [1]
I2C_TransferCommonIRQHandler
                        0x0001ce1d    0x26  Code  Lc  fsl_i2c.o [1]
LfnBuf                  0x1fff0098   0x200  Data  Lc  ff.o [1]
LfnOfs                  0x0001e534    0x10  Data  Lc  ff.o [1]
LoadInt                 0x0001578b    0x6e  Code  Lc  xprintffull.o [3]
NVIC_DisableIRQ         0x00012373    0x16  Code  Lc  fsl_sdhc.o [1]
NVIC_EnableIRQ          0x0001235d    0x16  Code  Lc  fsl_sdhc.o [1]
NVIC_EnableIRQ          0x00012ee1    0x16  Code  Lc  fsl_sdmmc_host.o [1]
NVIC_EnableIRQ          0x00018a05    0x16  Code  Lc  main.o [1]
NVIC_EnableIRQ          0x00018001    0x14  Code  Lc  UART.o [1]
NVIC_SetPriority        0x00012ef7    0x22  Code  Lc  fsl_sdmmc_host.o [1]
NVIC_SetPriority        0x0001c6c5    0x22  Code  Lc  SDCardTask.o [1]
NVIC_SetPriority        0x00018015    0x22  Code  Lc  UART.o [1]
NVIC_SystemReset        0x0001c401    0x1c  Code  Lc  ProcessTask.o [1]
NVIC_SystemReset        0x0001c6e7    0x1c  Code  Lc  SDCardTask.o [1]
PORTE_IRQHandler        0x0001313b    0x26  Code  Gb  fsl_sdmmc_host.o [1]
PORT_ClearPinsInterruptFlags
                        0x00012f91     0x6  Code  Lc  fsl_sdmmc_host.o [1]
PORT_GetPinsInterruptFlags
                        0x00012f8b     0x6  Code  Lc  fsl_sdmmc_host.o [1]
PORT_SetPinConfig       0x0001a8e5    0x26  Code  Lc  pin_mux.o [1]
PORT_SetPinInterruptConfig
                        0x00012f73    0x18  Code  Lc  fsl_sdmmc_host.o [1]
PORT_SetPinMux          0x0001a90b    0x18  Code  Lc  pin_mux.o [1]
PendSV_Handler          0x0001513d          Code  Gb  portasm.o [1]
RW$$Base                0x1fff0000           --   Gb  - Linker created -
RW$$Limit               0x1fff008c           --   Gb  - Linker created -
Region$$Table$$Base     0x0001e128           --   Gb  - Linker created -
Region$$Table$$Limit    0x0001e14c           --   Gb  - Linker created -
SDCARD_DetectCallBack   0x0001c895     0xc  Code  Lc  SDCardTask.o [1]
SDHC_CardDetectByData3  0x00012f59    0x1a  Code  Lc  fsl_sdmmc_host.o [1]
SDHC_ClearInterruptStatusFlags
                        0x00012413     0x4  Code  Lc  fsl_sdhc.o [1]
SDHC_Deinit             0x00012937    0x14  Code  Gb  fsl_sdhc.o [1]
SDHC_DisableInterruptSignal
                        0x00012405     0xa  Code  Lc  fsl_sdhc.o [1]
SDHC_DisableInterruptSignal
                        0x00012f4b     0xa  Code  Lc  fsl_sdmmc_host.o [1]
SDHC_DisableInterruptStatus
                        0x000123f3     0xa  Code  Lc  fsl_sdhc.o [1]
SDHC_DriverIRQHandler   0x00012e59    0x2c  Code  Gb  fsl_sdhc.o [1]
SDHC_EnableInterruptSignal
                        0x000123fd     0x8  Code  Lc  fsl_sdhc.o [1]
SDHC_EnableInterruptSignal
                        0x00012f43     0x8  Code  Lc  fsl_sdmmc_host.o [1]
SDHC_EnableInterruptStatus
                        0x000123eb     0x8  Code  Lc  fsl_sdhc.o [1]
SDHC_EnableInterruptStatus
                        0x00012f3b     0x8  Code  Lc  fsl_sdmmc_host.o [1]
SDHC_EnableSdClock      0x00011fc1    0x1a  Code  Lc  fsl_sdmmc_common.o [1]
SDHC_GetCapability      0x0001297f    0x54  Code  Gb  fsl_sdhc.o [1]
SDHC_GetCommandResponse
                        0x0001241b    0x26  Code  Lc  fsl_sdhc.o [1]
SDHC_GetInstance        0x00012449    0x3a  Code  Lc  fsl_sdhc.o [1]
SDHC_GetInterruptStatusFlags
                        0x0001240f     0x4  Code  Lc  fsl_sdhc.o [1]
SDHC_GetPresentStatusFlags
                        0x000109b9     0x4  Code  Lc  fsl_sd.o [1]
SDHC_GetPresentStatusFlags
                        0x00012417     0x4  Code  Lc  fsl_sdhc.o [1]
SDHC_GetPresentStatusFlags
                        0x00011fbd     0x4  Code  Lc  fsl_sdmmc_common.o [1]
SDHC_GetPresentStatusFlags
                        0x00012f55     0x4  Code  Lc  fsl_sdmmc_host.o [1]
SDHC_Init               0x0001284f    0xe8  Code  Gb  fsl_sdhc.o [1]
SDHC_ReadData           0x00012445     0x4  Code  Lc  fsl_sdhc.o [1]
SDHC_ReadDataPort       0x00012653    0x66  Code  Lc  fsl_sdhc.o [1]
SDHC_ReceiveCommandResponse
                        0x000125b7    0x9c  Code  Lc  fsl_sdhc.o [1]
SDHC_Reset              0x0001294b    0x34  Code  Gb  fsl_sdhc.o [1]
SDHC_SetAdmaTableConfig
                        0x00012b3d   0x104  Code  Gb  fsl_sdhc.o [1]
SDHC_SetCardActive      0x00012a89    0x2e  Code  Gb  fsl_sdhc.o [1]
SDHC_SetDataBusWidth    0x000109bd    0x14  Code  Lc  fsl_sd.o [1]
SDHC_SetSdClock         0x000129d3    0xb6  Code  Gb  fsl_sdhc.o [1]
SDHC_SetTransferConfig  0x00012ab7    0x86  Code  Gb  fsl_sdhc.o [1]
SDHC_SetTransferInterrupt
                        0x00012483    0x58  Code  Lc  fsl_sdhc.o [1]
SDHC_StartTransfer      0x000124db    0xdc  Code  Lc  fsl_sdhc.o [1]
SDHC_TransferCreateHandle
                        0x00012c45    0x7e  Code  Gb  fsl_sdhc.o [1]
SDHC_TransferHandleCardDetect
                        0x0001271f    0x24  Code  Lc  fsl_sdhc.o [1]
SDHC_TransferHandleCommand
                        0x00012743    0x66  Code  Lc  fsl_sdhc.o [1]
SDHC_TransferHandleData
                        0x000127a9    0x82  Code  Lc  fsl_sdhc.o [1]
SDHC_TransferHandleIRQ  0x00012dd9    0x80  Code  Gb  fsl_sdhc.o [1]
SDHC_TransferHandleSdioBlockGap
                        0x0001283d    0x12  Code  Lc  fsl_sdhc.o [1]
SDHC_TransferHandleSdioInterrupt
                        0x0001282b    0x12  Code  Lc  fsl_sdhc.o [1]
SDHC_TransferNonBlocking
                        0x00012ce1    0xee  Code  Gb  fsl_sdhc.o [1]
SDHC_WriteData          0x00012441     0x4  Code  Lc  fsl_sdhc.o [1]
SDHC_WriteDataPort      0x000126b9    0x66  Code  Lc  fsl_sdhc.o [1]
SDMMCEVENT_Create       0x00013295    0x2c  Code  Gb  fsl_sdmmc_event.o [1]
SDMMCEVENT_Delay        0x0001336d    0x16  Code  Gb  fsl_sdmmc_event.o [1]
SDMMCEVENT_Delete       0x00013359    0x14  Code  Gb  fsl_sdmmc_event.o [1]
SDMMCEVENT_GetInstance  0x0001327d    0x18  Code  Lc  fsl_sdmmc_event.o [1]
SDMMCEVENT_Notify       0x00013309    0x42  Code  Gb  fsl_sdmmc_event.o [1]
SDMMCEVENT_Wait         0x000132c1    0x48  Code  Gb  fsl_sdmmc_event.o [1]
SDMMCHOST_CardDetectDeinit
                        0x00013123    0x10  Code  Lc  fsl_sdmmc_host.o [1]
SDMMCHOST_CardDetectInit
                        0x000130bb    0x68  Code  Lc  fsl_sdmmc_host.o [1]
SDMMCHOST_Deinit        0x0001322f    0x14  Code  Gb  fsl_sdmmc_host.o [1]
SDMMCHOST_Delay         0x00013133     0x8  Code  Gb  fsl_sdmmc_host.o [1]
SDMMCHOST_DetectCardByGpio
                        0x00012f97    0x44  Code  Lc  fsl_sdmmc_host.o [1]
SDMMCHOST_DetectCardInsertByHost
                        0x00012fdb    0x2e  Code  Lc  fsl_sdmmc_host.o [1]
SDMMCHOST_DetectCardRemoveByHost
                        0x00013009    0x1e  Code  Lc  fsl_sdmmc_host.o [1]
SDMMCHOST_ErrorRecovery
                        0x0001308b    0x30  Code  Gb  fsl_sdmmc_host.o [1]
SDMMCHOST_Init          0x00013193    0x66  Code  Gb  fsl_sdmmc_host.o [1]
SDMMCHOST_PowerOffCard  0x00013161    0x14  Code  Gb  fsl_sdmmc_host.o [1]
SDMMCHOST_PowerOnCard   0x00013175    0x1e  Code  Gb  fsl_sdmmc_host.o [1]
SDMMCHOST_Reset         0x0001322d     0x2  Code  Gb  fsl_sdmmc_host.o [1]
SDMMCHOST_TransferCompleteCallback
                        0x00013027    0x1c  Code  Lc  fsl_sdmmc_host.o [1]
SDMMCHOST_TransferFunction
                        0x00013043    0x48  Code  Lc  fsl_sdmmc_host.o [1]
SDMMC_ExecuteTuning     0x0001222b    0x74  Code  Gb  fsl_sdmmc_common.o [1]
SDMMC_GoIdle            0x000120d3    0x54  Code  Gb  fsl_sdmmc_common.o [1]
SDMMC_SelectCard        0x00011fdb    0x82  Code  Gb  fsl_sdmmc_common.o [1]
SDMMC_SendApplicationCommand
                        0x0001205d    0x76  Code  Gb  fsl_sdmmc_common.o [1]
SDMMC_SetBlockSize      0x00012127    0x66  Code  Gb  fsl_sdmmc_common.o [1]
SDMMC_SwitchVoltage     0x0001218d    0x9e  Code  Gb  fsl_sdmmc_common.o [1]
SD_AllSendCid           0x000114bb    0x78  Code  Lc  fsl_sd.o [1]
SD_ApplicationSendOperationCondition
                        0x00011533    0xaa  Code  Lc  fsl_sd.o [1]
SD_CardDeinit           0x00011e17    0x22  Code  Gb  fsl_sd.o [1]
SD_CardInit             0x00011c91   0x186  Code  Gb  fsl_sd.o [1]
SD_DecodeCid            0x0001143f    0x7c  Code  Lc  fsl_sd.o [1]
SD_DecodeCsd            0x000111a7   0x21e  Code  Lc  fsl_sd.o [1]
SD_DecodeScr            0x00010d93    0xfa  Code  Lc  fsl_sd.o [1]
SD_Deinit               0x00011f15    0x12  Code  Gb  fsl_sd.o [1]
SD_ExecuteTuning        0x00010a79    0x2a  Code  Lc  fsl_sd.o [1]
SD_GoIdle               0x00010a29    0x26  Code  Lc  fsl_sd.o [1]
SD_HostDeinit           0x00011e79    0x26  Code  Gb  fsl_sd.o [1]
SD_HostInit             0x00011e39    0x3a  Code  Gb  fsl_sd.o [1]
SD_HostReset            0x00011e9f     0xa  Code  Gb  fsl_sd.o [1]
SD_PowerOffCard         0x00011eb1     0x8  Code  Gb  fsl_sd.o [1]
SD_PowerOnCard          0x00011ea9     0x8  Code  Gb  fsl_sd.o [1]
SD_Read                 0x00011751   0x144  Code  Lc  fsl_sd.o [1]
SD_ReadBlocks           0x00011a15   0x138  Code  Gb  fsl_sd.o [1]
SD_SelectBusTiming      0x00011665    0x84  Code  Lc  fsl_sd.o [1]
SD_SelectCard           0x000109d1    0x2e  Code  Lc  fsl_sd.o [1]
SD_SelectFunction       0x00010f7b   0x192  Code  Lc  fsl_sd.o [1]
SD_SendApplicationCmd   0x000109ff    0x2a  Code  Lc  fsl_sd.o [1]
SD_SendCsd              0x000113c5    0x7a  Code  Lc  fsl_sd.o [1]
SD_SendInterfaceCondition
                        0x000115dd    0x82  Code  Lc  fsl_sd.o [1]
SD_SendRca              0x00010c59    0x6c  Code  Lc  fsl_sd.o [1]
SD_SendScr              0x00010e8d    0xee  Code  Lc  fsl_sd.o [1]
SD_SetBlockSize         0x00010a4f    0x2a  Code  Lc  fsl_sd.o [1]
SD_SetDataBusWidth      0x0001110d    0x9a  Code  Lc  fsl_sd.o [1]
SD_SetDriverStrength    0x000116e9    0x2a  Code  Lc  fsl_sd.o [1]
SD_SetMaxCurrent        0x00011713    0x2a  Code  Lc  fsl_sd.o [1]
SD_StopTransmission     0x00010be5    0x74  Code  Lc  fsl_sd.o [1]
SD_SwitchFunction       0x00010cc5    0xce  Code  Lc  fsl_sd.o [1]
SD_SwitchVoltage        0x00010aa3    0x26  Code  Lc  fsl_sd.o [1]
SD_Transfer             0x00010ac9    0x9a  Code  Lc  fsl_sd.o [1]
SD_WaitWriteComplete    0x00010b63    0x82  Code  Lc  fsl_sd.o [1]
SD_Write                0x000118a5   0x150  Code  Lc  fsl_sd.o [1]
SD_WriteBlocks          0x00011b4d   0x138  Code  Gb  fsl_sd.o [1]
SIM_GetUniqueId         0x0001b0bd    0x14  Code  Gb  fsl_sim.o [1]
SMC_GetPowerModeState   0x0001aba3     0x4  Code  Lc  clock_config.o [1]
SMC_SetPowerModeProtection
                        0x0001ab9f     0x4  Code  Lc  clock_config.o [1]
SMC_SetPowerModeVlpr    0x0001bc0d    0x20  Code  Gb  fsl_smc.o [1]
SPI0_DriverIRQHandler   0x0001cb65    0x26  Code  Gb  fsl_dspi.o [1]
SPI1_DriverIRQHandler   0x0001cb8d    0x26  Code  Gb  fsl_dspi.o [1]
SPI2_DriverIRQHandler   0x0001cbb9    0x26  Code  Gb  fsl_dspi.o [1]
SVC_Handler             0x00015195          Code  Gb  portasm.o [1]
SYSMPU_Enable           0x00018a4f    0x1a  Code  Lc  main.o [1]
SysTick_Handler         0x0001494f    0x28  Code  Gb  port.o [1]
SystemCoreClock         0x1fff0080     0x4  Data  Gb  system_MK64F12.o [1]
SystemInit              0x0001d835    0x26  Code  Gb  system_MK64F12.o [1]
UART0_DriverIRQHandler  0x00019409    0x10  Code  Gb  fsl_uart.o [1]
UART0_RX_TX_DriverIRQHandler
                        0x00019419     0x8  Code  Gb  fsl_uart.o [1]
UART1_RX_TX_IRQHandler  0x00018ca3    0x5c  Code  Gb  main.o [1]
UART2_DriverIRQHandler  0x00019421    0x10  Code  Gb  fsl_uart.o [1]
UART2_RX_TX_DriverIRQHandler
                        0x00019431     0x8  Code  Gb  fsl_uart.o [1]
UART3_RX_TX_IRQHandler  0x00018c47    0x5c  Code  Gb  main.o [1]
UART4_RX_TX_IRQHandler  0x00018beb    0x5c  Code  Gb  main.o [1]
UART5_DriverIRQHandler  0x00019449    0x10  Code  Gb  fsl_uart.o [1]
UART5_RX_TX_DriverIRQHandler
                        0x00019489     0x8  Code  Gb  fsl_uart.o [1]
UART_EnableInterrupts   0x0001933f    0x26  Code  Gb  fsl_uart.o [1]
UART_EnableRx           0x000175cb    0x1a  Code  Lc  fsl_debug_console.o [1]
UART_EnableTx           0x000175b1    0x1a  Code  Lc  fsl_debug_console.o [1]
UART_GetDefaultConfig   0x00019303    0x3c  Code  Gb  fsl_uart.o [1]
UART_GetInstance        0x000190dd    0x34  Code  Gb  fsl_uart.o [1]
UART_GetStatusFlags     0x00019365    0x1a  Code  Gb  fsl_uart.o [1]
UART_Init               0x00019111   0x1f2  Code  Gb  fsl_uart.o [1]
UART_ReadBlocking       0x00019397    0x68  Code  Gb  fsl_uart.o [1]
UART_ReadByte           0x00018a33     0x4  Code  Lc  main.o [1]
UART_WriteBlocking      0x0001937f    0x18  Code  Gb  fsl_uart.o [1]
WDOG_GetDefaultConfig   0x0001ac35    0x46  Code  Gb  fsl_wdog.o [1]
WDOG_Init               0x0001ac7b    0x94  Code  Gb  fsl_wdog.o [1]
WDOG_Refresh            0x0001ad19    0x1c  Code  Gb  fsl_wdog.o [1]
WDOG_Unlock             0x0001ac27     0xe  Code  Lc  fsl_wdog.o [1]
ZI$$Base                0x1fff008c           --   Gb  - Linker created -
ZI$$Limit               0x1fff8d4c           --   Gb  - Linker created -
_EVENT_SYS              0x1fff8d3a     0x2  Data  Gb  main.o [1]
_GenldFull              0x00015d05   0x26a  Code  Lc  xprintffull.o [3]
_LdtobFull              0x00015905   0x3fa  Code  Lc  xprintffull.o [3]
_LitobFull              0x000157f9   0x10a  Code  Lc  xprintffull.o [3]
_PrintfFull             0x000151e5   0x5a0  Code  Gb  xprintffull.o [3]
_PutcharsFull           0x00015f6f    0x2e  Code  Lc  xprintffull.o [3]
_SHT1x_Func_Index       0x1fff004c    0x24  Data  Gb  SHT1x.o [1]
_SHT1x_IO_Soil_Index    0x1fff0070    0x10  Data  Gb  SS_TempAndHumi.o [1]
_SProut                 0x00011f27     0xa  Code  Gb  xsprout.o [3]
_Stoflt                 0x0001b5fd   0x1ac  Code  Gb  xstoflt.o [3]
_Stopfx                 0x0001b4df   0x11e  Code  Gb  xstopfx.o [3]
_Stoxflt                0x0001b9a9   0x1cc  Code  Gb  xstoxflt.o [3]
_Stoxflt::digits        0x0001bb78    0x18  Data  Lc  xstoxflt.o [3]
_Stoxflt::vals          0x0001bb90    0x18  Data  Lc  xstoxflt.o [3]
__RAM_VECTOR_TABLE_SIZE {Abs}
                        0x00000000          Data  Gb  command line/config [2]
__VECTOR_RAM {Abs}      0x00000000          Data  Gb  command line/config [2]
__VECTOR_TABLE {Abs}    0x00000000          Data  Gb  command line/config [2]
__Vectors               0x00000000           --   Gb  startup_MK64F12.o [1]
__Vectors_End           0x00000400          Data  Gb  startup_MK64F12.o [1]
__Vectors_Size {Abs}    0x00000400           --   Gb  startup_MK64F12.o [1]
__aeabi_assert          0x00011f99    0x24  Code  Gb  ABIassert.o [6]
__aeabi_cdcmpeq         0x00019491          Code  Gb  DblCmpEq.o [4]
__aeabi_cdcmple         0x000161d9          Code  Gb  DblCmpLe.o [4]
__aeabi_cdrcmple        0x00016209          Code  Gb  DblCmpGe.o [4]
__aeabi_d2f             0x00018925          Code  Gb  DblToFlt.o [4]
__aeabi_d2iz            0x0001634d          Code  Gb  DblToI32.o [4]
__aeabi_d2lz            0x00019e31          Code  Gb  DblToI64.o [4]
__aeabi_d2uiz           0x00016379          Code  Gb  DblToI32.o [4]
__aeabi_dadd            0x00016961          Code  Gb  DblAdd.o [4]
__aeabi_ddiv            0x000166f9          Code  Gb  DblDiv.o [4]
__aeabi_dmul            0x00016555          Code  Gb  DblMul.o [4]
__aeabi_dsub            0x000163d5          Code  Gb  DblSub.o [4]
__aeabi_errno_addr      0x0001b15d     0x6  Code  Gb  errno.o [3]
__aeabi_f2d             0x000189b5          Code  Gb  FltToDbl.o [4]
__aeabi_i2d             0x000163a5          Code  Gb  I32ToDbl.o [4]
__aeabi_l2d             0x00019ead          Code  Gb  I64ToDbl.o [4]
__aeabi_ldiv0           0x0001695d          Code  Gb  I64DivZer.o [5]
__aeabi_ldivmod         0x00016061          Code  Gb  I64DivMod.o [5]
__aeabi_memclr4         0x000122dd          Code  Gb  ABImemclr4.o [5]
__aeabi_memset          0x00011f31          Code  Gb  ABImemset.o [5]
__aeabi_ui2d            0x000163b9          Code  Gb  I32ToDbl.o [4]
__aeabi_uldivmod        0x000160a5          Code  Gb  I64DivMod.o [5]
__cmain                 0x0001e459          Code  Gb  cmain.o [5]
__exit                  0x00013385    0x14  Code  Gb  exit.o [6]
__iar_Dint              0x0001b0dd    0x7e  Code  Gb  xdint.o [4]
__iar_Dnorm             0x00016193    0x44  Code  Gb  xdnorm.o [4]
__iar_Dscale            0x00016239   0x114  Code  Gb  xdscale.o [4]
__iar_Dtentox           0x0001b805   0x140  Code  Gb  xdtento.o [4]
__iar_Dtest             0x0001bc2f    0x30  Code  Gb  xdtest.o [4]
__iar_Dunscale          0x0001bc6f    0x56  Code  Gb  xdunscal.o [4]
__iar_Errno             0x1fff0084     0x4  Data  Gb  errno.o [3]
__iar_Exp               0x0001b219   0x2be  Code  Gb  xexp.o [4]
__iar_Logpoly           0x0001b169    0x76  Code  Gb  xlog.o [4]
__iar_Memchr            0x00016009          Code  Gb  memchr.o [5]
__iar_Memset            0x00011f31          Code  Gb  ABImemset.o [5]
__iar_Memset4_word      0x00013249          Code  Gb  ABImemset48.o [5]
__iar_Memset8_word      0x00013249          Code  Gb  ABImemset48.o [5]
__iar_Memset_word       0x00011f39          Code  Gb  ABImemset.o [5]
__iar_Stod              0x0001a8c9     0x4  Code  Gb  xstod.o [4]
__iar_Stodx             0x0001a765   0x14e  Code  Gb  xstod.o [4]
__iar_Stoul             0x0001a5d5     0x4  Code  Gb  xstoul.o [3]
__iar_Stoulx            0x0001a48d   0x142  Code  Gb  xstoul.o [3]
__iar_Strchr            0x00015fb9          Code  Gb  strchr.o [5]
__iar_copy_init3        0x0001dc51    0x2c  Code  Gb  copy_init3.o [5]
__iar_d2uiz             0x00016385          Code  Gb  DblToI32.o [4]
__iar_dadd              0x00016975          Code  Gb  DblAdd.o [4]
__iar_data_init3        0x0001df75    0x28  Code  Gb  data_init.o [5]
__iar_dlfree            0x000183f1   0x51a  Code  Gb  dlmalloc.o [3]
__iar_dlib_perthread_access
                        0x0001bc2d     0x2  Code  Gb  xtls.o [3]
__iar_dsub              0x000163e9          Code  Gb  DblSub.o [4]
__iar_dsubStart         0x000163fb          Code  Gb  DblSub.o [4]
__iar_init_vfp          0x0001e105          Code  Gb  fpinit_M.o [4]
__iar_modf              0x000194c9          Code  Gb  modf.o [4]
__iar_modfl             0x000194c9          Code  Gb  modf.o [4]
__iar_program_start     0x0001e6e5          Code  Gb  cstartup_M.o [5]
__iar_ui2d              0x000163bd          Code  Gb  I32ToDbl.o [4]
__iar_ul2d              0x00019ec9          Code  Gb  I64ToDbl.o [4]
__iar_unaligned___aeabi_memcpy
                        0x000122e5          Code  Gb  ABImemcpy_unaligned.o [5]
__iar_unaligned___aeabi_memcpy4
                        0x00012305          Code  Gb  ABImemcpy_unaligned.o [5]
__iar_unaligned___aeabi_memcpy8
                        0x00012305          Code  Gb  ABImemcpy_unaligned.o [5]
__iar_unaligned_strcmp  0x000180c1          Code  Gb  strcmp_unaligned.o [5]
__iar_vfp_atof          0x00018915    0x10  Code  Gb  atof.o [4]
__iar_vfp_modf          0x000194b1          Code  Gb  modf.o [4]
__iar_vfp_modfl         0x000194b1          Code  Gb  modf.o [4]
__iar_vfp_pow           0x000199f1    0x18  Code  Gb  pow.o [4]
__iar_zero_init3        0x0001d599    0x40  Code  Gb  zero_init3.o [5]
__low_level_init        0x0001e473     0x4  Code  Gb  low_level_init.o [3]
__vector_table          0x00000000          Data  Gb  startup_MK64F12.o [1]
__vector_table_0x1c     0x0000001c          Data  Gb  startup_MK64F12.o [1]
_call_main              0x0001e465          Code  Gb  cmain.o [5]
_exit                   0x0001e47d          Code  Gb  cexit.o [5]
_gm_                    0x1fff8b58   0x1d8  Data  Lc  dlmalloc.o [3]
_main                   0x0001e46f          Code  Gb  cmain.o [5]
abort                   0x00013243     0x6  Code  Gb  abort.o [3]
atoi                    0x00018103     0x8  Code  Gb  atoi.o [3]
bData_Sending           0x1fff8d44     0x1  Data  Gb  ProcessTask.o [1]
bFileAccess_Open        0x0001a629    0x26  Code  Gb  FileAccess.o [1]
bFileAccess_Read_All    0x0001a653    0x7c  Code  Gb  FileAccess.o [1]
bFileAccess_Write_All   0x0001a6cf    0x52  Code  Gb  FileAccess.o [1]
bSDCardTask_MMC_Access  0x0001c8a1    0x32  Code  Lc  SDCardTask.o [1]
bSensor_Feedback        0x1fff8d48     0x1  Data  Gb  SensorTask.o [1]
bUserFile_ReadAll       0x0001823f   0x118  Code  Gb  UserFile.o [1]
bUserFile_ReadFile      0x0001810d    0xb6  Code  Gb  UserFile.o [1]
bUserFile_WriteFile     0x000181c3    0x7c  Code  Gb  UserFile.o [1]
cID_EndDevice           0x1fff8430    0x14  Data  Gb  main.o [1]
check_fs                0x0000fc0f    0x76  Code  Lc  ff.o [1]
chk_chr                 0x0000eb8b    0x14  Code  Lc  ff.o [1]
clst2sect               0x0000edc3    0x18  Code  Lc  ff.o [1]
cmp_lfn                 0x0000f3e5    0xa2  Code  Lc  ff.o [1]
create_chain            0x0000f041   0x11e  Code  Lc  ff.o [1]
create_name             0x0000f845   0x2c8  Code  Lc  ff.o [1]
dbc_1st                 0x0000eb9f    0x42  Code  Lc  ff.o [1]
dbc_2nd                 0x0000ebe1    0x62  Code  Lc  ff.o [1]
digits                  0x0001a5d8    0x28  Data  Lc  xstoul.o [3]
dir_alloc               0x0000f33d    0x5a  Code  Lc  ff.o [1]
dir_clear               0x0000f15f    0x68  Code  Lc  ff.o [1]
dir_find                0x0000f5df   0x10e  Code  Lc  ff.o [1]
dir_next                0x0000f26b    0xd2  Code  Lc  ff.o [1]
dir_register            0x0000f6ed   0x158  Code  Lc  ff.o [1]
dir_sdi                 0x0000f1c7    0xa4  Code  Lc  ff.o [1]
disk_initialize         0x00010863    0x16  Code  Gb  diskio.o [1]
disk_ioctl              0x000108a9    0x18  Code  Gb  diskio.o [1]
disk_read               0x00010879    0x18  Code  Gb  diskio.o [1]
disk_status             0x0001084d    0x16  Code  Gb  diskio.o [1]
disk_write              0x00010891    0x18  Code  Gb  diskio.o [1]
div                     0x0001694f     0xe  Code  Gb  div.o [3]
dmul                    0x0001b7a9    0x5a  Code  Lc  xdtento.o [4]
driverNumberBuffer      0x0001ea7c     0x4  Data  Gb  SDCardTask.o [1]
exit                    0x0001e477     0x4  Code  Gb  exit.o [3]
f_chdrive               0x00010685    0x18  Code  Gb  ff.o [1]
f_close                 0x0001065d    0x28  Code  Gb  ff.o [1]
f_mount                 0x0000ffd1    0x58  Code  Gb  ff.o [1]
f_open                  0x00010029   0x1f2  Code  Gb  ff.o [1]
f_read                  0x00010221   0x1ae  Code  Gb  ff.o [1]
f_sync                  0x000105c3    0x9a  Code  Gb  ff.o [1]
f_write                 0x000103cf   0x1f4  Code  Gb  ff.o [1]
ff_oem2uni              0x0001072b    0x62  Code  Gb  ffunicode.o [1]
ff_uni2oem              0x000106c5    0x66  Code  Gb  ffunicode.o [1]
ff_wtoupper             0x0001078d    0xae  Code  Gb  ffunicode.o [1]
ff_wtoupper::cvt1       0x0001c940   0x1f4  Data  Lc  ffunicode.o [1]
ff_wtoupper::cvt2       0x0001ccd4    0xbc  Data  Lc  ffunicode.o [1]
find_volume             0x0000fc91   0x2fa  Code  Lc  ff.o [1]
follow_path             0x0000fb0d    0xb2  Code  Lc  ff.o [1]
g_defaultClockConfigVlpr
                        0x0001e14c    0x20  Data  Gb  clock_config.o [1]
g_dspiHandle            0x1fff02b0     0xc  Data  Lc  fsl_dspi.o [1]
g_eventCardDetect       0x1fff05a0     0x4  Data  Lc  fsl_sdmmc_event.o [1]
g_eventTransferComplete
                        0x1fff059c     0x4  Data  Lc  fsl_sdmmc_event.o [1]
g_fileSystem            0x1fff848c   0x238  Data  Lc  SDCardTask.o [1]
g_sd                    0x1fff02d8    0xbc  Data  Gb  fsl_sd_disk.o [1]
g_sdmmc                 0x1fff039c   0x200  Data  Gb  fsl_sdmmc_common.o [1]
g_xtal0Freq             0x1fff0298     0x4  Data  Gb  fsl_clock.o [1]
g_xtal32Freq            0x1fff029c     0x4  Data  Gb  fsl_clock.o [1]
gen_numname             0x0000f51d    0xa2  Code  Lc  ff.o [1]
get_fat                 0x0000eddb    0xca  Code  Lc  ff.o [1]
get_ldnumber            0x0000fbbf    0x50  Code  Lc  ff.o [1]
iSHT1x_ReadRaw          0x0001bce9   0x196  Code  Lc  SHT1x.o [1]
init_mparams            0x000183b1    0x32  Code  Lc  dlmalloc.o [3]
internal_Pow            0x00019571   0x474  Code  Lc  pow.o [4]
ld_clust                0x0000f397    0x26  Code  Lc  ff.o [1]
ld_dword                0x0000eb0f    0x18  Code  Lc  ff.o [1]
ld_word                 0x0000eb01     0xe  Code  Lc  ff.o [1]
lnbias                  0x00019a10   0x420  Data  Lc  pow.o [4]
main                    0x00018a83    0xf8  Code  Gb  main.o [1]
mem_cmp                 0x0000eb6d    0x1e  Code  Lc  ff.o [1]
mem_cpy                 0x0000eb4d    0x14  Code  Lc  ff.o [1]
mem_set                 0x0000eb61     0xc  Code  Lc  ff.o [1]
memchr                  0x00016009          Code  Gb  memchr.o [5]
move_window             0x0000ecef    0x3c  Code  Lc  ff.o [1]
mparams                 0x1fff8b40    0x18  Data  Lc  dlmalloc.o [3]
ndigs                   0x0001a600    0x28  Data  Lc  xstoul.o [3]
oem2uni932              0x00007788  0x7378  Data  Lc  ffunicode.o [1]
pcInterruptPriorityRegisters
                        0x0001ea78     0x4  Data  Lc  port.o [1]
pows                    0x0001b960    0x48  Data  Lc  xdtento.o [4]
prvAddCurrentTaskToDelayedList
                        0x00014701    0x80  Code  Lc  tasks.o [1]
prvAddNewTaskToReadyList
                        0x00013cd3    0xc0  Code  Lc  tasks.o [1]
prvCheckForValidListAndQueue
                        0x00015097    0x4c  Code  Lc  timers.o [1]
prvCheckTasksWaitingTermination
                        0x000144a1    0x64  Code  Lc  tasks.o [1]
prvCopyDataFromQueue    0x00013a23    0x2a  Code  Lc  queue.o [1]
prvCopyDataToQueue      0x0001399d    0x86  Code  Lc  queue.o [1]
prvDeleteTCB            0x00014505    0x12  Code  Lc  tasks.o [1]
prvGetNextExpireTime    0x00014e8f    0x2a  Code  Lc  timers.o [1]
prvHeapInit             0x00014c0f    0x64  Code  Lc  heap_4.o [1]
prvIdleTask             0x00014411    0x24  Code  Lc  tasks.o [1]
prvInitialiseNewQueue   0x00013475    0x22  Code  Lc  queue.o [1]
prvInitialiseNewTask    0x00013c0f    0xc4  Code  Lc  tasks.o [1]
prvInitialiseTaskLists  0x0001443d    0x56  Code  Lc  tasks.o [1]
prvInsertBlockIntoFreeList
                        0x00014c73    0x5c  Code  Lc  heap_4.o [1]
prvInsertTimerInActiveList
                        0x00014ee1    0x3e  Code  Lc  timers.o [1]
prvIsQueueEmpty         0x00013abb    0x1c  Code  Lc  queue.o [1]
prvIsQueueFull          0x00013ad7    0x1e  Code  Lc  queue.o [1]
prvProcessExpiredTimer  0x00014da5    0x5c  Code  Lc  timers.o [1]
prvProcessReceivedCommands
                        0x00014f1f    0xfa  Code  Lc  timers.o [1]
prvProcessTimerOrBlockTask
                        0x00014e19    0x76  Code  Lc  timers.o [1]
prvResetNextTaskUnblockTime
                        0x00014517    0x28  Code  Lc  tasks.o [1]
prvSampleTimeNow        0x00014eb9    0x28  Code  Lc  timers.o [1]
prvSampleTimeNow::xLastTime
                        0x1fff8b3c     0x4  Data  Lc  timers.o [1]
prvSwitchTimerLists     0x00015019    0x7e  Code  Lc  timers.o [1]
prvTaskExitError        0x000147ed    0x2a  Code  Lc  port.o [1]
prvTaskIsTaskSuspended  0x00013eb5    0x36  Code  Lc  tasks.o [1]
prvTimerTask            0x00014e05    0x14  Code  Lc  timers.o [1]
prvUnlockQueue          0x00013a4d    0x6e  Code  Lc  queue.o [1]
put_fat                 0x0000eea5   0x112  Code  Lc  ff.o [1]
put_lfn                 0x0000f487    0x88  Code  Lc  ff.o [1]
pvPortMalloc            0x00014a8d   0x10c  Code  Gb  heap_4.o [1]
pvTaskIncrementMutexHeldCount
                        0x000146c9    0x1e  Code  Gb  tasks.o [1]
pxCurrentTCB            0x1fff8a00     0x4  Data  Gb  tasks.o [1]
pxCurrentTimerList      0x1fff8b2c     0x4  Data  Lc  timers.o [1]
pxDelayedTaskList       0x1fff8a90     0x4  Data  Lc  tasks.o [1]
pxEnd                   0x1fff7e10     0x4  Data  Lc  heap_4.o [1]
pxOverflowDelayedTaskList
                        0x1fff8a94     0x4  Data  Lc  tasks.o [1]
pxOverflowTimerList     0x1fff8b30     0x4  Data  Lc  timers.o [1]
pxPortInitialiseStack   0x000147c5    0x28  Code  Gb  port.o [1]
pxReadyTasksLists       0x1fff8a04    0x64  Data  Lc  tasks.o [1]
remove_chain            0x0000efb7    0x8a  Code  Lc  ff.o [1]
s_cardInserted          0x1fff8d46     0x1  Data  Lc  SDCardTask.o [1]
s_debugConsole          0x1fff02a0    0x10  Data  Lc  fsl_debug_console.o [1]
s_dspiMasterIsr         0x1fff02bc     0x4  Data  Lc  fsl_dspi.o [1]
s_dspiSlaveIsr          0x1fff02c0     0x4  Data  Lc  fsl_dspi.o [1]
s_fastIrcFreq           0x1fff0004     0x4  Data  Lc  fsl_clock.o [1]
s_ftmBases              0x0001e594    0x10  Data  Lc  fsl_ftm.o [1]
s_ftmClocks             0x0001e5a4    0x10  Data  Lc  fsl_ftm.o [1]
s_i2cHandle             0x1fff02c4     0xc  Data  Lc  fsl_i2c.o [1]
s_i2cMasterIsr          0x1fff02d0     0x4  Data  Lc  fsl_i2c.o [1]
s_i2cSlaveIsr           0x1fff02d4     0x4  Data  Lc  fsl_i2c.o [1]
s_sdCardDetect          0x0001e520    0x14  Data  Lc  SDCardTask.o [1]
s_sdInsertedFlag        0x1fff8d41     0x1  Data  Lc  fsl_sdmmc_host.o [1]
s_sdhcAdmaTable         0x1fff05cc    0x20  Data  Lc  fsl_sdmmc_host.o [1]
s_sdhcBase              0x0001ea48     0x4  Data  Lc  fsl_sdhc.o [1]
s_sdhcClock             0x0001ea4c     0x4  Data  Lc  fsl_sdhc.o [1]
s_sdhcHandle            0x1fff0394     0x4  Data  Lc  fsl_sdhc.o [1]
s_sdhcHandle            0x1fff05a4    0x28  Data  Lc  fsl_sdmmc_host.o [1]
s_sdhcIRQ               0x00015fb6     0x1  Data  Lc  fsl_sdhc.o [1]
s_sdhcIsr               0x1fff0398     0x4  Data  Lc  fsl_sdhc.o [1]
s_sdhcTransferSuccessFlag
                        0x1fff0088     0x1  Data  Lc  fsl_sdmmc_host.o [1]
s_slowIrcFreq           0x1fff0000     0x4  Data  Lc  fsl_clock.o [1]
s_uartBases             0x0001e4a0    0x18  Data  Lc  fsl_uart.o [1]
s_uartClock             0x0001e4b8    0x18  Data  Lc  fsl_uart.o [1]
s_uartHandle            0x1fff05ec    0x18  Data  Lc  fsl_uart.o [1]
s_uartIsr               0x1fff0604     0x4  Data  Lc  fsl_uart.o [1]
sd_disk_initialize      0x0001096f    0x44  Code  Gb  fsl_sd_disk.o [1]
sd_disk_ioctl           0x00010901    0x60  Code  Gb  fsl_sd_disk.o [1]
sd_disk_read            0x000108e1    0x20  Code  Gb  fsl_sd_disk.o [1]
sd_disk_status          0x00010961     0xe  Code  Gb  fsl_sd_disk.o [1]
sd_disk_write           0x000108c1    0x20  Code  Gb  fsl_sd_disk.o [1]
segment_holding         0x00018395    0x1c  Code  Lc  dlmalloc.o [3]
sprintf                 0x0001a731    0x34  Code  Gb  sprintf.o [3]
st_clust                0x0000f3bd    0x28  Code  Lc  ff.o [1]
st_dword                0x0000eb35    0x18  Code  Lc  ff.o [1]
st_word                 0x0000eb27     0xe  Code  Lc  ff.o [1]
strchr                  0x00015fb9          Code  Gb  strchr.o [5]
strlen                  0x00015fd1          Code  Gb  strlen.o [5]
sum_sfn                 0x0000f5bf    0x20  Code  Lc  ff.o [1]
sync_fs                 0x0000ed2b    0x98  Code  Lc  ff.o [1]
sync_window             0x0000ec9f    0x50  Code  Lc  ff.o [1]
tchar2uni               0x0000ec43    0x5c  Code  Lc  ff.o [1]
uError_Counter          0x1fff8d47     0x1  Data  Gb  SDCardTask.o [1]
uLedStatus              0x1fff8d42     0x1  Data  Gb  main.o [1]
uReadSS_Counter         0x1fff89fc     0x4  Data  Gb  SensorTask.o [1]
uResend_Counter         0x1fff8d3e     0x2  Data  Gb  ProcessTask.o [1]
uSHT1x_Data_In          0x0001c015     0xc  Code  Lc  SHT1x.o [1]
uSendData_Counter       0x1fff8448     0x4  Data  Gb  ProcessTask.o [1]
uUART_CONN_RX_Buffer    0x1fff7e20   0x204  Data  Gb  main.o [1]
uUART_EC_RX_Buffer      0x1fff8024   0x204  Data  Gb  main.o [1]
uUART_PH_RX_Buffer      0x1fff8228   0x204  Data  Gb  main.o [1]
ucHeap                  0x1fff0608  0x7800  Data  Lc  heap_4.o [1]
ucMaxSysCallPriority    0x1fff8d43     0x1  Data  Lc  port.o [1]
ui16SecCounter          0x1fff8d34     0x2  Data  Gb  main.o [1]
ui16SendCounter         0x1fff8d38     0x2  Data  Gb  main.o [1]
ui16WAMICounter         0x1fff8d36     0x2  Data  Gb  main.o [1]
uiSendWait_Counter      0x1fff8d3c     0x2  Data  Gb  ProcessTask.o [1]
uiTimerCounter          0x1fff8d32     0x2  Data  Gb  main.o [1]
ulMaxPRIGROUPValue      0x1fff8444     0x4  Data  Lc  port.o [1]
uni2oem932              0x00000410  0x7378  Data  Lc  ffunicode.o [1]
uxCriticalNesting       0x1fff0048     0x4  Data  Lc  port.o [1]
uxCurrentNumberOfTasks  0x1fff8ad8     0x4  Data  Lc  tasks.o [1]
uxDeletedTasksWaitingCleanUp
                        0x1fff8ac0     0x4  Data  Lc  tasks.o [1]
uxListRemove            0x00014a67    0x26  Code  Gb  list.o [1]
uxPendedTicks           0x1fff8ae8     0x4  Data  Lc  tasks.o [1]
uxSchedulerSuspended    0x1fff8b00     0x4  Data  Lc  tasks.o [1]
uxTaskNumber            0x1fff8af4     0x4  Data  Lc  tasks.o [1]
uxTopReadyPriority      0x1fff8ae0     0x4  Data  Lc  tasks.o [1]
vListInitialise         0x000149f5    0x1e  Code  Gb  list.o [1]
vListInitialiseItem     0x00014a13     0x6  Code  Gb  list.o [1]
vListInsert             0x00014a31    0x36  Code  Gb  list.o [1]
vListInsertEnd          0x00014a19    0x18  Code  Gb  list.o [1]
vMain_GetUniqueID       0x00018e4f   0x1c4  Code  Gb  main.o [1]
vMain_InitWatchdog      0x00018d05    0x54  Code  Gb  main.o [1]
vMain_Peripheral_Init   0x00018b7b    0x70  Code  Gb  main.o [1]
vMain_RefreshWDT        0x00018d59     0xc  Code  Gb  main.o [1]
vMain_TimerInit         0x00018d65    0x58  Code  Gb  main.o [1]
vMain_setEvent          0x00019013     0xc  Code  Gb  main.o [1]
vPacketHandle_Coppy     0x00017581    0x2e  Code  Gb  PacketHandle.o [1]
vPacketHandle_HandleMessage
                        0x00016dad    0xf0  Code  Gb  PacketHandle.o [1]
vPacketHandle_HandleMessageConfig
                        0x00016e9d   0x548  Code  Gb  PacketHandle.o [1]
vPacketHandle_HandleMessageRequest
                        0x000173e9    0x62  Code  Gb  PacketHandle.o [1]
vPacketHandle_HandleMessageResponse
                        0x0001744b    0x40  Code  Gb  PacketHandle.o [1]
vPacketHandle_HandleMessageWhoAmI
                        0x0001748b    0x2e  Code  Gb  PacketHandle.o [1]
vPacketHandle_SendMessage
                        0x00016a49   0x160  Code  Gb  PacketHandle.o [1]
vPacketHandle_SendWhoAmI
                        0x000174b9    0x2a  Code  Gb  PacketHandle.o [1]
vPortEnableVFP          0x000151c9          Code  Gb  portasm.o [1]
vPortEnterCritical      0x000148e3    0x3a  Code  Gb  port.o [1]
vPortExitCritical       0x0001491d    0x32  Code  Gb  port.o [1]
vPortFree               0x00014b99    0x76  Code  Gb  heap_4.o [1]
vPortSetupTimerInterrupt
                        0x0001510d    0x30  Code  Wk  fsl_tickless_systick.o [1]
vPortStartFirstTask     0x000151b1          Code  Gb  portasm.o [1]
vPortValidateInterruptPriority
                        0x00014979    0x4a  Code  Gb  port.o [1]
vProcessTask_CheckEvent
                        0x0001c501   0x168  Code  Lc  ProcessTask.o [1]
vProcessTask_Task       0x0001c43b    0xc6  Code  Gb  ProcessTask.o [1]
vQueueAddToRegistry     0x00013af5    0x24  Code  Gb  queue.o [1]
vQueueDelete            0x00013977    0x26  Code  Gb  queue.o [1]
vQueueUnregisterQueue   0x00013b19    0x2a  Code  Gb  queue.o [1]
vQueueWaitForMessageRestricted
                        0x00013b4d    0x4a  Code  Gb  queue.o [1]
vSDCardTask_Run         0x0001c703   0x192  Code  Gb  SDCardTask.o [1]
vSHT11_Read             0x0001be7f    0xc2  Code  Gb  SHT1x.o [1]
vSHT1x_ClkDir_In        0x0001bf7d    0x14  Code  Lc  SHT1x.o [1]
vSHT1x_ClkDir_Out       0x0001bf69    0x14  Code  Lc  SHT1x.o [1]
vSHT1x_ClkOut_High      0x0001bff9     0xe  Code  Lc  SHT1x.o [1]
vSHT1x_ClkOut_Low       0x0001c007     0xe  Code  Lc  SHT1x.o [1]
vSHT1x_DataDir_In       0x0001bf55    0x14  Code  Lc  SHT1x.o [1]
vSHT1x_DataDir_Out      0x0001bf41    0x14  Code  Lc  SHT1x.o [1]
vSHT1x_DataOut_High     0x0001bfdd     0xe  Code  Lc  SHT1x.o [1]
vSHT1x_DataOut_Low      0x0001bfeb     0xe  Code  Lc  SHT1x.o [1]
vSS_EC_Atlas_Init       0x0001c3c9    0x1c  Code  Gb  SS_EC_Atlas.o [1]
vSS_EC_Atlas_Read       0x0001c3e5     0xa  Code  Gb  SS_EC_Atlas.o [1]
vSS_EC_Atlas_SendCMD    0x0001c3b1    0x18  Code  Gb  SS_EC_Atlas.o [1]
vSS_EC_Init             0x0001c341     0x8  Code  Gb  SS_EC.o [1]
vSS_EC_Read             0x0001c349     0x8  Code  Gb  SS_EC.o [1]
vSS_PH_Atlas_Init       0x0001c379    0x1c  Code  Gb  SS_PH_Atlas.o [1]
vSS_PH_Atlas_Read       0x0001c395     0xa  Code  Gb  SS_PH_Atlas.o [1]
vSS_PH_Atlas_SendCMD    0x0001c361    0x18  Code  Lc  SS_PH_Atlas.o [1]
vSS_PH_Init             0x0001c331     0x8  Code  Gb  SS_PH.o [1]
vSS_PH_Read             0x0001c339     0x8  Code  Gb  SS_PH.o [1]
vSS_TempAndHumi_Soil_Index
                        0x0001c351     0xa  Code  Gb  SS_TempAndHumi.o [1]
vSensorTask_SetDataSensor
                        0x0001c1a9    0xf8  Code  Gb  SensorTask.o [1]
vSensorTask_Task        0x0001c021   0x188  Code  Gb  SensorTask.o [1]
vSensorTask_Wait_SS_Feedback
                        0x0001c2a1    0x28  Code  Lc  SensorTask.o [1]
vTaskDelay              0x00013d93    0x4c  Code  Gb  tasks.o [1]
vTaskMissedYield        0x00014401     0xa  Code  Gb  tasks.o [1]
vTaskPlaceOnEventList   0x0001425f    0x2e  Code  Gb  tasks.o [1]
vTaskPlaceOnEventListRestricted
                        0x0001428d    0x38  Code  Gb  tasks.o [1]
vTaskPriorityInherit    0x0001455f    0xa8  Code  Gb  tasks.o [1]
vTaskResume             0x00013eeb    0x86  Code  Gb  tasks.o [1]
vTaskSetTimeOutState    0x00014359    0x26  Code  Gb  tasks.o [1]
vTaskStartScheduler     0x00013f71    0x6e  Code  Gb  tasks.o [1]
vTaskSuspend            0x00013ddf    0xd6  Code  Gb  tasks.o [1]
vTaskSuspendAll         0x00013fdf    0x10  Code  Gb  tasks.o [1]
vTaskSwitchContext      0x000141f3    0x6c  Code  Gb  tasks.o [1]
vUART_Init              0x0001805d    0x58  Code  Gb  UART.o [1]
vUART_Write             0x000180b5     0xa  Code  Gb  UART.o [1]
vWhoAmITask_Task        0x0001cc23    0x96  Code  Gb  WhoAmITask.o [1]
validate                0x0000ff8b    0x46  Code  Lc  ff.o [1]
xActiveTimerList1       0x1fff8b04    0x14  Data  Lc  timers.o [1]
xActiveTimerList2       0x1fff8b18    0x14  Data  Lc  timers.o [1]
xBlockAllocatedBit      0x1fff7e1c     0x4  Data  Lc  heap_4.o [1]
xDataLocal              0x1fff0008    0x24  Data  Gb  main.o [1]
xDelayedTaskList1       0x1fff8a68    0x14  Data  Lc  tasks.o [1]
xDelayedTaskList2       0x1fff8a7c    0x14  Data  Lc  tasks.o [1]
xFileAccess_GetSizeByID
                        0x0001a64f     0x4  Code  Lc  FileAccess.o [1]
xFlags                  0x1fff842c     0x4  Data  Gb  main.o [1]
xFreeBytesReMaining     0x1fff7e14     0x4  Data  Lc  heap_4.o [1]
xHeapStructSize         0x0001ea50     0x4  Data  Lc  heap_4.o [1]
xIdleTaskHandle         0x1fff8afc     0x4  Data  Lc  tasks.o [1]
xMinimumEverFreeBytesReMaining
                        0x1fff7e18     0x4  Data  Lc  heap_4.o [1]
xNextTaskUnblockTime    0x1fff8af8     0x4  Data  Lc  tasks.o [1]
xNumOfOverflows         0x1fff8af0     0x4  Data  Lc  tasks.o [1]
xPacketHandle_RecvMessage
                        0x00016ba9   0x204  Code  Gb  PacketHandle.o [1]
xPacketSend             0x1fff86c4   0x310  Data  Gb  SensorTask.o [1]
xPendingReadyList       0x1fff8a98    0x14  Data  Lc  tasks.o [1]
xPortStartScheduler     0x00014817    0xcc  Code  Gb  port.o [1]
xQueueGenericCreate     0x0001342b    0x4a  Code  Gb  queue.o [1]
xQueueGenericReceive    0x000137b9   0x1be  Code  Gb  queue.o [1]
xQueueGenericReset      0x00013399    0x92  Code  Gb  queue.o [1]
xQueueGenericSend       0x00013497   0x196  Code  Gb  queue.o [1]
xQueueGenericSendFromISR
                        0x0001362d    0xd8  Code  Gb  queue.o [1]
xQueueGiveFromISR       0x00013705    0xb4  Code  Gb  queue.o [1]
xQueueRegistry          0x1fff844c    0x40  Data  Gb  queue.o [1]
xSS_Value               0x1fff89d4    0x14  Data  Gb  SensorTask.o [1]
xSS_Value_Current       0x1fff89e8    0x14  Data  Gb  SensorTask.o [1]
xSchedulerRunning       0x1fff8ae4     0x4  Data  Lc  tasks.o [1]
xStart                  0x1fff7e08     0x8  Data  Lc  heap_4.o [1]
xSuspendedTaskList      0x1fff8ac4    0x14  Data  Lc  tasks.o [1]
xTask                   0x1fff002c    0x18  Data  Gb  main.o [1]
xTaskCheckForTimeOut    0x00014381    0x80  Code  Gb  tasks.o [1]
xTaskCreate             0x00013b99    0x76  Code  Gb  tasks.o [1]
xTaskGetSchedulerState  0x0001453f    0x20  Code  Gb  tasks.o [1]
xTaskGetTickCount       0x000140e9     0x8  Code  Gb  tasks.o [1]
xTaskIncrementTick      0x000140f1   0x102  Code  Gb  tasks.o [1]
xTaskPriorityDisinherit
                        0x0001460d    0xb2  Code  Gb  tasks.o [1]
xTaskRemoveFromEventList
                        0x000142cd    0x7c  Code  Gb  tasks.o [1]
xTaskResumeAll          0x00013fef    0xfa  Code  Gb  tasks.o [1]
xTasksWaitingTermination
                        0x1fff8aac    0x14  Data  Lc  tasks.o [1]
xTickCount              0x1fff8adc     0x4  Data  Lc  tasks.o [1]
xTimerCreateTimerTask   0x00014ced    0x46  Code  Gb  timers.o [1]
xTimerGenericCommand    0x00014d33    0x72  Code  Gb  timers.o [1]
xTimerQueue             0x1fff8b34     0x4  Data  Lc  timers.o [1]
xTimerTaskHandle        0x1fff8b38     0x4  Data  Lc  timers.o [1]
xWdog_Base              0x1fff0044     0x4  Data  Lc  main.o [1]
xYieldPending           0x1fff8aec     0x4  Data  Lc  tasks.o [1]


[1] = D:\05.Git\smf\FW\fw_smf_v1.1\fw_smf_sensor\Release\Obj
[2] = command line
[3] = dl7M_tln.a
[4] = m7M_tls.a
[5] = rt7M_tl.a
[6] = shb_l.a

  59 159 bytes of readonly  code memory
  66 429 bytes of readonly  data memory
  37 190 bytes of readwrite data memory

Errors: none
Warnings: none
