###############################################################################
#
# IAR ELF Linker V7.80.2.11947/W32 for ARM                27/Oct/2018  16:49:34
# Copyright 2007-2016 IAR Systems AB.
#
#    Output file  =  
#        F:\03.Git\smf\FW\fw_smf_v1.1\fw_smf_sensor\Release\Exe\fw_smf_sensor.out
#    Map file     =  
#        F:\03.Git\smf\FW\fw_smf_v1.1\fw_smf_sensor\Release\List\fw_smf_sensor.map
#    Command line =  
#        F:\03.Git\smf\FW\fw_smf_v1.1\fw_smf_sensor\Release\Obj\BH1750.o
#        F:\03.Git\smf\FW\fw_smf_v1.1\fw_smf_sensor\Release\Obj\board.o
#        F:\03.Git\smf\FW\fw_smf_v1.1\fw_smf_sensor\Release\Obj\clock_config.o
#        F:\03.Git\smf\FW\fw_smf_v1.1\fw_smf_sensor\Release\Obj\croutine.o
#        F:\03.Git\smf\FW\fw_smf_v1.1\fw_smf_sensor\Release\Obj\DeviceControl.o
#        F:\03.Git\smf\FW\fw_smf_v1.1\fw_smf_sensor\Release\Obj\diskio.o
#        F:\03.Git\smf\FW\fw_smf_v1.1\fw_smf_sensor\Release\Obj\event_groups.o
#        F:\03.Git\smf\FW\fw_smf_v1.1\fw_smf_sensor\Release\Obj\ff.o
#        F:\03.Git\smf\FW\fw_smf_v1.1\fw_smf_sensor\Release\Obj\ffsystem.o
#        F:\03.Git\smf\FW\fw_smf_v1.1\fw_smf_sensor\Release\Obj\ffunicode.o
#        F:\03.Git\smf\FW\fw_smf_v1.1\fw_smf_sensor\Release\Obj\FileAccess.o
#        F:\03.Git\smf\FW\fw_smf_v1.1\fw_smf_sensor\Release\Obj\fsl_clock.o
#        F:\03.Git\smf\FW\fw_smf_v1.1\fw_smf_sensor\Release\Obj\fsl_common.o
#        F:\03.Git\smf\FW\fw_smf_v1.1\fw_smf_sensor\Release\Obj\fsl_debug_console.o
#        F:\03.Git\smf\FW\fw_smf_v1.1\fw_smf_sensor\Release\Obj\fsl_dspi.o
#        F:\03.Git\smf\FW\fw_smf_v1.1\fw_smf_sensor\Release\Obj\fsl_dspi_freertos.o
#        F:\03.Git\smf\FW\fw_smf_v1.1\fw_smf_sensor\Release\Obj\fsl_flash.o
#        F:\03.Git\smf\FW\fw_smf_v1.1\fw_smf_sensor\Release\Obj\fsl_ftm.o
#        F:\03.Git\smf\FW\fw_smf_v1.1\fw_smf_sensor\Release\Obj\fsl_gpio.o
#        F:\03.Git\smf\FW\fw_smf_v1.1\fw_smf_sensor\Release\Obj\fsl_i2c.o
#        F:\03.Git\smf\FW\fw_smf_v1.1\fw_smf_sensor\Release\Obj\fsl_i2c_freertos.o
#        F:\03.Git\smf\FW\fw_smf_v1.1\fw_smf_sensor\Release\Obj\fsl_lptmr.o
#        F:\03.Git\smf\FW\fw_smf_v1.1\fw_smf_sensor\Release\Obj\fsl_sd.o
#        F:\03.Git\smf\FW\fw_smf_v1.1\fw_smf_sensor\Release\Obj\fsl_sd_disk.o
#        F:\03.Git\smf\FW\fw_smf_v1.1\fw_smf_sensor\Release\Obj\fsl_sdhc.o
#        F:\03.Git\smf\FW\fw_smf_v1.1\fw_smf_sensor\Release\Obj\fsl_sdmmc_common.o
#        F:\03.Git\smf\FW\fw_smf_v1.1\fw_smf_sensor\Release\Obj\fsl_sdmmc_event.o
#        F:\03.Git\smf\FW\fw_smf_v1.1\fw_smf_sensor\Release\Obj\fsl_sdmmc_host.o
#        F:\03.Git\smf\FW\fw_smf_v1.1\fw_smf_sensor\Release\Obj\fsl_sim.o
#        F:\03.Git\smf\FW\fw_smf_v1.1\fw_smf_sensor\Release\Obj\fsl_smc.o
#        F:\03.Git\smf\FW\fw_smf_v1.1\fw_smf_sensor\Release\Obj\fsl_tickless_systick.o
#        F:\03.Git\smf\FW\fw_smf_v1.1\fw_smf_sensor\Release\Obj\fsl_uart.o
#        F:\03.Git\smf\FW\fw_smf_v1.1\fw_smf_sensor\Release\Obj\fsl_uart_freertos.o
#        F:\03.Git\smf\FW\fw_smf_v1.1\fw_smf_sensor\Release\Obj\fsl_wdog.o
#        F:\03.Git\smf\FW\fw_smf_v1.1\fw_smf_sensor\Release\Obj\heap_4.o
#        F:\03.Git\smf\FW\fw_smf_v1.1\fw_smf_sensor\Release\Obj\I2C.o
#        F:\03.Git\smf\FW\fw_smf_v1.1\fw_smf_sensor\Release\Obj\list.o
#        F:\03.Git\smf\FW\fw_smf_v1.1\fw_smf_sensor\Release\Obj\main.o
#        F:\03.Git\smf\FW\fw_smf_v1.1\fw_smf_sensor\Release\Obj\PacketHandle.o
#        F:\03.Git\smf\FW\fw_smf_v1.1\fw_smf_sensor\Release\Obj\pin_mux.o
#        F:\03.Git\smf\FW\fw_smf_v1.1\fw_smf_sensor\Release\Obj\port.o
#        F:\03.Git\smf\FW\fw_smf_v1.1\fw_smf_sensor\Release\Obj\portasm.o
#        F:\03.Git\smf\FW\fw_smf_v1.1\fw_smf_sensor\Release\Obj\ProcessTask.o
#        F:\03.Git\smf\FW\fw_smf_v1.1\fw_smf_sensor\Release\Obj\queue.o
#        F:\03.Git\smf\FW\fw_smf_v1.1\fw_smf_sensor\Release\Obj\SDCardTask.o
#        F:\03.Git\smf\FW\fw_smf_v1.1\fw_smf_sensor\Release\Obj\SensorTask.o
#        F:\03.Git\smf\FW\fw_smf_v1.1\fw_smf_sensor\Release\Obj\SHT1x.o
#        F:\03.Git\smf\FW\fw_smf_v1.1\fw_smf_sensor\Release\Obj\SS_EC.o
#        F:\03.Git\smf\FW\fw_smf_v1.1\fw_smf_sensor\Release\Obj\SS_EC_Atlas.o
#        F:\03.Git\smf\FW\fw_smf_v1.1\fw_smf_sensor\Release\Obj\SS_Light.o
#        F:\03.Git\smf\FW\fw_smf_v1.1\fw_smf_sensor\Release\Obj\SS_PH.o
#        F:\03.Git\smf\FW\fw_smf_v1.1\fw_smf_sensor\Release\Obj\SS_PH_Atlas.o
#        F:\03.Git\smf\FW\fw_smf_v1.1\fw_smf_sensor\Release\Obj\SS_TempAndHumi.o
#        F:\03.Git\smf\FW\fw_smf_v1.1\fw_smf_sensor\Release\Obj\startup_MK64F12.o
#        F:\03.Git\smf\FW\fw_smf_v1.1\fw_smf_sensor\Release\Obj\system_MK64F12.o
#        F:\03.Git\smf\FW\fw_smf_v1.1\fw_smf_sensor\Release\Obj\tasks.o
#        F:\03.Git\smf\FW\fw_smf_v1.1\fw_smf_sensor\Release\Obj\timers.o
#        F:\03.Git\smf\FW\fw_smf_v1.1\fw_smf_sensor\Release\Obj\UART.o
#        F:\03.Git\smf\FW\fw_smf_v1.1\fw_smf_sensor\Release\Obj\UserFile.o
#        F:\03.Git\smf\FW\fw_smf_v1.1\fw_smf_sensor\Release\Obj\WhoAmITask.o
#        --redirect _Printf=_PrintfFull --redirect _Scanf=_ScanfSmall -o
#        F:\03.Git\smf\FW\fw_smf_v1.1\fw_smf_sensor\Release\Exe\fw_smf_sensor.out
#        --map
#        F:\03.Git\smf\FW\fw_smf_v1.1\fw_smf_sensor\Release\List\fw_smf_sensor.map
#        --config
#        F:\03.Git\smf\FW\fw_smf_v1.1\fw_smf_sensor/MK64FN1M0xxx12_flash.icf
#        --semihosting --entry __iar_program_start --vfe
#
###############################################################################

*******************************************************************************
*** RUNTIME MODEL ATTRIBUTES
***

CppFlavor       = *
__Heap_Handler  = DLMalloc
__SystemLibrary = DLib


*******************************************************************************
*** PLACEMENT SUMMARY
***

"A0":  place at 0x00000000 { ro section .intvec };
"P1":  place in [from 0x00000400 to 0x0000040f] { section FlashConfig };
"P2":  place in [from 0x00000000 to 0x000003ff] |
                [from 0x00000410 to 0x000fffff] { ro };
"P3":  place in [from 0x1fff0000 to 0x1fffffff] |
                [from 0x20000000 to 0x2002fbff] { block RW };
"P4":  place in [from 0x1fff0000 to 0x1fffffff] |
                [from 0x20000000 to 0x2002fbff] { block ZI };
"P6":  place in [from 0x2002fc00 to 0x2002ffff] { block CSTACK };
initialize by copy { rw, section .textrw };

  Section               Kind        Address     Size  Object
  -------               ----        -------     ----  ------
"A0":                                          0x400
  .intvec               ro code  0x00000000    0x400  startup_MK64F12.o [1]
                               - 0x00000400    0x400

"P1":                                           0x10
  FlashConfig           ro code  0x00000400     0x10  startup_MK64F12.o [1]
                               - 0x00000410     0x10

"P2":                                        0x1ec7c
  .rodata               const    0x00000410   0x7378  ffunicode.o [1]
  .rodata               const    0x00007788   0x7378  ffunicode.o [1]
  .text                 ro code  0x0000eb00   0x1bc4  ff.o [1]
  .text                 ro code  0x000106c4    0x188  ffunicode.o [1]
  .text                 ro code  0x0001084c     0x74  diskio.o [1]
  .text                 ro code  0x000108c0     0xf8  fsl_sd_disk.o [1]
  .text                 ro code  0x000109b8   0x156e  fsl_sd.o [1]
  .text                 ro code  0x00011f26      0xa  xsprout.o [3]
  .text                 ro code  0x00011f30     0x66  ABImemset.o [5]
  .text                 ro code  0x00011f96      0x2  startup_MK64F12.o [1]
  .text                 ro code  0x00011f98     0x24  ABIassert.o [6]
  .text                 ro code  0x00011fbc    0x320  fsl_sdmmc_common.o [1]
  .text                 ro code  0x000122dc      0x6  ABImemclr4.o [5]
  .text                 ro code  0x000122e2      0x2  startup_MK64F12.o [1]
  .text                 ro code  0x000122e4     0x76  ABImemcpy_unaligned.o [5]
  .text                 ro code  0x0001235a      0x2  startup_MK64F12.o [1]
  .text                 ro code  0x0001235c    0xb84  fsl_sdhc.o [1]
  .text                 ro code  0x00012ee0    0x362  fsl_sdmmc_host.o [1]
  .text                 ro code  0x00013242      0x6  abort.o [3]
  .text                 ro code  0x00013248     0x32  ABImemset48.o [5]
  .text                 ro code  0x0001327a      0x2  startup_MK64F12.o [1]
  .text                 ro code  0x0001327c    0x106  fsl_sdmmc_event.o [1]
  .text                 ro code  0x00013382      0x2  startup_MK64F12.o [1]
  .text                 ro code  0x00013384     0x14  exit.o [6]
  .text                 ro code  0x00013398    0x83a  queue.o [1]
  .text                 ro code  0x00013bd2      0x2  startup_MK64F12.o [1]
  .text                 ro code  0x00013bd4    0xc2c  tasks.o [1]
  .text                 ro code  0x00014800    0x230  port.o [1]
  .text                 ro code  0x00014a30     0x98  list.o [1]
  .text                 ro code  0x00014ac8    0x260  heap_4.o [1]
  .text                 ro code  0x00014d28    0x420  timers.o [1]
  .text                 ro code  0x00015148     0x30  fsl_tickless_systick.o [1]
  CODE                  ro code  0x00015178     0xa8  portasm.o [1]
  .text                 ro code  0x00015220    0xdd2  xprintffull.o [3]
  .rodata               const    0x00015ff2      0x1  fsl_sdhc.o [1]
  .text                 ro code  0x00015ff4     0x16  strchr.o [5]
  .text                 ro code  0x0001600c     0x36  strlen.o [5]
  .text                 ro code  0x00016044     0x58  memchr.o [5]
  .text                 ro code  0x0001609c    0x132  I64DivMod.o [5]
  .text                 ro code  0x000161ce     0x44  xdnorm.o [4]
  .text                 ro code  0x00016214     0x2e  DblCmpLe.o [4]
  .text                 ro code  0x00016244     0x2e  DblCmpGe.o [4]
  .text                 ro code  0x00016274    0x114  xdscale.o [4]
  .text                 ro code  0x00016388     0x58  DblToI32.o [4]
  .text                 ro code  0x000163e0     0x30  I32ToDbl.o [4]
  .text                 ro code  0x00016410    0x180  DblSub.o [4]
  .text                 ro code  0x00016590    0x1a2  DblMul.o [4]
  .text                 ro code  0x00016734    0x256  DblDiv.o [4]
  .text                 ro code  0x0001698a      0xe  div.o [3]
  .text                 ro code  0x00016998      0x2  I64DivZer.o [5]
  .text                 ro code  0x0001699c     0xe8  DblAdd.o [4]
  .text                 ro code  0x00016a84    0xa4e  fsl_debug_console.o [1]
  .text                 ro code  0x000174d4    0x400  fsl_uart.o [1]
  .text                 ro code  0x000178d4     0x20  DblCmpEq.o [4]
  .text                 ro code  0x000178f4     0xc0  modf.o [4]
  .rodata               const    0x000179b4     0x54  fsl_sdhc.o [1]
  .text                 ro code  0x00017a08    0x8c0  pow.o [4]
  .text                 ro code  0x000182c8     0x7a  DblToI64.o [4]
  .text                 ro code  0x00018344     0x58  I64ToDbl.o [4]
  .text                 ro code  0x0001839c     0x7e  xdint.o [4]
  .text                 ro code  0x0001841c      0xc  errno.o [3]
  .text                 ro code  0x00018428     0xb0  xlog.o [4]
  .text                 ro code  0x000184d8    0x2c6  xexp.o [4]
  .text                 ro code  0x0001879e      0x2  xtls.o [3]
  .text                 ro code  0x000187a0     0x40  xdtest.o [4]
  .text                 ro code  0x000187e0    0x8e2  PacketHandle.o [1]
  .text                 ro code  0x000190c4     0xbe  UART.o [1]
  .text                 ro code  0x00019184     0x42  strcmp_unaligned.o [5]
  .text                 ro code  0x000191c6      0x8  atoi.o [3]
  .text                 ro code  0x000191d0    0x248  UserFile.o [1]
  .text                 ro code  0x00019418    0x580  dlmalloc.o [3]
  .text                 ro code  0x00019998     0x34  sprintf.o [3]
  .text                 ro code  0x000199cc     0x10  atof.o [4]
  .text                 ro code  0x000199dc     0x90  DblToFlt.o [4]
  .text                 ro code  0x00019a6c     0x4e  FltToDbl.o [4]
  .text                 ro code  0x00019abc    0x4b8  main.o [1]
  .text                 ro code  0x00019f74    0x588  fsl_clock.o [1]
  .text                 ro code  0x0001a4fc    0x19c  xstoul.o [3]
  .text                 ro code  0x0001a698    0x108  FileAccess.o [1]
  .text                 ro code  0x0001a7a0    0x168  xstod.o [4]
  .text                 ro code  0x0001a908    0x2c8  pin_mux.o [1]
  .text                 ro code  0x0001abd0     0x68  clock_config.o [1]
  .text                 ro code  0x0001ac38     0x1c  board.o [1]
  .text                 ro code  0x0001ac54     0x14  SS_Light.o [1]
  .text                 ro code  0x0001ac68    0x11c  fsl_wdog.o [1]
  .text                 ro code  0x0001ad84    0x386  fsl_ftm.o [1]
  .text                 ro code  0x0001b10c     0x2c  fsl_sim.o [1]
  .text                 ro code  0x0001b138    0x11e  xstopfx.o [3]
  .text                 ro code  0x0001b258    0x1ac  xstoflt.o [3]
  .rodata               const    0x0001b404     0x54  fsl_sdhc.o [1]
  .text                 ro code  0x0001b458    0x200  xdtento.o [4]
  .text                 ro code  0x0001b658    0x200  xstoxflt.o [3]
  .text                 ro code  0x0001b858     0x64  fsl_gpio.o [1]
  .text                 ro code  0x0001b8bc     0x20  fsl_smc.o [1]
  .text                 ro code  0x0001b8dc     0xd0  BH1750.o [1]
  .text                 ro code  0x0001b9ac     0x56  xdunscal.o [4]
  .text                 ro code  0x0001ba04    0x208  I2C.o [1]
  .text                 ro code  0x0001bc0c    0x6a4  fsl_i2c.o [1]
  .text                 ro code  0x0001c2b0     0xf8  fsl_i2c_freertos.o [1]
  .text                 ro code  0x0001c3a8    0x35c  SHT1x.o [1]
  .text                 ro code  0x0001c704    0x27c  SDCardTask.o [1]
  .text                 ro code  0x0001c980    0x250  SensorTask.o [1]
  .text                 ro code  0x0001cbd0     0x10  SS_TempAndHumi.o [1]
  .text                 ro code  0x0001cbe0    0x238  ProcessTask.o [1]
  .rodata               const    0x0001ce18    0x1f4  ffunicode.o [1]
  .text                 ro code  0x0001d00c     0xd4  fsl_dspi.o [1]
  .text                 ro code  0x0001d0e0     0xcc  WhoAmITask.o [1]
  .rodata               const    0x0001d1ac     0xbc  ffunicode.o [1]
  Initializer bytes     const    0x0001d268     0x84  <for RW-1>
  .rodata               const    0x0001d2ec     0x80  fsl_i2c.o [1]
  .rodata               const    0x0001d36c     0x58  fsl_clock.o [1]
  .rodata               const    0x0001d3c4     0x58  fsl_dspi.o [1]
  .rodata               const    0x0001d41c     0x58  fsl_ftm.o [1]
  .rodata               const    0x0001d474     0x58  fsl_gpio.o [1]
  .rodata               const    0x0001d4cc     0x58  fsl_i2c.o [1]
  .rodata               const    0x0001d524     0x58  fsl_sdhc.o [1]
  .rodata               const    0x0001d57c     0x58  fsl_sdhc.o [1]
  .rodata               const    0x0001d5d4     0x58  fsl_sdmmc_common.o [1]
  .rodata               const    0x0001d62c     0x58  fsl_uart.o [1]
  .rodata               const    0x0001d684     0x58  fsl_wdog.o [1]
  .rodata               const    0x0001d6dc     0x58  pin_mux.o [1]
  .rodata               const    0x0001d734     0x50  fsl_sdhc.o [1]
  .rodata               const    0x0001d784     0x4c  fsl_sd.o [1]
  .rodata               const    0x0001d7d0     0x4c  fsl_sdhc.o [1]
  .rodata               const    0x0001d81c     0x48  main.o [1]
  .rodata               const    0x0001d864     0x48  main.o [1]
  .rodata               const    0x0001d8ac     0x44  main.o [1]
  .rodata               const    0x0001d8f0     0x44  PacketHandle.o [1]
  .rodata               const    0x0001d934     0x44  SensorTask.o [1]
  .rodata               const    0x0001d978     0x40  fsl_uart.o [1]
  .rodata               const    0x0001d9b8     0x40  fsl_uart.o [1]
  .rodata               const    0x0001d9f8     0x40  ProcessTask.o [1]
  .rodata               const    0x0001da38     0x40  SDCardTask.o [1]
  .rodata               const    0x0001da78     0x40  WhoAmITask.o [1]
  .text                 ro code  0x0001dab8     0x40  zero_init3.o [5]
  .rodata               const    0x0001daf8     0x3c  PacketHandle.o [1]
  .rodata               const    0x0001db34     0x3c  WhoAmITask.o [1]
  .rodata               const    0x0001db70     0x38  I2C.o [1]
  .rodata               const    0x0001dba8     0x38  I2C.o [1]
  .rodata               const    0x0001dbe0     0x38  main.o [1]
  .rodata               const    0x0001dc18     0x38  PacketHandle.o [1]
  .rodata               const    0x0001dc50     0x38  WhoAmITask.o [1]
  .rodata               const    0x0001dc88     0x34  FileAccess.o [1]
  .rodata               const    0x0001dcbc     0x34  PacketHandle.o [1]
  .rodata               const    0x0001dcf0     0x34  SensorTask.o [1]
  .rodata               const    0x0001dd24     0x34  SensorTask.o [1]
  .rodata               const    0x0001dd58     0x34  UserFile.o [1]
  .rodata               const    0x0001dd8c     0x34  UserFile.o [1]
  .rodata               const    0x0001ddc0     0x34  UserFile.o [1]
  .text                 ro code  0x0001ddf4     0x34  system_MK64F12.o [1]
  .rodata               const    0x0001de28     0x30  fsl_sd.o [1]
  .rodata               const    0x0001de58     0x30  I2C.o [1]
  .rodata               const    0x0001de88     0x30  I2C.o [1]
  .rodata               const    0x0001deb8     0x30  PacketHandle.o [1]
  .rodata               const    0x0001dee8     0x30  PacketHandle.o [1]
  .rodata               const    0x0001df18     0x30  PacketHandle.o [1]
  .rodata               const    0x0001df48     0x30  PacketHandle.o [1]
  .rodata               const    0x0001df78     0x30  UserFile.o [1]
  .rodata               const    0x0001dfa8     0x2c  fsl_sd.o [1]
  .rodata               const    0x0001dfd4     0x2c  I2C.o [1]
  .rodata               const    0x0001e000     0x2c  main.o [1]
  .rodata               const    0x0001e02c     0x2c  main.o [1]
  .rodata               const    0x0001e058     0x2c  main.o [1]
  .rodata               const    0x0001e084     0x2c  main.o [1]
  .rodata               const    0x0001e0b0     0x2c  PacketHandle.o [1]
  .rodata               const    0x0001e0dc     0x2c  PacketHandle.o [1]
  .rodata               const    0x0001e108     0x2c  PacketHandle.o [1]
  .rodata               const    0x0001e134     0x2c  PacketHandle.o [1]
  .rodata               const    0x0001e160     0x2c  PacketHandle.o [1]
  .rodata               const    0x0001e18c     0x2c  ProcessTask.o [1]
  .rodata               const    0x0001e1b8     0x2c  ProcessTask.o [1]
  .rodata               const    0x0001e1e4     0x2c  SDCardTask.o [1]
  .rodata               const    0x0001e210     0x2c  SensorTask.o [1]
  .text                 ro code  0x0001e23c     0x2c  copy_init3.o [5]
  .rodata               const    0x0001e268     0x28  fsl_sdhc.o [1]
  .rodata               const    0x0001e290     0x28  PacketHandle.o [1]
  .rodata               const    0x0001e2b8     0x28  PacketHandle.o [1]
  .rodata               const    0x0001e2e0     0x28  ProcessTask.o [1]
  .rodata               const    0x0001e308     0x28  ProcessTask.o [1]
  .rodata               const    0x0001e330     0x28  SDCardTask.o [1]
  .rodata               const    0x0001e358     0x28  SDCardTask.o [1]
  .rodata               const    0x0001e380     0x28  SDCardTask.o [1]
  .rodata               const    0x0001e3a8     0x28  SDCardTask.o [1]
  .rodata               const    0x0001e3d0     0x28  SDCardTask.o [1]
  .rodata               const    0x0001e3f8     0x28  SDCardTask.o [1]
  .rodata               const    0x0001e420     0x28  SDCardTask.o [1]
  .rodata               const    0x0001e448     0x28  SDCardTask.o [1]
  .rodata               const    0x0001e470     0x28  SensorTask.o [1]
  .rodata               const    0x0001e498     0x28  UserFile.o [1]
  .rodata               const    0x0001e4c0     0x28  UserFile.o [1]
  .rodata               const    0x0001e4e8     0x28  WhoAmITask.o [1]
  .text                 ro code  0x0001e510     0x28  startup_MK64F12.o [1]
  .text                 ro code  0x0001e538     0x28  data_init.o [5]
  .rodata               const    0x0001e560     0x24  FileAccess.o [1]
  .rodata               const    0x0001e584     0x24  FileAccess.o [1]
  .rodata               const    0x0001e5a8     0x24  FileAccess.o [1]
  .rodata               const    0x0001e5cc     0x24  fsl_i2c.o [1]
  .rodata               const    0x0001e5f0     0x24  fsl_sdhc.o [1]
  .rodata               const    0x0001e614     0x24  PacketHandle.o [1]
  .rodata               const    0x0001e638     0x24  PacketHandle.o [1]
  .rodata               const    0x0001e65c     0x24  SDCardTask.o [1]
  .rodata               const    0x0001e680     0x24  SDCardTask.o [1]
  .rodata               const    0x0001e6a4     0x24  SensorTask.o [1]
  .text                 ro code  0x0001e6c8     0x22  fpinit_M.o [4]
  .iar.init_table       const    0x0001e6ec     0x24  - Linker created -
  .rodata               const    0x0001e710     0x20  clock_config.o [1]
  .rodata               const    0x0001e730     0x20  fsl_sd.o [1]
  .rodata               const    0x0001e750     0x20  fsl_sd.o [1]
  .rodata               const    0x0001e770     0x20  fsl_sd.o [1]
  .rodata               const    0x0001e790     0x20  fsl_sd.o [1]
  .rodata               const    0x0001e7b0     0x20  fsl_sd.o [1]
  .rodata               const    0x0001e7d0     0x20  fsl_sd.o [1]
  .rodata               const    0x0001e7f0     0x20  fsl_sd.o [1]
  .rodata               const    0x0001e810     0x20  fsl_sd.o [1]
  .rodata               const    0x0001e830     0x20  fsl_sd.o [1]
  .rodata               const    0x0001e850     0x20  fsl_sd.o [1]
  .rodata               const    0x0001e870     0x20  fsl_sd.o [1]
  .rodata               const    0x0001e890     0x20  fsl_sd.o [1]
  .rodata               const    0x0001e8b0     0x20  fsl_sdmmc_common.o [1]
  .rodata               const    0x0001e8d0     0x20  fsl_sdmmc_common.o [1]
  .rodata               const    0x0001e8f0     0x20  fsl_sdmmc_common.o [1]
  .rodata               const    0x0001e910     0x20  fsl_sdmmc_common.o [1]
  .rodata               const    0x0001e930     0x20  fsl_sdmmc_common.o [1]
  .rodata               const    0x0001e950     0x20  fsl_sdmmc_common.o [1]
  .rodata               const    0x0001e970     0x20  PacketHandle.o [1]
  .rodata               const    0x0001e990     0x20  SDCardTask.o [1]
  .rodata               const    0x0001e9b0     0x1c  fsl_ftm.o [1]
  .rodata               const    0x0001e9cc     0x1c  fsl_i2c.o [1]
  .rodata               const    0x0001e9e8     0x1c  fsl_uart.o [1]
  .rodata               const    0x0001ea04     0x1c  main.o [1]
  .text                 ro code  0x0001ea20     0x1a  cmain.o [5]
  .text                 ro code  0x0001ea3a      0x4  low_level_init.o [3]
  .text                 ro code  0x0001ea3e      0x4  exit.o [3]
  .text                 ro code  0x0001ea44      0xa  cexit.o [5]
  .rodata               const    0x0001ea50     0x18  fsl_uart.o [1]
  .rodata               const    0x0001ea68     0x18  fsl_uart.o [1]
  .rodata               const    0x0001ea80     0x18  fsl_uart.o [1]
  .rodata               const    0x0001ea98     0x14  fsl_sd.o [1]
  .rodata               const    0x0001eaac     0x14  main.o [1]
  .rodata               const    0x0001eac0     0x14  main.o [1]
  .rodata               const    0x0001ead4     0x14  main.o [1]
  .rodata               const    0x0001eae8     0x14  SDCardTask.o [1]
  .rodata               const    0x0001eafc     0x10  ff.o [1]
  .rodata               const    0x0001eb0c     0x10  fsl_clock.o [1]
  .rodata               const    0x0001eb1c     0x10  fsl_clock.o [1]
  .rodata               const    0x0001eb2c     0x10  fsl_dspi.o [1]
  .rodata               const    0x0001eb3c     0x10  fsl_dspi.o [1]
  .rodata               const    0x0001eb4c     0x10  fsl_dspi.o [1]
  .rodata               const    0x0001eb5c     0x10  fsl_ftm.o [1]
  .rodata               const    0x0001eb6c     0x10  fsl_ftm.o [1]
  .rodata               const    0x0001eb7c     0x10  fsl_i2c.o [1]
  .rodata               const    0x0001eb8c     0x10  fsl_sdhc.o [1]
  .rodata               const    0x0001eb9c     0x10  fsl_sdhc.o [1]
  .rodata               const    0x0001ebac     0x10  fsl_sdhc.o [1]
  .rodata               const    0x0001ebbc     0x10  main.o [1]
  .rodata               const    0x0001ebcc     0x10  PacketHandle.o [1]
  .rodata               const    0x0001ebdc     0x10  UserFile.o [1]
  .rodata               const    0x0001ebec      0xc  ff.o [1]
  .rodata               const    0x0001ebf8      0xc  ff.o [1]
  .rodata               const    0x0001ec04      0xc  fsl_clock.o [1]
  .rodata               const    0x0001ec10      0xc  fsl_clock.o [1]
  .rodata               const    0x0001ec1c      0xc  fsl_i2c.o [1]
  .rodata               const    0x0001ec28      0xc  fsl_i2c.o [1]
  .rodata               const    0x0001ec34      0xc  fsl_i2c.o [1]
  .rodata               const    0x0001ec40      0xc  fsl_sd.o [1]
  .rodata               const    0x0001ec4c      0xc  fsl_sdhc.o [1]
  .rodata               const    0x0001ec58      0xc  fsl_sdhc.o [1]
  .rodata               const    0x0001ec64      0xc  fsl_sdhc.o [1]
  .rodata               const    0x0001ec70      0xc  fsl_sdhc.o [1]
  .rodata               const    0x0001ec7c      0xc  fsl_sdmmc_common.o [1]
  .rodata               const    0x0001ec88      0xc  PacketHandle.o [1]
  .rodata               const    0x0001ec94      0xc  SensorTask.o [1]
  .rodata               const    0x0001eca0      0xc  UserFile.o [1]
  .rodata               const    0x0001ecac      0xc  UserFile.o [1]
  .rodata               const    0x0001ecb8      0xc  UserFile.o [1]
  .rodata               const    0x0001ecc4      0xc  UserFile.o [1]
  .text                 ro code  0x0001ecd0      0xc  cstartup_M.o [5]
  .rodata               const    0x0001ecdc      0x8  ff.o [1]
  .rodata               const    0x0001ece4      0x8  ff.o [1]
  .rodata               const    0x0001ecec      0x8  fsl_ftm.o [1]
  .rodata               const    0x0001ecf4      0x8  fsl_gpio.o [1]
  .rodata               const    0x0001ecfc      0x8  fsl_i2c.o [1]
  .rodata               const    0x0001ed04      0x8  fsl_i2c.o [1]
  .rodata               const    0x0001ed0c      0x8  fsl_sd.o [1]
  .rodata               const    0x0001ed14      0x8  fsl_sd.o [1]
  .rodata               const    0x0001ed1c      0x8  fsl_sd.o [1]
  .rodata               const    0x0001ed24      0x8  fsl_sd.o [1]
  .rodata               const    0x0001ed2c      0x8  fsl_sd.o [1]
  .rodata               const    0x0001ed34      0x8  fsl_sd.o [1]
  .rodata               const    0x0001ed3c      0x8  fsl_sd.o [1]
  .rodata               const    0x0001ed44      0x8  fsl_sd.o [1]
  .rodata               const    0x0001ed4c      0x8  fsl_sd.o [1]
  .rodata               const    0x0001ed54      0x8  fsl_sd.o [1]
  .rodata               const    0x0001ed5c      0x8  fsl_sd.o [1]
  .rodata               const    0x0001ed64      0x8  fsl_sd.o [1]
  .rodata               const    0x0001ed6c      0x8  fsl_sd.o [1]
  .rodata               const    0x0001ed74      0x8  fsl_sd.o [1]
  .rodata               const    0x0001ed7c      0x8  fsl_sd.o [1]
  .rodata               const    0x0001ed84      0x8  fsl_sd.o [1]
  .rodata               const    0x0001ed8c      0x8  fsl_sd.o [1]
  .rodata               const    0x0001ed94      0x8  fsl_sd.o [1]
  .rodata               const    0x0001ed9c      0x8  fsl_sd.o [1]
  .rodata               const    0x0001eda4      0x8  fsl_sdhc.o [1]
  .rodata               const    0x0001edac      0x8  fsl_sdhc.o [1]
  .rodata               const    0x0001edb4      0x8  fsl_sdmmc_common.o [1]
  .rodata               const    0x0001edbc      0x8  fsl_sdmmc_common.o [1]
  .rodata               const    0x0001edc4      0x8  fsl_sdmmc_common.o [1]
  .rodata               const    0x0001edcc      0x8  fsl_sdmmc_common.o [1]
  .rodata               const    0x0001edd4      0x8  fsl_sdmmc_common.o [1]
  .rodata               const    0x0001eddc      0x8  fsl_sdmmc_common.o [1]
  .rodata               const    0x0001ede4      0x8  fsl_uart.o [1]
  .rodata               const    0x0001edec      0x8  fsl_uart.o [1]
  .rodata               const    0x0001edf4      0x8  fsl_wdog.o [1]
  .rodata               const    0x0001edfc      0x8  PacketHandle.o [1]
  .rodata               const    0x0001ee04      0x8  PacketHandle.o [1]
  .rodata               const    0x0001ee0c      0x8  PacketHandle.o [1]
  .rodata               const    0x0001ee14      0x8  PacketHandle.o [1]
  .rodata               const    0x0001ee1c      0x8  PacketHandle.o [1]
  .rodata               const    0x0001ee24      0x8  PacketHandle.o [1]
  .rodata               const    0x0001ee2c      0x8  PacketHandle.o [1]
  .rodata               const    0x0001ee34      0x8  PacketHandle.o [1]
  .rodata               const    0x0001ee3c      0x8  PacketHandle.o [1]
  .rodata               const    0x0001ee44      0x8  PacketHandle.o [1]
  .rodata               const    0x0001ee4c      0x8  PacketHandle.o [1]
  .rodata               const    0x0001ee54      0x8  PacketHandle.o [1]
  .rodata               const    0x0001ee5c      0x8  PacketHandle.o [1]
  .rodata               const    0x0001ee64      0x8  PacketHandle.o [1]
  .rodata               const    0x0001ee6c      0x8  pin_mux.o [1]
  .rodata               const    0x0001ee74      0x8  SensorTask.o [1]
  .rodata               const    0x0001ee7c      0x8  SensorTask.o [1]
  .rodata               const    0x0001ee84      0x8  SensorTask.o [1]
  .rodata               const    0x0001ee8c      0x8  SensorTask.o [1]
  .rodata               const    0x0001ee94      0x8  SensorTask.o [1]
  .rodata               const    0x0001ee9c      0x8  tasks.o [1]
  .rodata               const    0x0001eea4      0x8  timers.o [1]
  .rodata               const    0x0001eeac      0x8  timers.o [1]
  .rodata               const    0x0001eeb4      0x8  UserFile.o [1]
  .text                 ro code  0x0001eebc      0x8  startup_MK64F12.o [1]
  .text                 ro code  0x0001eec4      0x8  startup_MK64F12.o [1]
  .text                 ro code  0x0001eecc      0x8  startup_MK64F12.o [1]
  .text                 ro code  0x0001eed4      0x8  startup_MK64F12.o [1]
  .text                 ro code  0x0001eedc      0x8  startup_MK64F12.o [1]
  .text                 ro code  0x0001eee4      0x8  startup_MK64F12.o [1]
  .text                 ro code  0x0001eeec      0x8  startup_MK64F12.o [1]
  .text                 ro code  0x0001eef4      0x8  startup_MK64F12.o [1]
  .text                 ro code  0x0001eefc      0x8  startup_MK64F12.o [1]
  .text                 ro code  0x0001ef04      0x8  startup_MK64F12.o [1]
  .text                 ro code  0x0001ef0c      0x8  startup_MK64F12.o [1]
  .text                 ro code  0x0001ef14      0x8  startup_MK64F12.o [1]
  .text                 ro code  0x0001ef1c      0x8  startup_MK64F12.o [1]
  .text                 ro code  0x0001ef24      0x8  startup_MK64F12.o [1]
  .text                 ro code  0x0001ef2c      0x8  startup_MK64F12.o [1]
  .text                 ro code  0x0001ef34      0x8  startup_MK64F12.o [1]
  .text                 ro code  0x0001ef3c      0x8  startup_MK64F12.o [1]
  .text                 ro code  0x0001ef44      0x8  startup_MK64F12.o [1]
  .text                 ro code  0x0001ef4c      0x8  startup_MK64F12.o [1]
  .text                 ro code  0x0001ef54      0x8  startup_MK64F12.o [1]
  .text                 ro code  0x0001ef5c      0x8  startup_MK64F12.o [1]
  .text                 ro code  0x0001ef64      0x8  startup_MK64F12.o [1]
  .text                 ro code  0x0001ef6c      0x8  startup_MK64F12.o [1]
  .text                 ro code  0x0001ef74      0x8  startup_MK64F12.o [1]
  .text                 ro code  0x0001ef7c      0x8  startup_MK64F12.o [1]
  .text                 ro code  0x0001ef84      0x8  startup_MK64F12.o [1]
  .text                 ro code  0x0001ef8c      0x8  startup_MK64F12.o [1]
  .text                 ro code  0x0001ef94      0x8  startup_MK64F12.o [1]
  .text                 ro code  0x0001ef9c      0x8  startup_MK64F12.o [1]
  .text                 ro code  0x0001efa4      0x8  startup_MK64F12.o [1]
  .text                 ro code  0x0001efac      0x8  startup_MK64F12.o [1]
  .text                 ro code  0x0001efb4      0x8  startup_MK64F12.o [1]
  .text                 ro code  0x0001efbc      0x8  startup_MK64F12.o [1]
  .text                 ro code  0x0001efc4      0x8  startup_MK64F12.o [1]
  .text                 ro code  0x0001efcc      0x8  startup_MK64F12.o [1]
  .text                 ro code  0x0001efd4      0x8  startup_MK64F12.o [1]
  .text                 ro code  0x0001efdc      0x8  startup_MK64F12.o [1]
  .text                 ro code  0x0001efe4      0x8  startup_MK64F12.o [1]
  .text                 ro code  0x0001efec      0x8  startup_MK64F12.o [1]
  .text                 ro code  0x0001eff4      0x8  startup_MK64F12.o [1]
  .text                 ro code  0x0001effc      0x8  startup_MK64F12.o [1]
  .text                 ro code  0x0001f004      0x8  startup_MK64F12.o [1]
  .text                 ro code  0x0001f00c      0x8  startup_MK64F12.o [1]
  .text                 ro code  0x0001f014      0x8  startup_MK64F12.o [1]
  .text                 ro code  0x0001f01c      0x8  startup_MK64F12.o [1]
  .text                 ro code  0x0001f024      0x8  startup_MK64F12.o [1]
  .text                 ro code  0x0001f02c      0x8  startup_MK64F12.o [1]
  .text                 ro code  0x0001f034      0x8  startup_MK64F12.o [1]
  .rodata               const    0x0001f03c      0x4  fsl_i2c.o [1]
  .rodata               const    0x0001f040      0x4  fsl_sdhc.o [1]
  .rodata               const    0x0001f044      0x4  fsl_sdhc.o [1]
  .rodata               const    0x0001f048      0x4  heap_4.o [1]
  .rodata               const    0x0001f04c      0x4  pin_mux.o [1]
  .rodata               const    0x0001f050      0x4  pin_mux.o [1]
  .rodata               const    0x0001f054      0x4  pin_mux.o [1]
  .rodata               const    0x0001f058      0x4  pin_mux.o [1]
  .rodata               const    0x0001f05c      0x4  pin_mux.o [1]
  .rodata               const    0x0001f060      0x4  pin_mux.o [1]
  .rodata               const    0x0001f064      0x4  pin_mux.o [1]
  .rodata               const    0x0001f068      0x4  pin_mux.o [1]
  .rodata               const    0x0001f06c      0x4  pin_mux.o [1]
  .rodata               const    0x0001f070      0x4  port.o [1]
  .rodata               const    0x0001f074      0x4  SDCardTask.o [1]
  .rodata               const    0x0001f078      0x4  SHT1x.o [1]
  .rodata               const    0x0001f07c      0x4  SHT1x.o [1]
  .rodata               const    0x0001f080      0x4  SHT1x.o [1]
  .rodata               const    0x0001f084      0x4  SHT1x.o [1]
  .text                 ro code  0x0001f088      0x4  startup_MK64F12.o [1]
  .rodata               const    0x0001f08c      0x0  zero_init3.o [5]
  .rodata               const    0x0001f08c      0x0  copy_init3.o [5]
                               - 0x0001f08c  0x1ec7c

"P3-P4", part 1 of 2:                           0x84
  RW                             0x1fff0000     0x84  <Block>
    RW-1                         0x1fff0000     0x81  <Init block>
      .data             inited   0x1fff0000      0x4  fsl_clock.o [1]
      .data             inited   0x1fff0004      0x4  fsl_clock.o [1]
      .data             inited   0x1fff0008     0x1c  main.o [1]
      .data             inited   0x1fff0024     0x18  main.o [1]
      .data             inited   0x1fff003c      0x4  main.o [1]
      .data             inited   0x1fff0040      0x4  port.o [1]
      .data             inited   0x1fff0044     0x24  SHT1x.o [1]
      .data             inited   0x1fff0068     0x10  SS_TempAndHumi.o [1]
      .data             inited   0x1fff0078      0x4  system_MK64F12.o [1]
      __DLIB_PERTHREAD  inited   0x1fff007c      0x4  errno.o [3]
      .data             inited   0x1fff0080      0x1  fsl_sdmmc_host.o [1]
                               - 0x1fff0084     0x84

"P3-P4", part 2 of 2:                         0x88e4
  ZI                             0x1fff0084   0x88e4  <Block>
    .bss                zero     0x1fff0084      0xc  ff.o [1]
    .bss                zero     0x1fff0090    0x200  ff.o [1]
    .bss                zero     0x1fff0290      0x4  fsl_clock.o [1]
    .bss                zero     0x1fff0294      0x4  fsl_clock.o [1]
    .bss                zero     0x1fff0298     0x10  fsl_debug_console.o [1]
    .bss                zero     0x1fff02a8      0xc  fsl_dspi.o [1]
    .bss                zero     0x1fff02b4      0x4  fsl_dspi.o [1]
    .bss                zero     0x1fff02b8      0x4  fsl_dspi.o [1]
    .bss                zero     0x1fff02bc      0xc  fsl_i2c.o [1]
    .bss                zero     0x1fff02c8      0x4  fsl_i2c.o [1]
    .bss                zero     0x1fff02cc      0x4  fsl_i2c.o [1]
    .bss                zero     0x1fff02d0     0xbc  fsl_sd_disk.o [1]
    .bss                zero     0x1fff038c      0x4  fsl_sdhc.o [1]
    .bss                zero     0x1fff0390      0x4  fsl_sdhc.o [1]
    .bss                zero     0x1fff0394    0x200  fsl_sdmmc_common.o [1]
    .bss                zero     0x1fff0594      0x4  fsl_sdmmc_event.o [1]
    .bss                zero     0x1fff0598      0x4  fsl_sdmmc_event.o [1]
    .bss                zero     0x1fff059c     0x28  fsl_sdmmc_host.o [1]
    .bss                zero     0x1fff05c4     0x20  fsl_sdmmc_host.o [1]
    .bss                zero     0x1fff05e4     0x18  fsl_uart.o [1]
    .bss                zero     0x1fff05fc      0x4  fsl_uart.o [1]
    .bss                zero     0x1fff0600   0x7800  heap_4.o [1]
    .bss                zero     0x1fff7e00      0x8  heap_4.o [1]
    .bss                zero     0x1fff7e08      0x4  heap_4.o [1]
    .bss                zero     0x1fff7e0c      0x4  heap_4.o [1]
    .bss                zero     0x1fff7e10      0x4  heap_4.o [1]
    .bss                zero     0x1fff7e14      0x4  heap_4.o [1]
    .bss                zero     0x1fff7e18     0x38  main.o [1]
    .bss                zero     0x1fff7e50    0x204  main.o [1]
    .bss                zero     0x1fff8054      0x4  main.o [1]
    .bss                zero     0x1fff8058     0x14  main.o [1]
    .bss                zero     0x1fff806c      0x4  port.o [1]
    .bss                zero     0x1fff8070      0x4  ProcessTask.o [1]
    .bss                zero     0x1fff8074     0x40  queue.o [1]
    .bss                zero     0x1fff80b4    0x238  SDCardTask.o [1]
    .bss                zero     0x1fff82ec    0x310  SensorTask.o [1]
    .bss                zero     0x1fff85fc     0x10  SensorTask.o [1]
    .bss                zero     0x1fff860c     0x10  SensorTask.o [1]
    .bss                zero     0x1fff861c      0x4  SensorTask.o [1]
    .bss                zero     0x1fff8620      0x4  tasks.o [1]
    .bss                zero     0x1fff8624     0x64  tasks.o [1]
    .bss                zero     0x1fff8688     0x14  tasks.o [1]
    .bss                zero     0x1fff869c     0x14  tasks.o [1]
    .bss                zero     0x1fff86b0      0x4  tasks.o [1]
    .bss                zero     0x1fff86b4      0x4  tasks.o [1]
    .bss                zero     0x1fff86b8     0x14  tasks.o [1]
    .bss                zero     0x1fff86cc     0x14  tasks.o [1]
    .bss                zero     0x1fff86e0      0x4  tasks.o [1]
    .bss                zero     0x1fff86e4     0x14  tasks.o [1]
    .bss                zero     0x1fff86f8      0x4  tasks.o [1]
    .bss                zero     0x1fff86fc      0x4  tasks.o [1]
    .bss                zero     0x1fff8700      0x4  tasks.o [1]
    .bss                zero     0x1fff8704      0x4  tasks.o [1]
    .bss                zero     0x1fff8708      0x4  tasks.o [1]
    .bss                zero     0x1fff870c      0x4  tasks.o [1]
    .bss                zero     0x1fff8710      0x4  tasks.o [1]
    .bss                zero     0x1fff8714      0x4  tasks.o [1]
    .bss                zero     0x1fff8718      0x4  tasks.o [1]
    .bss                zero     0x1fff871c      0x4  tasks.o [1]
    .bss                zero     0x1fff8720      0x4  tasks.o [1]
    .bss                zero     0x1fff8724     0x14  timers.o [1]
    .bss                zero     0x1fff8738     0x14  timers.o [1]
    .bss                zero     0x1fff874c      0x4  timers.o [1]
    .bss                zero     0x1fff8750      0x4  timers.o [1]
    .bss                zero     0x1fff8754      0x4  timers.o [1]
    .bss                zero     0x1fff8758      0x4  timers.o [1]
    .bss                zero     0x1fff875c      0x4  timers.o [1]
    .bss                zero     0x1fff8760     0x18  dlmalloc.o [3]
    .bss                zero     0x1fff8778    0x1d8  dlmalloc.o [3]
    .bss                zero     0x1fff8950      0x2  ff.o [1]
    .bss                zero     0x1fff8952      0x2  main.o [1]
    .bss                zero     0x1fff8954      0x2  main.o [1]
    .bss                zero     0x1fff8956      0x2  main.o [1]
    .bss                zero     0x1fff8958      0x2  main.o [1]
    .bss                zero     0x1fff895a      0x2  main.o [1]
    .bss                zero     0x1fff895c      0x2  ProcessTask.o [1]
    .bss                zero     0x1fff895e      0x2  ProcessTask.o [1]
    .bss                zero     0x1fff8960      0x1  ff.o [1]
    .bss                zero     0x1fff8961      0x1  fsl_sdmmc_host.o [1]
    .bss                zero     0x1fff8962      0x1  main.o [1]
    .bss                zero     0x1fff8963      0x1  port.o [1]
    .bss                zero     0x1fff8964      0x1  ProcessTask.o [1]
    .bss                zero     0x1fff8965      0x1  SDCardTask.o [1]
    .bss                zero     0x1fff8966      0x1  SDCardTask.o [1]
    .bss                zero     0x1fff8967      0x1  SDCardTask.o [1]
                               - 0x1fff8968   0x88e4

"P6":                                          0x400
  CSTACK                         0x2002fc00    0x400  <Block>
    CSTACK              uninit   0x2002fc00    0x400  <Block tail>
                               - 0x20030000    0x400


*******************************************************************************
*** INIT TABLE
***

          Address     Size
          -------     ----
Zero (__iar_zero_init3)
    1 destination range, total size 0x88e4:
          0x1fff0084  0x88e4

Copy (__iar_copy_init3)
    1 source range, total size 0x84 (102% of destination):
          0x0001d268    0x84
    1 destination range, total size 0x81:
          0x1fff0000    0x81



*******************************************************************************
*** MODULE SUMMARY
***

    Module                  ro code  ro data  rw data
    ------                  -------  -------  -------
F:\03.Git\smf\FW\fw_smf_v1.1\fw_smf_sensor\Release\Obj: [1]
    BH1750.o                    208
    FileAccess.o                264      160
    I2C.o                       520      252
    PacketHandle.o            2 274      972
    ProcessTask.o               568      232        9
    SDCardTask.o                636      556      571
    SHT1x.o                     860       52       36
    SS_Light.o                   20
    SS_TempAndHumi.o             16       16       16
    SensorTask.o                592      344      820
    UART.o                      190
    UserFile.o                  584      356
    WhoAmITask.o                204      220
    board.o                      28
    clock_config.o              104       32
    diskio.o                    116
    ff.o                      7 108       56      527
    ffunicode.o                 392   59 808
    fsl_clock.o               1 416      152       16
    fsl_debug_console.o       2 638                16
    fsl_dspi.o                  212      136       20
    fsl_ftm.o                   902      156
    fsl_gpio.o                  100       96
    fsl_i2c.o                 1 700      352       20
    fsl_i2c_freertos.o          248
    fsl_sd.o                  5 486      736
    fsl_sd_disk.o               248               188
    fsl_sdhc.o                2 948      697        8
    fsl_sdmmc_common.o          800      340      512
    fsl_sdmmc_event.o           262                 8
    fsl_sdmmc_host.o            866        1       74
    fsl_sim.o                    44
    fsl_smc.o                    32
    fsl_tickless_systick.o       48
    fsl_uart.o                1 024      332       28
    fsl_wdog.o                  284       96
    heap_4.o                    608        4   30 744
    list.o                      152
    main.o                    1 208      604      663
    pin_mux.o                   712      132
    port.o                      560        8        9
    portasm.o                   168
    queue.o                   2 106                64
    startup_MK64F12.o         1 480
    system_MK64F12.o             52        4        4
    tasks.o                   3 116        8      260
    timers.o                  1 056       16       60
    -------------------------------------------------
    Total:                   45 160   66 926   34 673

command line: [2]
    -------------------------------------------------
    Total:

dl7M_tln.a: [3]
    abort.o                       6
    atoi.o                        8
    div.o                        14
    dlmalloc.o                1 408               496
    errno.o                      12        4        4
    exit.o                        4
    low_level_init.o              4
    sprintf.o                    52
    xprintffull.o             3 538
    xsprout.o                    10
    xstoflt.o                   428
    xstopfx.o                   286
    xstoul.o                    412
    xstoxflt.o                  512
    xtls.o                        2
    -------------------------------------------------
    Total:                    6 696        4      500

m7M_tls.a: [4]
    DblAdd.o                    232
    DblCmpEq.o                   32
    DblCmpGe.o                   46
    DblCmpLe.o                   46
    DblDiv.o                    598
    DblMul.o                    418
    DblSub.o                    384
    DblToFlt.o                  144
    DblToI32.o                   88
    DblToI64.o                  122
    FltToDbl.o                   78
    I32ToDbl.o                   48
    I64ToDbl.o                   88
    atof.o                       16
    fpinit_M.o                   34
    modf.o                      192
    pow.o                     2 240
    xdint.o                     126
    xdnorm.o                     68
    xdscale.o                   276
    xdtento.o                   512
    xdtest.o                     64
    xdunscal.o                   86
    xexp.o                      710
    xlog.o                      176
    xstod.o                     360
    -------------------------------------------------
    Total:                    7 184

rt7M_tl.a: [5]
    ABImemclr4.o                  6
    ABImemcpy_unaligned.o       118
    ABImemset.o                 102
    ABImemset48.o                50
    I64DivMod.o                 306
    I64DivZer.o                   2
    cexit.o                      10
    cmain.o                      26
    copy_init3.o                 44
    cstartup_M.o                 12
    data_init.o                  40
    memchr.o                     88
    strchr.o                     22
    strcmp_unaligned.o           66
    strlen.o                     54
    zero_init3.o                 64
    -------------------------------------------------
    Total:                    1 010

shb_l.a: [6]
    ABIassert.o                  36
    exit.o                       20
    -------------------------------------------------
    Total:                       56

    Gaps                         37        4
    Linker created                        39    1 024
-----------------------------------------------------
    Grand Total:             60 143   66 973   36 197


*******************************************************************************
*** ENTRY LIST
***

Entry                      Address    Size  Type      Object
-----                      -------    ----  ----      ------
.iar.init_table$$Base   0x0001e6ec           --   Gb  - Linker created -
.iar.init_table$$Limit  0x0001e710           --   Gb  - Linker created -
?main                   0x0001ea21          Code  Gb  cmain.o [5]
BOARD_BootClockVLPR     0x0001abe3    0x40  Code  Gb  clock_config.o [1]
BOARD_InitDebugConsole  0x0001ac39    0x1c  Code  Gb  board.o [1]
BOARD_InitPins          0x0001a95f   0x20e  Code  Gb  pin_mux.o [1]
CLOCK_BootToBlpiMode    0x0001a49d    0x40  Code  Gb  fsl_clock.o [1]
CLOCK_DisableClock      0x000123a1    0x1a  Code  Lc  fsl_sdhc.o [1]
CLOCK_EnableClock       0x0001ad85    0x18  Code  Lc  fsl_ftm.o [1]
CLOCK_EnableClock       0x0001bc23    0x18  Code  Lc  fsl_i2c.o [1]
CLOCK_EnableClock       0x00012389    0x18  Code  Lc  fsl_sdhc.o [1]
CLOCK_EnableClock       0x000174d5    0x18  Code  Lc  fsl_uart.o [1]
CLOCK_EnableClock       0x0001a909    0x18  Code  Lc  pin_mux.o [1]
CLOCK_GetCoreSysClkFreq
                        0x0001a191    0x16  Code  Gb  fsl_clock.o [1]
CLOCK_GetEr32kClkFreq   0x0001a0ff    0x60  Code  Gb  fsl_clock.o [1]
CLOCK_GetFixedFreqClkFreq
                        0x0001a327    0x1e  Code  Gb  fsl_clock.o [1]
CLOCK_GetFllExtRefClkFreq
                        0x0001a015    0x66  Code  Lc  fsl_clock.o [1]
CLOCK_GetFllFreq        0x0001a2c7    0x4a  Code  Gb  fsl_clock.o [1]
CLOCK_GetFllFreq::fllFactorTable
                        0x0001eb1c    0x10  Data  Lc  fsl_clock.o [1]
CLOCK_GetFllRefClkFreq  0x0001a0a1    0x20  Code  Lc  fsl_clock.o [1]
CLOCK_GetFreq           0x0001a1a7    0xce  Code  Gb  fsl_clock.o [1]
CLOCK_GetInternalRefClkFreq
                        0x0001a311    0x16  Code  Gb  fsl_clock.o [1]
CLOCK_GetInternalRefClkSelectFreq
                        0x0001a07b    0x26  Code  Lc  fsl_clock.o [1]
CLOCK_GetMcgExtClkFreq  0x00019fa9    0x6c  Code  Lc  fsl_clock.o [1]
CLOCK_GetOsc0ErClkFreq  0x0001a0c9    0x36  Code  Gb  fsl_clock.o [1]
CLOCK_GetOutClkFreq     0x0001a28f    0x38  Code  Gb  fsl_clock.o [1]
CLOCK_GetPll0Freq       0x0001a345    0x54  Code  Gb  fsl_clock.o [1]
CLOCK_GetPll0RefFreq    0x0001a0c1     0x8  Code  Lc  fsl_clock.o [1]
CLOCK_GetPllFllSelClkFreq
                        0x0001a15f    0x32  Code  Gb  fsl_clock.o [1]
CLOCK_SetEr32kClock     0x00019f75    0x1a  Code  Lc  fsl_clock.o [1]
CLOCK_SetInternalRefClkConfig
                        0x0001a399    0xba  Code  Gb  fsl_clock.o [1]
CLOCK_SetPllFllSelClock
                        0x00019f8f    0x1a  Code  Lc  fsl_clock.o [1]
CLOCK_SetSimConfig      0x0001a275    0x1a  Code  Gb  fsl_clock.o [1]
CLOCK_SetSimSafeDivs    0x0001abd1     0xa  Code  Lc  clock_config.o [1]
CSTACK$$Base            0x2002fc00           --   Gb  - Linker created -
CSTACK$$Limit           0x20030000           --   Gb  - Linker created -
CurrVol                 0x1fff8960     0x1  Data  Lc  ff.o [1]
DSPI_CommonIRQHandler   0x0001d015    0x28  Code  Lc  fsl_dspi.o [1]
DSPI_IsMaster           0x0001d00d     0x8  Code  Lc  fsl_dspi.o [1]
DbcTbl                  0x0001ebf8     0xc  Data  Lc  ff.o [1]
DbgConsole_ConvertFloatRadixNumToString
                        0x00016ccd   0x1b6  Code  Lc  fsl_debug_console.o [1]
DbgConsole_ConvertRadixNumToString
                        0x00016ba1   0x12a  Code  Lc  fsl_debug_console.o [1]
DbgConsole_Init         0x00016ab9    0x74  Code  Gb  fsl_debug_console.o [1]
DbgConsole_Printf       0x00016b2d    0x24  Code  Gb  fsl_debug_console.o [1]
DbgConsole_PrintfFormattedData
                        0x00016ea9   0x62a  Code  Lc  fsl_debug_console.o [1]
DbgConsole_PrintfPaddingCharacter
                        0x00016b79    0x28  Code  Lc  fsl_debug_console.o [1]
DbgConsole_Putchar      0x00016b51    0x28  Code  Gb  fsl_debug_console.o [1]
DisableGlobalIRQ        0x0001ac69     0x8  Code  Lc  fsl_wdog.o [1]
DisableIRQ              0x000123d3    0x18  Code  Lc  fsl_sdhc.o [1]
EnableGlobalIRQ         0x0001ac71     0x6  Code  Lc  fsl_wdog.o [1]
EnableIRQ               0x0001bc3b    0x18  Code  Lc  fsl_i2c.o [1]
EnableIRQ               0x000123bb    0x18  Code  Lc  fsl_sdhc.o [1]
EnableIRQ               0x00012f19    0x18  Code  Lc  fsl_sdmmc_host.o [1]
EnableIRQ               0x00019ad3    0x18  Code  Lc  main.o [1]
EnableIRQ               0x00019109    0x18  Code  Lc  UART.o [1]
Enum_CARD_EVENT         0x1fff8965     0x1  Data  Gb  SDCardTask.o [1]
FTM0_IRQHandler         0x00019d51    0x92  Code  Gb  main.o [1]
FTM_ClearStatusFlags    0x0001b0d9    0x32  Code  Gb  fsl_ftm.o [1]
FTM_EnableInterrupts    0x0001b06f    0x46  Code  Gb  fsl_ftm.o [1]
FTM_GetDefaultConfig    0x0001b021    0x4e  Code  Gb  fsl_ftm.o [1]
FTM_GetInstance         0x0001ad9d    0x34  Code  Lc  fsl_ftm.o [1]
FTM_Init                0x0001af7b    0xa6  Code  Gb  fsl_ftm.o [1]
FTM_SetPwmSync          0x0001add1    0xa0  Code  Lc  fsl_ftm.o [1]
FTM_SetReloadPoints     0x0001ae71   0x10a  Code  Lc  fsl_ftm.o [1]
FTM_SetTimerPeriod      0x00019aef     0x4  Code  Lc  main.o [1]
FTM_StartTimer          0x00019af3    0x14  Code  Lc  main.o [1]
FatFs                   0x1fff0084     0xc  Data  Lc  ff.o [1]
Fsid                    0x1fff8950     0x2  Data  Lc  ff.o [1]
GPIO_PinInit            0x0001b873    0x42  Code  Gb  fsl_gpio.o [1]
GPIO_ReadPinInput       0x00012f31     0xa  Code  Lc  fsl_sdmmc_host.o [1]
GPIO_ReadPinInput       0x0001c3c3     0xa  Code  Lc  SHT1x.o [1]
GPIO_TogglePinsOutput   0x0001cc17     0x4  Code  Lc  ProcessTask.o [1]
GPIO_WritePinOutput     0x0001b8dd    0x1a  Code  Lc  BH1750.o [1]
GPIO_WritePinOutput     0x0001b859    0x1a  Code  Lc  fsl_gpio.o [1]
GPIO_WritePinOutput     0x00019b21    0x1a  Code  Lc  main.o [1]
GPIO_WritePinOutput     0x0001cbfd    0x1a  Code  Lc  ProcessTask.o [1]
GPIO_WritePinOutput     0x0001c3a9    0x1a  Code  Lc  SHT1x.o [1]
GPIO_WritePinOutput     0x0001d0e1    0x1a  Code  Lc  WhoAmITask.o [1]
I2C0_DriverIRQHandler   0x0001c24d     0xe  Code  Gb  fsl_i2c.o [1]
I2C1_DriverIRQHandler   0x0001c25b     0xe  Code  Gb  fsl_i2c.o [1]
I2C2_DriverIRQHandler   0x0001c269     0xe  Code  Gb  fsl_i2c.o [1]
I2C_CheckAndClearError  0x0001bcf5    0x1c  Code  Lc  fsl_i2c.o [1]
I2C_DisableInterrupts   0x0001bf95    0x1a  Code  Gb  fsl_i2c.o [1]
I2C_EnableInterrupts    0x0001bf77    0x1e  Code  Gb  fsl_i2c.o [1]
I2C_GetInstance         0x0001bc6f    0x32  Code  Gb  fsl_i2c.o [1]
I2C_InitTransferStateMachine
                        0x0001bca1    0x54  Code  Lc  fsl_i2c.o [1]
I2C_MasterClearStatusFlags
                        0x0001bc53    0x1c  Code  Lc  fsl_i2c.o [1]
I2C_MasterGetDefaultConfig
                        0x0001bf47    0x30  Code  Gb  fsl_i2c.o [1]
I2C_MasterGetStatusFlags
                        0x0001c0df    0x1a  Code  Gb  fsl_i2c.o [1]
I2C_MasterInit          0x0001beb7    0x90  Code  Gb  fsl_i2c.o [1]
I2C_MasterRepeatedStart
                        0x0001c05d    0x58  Code  Gb  fsl_i2c.o [1]
I2C_MasterSetBaudRate   0x0001bfaf    0x76  Code  Gb  fsl_i2c.o [1]
I2C_MasterStart         0x0001c025    0x38  Code  Gb  fsl_i2c.o [1]
I2C_MasterStop          0x0001c0b5    0x2a  Code  Gb  fsl_i2c.o [1]
I2C_MasterTransferCreateHandle
                        0x0001c0f9    0x56  Code  Gb  fsl_i2c.o [1]
I2C_MasterTransferHandleIRQ
                        0x0001c1b1    0x86  Code  Gb  fsl_i2c.o [1]
I2C_MasterTransferNonBlocking
                        0x0001c14f    0x62  Code  Gb  fsl_i2c.o [1]
I2C_MasterTransferRunStateMachine
                        0x0001bd11   0x180  Code  Lc  fsl_i2c.o [1]
I2C_RTOS_Callback       0x0001c2b1    0x24  Code  Lc  fsl_i2c_freertos.o [1]
I2C_RTOS_Init           0x0001c2d5    0x6e  Code  Gb  fsl_i2c_freertos.o [1]
I2C_RTOS_Transfer       0x0001c34d    0x5c  Code  Gb  fsl_i2c_freertos.o [1]
I2C_TransferCommonIRQHandler
                        0x0001be91    0x26  Code  Lc  fsl_i2c.o [1]
LfnBuf                  0x1fff0090   0x200  Data  Lc  ff.o [1]
LfnOfs                  0x0001eafc    0x10  Data  Lc  ff.o [1]
LoadInt                 0x000157c7    0x6e  Code  Lc  xprintffull.o [3]
NVIC_DisableIRQ         0x00012373    0x16  Code  Lc  fsl_sdhc.o [1]
NVIC_EnableIRQ          0x0001bc0d    0x16  Code  Lc  fsl_i2c.o [1]
NVIC_EnableIRQ          0x0001235d    0x16  Code  Lc  fsl_sdhc.o [1]
NVIC_EnableIRQ          0x00012ee1    0x16  Code  Lc  fsl_sdmmc_host.o [1]
NVIC_EnableIRQ          0x00019abd    0x16  Code  Lc  main.o [1]
NVIC_EnableIRQ          0x000190c5    0x14  Code  Lc  UART.o [1]
NVIC_SetPriority        0x00012ef7    0x22  Code  Lc  fsl_sdmmc_host.o [1]
NVIC_SetPriority        0x0001ba05    0x22  Code  Lc  I2C.o [1]
NVIC_SetPriority        0x0001c705    0x22  Code  Lc  SDCardTask.o [1]
NVIC_SetPriority        0x000190d9    0x22  Code  Lc  UART.o [1]
NVIC_SystemReset        0x0001cbe1    0x1c  Code  Lc  ProcessTask.o [1]
NVIC_SystemReset        0x0001c727    0x1c  Code  Lc  SDCardTask.o [1]
PORTE_IRQHandler        0x0001313b    0x26  Code  Gb  fsl_sdmmc_host.o [1]
PORT_ClearPinsInterruptFlags
                        0x00012f91     0x6  Code  Lc  fsl_sdmmc_host.o [1]
PORT_GetPinsInterruptFlags
                        0x00012f8b     0x6  Code  Lc  fsl_sdmmc_host.o [1]
PORT_SetPinConfig       0x0001a921    0x26  Code  Lc  pin_mux.o [1]
PORT_SetPinInterruptConfig
                        0x00012f73    0x18  Code  Lc  fsl_sdmmc_host.o [1]
PORT_SetPinMux          0x0001a947    0x18  Code  Lc  pin_mux.o [1]
PendSV_Handler          0x00015179          Code  Gb  portasm.o [1]
RW$$Base                0x1fff0000           --   Gb  - Linker created -
RW$$Limit               0x1fff0084           --   Gb  - Linker created -
Region$$Table$$Base     0x0001e6ec           --   Gb  - Linker created -
Region$$Table$$Limit    0x0001e710           --   Gb  - Linker created -
SDCARD_DetectCallBack   0x0001c8d5     0xc  Code  Lc  SDCardTask.o [1]
SDHC_CardDetectByData3  0x00012f59    0x1a  Code  Lc  fsl_sdmmc_host.o [1]
SDHC_ClearInterruptStatusFlags
                        0x00012413     0x4  Code  Lc  fsl_sdhc.o [1]
SDHC_Deinit             0x00012937    0x14  Code  Gb  fsl_sdhc.o [1]
SDHC_DisableInterruptSignal
                        0x00012405     0xa  Code  Lc  fsl_sdhc.o [1]
SDHC_DisableInterruptSignal
                        0x00012f4b     0xa  Code  Lc  fsl_sdmmc_host.o [1]
SDHC_DisableInterruptStatus
                        0x000123f3     0xa  Code  Lc  fsl_sdhc.o [1]
SDHC_DriverIRQHandler   0x00012e59    0x2c  Code  Gb  fsl_sdhc.o [1]
SDHC_EnableInterruptSignal
                        0x000123fd     0x8  Code  Lc  fsl_sdhc.o [1]
SDHC_EnableInterruptSignal
                        0x00012f43     0x8  Code  Lc  fsl_sdmmc_host.o [1]
SDHC_EnableInterruptStatus
                        0x000123eb     0x8  Code  Lc  fsl_sdhc.o [1]
SDHC_EnableInterruptStatus
                        0x00012f3b     0x8  Code  Lc  fsl_sdmmc_host.o [1]
SDHC_EnableSdClock      0x00011fc1    0x1a  Code  Lc  fsl_sdmmc_common.o [1]
SDHC_GetCapability      0x0001297f    0x54  Code  Gb  fsl_sdhc.o [1]
SDHC_GetCommandResponse
                        0x0001241b    0x26  Code  Lc  fsl_sdhc.o [1]
SDHC_GetInstance        0x00012449    0x3a  Code  Lc  fsl_sdhc.o [1]
SDHC_GetInterruptStatusFlags
                        0x0001240f     0x4  Code  Lc  fsl_sdhc.o [1]
SDHC_GetPresentStatusFlags
                        0x000109b9     0x4  Code  Lc  fsl_sd.o [1]
SDHC_GetPresentStatusFlags
                        0x00012417     0x4  Code  Lc  fsl_sdhc.o [1]
SDHC_GetPresentStatusFlags
                        0x00011fbd     0x4  Code  Lc  fsl_sdmmc_common.o [1]
SDHC_GetPresentStatusFlags
                        0x00012f55     0x4  Code  Lc  fsl_sdmmc_host.o [1]
SDHC_Init               0x0001284f    0xe8  Code  Gb  fsl_sdhc.o [1]
SDHC_ReadData           0x00012445     0x4  Code  Lc  fsl_sdhc.o [1]
SDHC_ReadDataPort       0x00012653    0x66  Code  Lc  fsl_sdhc.o [1]
SDHC_ReceiveCommandResponse
                        0x000125b7    0x9c  Code  Lc  fsl_sdhc.o [1]
SDHC_Reset              0x0001294b    0x34  Code  Gb  fsl_sdhc.o [1]
SDHC_SetAdmaTableConfig
                        0x00012b3d   0x104  Code  Gb  fsl_sdhc.o [1]
SDHC_SetCardActive      0x00012a89    0x2e  Code  Gb  fsl_sdhc.o [1]
SDHC_SetDataBusWidth    0x000109bd    0x14  Code  Lc  fsl_sd.o [1]
SDHC_SetSdClock         0x000129d3    0xb6  Code  Gb  fsl_sdhc.o [1]
SDHC_SetTransferConfig  0x00012ab7    0x86  Code  Gb  fsl_sdhc.o [1]
SDHC_SetTransferInterrupt
                        0x00012483    0x58  Code  Lc  fsl_sdhc.o [1]
SDHC_StartTransfer      0x000124db    0xdc  Code  Lc  fsl_sdhc.o [1]
SDHC_TransferCreateHandle
                        0x00012c45    0x7e  Code  Gb  fsl_sdhc.o [1]
SDHC_TransferHandleCardDetect
                        0x0001271f    0x24  Code  Lc  fsl_sdhc.o [1]
SDHC_TransferHandleCommand
                        0x00012743    0x66  Code  Lc  fsl_sdhc.o [1]
SDHC_TransferHandleData
                        0x000127a9    0x82  Code  Lc  fsl_sdhc.o [1]
SDHC_TransferHandleIRQ  0x00012dd9    0x80  Code  Gb  fsl_sdhc.o [1]
SDHC_TransferHandleSdioBlockGap
                        0x0001283d    0x12  Code  Lc  fsl_sdhc.o [1]
SDHC_TransferHandleSdioInterrupt
                        0x0001282b    0x12  Code  Lc  fsl_sdhc.o [1]
SDHC_TransferNonBlocking
                        0x00012ce1    0xee  Code  Gb  fsl_sdhc.o [1]
SDHC_WriteData          0x00012441     0x4  Code  Lc  fsl_sdhc.o [1]
SDHC_WriteDataPort      0x000126b9    0x66  Code  Lc  fsl_sdhc.o [1]
SDMMCEVENT_Create       0x00013295    0x2c  Code  Gb  fsl_sdmmc_event.o [1]
SDMMCEVENT_Delay        0x0001336d    0x16  Code  Gb  fsl_sdmmc_event.o [1]
SDMMCEVENT_Delete       0x00013359    0x14  Code  Gb  fsl_sdmmc_event.o [1]
SDMMCEVENT_GetInstance  0x0001327d    0x18  Code  Lc  fsl_sdmmc_event.o [1]
SDMMCEVENT_Notify       0x00013309    0x42  Code  Gb  fsl_sdmmc_event.o [1]
SDMMCEVENT_Wait         0x000132c1    0x48  Code  Gb  fsl_sdmmc_event.o [1]
SDMMCHOST_CardDetectDeinit
                        0x00013123    0x10  Code  Lc  fsl_sdmmc_host.o [1]
SDMMCHOST_CardDetectInit
                        0x000130bb    0x68  Code  Lc  fsl_sdmmc_host.o [1]
SDMMCHOST_Deinit        0x0001322f    0x14  Code  Gb  fsl_sdmmc_host.o [1]
SDMMCHOST_Delay         0x00013133     0x8  Code  Gb  fsl_sdmmc_host.o [1]
SDMMCHOST_DetectCardByGpio
                        0x00012f97    0x44  Code  Lc  fsl_sdmmc_host.o [1]
SDMMCHOST_DetectCardInsertByHost
                        0x00012fdb    0x2e  Code  Lc  fsl_sdmmc_host.o [1]
SDMMCHOST_DetectCardRemoveByHost
                        0x00013009    0x1e  Code  Lc  fsl_sdmmc_host.o [1]
SDMMCHOST_ErrorRecovery
                        0x0001308b    0x30  Code  Gb  fsl_sdmmc_host.o [1]
SDMMCHOST_Init          0x00013193    0x66  Code  Gb  fsl_sdmmc_host.o [1]
SDMMCHOST_PowerOffCard  0x00013161    0x14  Code  Gb  fsl_sdmmc_host.o [1]
SDMMCHOST_PowerOnCard   0x00013175    0x1e  Code  Gb  fsl_sdmmc_host.o [1]
SDMMCHOST_Reset         0x0001322d     0x2  Code  Gb  fsl_sdmmc_host.o [1]
SDMMCHOST_TransferCompleteCallback
                        0x00013027    0x1c  Code  Lc  fsl_sdmmc_host.o [1]
SDMMCHOST_TransferFunction
                        0x00013043    0x48  Code  Lc  fsl_sdmmc_host.o [1]
SDMMC_ExecuteTuning     0x0001222b    0x74  Code  Gb  fsl_sdmmc_common.o [1]
SDMMC_GoIdle            0x000120d3    0x54  Code  Gb  fsl_sdmmc_common.o [1]
SDMMC_SelectCard        0x00011fdb    0x82  Code  Gb  fsl_sdmmc_common.o [1]
SDMMC_SendApplicationCommand
                        0x0001205d    0x76  Code  Gb  fsl_sdmmc_common.o [1]
SDMMC_SetBlockSize      0x00012127    0x66  Code  Gb  fsl_sdmmc_common.o [1]
SDMMC_SwitchVoltage     0x0001218d    0x9e  Code  Gb  fsl_sdmmc_common.o [1]
SD_AllSendCid           0x000114bb    0x78  Code  Lc  fsl_sd.o [1]
SD_ApplicationSendOperationCondition
                        0x00011533    0xaa  Code  Lc  fsl_sd.o [1]
SD_CardDeinit           0x00011e17    0x22  Code  Gb  fsl_sd.o [1]
SD_CardInit             0x00011c91   0x186  Code  Gb  fsl_sd.o [1]
SD_DecodeCid            0x0001143f    0x7c  Code  Lc  fsl_sd.o [1]
SD_DecodeCsd            0x000111a7   0x21e  Code  Lc  fsl_sd.o [1]
SD_DecodeScr            0x00010d93    0xfa  Code  Lc  fsl_sd.o [1]
SD_Deinit               0x00011f15    0x12  Code  Gb  fsl_sd.o [1]
SD_ExecuteTuning        0x00010a79    0x2a  Code  Lc  fsl_sd.o [1]
SD_GoIdle               0x00010a29    0x26  Code  Lc  fsl_sd.o [1]
SD_HostDeinit           0x00011e79    0x26  Code  Gb  fsl_sd.o [1]
SD_HostInit             0x00011e39    0x3a  Code  Gb  fsl_sd.o [1]
SD_HostReset            0x00011e9f     0xa  Code  Gb  fsl_sd.o [1]
SD_PowerOffCard         0x00011eb1     0x8  Code  Gb  fsl_sd.o [1]
SD_PowerOnCard          0x00011ea9     0x8  Code  Gb  fsl_sd.o [1]
SD_Read                 0x00011751   0x144  Code  Lc  fsl_sd.o [1]
SD_ReadBlocks           0x00011a15   0x138  Code  Gb  fsl_sd.o [1]
SD_SelectBusTiming      0x00011665    0x84  Code  Lc  fsl_sd.o [1]
SD_SelectCard           0x000109d1    0x2e  Code  Lc  fsl_sd.o [1]
SD_SelectFunction       0x00010f7b   0x192  Code  Lc  fsl_sd.o [1]
SD_SendApplicationCmd   0x000109ff    0x2a  Code  Lc  fsl_sd.o [1]
SD_SendCsd              0x000113c5    0x7a  Code  Lc  fsl_sd.o [1]
SD_SendInterfaceCondition
                        0x000115dd    0x82  Code  Lc  fsl_sd.o [1]
SD_SendRca              0x00010c59    0x6c  Code  Lc  fsl_sd.o [1]
SD_SendScr              0x00010e8d    0xee  Code  Lc  fsl_sd.o [1]
SD_SetBlockSize         0x00010a4f    0x2a  Code  Lc  fsl_sd.o [1]
SD_SetDataBusWidth      0x0001110d    0x9a  Code  Lc  fsl_sd.o [1]
SD_SetDriverStrength    0x000116e9    0x2a  Code  Lc  fsl_sd.o [1]
SD_SetMaxCurrent        0x00011713    0x2a  Code  Lc  fsl_sd.o [1]
SD_StopTransmission     0x00010be5    0x74  Code  Lc  fsl_sd.o [1]
SD_SwitchFunction       0x00010cc5    0xce  Code  Lc  fsl_sd.o [1]
SD_SwitchVoltage        0x00010aa3    0x26  Code  Lc  fsl_sd.o [1]
SD_Transfer             0x00010ac9    0x9a  Code  Lc  fsl_sd.o [1]
SD_WaitWriteComplete    0x00010b63    0x82  Code  Lc  fsl_sd.o [1]
SD_Write                0x000118a5   0x150  Code  Lc  fsl_sd.o [1]
SD_WriteBlocks          0x00011b4d   0x138  Code  Gb  fsl_sd.o [1]
SIM_GetUniqueId         0x0001b10d    0x1a  Code  Gb  fsl_sim.o [1]
SMC_GetPowerModeState   0x0001abdf     0x4  Code  Lc  clock_config.o [1]
SMC_SetPowerModeProtection
                        0x0001abdb     0x4  Code  Lc  clock_config.o [1]
SMC_SetPowerModeVlpr    0x0001b8bd    0x20  Code  Gb  fsl_smc.o [1]
SPI0_DriverIRQHandler   0x0001d03d    0x26  Code  Gb  fsl_dspi.o [1]
SPI1_DriverIRQHandler   0x0001d065    0x26  Code  Gb  fsl_dspi.o [1]
SPI2_DriverIRQHandler   0x0001d091    0x26  Code  Gb  fsl_dspi.o [1]
SVC_Handler             0x000151d1          Code  Gb  portasm.o [1]
SYSMPU_Enable           0x00019b07    0x1a  Code  Lc  main.o [1]
SysTick_Handler         0x0001498b    0x28  Code  Gb  port.o [1]
SystemCoreClock         0x1fff0078     0x4  Data  Gb  system_MK64F12.o [1]
SystemInit              0x0001ddf5    0x26  Code  Gb  system_MK64F12.o [1]
UART0_DriverIRQHandler  0x00017819    0x10  Code  Gb  fsl_uart.o [1]
UART0_RX_TX_DriverIRQHandler
                        0x00017829     0x8  Code  Gb  fsl_uart.o [1]
UART1_DriverIRQHandler  0x00017831    0x10  Code  Gb  fsl_uart.o [1]
UART1_RX_TX_DriverIRQHandler
                        0x00017841     0x8  Code  Gb  fsl_uart.o [1]
UART2_DriverIRQHandler  0x00017849    0x10  Code  Gb  fsl_uart.o [1]
UART2_RX_TX_DriverIRQHandler
                        0x00017859     0x8  Code  Gb  fsl_uart.o [1]
UART3_DriverIRQHandler  0x00017861    0x10  Code  Gb  fsl_uart.o [1]
UART3_RX_TX_DriverIRQHandler
                        0x00017879     0x8  Code  Gb  fsl_uart.o [1]
UART4_RX_TX_IRQHandler  0x00019c49    0x50  Code  Gb  main.o [1]
UART5_DriverIRQHandler  0x0001788d    0x10  Code  Gb  fsl_uart.o [1]
UART5_RX_TX_DriverIRQHandler
                        0x000178cd     0x8  Code  Gb  fsl_uart.o [1]
UART_EnableInterrupts   0x0001774f    0x26  Code  Gb  fsl_uart.o [1]
UART_EnableRx           0x00016a9f    0x1a  Code  Lc  fsl_debug_console.o [1]
UART_EnableTx           0x00016a85    0x1a  Code  Lc  fsl_debug_console.o [1]
UART_GetDefaultConfig   0x00017713    0x3c  Code  Gb  fsl_uart.o [1]
UART_GetInstance        0x000174ed    0x34  Code  Gb  fsl_uart.o [1]
UART_GetStatusFlags     0x00017775    0x1a  Code  Gb  fsl_uart.o [1]
UART_Init               0x00017521   0x1f2  Code  Gb  fsl_uart.o [1]
UART_ReadBlocking       0x000177a7    0x68  Code  Gb  fsl_uart.o [1]
UART_ReadByte           0x00019aeb     0x4  Code  Lc  main.o [1]
UART_WriteBlocking      0x0001778f    0x18  Code  Gb  fsl_uart.o [1]
WDOG_GetDefaultConfig   0x0001ac85    0x46  Code  Gb  fsl_wdog.o [1]
WDOG_Init               0x0001accb    0x94  Code  Gb  fsl_wdog.o [1]
WDOG_Refresh            0x0001ad69    0x1c  Code  Gb  fsl_wdog.o [1]
WDOG_Unlock             0x0001ac77     0xe  Code  Lc  fsl_wdog.o [1]
ZI$$Base                0x1fff0084           --   Gb  - Linker created -
ZI$$Limit               0x1fff8968           --   Gb  - Linker created -
_EVENT_SYS              0x1fff895a     0x2  Data  Gb  main.o [1]
_GenldFull              0x00015d41   0x26a  Code  Lc  xprintffull.o [3]
_LdtobFull              0x00015941   0x3fa  Code  Lc  xprintffull.o [3]
_LitobFull              0x00015835   0x10a  Code  Lc  xprintffull.o [3]
_PrintfFull             0x00015221   0x5a0  Code  Gb  xprintffull.o [3]
_PutcharsFull           0x00015fab    0x2e  Code  Lc  xprintffull.o [3]
_SHT1x_Func_Index       0x1fff0044    0x24  Data  Gb  SHT1x.o [1]
_SHT1x_IO_Air_Index     0x1fff0068    0x10  Data  Gb  SS_TempAndHumi.o [1]
_SProut                 0x00011f27     0xa  Code  Gb  xsprout.o [3]
_Stoflt                 0x0001b259   0x1ac  Code  Gb  xstoflt.o [3]
_Stopfx                 0x0001b139   0x11e  Code  Gb  xstopfx.o [3]
_Stoxflt                0x0001b659   0x1cc  Code  Gb  xstoxflt.o [3]
_Stoxflt::digits        0x0001b828    0x18  Data  Lc  xstoxflt.o [3]
_Stoxflt::vals          0x0001b840    0x18  Data  Lc  xstoxflt.o [3]
__RAM_VECTOR_TABLE_SIZE {Abs}
                        0x00000000          Data  Gb  command line/config [2]
__VECTOR_RAM {Abs}      0x00000000          Data  Gb  command line/config [2]
__VECTOR_TABLE {Abs}    0x00000000          Data  Gb  command line/config [2]
__Vectors               0x00000000           --   Gb  startup_MK64F12.o [1]
__Vectors_End           0x00000400          Data  Gb  startup_MK64F12.o [1]
__Vectors_Size {Abs}    0x00000400           --   Gb  startup_MK64F12.o [1]
__aeabi_assert          0x00011f99    0x24  Code  Gb  ABIassert.o [6]
__aeabi_cdcmpeq         0x000178d5          Code  Gb  DblCmpEq.o [4]
__aeabi_cdcmple         0x00016215          Code  Gb  DblCmpLe.o [4]
__aeabi_cdrcmple        0x00016245          Code  Gb  DblCmpGe.o [4]
__aeabi_d2f             0x000199dd          Code  Gb  DblToFlt.o [4]
__aeabi_d2iz            0x00016389          Code  Gb  DblToI32.o [4]
__aeabi_d2lz            0x000182c9          Code  Gb  DblToI64.o [4]
__aeabi_d2uiz           0x000163b5          Code  Gb  DblToI32.o [4]
__aeabi_dadd            0x0001699d          Code  Gb  DblAdd.o [4]
__aeabi_ddiv            0x00016735          Code  Gb  DblDiv.o [4]
__aeabi_dmul            0x00016591          Code  Gb  DblMul.o [4]
__aeabi_dsub            0x00016411          Code  Gb  DblSub.o [4]
__aeabi_errno_addr      0x0001841d     0x6  Code  Gb  errno.o [3]
__aeabi_f2d             0x00019a6d          Code  Gb  FltToDbl.o [4]
__aeabi_i2d             0x000163e1          Code  Gb  I32ToDbl.o [4]
__aeabi_l2d             0x00018345          Code  Gb  I64ToDbl.o [4]
__aeabi_ldiv0           0x00016999          Code  Gb  I64DivZer.o [5]
__aeabi_ldivmod         0x0001609d          Code  Gb  I64DivMod.o [5]
__aeabi_memclr4         0x000122dd          Code  Gb  ABImemclr4.o [5]
__aeabi_memset          0x00011f31          Code  Gb  ABImemset.o [5]
__aeabi_ui2d            0x000163f5          Code  Gb  I32ToDbl.o [4]
__aeabi_uldivmod        0x000160e1          Code  Gb  I64DivMod.o [5]
__cmain                 0x0001ea21          Code  Gb  cmain.o [5]
__exit                  0x00013385    0x14  Code  Gb  exit.o [6]
__iar_Dint              0x0001839d    0x7e  Code  Gb  xdint.o [4]
__iar_Dnorm             0x000161cf    0x44  Code  Gb  xdnorm.o [4]
__iar_Dscale            0x00016275   0x114  Code  Gb  xdscale.o [4]
__iar_Dtentox           0x0001b4b5   0x140  Code  Gb  xdtento.o [4]
__iar_Dtest             0x000187a1    0x30  Code  Gb  xdtest.o [4]
__iar_Dunscale          0x0001b9ad    0x56  Code  Gb  xdunscal.o [4]
__iar_Errno             0x1fff007c     0x4  Data  Gb  errno.o [3]
__iar_Exp               0x000184d9   0x2be  Code  Gb  xexp.o [4]
__iar_Logpoly           0x00018429    0x76  Code  Gb  xlog.o [4]
__iar_Memchr            0x00016045          Code  Gb  memchr.o [5]
__iar_Memset            0x00011f31          Code  Gb  ABImemset.o [5]
__iar_Memset4_word      0x00013249          Code  Gb  ABImemset48.o [5]
__iar_Memset8_word      0x00013249          Code  Gb  ABImemset48.o [5]
__iar_Memset_word       0x00011f39          Code  Gb  ABImemset.o [5]
__iar_Stod              0x0001a905     0x4  Code  Gb  xstod.o [4]
__iar_Stodx             0x0001a7a1   0x14e  Code  Gb  xstod.o [4]
__iar_Stoul             0x0001a645     0x4  Code  Gb  xstoul.o [3]
__iar_Stoulx            0x0001a4fd   0x142  Code  Gb  xstoul.o [3]
__iar_Strchr            0x00015ff5          Code  Gb  strchr.o [5]
__iar_copy_init3        0x0001e23d    0x2c  Code  Gb  copy_init3.o [5]
__iar_d2uiz             0x000163c1          Code  Gb  DblToI32.o [4]
__iar_dadd              0x000169b1          Code  Gb  DblAdd.o [4]
__iar_data_init3        0x0001e539    0x28  Code  Gb  data_init.o [5]
__iar_dlfree            0x00019475   0x51a  Code  Gb  dlmalloc.o [3]
__iar_dlib_perthread_access
                        0x0001879f     0x2  Code  Gb  xtls.o [3]
__iar_dsub              0x00016425          Code  Gb  DblSub.o [4]
__iar_dsubStart         0x00016437          Code  Gb  DblSub.o [4]
__iar_init_vfp          0x0001e6c9          Code  Gb  fpinit_M.o [4]
__iar_modf              0x0001790d          Code  Gb  modf.o [4]
__iar_modfl             0x0001790d          Code  Gb  modf.o [4]
__iar_program_start     0x0001ecd1          Code  Gb  cstartup_M.o [5]
__iar_ui2d              0x000163f9          Code  Gb  I32ToDbl.o [4]
__iar_ul2d              0x00018361          Code  Gb  I64ToDbl.o [4]
__iar_unaligned___aeabi_memcpy
                        0x000122e5          Code  Gb  ABImemcpy_unaligned.o [5]
__iar_unaligned___aeabi_memcpy4
                        0x00012305          Code  Gb  ABImemcpy_unaligned.o [5]
__iar_unaligned___aeabi_memcpy8
                        0x00012305          Code  Gb  ABImemcpy_unaligned.o [5]
__iar_unaligned_strcmp  0x00019185          Code  Gb  strcmp_unaligned.o [5]
__iar_vfp_atof          0x000199cd    0x10  Code  Gb  atof.o [4]
__iar_vfp_modf          0x000178f5          Code  Gb  modf.o [4]
__iar_vfp_modfl         0x000178f5          Code  Gb  modf.o [4]
__iar_vfp_pow           0x00017e89    0x18  Code  Gb  pow.o [4]
__iar_zero_init3        0x0001dab9    0x40  Code  Gb  zero_init3.o [5]
__low_level_init        0x0001ea3b     0x4  Code  Gb  low_level_init.o [3]
__vector_table          0x00000000          Data  Gb  startup_MK64F12.o [1]
__vector_table_0x1c     0x0000001c          Data  Gb  startup_MK64F12.o [1]
_call_main              0x0001ea2d          Code  Gb  cmain.o [5]
_exit                   0x0001ea45          Code  Gb  cexit.o [5]
_gm_                    0x1fff8778   0x1d8  Data  Lc  dlmalloc.o [3]
_main                   0x0001ea37          Code  Gb  cmain.o [5]
abort                   0x00013243     0x6  Code  Gb  abort.o [3]
atoi                    0x000191c7     0x8  Code  Gb  atoi.o [3]
bData_Sending           0x1fff8964     0x1  Data  Gb  ProcessTask.o [1]
bFileAccess_Open        0x0001a699    0x26  Code  Gb  FileAccess.o [1]
bFileAccess_Read_All    0x0001a6c3    0x7c  Code  Gb  FileAccess.o [1]
bFileAccess_Write_All   0x0001a73f    0x52  Code  Gb  FileAccess.o [1]
bSDCardTask_MMC_Access  0x0001c8e1    0x32  Code  Lc  SDCardTask.o [1]
bUserFile_ReadAll       0x00019303    0xe2  Code  Gb  UserFile.o [1]
bUserFile_ReadFile      0x000191d1    0xb6  Code  Gb  UserFile.o [1]
bUserFile_WriteFile     0x00019287    0x7c  Code  Gb  UserFile.o [1]
cID_EndDevice           0x1fff8058    0x14  Data  Gb  main.o [1]
check_fs                0x0000fc0f    0x76  Code  Lc  ff.o [1]
chk_chr                 0x0000eb8b    0x14  Code  Lc  ff.o [1]
clst2sect               0x0000edc3    0x18  Code  Lc  ff.o [1]
cmp_lfn                 0x0000f3e5    0xa2  Code  Lc  ff.o [1]
create_chain            0x0000f041   0x11e  Code  Lc  ff.o [1]
create_name             0x0000f845   0x2c8  Code  Lc  ff.o [1]
dbc_1st                 0x0000eb9f    0x42  Code  Lc  ff.o [1]
dbc_2nd                 0x0000ebe1    0x62  Code  Lc  ff.o [1]
digits                  0x0001a648    0x28  Data  Lc  xstoul.o [3]
dir_alloc               0x0000f33d    0x5a  Code  Lc  ff.o [1]
dir_clear               0x0000f15f    0x68  Code  Lc  ff.o [1]
dir_find                0x0000f5df   0x10e  Code  Lc  ff.o [1]
dir_next                0x0000f26b    0xd2  Code  Lc  ff.o [1]
dir_register            0x0000f6ed   0x158  Code  Lc  ff.o [1]
dir_sdi                 0x0000f1c7    0xa4  Code  Lc  ff.o [1]
disk_initialize         0x00010863    0x16  Code  Gb  diskio.o [1]
disk_ioctl              0x000108a9    0x18  Code  Gb  diskio.o [1]
disk_read               0x00010879    0x18  Code  Gb  diskio.o [1]
disk_status             0x0001084d    0x16  Code  Gb  diskio.o [1]
disk_write              0x00010891    0x18  Code  Gb  diskio.o [1]
div                     0x0001698b     0xe  Code  Gb  div.o [3]
dmul                    0x0001b459    0x5a  Code  Lc  xdtento.o [4]
driverNumberBuffer      0x0001f074     0x4  Data  Gb  SDCardTask.o [1]
exit                    0x0001ea3f     0x4  Code  Gb  exit.o [3]
f_chdrive               0x00010685    0x18  Code  Gb  ff.o [1]
f_close                 0x0001065d    0x28  Code  Gb  ff.o [1]
f_mount                 0x0000ffd1    0x58  Code  Gb  ff.o [1]
f_open                  0x00010029   0x1f2  Code  Gb  ff.o [1]
f_read                  0x00010221   0x1ae  Code  Gb  ff.o [1]
f_sync                  0x000105c3    0x9a  Code  Gb  ff.o [1]
f_write                 0x000103cf   0x1f4  Code  Gb  ff.o [1]
ff_oem2uni              0x0001072b    0x62  Code  Gb  ffunicode.o [1]
ff_uni2oem              0x000106c5    0x66  Code  Gb  ffunicode.o [1]
ff_wtoupper             0x0001078d    0xae  Code  Gb  ffunicode.o [1]
ff_wtoupper::cvt1       0x0001ce18   0x1f4  Data  Lc  ffunicode.o [1]
ff_wtoupper::cvt2       0x0001d1ac    0xbc  Data  Lc  ffunicode.o [1]
find_volume             0x0000fc91   0x2fa  Code  Lc  ff.o [1]
follow_path             0x0000fb0d    0xb2  Code  Lc  ff.o [1]
g_defaultClockConfigVlpr
                        0x0001e710    0x20  Data  Gb  clock_config.o [1]
g_dspiHandle            0x1fff02a8     0xc  Data  Lc  fsl_dspi.o [1]
g_eventCardDetect       0x1fff0598     0x4  Data  Lc  fsl_sdmmc_event.o [1]
g_eventTransferComplete
                        0x1fff0594     0x4  Data  Lc  fsl_sdmmc_event.o [1]
g_fileSystem            0x1fff80b4   0x238  Data  Lc  SDCardTask.o [1]
g_sd                    0x1fff02d0    0xbc  Data  Gb  fsl_sd_disk.o [1]
g_sdmmc                 0x1fff0394   0x200  Data  Gb  fsl_sdmmc_common.o [1]
g_xtal0Freq             0x1fff0290     0x4  Data  Gb  fsl_clock.o [1]
g_xtal32Freq            0x1fff0294     0x4  Data  Gb  fsl_clock.o [1]
gen_numname             0x0000f51d    0xa2  Code  Lc  ff.o [1]
get_fat                 0x0000eddb    0xca  Code  Lc  ff.o [1]
get_ldnumber            0x0000fbbf    0x50  Code  Lc  ff.o [1]
iSHT1x_ReadRaw          0x0001c3cd   0x198  Code  Lc  SHT1x.o [1]
init_mparams            0x00019435    0x32  Code  Lc  dlmalloc.o [3]
internal_Pow            0x00017a09   0x474  Code  Lc  pow.o [4]
ld_clust                0x0000f397    0x26  Code  Lc  ff.o [1]
ld_dword                0x0000eb0f    0x18  Code  Lc  ff.o [1]
ld_word                 0x0000eb01     0xe  Code  Lc  ff.o [1]
lnbias                  0x00017ea8   0x420  Data  Lc  pow.o [4]
main                    0x00019b3b    0xde  Code  Gb  main.o [1]
mem_cmp                 0x0000eb6d    0x1e  Code  Lc  ff.o [1]
mem_cpy                 0x0000eb4d    0x14  Code  Lc  ff.o [1]
mem_set                 0x0000eb61     0xc  Code  Lc  ff.o [1]
memchr                  0x00016045          Code  Gb  memchr.o [5]
move_window             0x0000ecef    0x3c  Code  Lc  ff.o [1]
mparams                 0x1fff8760    0x18  Data  Lc  dlmalloc.o [3]
ndigs                   0x0001a670    0x28  Data  Lc  xstoul.o [3]
oem2uni932              0x00007788  0x7378  Data  Lc  ffunicode.o [1]
pcInterruptPriorityRegisters
                        0x0001f070     0x4  Data  Lc  port.o [1]
pows                    0x0001b610    0x48  Data  Lc  xdtento.o [4]
prvAddCurrentTaskToDelayedList
                        0x0001473d    0x80  Code  Lc  tasks.o [1]
prvAddNewTaskToReadyList
                        0x00013d0f    0xc0  Code  Lc  tasks.o [1]
prvCheckForValidListAndQueue
                        0x000150d3    0x4c  Code  Lc  timers.o [1]
prvCheckTasksWaitingTermination
                        0x000144dd    0x64  Code  Lc  tasks.o [1]
prvCopyDataFromQueue    0x00013a5d    0x2a  Code  Lc  queue.o [1]
prvCopyDataToQueue      0x000139d7    0x86  Code  Lc  queue.o [1]
prvDeleteTCB            0x00014541    0x12  Code  Lc  tasks.o [1]
prvGetNextExpireTime    0x00014ecb    0x2a  Code  Lc  timers.o [1]
prvHeapInit             0x00014c4b    0x64  Code  Lc  heap_4.o [1]
prvIdleTask             0x0001444d    0x24  Code  Lc  tasks.o [1]
prvInitialiseMutex      0x00013497    0x1e  Code  Lc  queue.o [1]
prvInitialiseNewQueue   0x00013475    0x22  Code  Lc  queue.o [1]
prvInitialiseNewTask    0x00013c4b    0xc4  Code  Lc  tasks.o [1]
prvInitialiseTaskLists  0x00014479    0x56  Code  Lc  tasks.o [1]
prvInsertBlockIntoFreeList
                        0x00014caf    0x5c  Code  Lc  heap_4.o [1]
prvInsertTimerInActiveList
                        0x00014f1d    0x3e  Code  Lc  timers.o [1]
prvIsQueueEmpty         0x00013af5    0x1c  Code  Lc  queue.o [1]
prvIsQueueFull          0x00013b11    0x1e  Code  Lc  queue.o [1]
prvProcessExpiredTimer  0x00014de1    0x5c  Code  Lc  timers.o [1]
prvProcessReceivedCommands
                        0x00014f5b    0xfa  Code  Lc  timers.o [1]
prvProcessTimerOrBlockTask
                        0x00014e55    0x76  Code  Lc  timers.o [1]
prvResetNextTaskUnblockTime
                        0x00014553    0x28  Code  Lc  tasks.o [1]
prvSampleTimeNow        0x00014ef5    0x28  Code  Lc  timers.o [1]
prvSampleTimeNow::xLastTime
                        0x1fff875c     0x4  Data  Lc  timers.o [1]
prvSwitchTimerLists     0x00015055    0x7e  Code  Lc  timers.o [1]
prvTaskExitError        0x00014829    0x2a  Code  Lc  port.o [1]
prvTaskIsTaskSuspended  0x00013ef1    0x36  Code  Lc  tasks.o [1]
prvTimerTask            0x00014e41    0x14  Code  Lc  timers.o [1]
prvUnlockQueue          0x00013a87    0x6e  Code  Lc  queue.o [1]
put_fat                 0x0000eea5   0x112  Code  Lc  ff.o [1]
put_lfn                 0x0000f487    0x88  Code  Lc  ff.o [1]
pvPortMalloc            0x00014ac9   0x10c  Code  Gb  heap_4.o [1]
pvTaskIncrementMutexHeldCount
                        0x00014705    0x1e  Code  Gb  tasks.o [1]
pxCurrentTCB            0x1fff8620     0x4  Data  Gb  tasks.o [1]
pxCurrentTimerList      0x1fff874c     0x4  Data  Lc  timers.o [1]
pxDelayedTaskList       0x1fff86b0     0x4  Data  Lc  tasks.o [1]
pxEnd                   0x1fff7e08     0x4  Data  Lc  heap_4.o [1]
pxOverflowDelayedTaskList
                        0x1fff86b4     0x4  Data  Lc  tasks.o [1]
pxOverflowTimerList     0x1fff8750     0x4  Data  Lc  timers.o [1]
pxPortInitialiseStack   0x00014801    0x28  Code  Gb  port.o [1]
pxReadyTasksLists       0x1fff8624    0x64  Data  Lc  tasks.o [1]
remove_chain            0x0000efb7    0x8a  Code  Lc  ff.o [1]
s_cardInserted          0x1fff8966     0x1  Data  Lc  SDCardTask.o [1]
s_debugConsole          0x1fff0298    0x10  Data  Lc  fsl_debug_console.o [1]
s_dspiMasterIsr         0x1fff02b4     0x4  Data  Lc  fsl_dspi.o [1]
s_dspiSlaveIsr          0x1fff02b8     0x4  Data  Lc  fsl_dspi.o [1]
s_fastIrcFreq           0x1fff0004     0x4  Data  Lc  fsl_clock.o [1]
s_ftmBases              0x0001eb5c    0x10  Data  Lc  fsl_ftm.o [1]
s_ftmClocks             0x0001eb6c    0x10  Data  Lc  fsl_ftm.o [1]
s_i2cBases              0x0001ec28     0xc  Data  Lc  fsl_i2c.o [1]
s_i2cClocks             0x0001ec34     0xc  Data  Lc  fsl_i2c.o [1]
s_i2cDividerTable       0x0001d2ec    0x80  Data  Lc  fsl_i2c.o [1]
s_i2cHandle             0x1fff02bc     0xc  Data  Lc  fsl_i2c.o [1]
s_i2cIrqs               0x0001f03c     0x4  Data  Lc  fsl_i2c.o [1]
s_i2cMasterIsr          0x1fff02c8     0x4  Data  Lc  fsl_i2c.o [1]
s_i2cSlaveIsr           0x1fff02cc     0x4  Data  Lc  fsl_i2c.o [1]
s_sdCardDetect          0x0001eae8    0x14  Data  Lc  SDCardTask.o [1]
s_sdInsertedFlag        0x1fff8961     0x1  Data  Lc  fsl_sdmmc_host.o [1]
s_sdhcAdmaTable         0x1fff05c4    0x20  Data  Lc  fsl_sdmmc_host.o [1]
s_sdhcBase              0x0001f040     0x4  Data  Lc  fsl_sdhc.o [1]
s_sdhcClock             0x0001f044     0x4  Data  Lc  fsl_sdhc.o [1]
s_sdhcHandle            0x1fff038c     0x4  Data  Lc  fsl_sdhc.o [1]
s_sdhcHandle            0x1fff059c    0x28  Data  Lc  fsl_sdmmc_host.o [1]
s_sdhcIRQ               0x00015ff2     0x1  Data  Lc  fsl_sdhc.o [1]
s_sdhcIsr               0x1fff0390     0x4  Data  Lc  fsl_sdhc.o [1]
s_sdhcTransferSuccessFlag
                        0x1fff0080     0x1  Data  Lc  fsl_sdmmc_host.o [1]
s_slowIrcFreq           0x1fff0000     0x4  Data  Lc  fsl_clock.o [1]
s_uartBases             0x0001ea68    0x18  Data  Lc  fsl_uart.o [1]
s_uartClock             0x0001ea80    0x18  Data  Lc  fsl_uart.o [1]
s_uartHandle            0x1fff05e4    0x18  Data  Lc  fsl_uart.o [1]
s_uartIsr               0x1fff05fc     0x4  Data  Lc  fsl_uart.o [1]
sd_disk_initialize      0x0001096f    0x44  Code  Gb  fsl_sd_disk.o [1]
sd_disk_ioctl           0x00010901    0x60  Code  Gb  fsl_sd_disk.o [1]
sd_disk_read            0x000108e1    0x20  Code  Gb  fsl_sd_disk.o [1]
sd_disk_status          0x00010961     0xe  Code  Gb  fsl_sd_disk.o [1]
sd_disk_write           0x000108c1    0x20  Code  Gb  fsl_sd_disk.o [1]
segment_holding         0x00019419    0x1c  Code  Lc  dlmalloc.o [3]
sprintf                 0x00019999    0x34  Code  Gb  sprintf.o [3]
st_clust                0x0000f3bd    0x28  Code  Lc  ff.o [1]
st_dword                0x0000eb35    0x18  Code  Lc  ff.o [1]
st_word                 0x0000eb27     0xe  Code  Lc  ff.o [1]
strchr                  0x00015ff5          Code  Gb  strchr.o [5]
strlen                  0x0001600d          Code  Gb  strlen.o [5]
sum_sfn                 0x0000f5bf    0x20  Code  Lc  ff.o [1]
sync_fs                 0x0000ed2b    0x98  Code  Lc  ff.o [1]
sync_window             0x0000ec9f    0x50  Code  Lc  ff.o [1]
tchar2uni               0x0000ec43    0x5c  Code  Lc  ff.o [1]
uError_Counter          0x1fff8967     0x1  Data  Gb  SDCardTask.o [1]
uI2C_Read               0x0001bab1    0xb6  Code  Gb  I2C.o [1]
uI2C_Write              0x0001bb67    0x7a  Code  Gb  I2C.o [1]
uLedStatus              0x1fff8962     0x1  Data  Gb  main.o [1]
uReadSS_Counter         0x1fff861c     0x4  Data  Gb  SensorTask.o [1]
uResend_Counter         0x1fff895e     0x2  Data  Gb  ProcessTask.o [1]
uSHT1x_Data_In          0x0001c6f9     0xc  Code  Lc  SHT1x.o [1]
uSendData_Counter       0x1fff8070     0x4  Data  Gb  ProcessTask.o [1]
uUART_CONN_RX_Buffer    0x1fff7e50   0x204  Data  Gb  main.o [1]
ucHeap                  0x1fff0600  0x7800  Data  Lc  heap_4.o [1]
ucMaxSysCallPriority    0x1fff8963     0x1  Data  Lc  port.o [1]
ui16SecCounter          0x1fff8954     0x2  Data  Gb  main.o [1]
ui16SendCounter         0x1fff8958     0x2  Data  Gb  main.o [1]
ui16WAMICounter         0x1fff8956     0x2  Data  Gb  main.o [1]
uiSendWait_Counter      0x1fff895c     0x2  Data  Gb  ProcessTask.o [1]
uiTimerCounter          0x1fff8952     0x2  Data  Gb  main.o [1]
ulMaxPRIGROUPValue      0x1fff806c     0x4  Data  Lc  port.o [1]
uni2oem932              0x00000410  0x7378  Data  Lc  ffunicode.o [1]
uxCriticalNesting       0x1fff0040     0x4  Data  Lc  port.o [1]
uxCurrentNumberOfTasks  0x1fff86f8     0x4  Data  Lc  tasks.o [1]
uxDeletedTasksWaitingCleanUp
                        0x1fff86e0     0x4  Data  Lc  tasks.o [1]
uxListRemove            0x00014aa3    0x26  Code  Gb  list.o [1]
uxPendedTicks           0x1fff8708     0x4  Data  Lc  tasks.o [1]
uxSchedulerSuspended    0x1fff8720     0x4  Data  Lc  tasks.o [1]
uxTaskNumber            0x1fff8714     0x4  Data  Lc  tasks.o [1]
uxTopReadyPriority      0x1fff8700     0x4  Data  Lc  tasks.o [1]
vBH1750_Begin           0x0001b915     0xa  Code  Gb  BH1750.o [1]
vBH1750_GetLux          0x0001b941    0x56  Code  Gb  BH1750.o [1]
vBH1750_Init            0x0001b929    0x18  Code  Gb  BH1750.o [1]
vBH1750_SetMode         0x0001b91f     0xa  Code  Gb  BH1750.o [1]
vBH1750_WriteCmd        0x0001b8f7    0x1e  Code  Lc  BH1750.o [1]
vI2C_InitModule         0x0001ba27    0x8a  Code  Gb  I2C.o [1]
vListInitialise         0x00014a31    0x1e  Code  Gb  list.o [1]
vListInitialiseItem     0x00014a4f     0x6  Code  Gb  list.o [1]
vListInsert             0x00014a6d    0x36  Code  Gb  list.o [1]
vListInsertEnd          0x00014a55    0x18  Code  Gb  list.o [1]
vMain_GetUniqueID       0x00019de3    0xec  Code  Gb  main.o [1]
vMain_InitWatchdog      0x00019c99    0x4c  Code  Gb  main.o [1]
vMain_Peripheral_Init   0x00019c19    0x30  Code  Gb  main.o [1]
vMain_RefreshWDT        0x00019ce5     0xc  Code  Gb  main.o [1]
vMain_TimerInit         0x00019cf1    0x58  Code  Gb  main.o [1]
vMain_setEvent          0x00019ecf     0xc  Code  Gb  main.o [1]
vPacketHandle_Coppy     0x00019095    0x2e  Code  Gb  PacketHandle.o [1]
vPacketHandle_HandleMessage
                        0x00018b45    0xf0  Code  Gb  PacketHandle.o [1]
vPacketHandle_HandleMessageConfig
                        0x00018c35   0x254  Code  Gb  PacketHandle.o [1]
vPacketHandle_HandleMessageRequest
                        0x00018e89    0xce  Code  Gb  PacketHandle.o [1]
vPacketHandle_HandleMessageResponse
                        0x00018f57    0x40  Code  Gb  PacketHandle.o [1]
vPacketHandle_HandleMessageWhoAmI
                        0x00018f97    0x2e  Code  Gb  PacketHandle.o [1]
vPacketHandle_SendMessage
                        0x000187e1   0x160  Code  Gb  PacketHandle.o [1]
vPacketHandle_SendWhoAmI
                        0x00018fc5    0x2a  Code  Gb  PacketHandle.o [1]
vPortEnableVFP          0x00015205          Code  Gb  portasm.o [1]
vPortEnterCritical      0x0001491f    0x3a  Code  Gb  port.o [1]
vPortExitCritical       0x00014959    0x32  Code  Gb  port.o [1]
vPortFree               0x00014bd5    0x76  Code  Gb  heap_4.o [1]
vPortSetupTimerInterrupt
                        0x00015149    0x30  Code  Wk  fsl_tickless_systick.o [1]
vPortStartFirstTask     0x000151ed          Code  Gb  portasm.o [1]
vPortValidateInterruptPriority
                        0x000149b5    0x4a  Code  Gb  port.o [1]
vProcessTask_CheckEvent
                        0x0001cce1    0xf0  Code  Lc  ProcessTask.o [1]
vProcessTask_Task       0x0001cc1b    0xc6  Code  Gb  ProcessTask.o [1]
vQueueAddToRegistry     0x00013b2f    0x24  Code  Gb  queue.o [1]
vQueueDelete            0x000139b1    0x26  Code  Gb  queue.o [1]
vQueueUnregisterQueue   0x00013b53    0x2a  Code  Gb  queue.o [1]
vQueueWaitForMessageRestricted
                        0x00013b89    0x4a  Code  Gb  queue.o [1]
vSDCardTask_Run         0x0001c743   0x192  Code  Gb  SDCardTask.o [1]
vSHT11_Read             0x0001c565    0xc2  Code  Gb  SHT1x.o [1]
vSHT1x_ClkDir_In        0x0001c663    0x14  Code  Lc  SHT1x.o [1]
vSHT1x_ClkDir_Out       0x0001c64f    0x14  Code  Lc  SHT1x.o [1]
vSHT1x_ClkOut_High      0x0001c6dd     0xe  Code  Lc  SHT1x.o [1]
vSHT1x_ClkOut_Low       0x0001c6eb     0xe  Code  Lc  SHT1x.o [1]
vSHT1x_DataDir_In       0x0001c63b    0x14  Code  Lc  SHT1x.o [1]
vSHT1x_DataDir_Out      0x0001c627    0x14  Code  Lc  SHT1x.o [1]
vSHT1x_DataOut_High     0x0001c6c1     0xe  Code  Lc  SHT1x.o [1]
vSHT1x_DataOut_Low      0x0001c6cf     0xe  Code  Lc  SHT1x.o [1]
vSS_Light_Init          0x0001ac55     0x8  Code  Gb  SS_Light.o [1]
vSS_Light_getLux        0x0001ac5d     0xc  Code  Gb  SS_Light.o [1]
vSS_TempAndHumi_Air_Index
                        0x0001cbd1     0xa  Code  Gb  SS_TempAndHumi.o [1]
vSensorTask_SetDataSensor
                        0x0001cab7    0xbe  Code  Gb  SensorTask.o [1]
vSensorTask_Task        0x0001c981   0x136  Code  Gb  SensorTask.o [1]
vTaskDelay              0x00013dcf    0x4c  Code  Gb  tasks.o [1]
vTaskMissedYield        0x0001443d     0xa  Code  Gb  tasks.o [1]
vTaskPlaceOnEventList   0x0001429b    0x2e  Code  Gb  tasks.o [1]
vTaskPlaceOnEventListRestricted
                        0x000142c9    0x38  Code  Gb  tasks.o [1]
vTaskPriorityInherit    0x0001459b    0xa8  Code  Gb  tasks.o [1]
vTaskResume             0x00013f27    0x86  Code  Gb  tasks.o [1]
vTaskSetTimeOutState    0x00014395    0x26  Code  Gb  tasks.o [1]
vTaskStartScheduler     0x00013fad    0x6e  Code  Gb  tasks.o [1]
vTaskSuspend            0x00013e1b    0xd6  Code  Gb  tasks.o [1]
vTaskSuspendAll         0x0001401b    0x10  Code  Gb  tasks.o [1]
vTaskSwitchContext      0x0001422f    0x6c  Code  Gb  tasks.o [1]
vUART_Init              0x00019121    0x58  Code  Gb  UART.o [1]
vUART_Write             0x00019179     0xa  Code  Gb  UART.o [1]
vWhoAmITask_Task        0x0001d0fb    0x96  Code  Gb  WhoAmITask.o [1]
validate                0x0000ff8b    0x46  Code  Lc  ff.o [1]
xActiveTimerList1       0x1fff8724    0x14  Data  Lc  timers.o [1]
xActiveTimerList2       0x1fff8738    0x14  Data  Lc  timers.o [1]
xBlockAllocatedBit      0x1fff7e14     0x4  Data  Lc  heap_4.o [1]
xDataLocal              0x1fff0008    0x1c  Data  Gb  main.o [1]
xDelayedTaskList1       0x1fff8688    0x14  Data  Lc  tasks.o [1]
xDelayedTaskList2       0x1fff869c    0x14  Data  Lc  tasks.o [1]
xFileAccess_GetSizeByID
                        0x0001a6bf     0x4  Code  Lc  FileAccess.o [1]
xFlags                  0x1fff8054     0x4  Data  Gb  main.o [1]
xFreeBytesReMaining     0x1fff7e0c     0x4  Data  Lc  heap_4.o [1]
xHeapStructSize         0x0001f048     0x4  Data  Lc  heap_4.o [1]
xIdleTaskHandle         0x1fff871c     0x4  Data  Lc  tasks.o [1]
xMaster_Handle_BH1750   0x1fff7e18    0x38  Data  Gb  main.o [1]
xMinimumEverFreeBytesReMaining
                        0x1fff7e10     0x4  Data  Lc  heap_4.o [1]
xNextTaskUnblockTime    0x1fff8718     0x4  Data  Lc  tasks.o [1]
xNumOfOverflows         0x1fff8710     0x4  Data  Lc  tasks.o [1]
xPacketHandle_RecvMessage
                        0x00018941   0x204  Code  Gb  PacketHandle.o [1]
xPacketSend             0x1fff82ec   0x310  Data  Gb  SensorTask.o [1]
xPendingReadyList       0x1fff86b8    0x14  Data  Lc  tasks.o [1]
xPortStartScheduler     0x00014853    0xcc  Code  Gb  port.o [1]
xQueueCreateMutex       0x000134b5    0x1c  Code  Gb  queue.o [1]
xQueueGenericCreate     0x0001342b    0x4a  Code  Gb  queue.o [1]
xQueueGenericReceive    0x000137f3   0x1be  Code  Gb  queue.o [1]
xQueueGenericReset      0x00013399    0x92  Code  Gb  queue.o [1]
xQueueGenericSend       0x000134d1   0x196  Code  Gb  queue.o [1]
xQueueGenericSendFromISR
                        0x00013667    0xd8  Code  Gb  queue.o [1]
xQueueGiveFromISR       0x0001373f    0xb4  Code  Gb  queue.o [1]
xQueueRegistry          0x1fff8074    0x40  Data  Gb  queue.o [1]
xSS_Value               0x1fff85fc    0x10  Data  Gb  SensorTask.o [1]
xSS_Value_Current       0x1fff860c    0x10  Data  Gb  SensorTask.o [1]
xSchedulerRunning       0x1fff8704     0x4  Data  Lc  tasks.o [1]
xStart                  0x1fff7e00     0x8  Data  Lc  heap_4.o [1]
xSuspendedTaskList      0x1fff86e4    0x14  Data  Lc  tasks.o [1]
xTask                   0x1fff0024    0x18  Data  Gb  main.o [1]
xTaskCheckForTimeOut    0x000143bd    0x80  Code  Gb  tasks.o [1]
xTaskCreate             0x00013bd5    0x76  Code  Gb  tasks.o [1]
xTaskGetSchedulerState  0x0001457b    0x20  Code  Gb  tasks.o [1]
xTaskGetTickCount       0x00014125     0x8  Code  Gb  tasks.o [1]
xTaskIncrementTick      0x0001412d   0x102  Code  Gb  tasks.o [1]
xTaskPriorityDisinherit
                        0x00014649    0xb2  Code  Gb  tasks.o [1]
xTaskRemoveFromEventList
                        0x00014309    0x7c  Code  Gb  tasks.o [1]
xTaskResumeAll          0x0001402b    0xfa  Code  Gb  tasks.o [1]
xTasksWaitingTermination
                        0x1fff86cc    0x14  Data  Lc  tasks.o [1]
xTickCount              0x1fff86fc     0x4  Data  Lc  tasks.o [1]
xTimerCreateTimerTask   0x00014d29    0x46  Code  Gb  timers.o [1]
xTimerGenericCommand    0x00014d6f    0x72  Code  Gb  timers.o [1]
xTimerQueue             0x1fff8754     0x4  Data  Lc  timers.o [1]
xTimerTaskHandle        0x1fff8758     0x4  Data  Lc  timers.o [1]
xWdog_Base              0x1fff003c     0x4  Data  Lc  main.o [1]
xYieldPending           0x1fff870c     0x4  Data  Lc  tasks.o [1]


[1] = F:\03.Git\smf\FW\fw_smf_v1.1\fw_smf_sensor\Release\Obj
[2] = command line
[3] = dl7M_tln.a
[4] = m7M_tls.a
[5] = rt7M_tl.a
[6] = shb_l.a

  60 143 bytes of readonly  code memory
  66 973 bytes of readonly  data memory
  36 197 bytes of readwrite data memory

Errors: none
Warnings: none
