###############################################################################
#
# IAR ELF Linker V7.80.2.11947/W32 for ARM                09/Aug/2018  12:53:19
# Copyright 2007-2016 IAR Systems AB.
#
#    Output file  =  
#        D:\05.Git\smf\FW\fw_smf_v1.1\fw_smf_gw\Release\Exe\fw_smf_gw.out
#    Map file     =  
#        D:\05.Git\smf\FW\fw_smf_v1.1\fw_smf_gw\Release\List\fw_smf_gw.map
#    Command line =  
#        D:\05.Git\smf\FW\fw_smf_v1.1\fw_smf_gw\Release\Obj\api_lib.o
#        D:\05.Git\smf\FW\fw_smf_v1.1\fw_smf_gw\Release\Obj\api_msg.o
#        D:\05.Git\smf\FW\fw_smf_v1.1\fw_smf_gw\Release\Obj\auth.o
#        D:\05.Git\smf\FW\fw_smf_v1.1\fw_smf_gw\Release\Obj\autoip.o
#        D:\05.Git\smf\FW\fw_smf_v1.1\fw_smf_gw\Release\Obj\board.o
#        D:\05.Git\smf\FW\fw_smf_v1.1\fw_smf_gw\Release\Obj\ccp.o
#        D:\05.Git\smf\FW\fw_smf_v1.1\fw_smf_gw\Release\Obj\chap-md5.o
#        D:\05.Git\smf\FW\fw_smf_v1.1\fw_smf_gw\Release\Obj\chap-new.o
#        D:\05.Git\smf\FW\fw_smf_v1.1\fw_smf_gw\Release\Obj\chap_ms.o
#        D:\05.Git\smf\FW\fw_smf_v1.1\fw_smf_gw\Release\Obj\CheckMsg.o
#        D:\05.Git\smf\FW\fw_smf_v1.1\fw_smf_gw\Release\Obj\clock_config.o
#        D:\05.Git\smf\FW\fw_smf_v1.1\fw_smf_gw\Release\Obj\croutine.o
#        D:\05.Git\smf\FW\fw_smf_v1.1\fw_smf_gw\Release\Obj\def.o
#        D:\05.Git\smf\FW\fw_smf_v1.1\fw_smf_gw\Release\Obj\demand.o
#        D:\05.Git\smf\FW\fw_smf_v1.1\fw_smf_gw\Release\Obj\dhcp.o
#        D:\05.Git\smf\FW\fw_smf_v1.1\fw_smf_gw\Release\Obj\dhcp6.o
#        D:\05.Git\smf\FW\fw_smf_v1.1\fw_smf_gw\Release\Obj\diskio.o
#        D:\05.Git\smf\FW\fw_smf_v1.1\fw_smf_gw\Release\Obj\dns.o
#        D:\05.Git\smf\FW\fw_smf_v1.1\fw_smf_gw\Release\Obj\eap.o
#        D:\05.Git\smf\FW\fw_smf_v1.1\fw_smf_gw\Release\Obj\err.o
#        D:\05.Git\smf\FW\fw_smf_v1.1\fw_smf_gw\Release\Obj\etharp.o
#        D:\05.Git\smf\FW\fw_smf_v1.1\fw_smf_gw\Release\Obj\ethernet.o
#        D:\05.Git\smf\FW\fw_smf_v1.1\fw_smf_gw\Release\Obj\ethernetif.o
#        D:\05.Git\smf\FW\fw_smf_v1.1\fw_smf_gw\Release\Obj\ethip6.o
#        D:\05.Git\smf\FW\fw_smf_v1.1\fw_smf_gw\Release\Obj\EthTask.o
#        D:\05.Git\smf\FW\fw_smf_v1.1\fw_smf_gw\Release\Obj\eui64.o
#        D:\05.Git\smf\FW\fw_smf_v1.1\fw_smf_gw\Release\Obj\event_groups.o
#        D:\05.Git\smf\FW\fw_smf_v1.1\fw_smf_gw\Release\Obj\ff.o
#        D:\05.Git\smf\FW\fw_smf_v1.1\fw_smf_gw\Release\Obj\ffsystem.o
#        D:\05.Git\smf\FW\fw_smf_v1.1\fw_smf_gw\Release\Obj\ffunicode.o
#        D:\05.Git\smf\FW\fw_smf_v1.1\fw_smf_gw\Release\Obj\FileAccess.o
#        D:\05.Git\smf\FW\fw_smf_v1.1\fw_smf_gw\Release\Obj\fsl_adc16.o
#        D:\05.Git\smf\FW\fw_smf_v1.1\fw_smf_gw\Release\Obj\fsl_clock.o
#        D:\05.Git\smf\FW\fw_smf_v1.1\fw_smf_gw\Release\Obj\fsl_common.o
#        D:\05.Git\smf\FW\fw_smf_v1.1\fw_smf_gw\Release\Obj\fsl_debug_console.o
#        D:\05.Git\smf\FW\fw_smf_v1.1\fw_smf_gw\Release\Obj\fsl_dspi.o
#        D:\05.Git\smf\FW\fw_smf_v1.1\fw_smf_gw\Release\Obj\fsl_dspi_freertos.o
#        D:\05.Git\smf\FW\fw_smf_v1.1\fw_smf_gw\Release\Obj\fsl_enet.o
#        D:\05.Git\smf\FW\fw_smf_v1.1\fw_smf_gw\Release\Obj\fsl_flash.o
#        D:\05.Git\smf\FW\fw_smf_v1.1\fw_smf_gw\Release\Obj\fsl_gpio.o
#        D:\05.Git\smf\FW\fw_smf_v1.1\fw_smf_gw\Release\Obj\fsl_i2c.o
#        D:\05.Git\smf\FW\fw_smf_v1.1\fw_smf_gw\Release\Obj\fsl_i2c_freertos.o
#        D:\05.Git\smf\FW\fw_smf_v1.1\fw_smf_gw\Release\Obj\fsl_lptmr.o
#        D:\05.Git\smf\FW\fw_smf_v1.1\fw_smf_gw\Release\Obj\fsl_phy.o
#        D:\05.Git\smf\FW\fw_smf_v1.1\fw_smf_gw\Release\Obj\fsl_rtc.o
#        D:\05.Git\smf\FW\fw_smf_v1.1\fw_smf_gw\Release\Obj\fsl_sd.o
#        D:\05.Git\smf\FW\fw_smf_v1.1\fw_smf_gw\Release\Obj\fsl_sd_disk.o
#        D:\05.Git\smf\FW\fw_smf_v1.1\fw_smf_gw\Release\Obj\fsl_sdhc.o
#        D:\05.Git\smf\FW\fw_smf_v1.1\fw_smf_gw\Release\Obj\fsl_sdmmc_common.o
#        D:\05.Git\smf\FW\fw_smf_v1.1\fw_smf_gw\Release\Obj\fsl_sdmmc_event.o
#        D:\05.Git\smf\FW\fw_smf_v1.1\fw_smf_gw\Release\Obj\fsl_sdmmc_host.o
#        D:\05.Git\smf\FW\fw_smf_v1.1\fw_smf_gw\Release\Obj\fsl_sim.o
#        D:\05.Git\smf\FW\fw_smf_v1.1\fw_smf_gw\Release\Obj\fsl_smc.o
#        D:\05.Git\smf\FW\fw_smf_v1.1\fw_smf_gw\Release\Obj\fsl_sysmpu.o
#        D:\05.Git\smf\FW\fw_smf_v1.1\fw_smf_gw\Release\Obj\fsl_tickless_systick.o
#        D:\05.Git\smf\FW\fw_smf_v1.1\fw_smf_gw\Release\Obj\fsl_uart.o
#        D:\05.Git\smf\FW\fw_smf_v1.1\fw_smf_gw\Release\Obj\fsl_uart_freertos.o
#        D:\05.Git\smf\FW\fw_smf_v1.1\fw_smf_gw\Release\Obj\fsl_vref.o
#        D:\05.Git\smf\FW\fw_smf_v1.1\fw_smf_gw\Release\Obj\fsl_wdog.o
#        D:\05.Git\smf\FW\fw_smf_v1.1\fw_smf_gw\Release\Obj\fsm.o
#        D:\05.Git\smf\FW\fw_smf_v1.1\fw_smf_gw\Release\Obj\heap_4.o
#        D:\05.Git\smf\FW\fw_smf_v1.1\fw_smf_gw\Release\Obj\icmp.o
#        D:\05.Git\smf\FW\fw_smf_v1.1\fw_smf_gw\Release\Obj\icmp6.o
#        D:\05.Git\smf\FW\fw_smf_v1.1\fw_smf_gw\Release\Obj\igmp.o
#        D:\05.Git\smf\FW\fw_smf_v1.1\fw_smf_gw\Release\Obj\inet6.o
#        D:\05.Git\smf\FW\fw_smf_v1.1\fw_smf_gw\Release\Obj\inet_chksum.o
#        D:\05.Git\smf\FW\fw_smf_v1.1\fw_smf_gw\Release\Obj\init.o
#        D:\05.Git\smf\FW\fw_smf_v1.1\fw_smf_gw\Release\Obj\IOControl.o
#        D:\05.Git\smf\FW\fw_smf_v1.1\fw_smf_gw\Release\Obj\ip.o
#        D:\05.Git\smf\FW\fw_smf_v1.1\fw_smf_gw\Release\Obj\ip4.o
#        D:\05.Git\smf\FW\fw_smf_v1.1\fw_smf_gw\Release\Obj\ip4_addr.o
#        D:\05.Git\smf\FW\fw_smf_v1.1\fw_smf_gw\Release\Obj\ip4_frag.o
#        D:\05.Git\smf\FW\fw_smf_v1.1\fw_smf_gw\Release\Obj\ip6.o
#        D:\05.Git\smf\FW\fw_smf_v1.1\fw_smf_gw\Release\Obj\ip6_addr.o
#        D:\05.Git\smf\FW\fw_smf_v1.1\fw_smf_gw\Release\Obj\ip6_frag.o
#        D:\05.Git\smf\FW\fw_smf_v1.1\fw_smf_gw\Release\Obj\ipcp.o
#        D:\05.Git\smf\FW\fw_smf_v1.1\fw_smf_gw\Release\Obj\ipv6cp.o
#        D:\05.Git\smf\FW\fw_smf_v1.1\fw_smf_gw\Release\Obj\lcp.o
#        D:\05.Git\smf\FW\fw_smf_v1.1\fw_smf_gw\Release\Obj\list.o
#        D:\05.Git\smf\FW\fw_smf_v1.1\fw_smf_gw\Release\Obj\lowpan6.o
#        D:\05.Git\smf\FW\fw_smf_v1.1\fw_smf_gw\Release\Obj\lwip_ecp.o
#        D:\05.Git\smf\FW\fw_smf_v1.1\fw_smf_gw\Release\Obj\magic.o
#        D:\05.Git\smf\FW\fw_smf_v1.1\fw_smf_gw\Release\Obj\main.o
#        D:\05.Git\smf\FW\fw_smf_v1.1\fw_smf_gw\Release\Obj\mem.o
#        D:\05.Git\smf\FW\fw_smf_v1.1\fw_smf_gw\Release\Obj\memp.o
#        D:\05.Git\smf\FW\fw_smf_v1.1\fw_smf_gw\Release\Obj\mld6.o
#        D:\05.Git\smf\FW\fw_smf_v1.1\fw_smf_gw\Release\Obj\mppe.o
#        D:\05.Git\smf\FW\fw_smf_v1.1\fw_smf_gw\Release\Obj\mqtt.o
#        D:\05.Git\smf\FW\fw_smf_v1.1\fw_smf_gw\Release\Obj\MQTTClient.o
#        D:\05.Git\smf\FW\fw_smf_v1.1\fw_smf_gw\Release\Obj\multilink.o
#        D:\05.Git\smf\FW\fw_smf_v1.1\fw_smf_gw\Release\Obj\nd6.o
#        D:\05.Git\smf\FW\fw_smf_v1.1\fw_smf_gw\Release\Obj\netbuf.o
#        D:\05.Git\smf\FW\fw_smf_v1.1\fw_smf_gw\Release\Obj\netdb.o
#        D:\05.Git\smf\FW\fw_smf_v1.1\fw_smf_gw\Release\Obj\netif.o
#        D:\05.Git\smf\FW\fw_smf_v1.1\fw_smf_gw\Release\Obj\netifapi.o
#        D:\05.Git\smf\FW\fw_smf_v1.1\fw_smf_gw\Release\Obj\Parse.o
#        D:\05.Git\smf\FW\fw_smf_v1.1\fw_smf_gw\Release\Obj\pbuf.o
#        D:\05.Git\smf\FW\fw_smf_v1.1\fw_smf_gw\Release\Obj\pin_mux.o
#        D:\05.Git\smf\FW\fw_smf_v1.1\fw_smf_gw\Release\Obj\port.o
#        D:\05.Git\smf\FW\fw_smf_v1.1\fw_smf_gw\Release\Obj\portasm.o
#        D:\05.Git\smf\FW\fw_smf_v1.1\fw_smf_gw\Release\Obj\ppp.o
#        D:\05.Git\smf\FW\fw_smf_v1.1\fw_smf_gw\Release\Obj\pppapi.o
#        D:\05.Git\smf\FW\fw_smf_v1.1\fw_smf_gw\Release\Obj\pppcrypt.o
#        D:\05.Git\smf\FW\fw_smf_v1.1\fw_smf_gw\Release\Obj\pppoe.o
#        D:\05.Git\smf\FW\fw_smf_v1.1\fw_smf_gw\Release\Obj\pppol2tp.o
#        D:\05.Git\smf\FW\fw_smf_v1.1\fw_smf_gw\Release\Obj\pppos.o
#        D:\05.Git\smf\FW\fw_smf_v1.1\fw_smf_gw\Release\Obj\ProcessMsg.o
#        D:\05.Git\smf\FW\fw_smf_v1.1\fw_smf_gw\Release\Obj\ProcessTask.o
#        D:\05.Git\smf\FW\fw_smf_v1.1\fw_smf_gw\Release\Obj\queue.o
#        D:\05.Git\smf\FW\fw_smf_v1.1\fw_smf_gw\Release\Obj\raw.o
#        D:\05.Git\smf\FW\fw_smf_v1.1\fw_smf_gw\Release\Obj\RTC.o
#        D:\05.Git\smf\FW\fw_smf_v1.1\fw_smf_gw\Release\Obj\SDCardTask.o
#        D:\05.Git\smf\FW\fw_smf_v1.1\fw_smf_gw\Release\Obj\slipif.o
#        D:\05.Git\smf\FW\fw_smf_v1.1\fw_smf_gw\Release\Obj\sockets.o
#        D:\05.Git\smf\FW\fw_smf_v1.1\fw_smf_gw\Release\Obj\startup_MK64F12.o
#        D:\05.Git\smf\FW\fw_smf_v1.1\fw_smf_gw\Release\Obj\stats.o
#        D:\05.Git\smf\FW\fw_smf_v1.1\fw_smf_gw\Release\Obj\sys.o
#        D:\05.Git\smf\FW\fw_smf_v1.1\fw_smf_gw\Release\Obj\sys_arch.o
#        D:\05.Git\smf\FW\fw_smf_v1.1\fw_smf_gw\Release\Obj\system_MK64F12.o
#        D:\05.Git\smf\FW\fw_smf_v1.1\fw_smf_gw\Release\Obj\tasks.o
#        D:\05.Git\smf\FW\fw_smf_v1.1\fw_smf_gw\Release\Obj\tcp.o
#        D:\05.Git\smf\FW\fw_smf_v1.1\fw_smf_gw\Release\Obj\tcp_in.o
#        D:\05.Git\smf\FW\fw_smf_v1.1\fw_smf_gw\Release\Obj\tcp_out.o
#        D:\05.Git\smf\FW\fw_smf_v1.1\fw_smf_gw\Release\Obj\tcpip.o
#        D:\05.Git\smf\FW\fw_smf_v1.1\fw_smf_gw\Release\Obj\timeouts.o
#        D:\05.Git\smf\FW\fw_smf_v1.1\fw_smf_gw\Release\Obj\timers.o
#        D:\05.Git\smf\FW\fw_smf_v1.1\fw_smf_gw\Release\Obj\UART.o
#        D:\05.Git\smf\FW\fw_smf_v1.1\fw_smf_gw\Release\Obj\udp.o
#        D:\05.Git\smf\FW\fw_smf_v1.1\fw_smf_gw\Release\Obj\upap.o
#        D:\05.Git\smf\FW\fw_smf_v1.1\fw_smf_gw\Release\Obj\UserFile.o
#        D:\05.Git\smf\FW\fw_smf_v1.1\fw_smf_gw\Release\Obj\utils.o
#        D:\05.Git\smf\FW\fw_smf_v1.1\fw_smf_gw\Release\Obj\vj.o
#        D:\05.Git\smf\FW\fw_smf_v1.1\fw_smf_gw\Release\Obj\WhoAmITask.o
#        --redirect _Printf=_PrintfFull --redirect _Scanf=_ScanfSmall -o
#        D:\05.Git\smf\FW\fw_smf_v1.1\fw_smf_gw\Release\Exe\fw_smf_gw.out --map
#        D:\05.Git\smf\FW\fw_smf_v1.1\fw_smf_gw\Release\List\fw_smf_gw.map
#        --config
#        D:\05.Git\smf\FW\fw_smf_v1.1\fw_smf_gw/MK64FN1M0xxx12_flash.icf
#        --semihosting --entry __iar_program_start --vfe
#
###############################################################################

*******************************************************************************
*** RUNTIME MODEL ATTRIBUTES
***

CppFlavor       = *
__Heap_Handler  = DLMalloc
__SystemLibrary = DLib


*******************************************************************************
*** PLACEMENT SUMMARY
***

"A0":  place at 0x00000000 { ro section .intvec };
"P1":  place in [from 0x00000400 to 0x0000040f] { section FlashConfig };
"P2":  place in [from 0x00000000 to 0x000003ff] |
                [from 0x00000410 to 0x000fffff] { ro };
"P3":  place in [from 0x1fff0000 to 0x1fffffff] |
                [from 0x20000000 to 0x2002fbff] { block RW };
"P4":  place in [from 0x1fff0000 to 0x1fffffff] |
                [from 0x20000000 to 0x2002fbff] { block ZI };
"P6":  place in [from 0x2002fc00 to 0x2002ffff] { block CSTACK };
initialize by copy { rw, section .textrw };

  Section               Kind        Address     Size  Object
  -------               ----        -------     ----  ------
"A0":                                          0x400
  .intvec               ro code  0x00000000    0x400  startup_MK64F12.o [1]
                               - 0x00000400    0x400

"P1":                                           0x10
  FlashConfig           ro code  0x00000400     0x10  startup_MK64F12.o [1]
                               - 0x00000410     0x10

"P2":                                        0x1df60
  .rodata               const    0x00000410   0x7378  ffunicode.o [1]
  .rodata               const    0x00007788   0x7378  ffunicode.o [1]
  .text                 ro code  0x0000eb00   0x2012  ff.o [1]
  .text                 ro code  0x00010b12      0xa  xsprout.o [3]
  .text                 ro code  0x00010b1c    0x188  ffunicode.o [1]
  .text                 ro code  0x00010ca4     0x74  diskio.o [1]
  .text                 ro code  0x00010d18     0xf8  fsl_sd_disk.o [1]
  .text                 ro code  0x00010e10   0x156e  fsl_sd.o [1]
  .text                 ro code  0x0001237e      0x2  startup_MK64F12.o [1]
  .text                 ro code  0x00012380     0x66  ABImemset.o [5]
  .text                 ro code  0x000123e6      0x2  startup_MK64F12.o [1]
  .text                 ro code  0x000123e8     0x24  ABIassert.o [6]
  .text                 ro code  0x0001240c    0x320  fsl_sdmmc_common.o [1]
  .text                 ro code  0x0001272c      0x6  ABImemclr4.o [5]
  .text                 ro code  0x00012732      0x2  startup_MK64F12.o [1]
  .text                 ro code  0x00012734     0x76  ABImemcpy_unaligned.o [5]
  .text                 ro code  0x000127aa      0x2  startup_MK64F12.o [1]
  .text                 ro code  0x000127ac    0xb84  fsl_sdhc.o [1]
  .text                 ro code  0x00013330    0x36a  fsl_sdmmc_host.o [1]
  .text                 ro code  0x0001369a      0x6  abort.o [3]
  .text                 ro code  0x000136a0     0x32  ABImemset48.o [5]
  .text                 ro code  0x000136d2      0x2  startup_MK64F12.o [1]
  .text                 ro code  0x000136d4    0x106  fsl_sdmmc_event.o [1]
  .text                 ro code  0x000137da      0x2  startup_MK64F12.o [1]
  .text                 ro code  0x000137dc     0x14  exit.o [6]
  .text                 ro code  0x000137f0    0x7fe  queue.o [1]
  .rodata               const    0x00013fee      0x1  fsl_sdhc.o [1]
  .text                 ro code  0x00013ff0    0xa98  tasks.o [1]
  .text                 ro code  0x00014a88    0x230  port.o [1]
  .text                 ro code  0x00014cb8     0x98  list.o [1]
  .text                 ro code  0x00014d50    0x260  heap_4.o [1]
  .text                 ro code  0x00014fb0    0x420  timers.o [1]
  .text                 ro code  0x000153d0     0x30  fsl_tickless_systick.o [1]
  CODE                  ro code  0x00015400     0xa8  portasm.o [1]
  .text                 ro code  0x000154a8    0xdd2  xprintffull.o [3]
  .text                 ro code  0x0001627c     0x16  strchr.o [5]
  .text                 ro code  0x00016294     0x36  strlen.o [5]
  .text                 ro code  0x000162cc     0x58  memchr.o [5]
  .text                 ro code  0x00016324    0x132  I64DivMod.o [5]
  .text                 ro code  0x00016456     0x44  xdnorm.o [4]
  .text                 ro code  0x0001649c     0x2e  DblCmpLe.o [4]
  .text                 ro code  0x000164cc     0x2e  DblCmpGe.o [4]
  .text                 ro code  0x000164fc    0x114  xdscale.o [4]
  .text                 ro code  0x00016610     0x58  DblToI32.o [4]
  .text                 ro code  0x00016668     0x30  I32ToDbl.o [4]
  .text                 ro code  0x00016698    0x180  DblSub.o [4]
  .text                 ro code  0x00016818    0x1a2  DblMul.o [4]
  .text                 ro code  0x000169bc    0x256  DblDiv.o [4]
  .text                 ro code  0x00016c12      0xe  div.o [3]
  .text                 ro code  0x00016c20      0x2  I64DivZer.o [5]
  .text                 ro code  0x00016c24     0xe8  DblAdd.o [4]
  .text                 ro code  0x00016d0c    0xa52  fsl_debug_console.o [1]
  .text                 ro code  0x00017760    0x448  fsl_uart.o [1]
  .text                 ro code  0x00017ba8     0x20  DblCmpEq.o [4]
  .text                 ro code  0x00017bc8     0xc0  modf.o [4]
  .text                 ro code  0x00017c88    0x8c0  pow.o [4]
  .text                 ro code  0x00018548     0x7a  DblToI64.o [4]
  .text                 ro code  0x000185c4     0x58  I64ToDbl.o [4]
  .text                 ro code  0x0001861c     0x7e  xdint.o [4]
  .text                 ro code  0x0001869c      0xc  errno.o [3]
  .text                 ro code  0x000186a8     0xb0  xlog.o [4]
  .text                 ro code  0x00018758    0x2c6  xexp.o [4]
  .text                 ro code  0x00018a1e      0x2  xtls.o [3]
  .text                 ro code  0x00018a20     0x40  xdtest.o [4]
  .text                 ro code  0x00018a60    0x988  ProcessMsg.o [1]
  .text                 ro code  0x000193e8    0x4ec  Parse.o [1]
  .text                 ro code  0x000198d4    0x1b6  CheckMsg.o [1]
  .text                 ro code  0x00019a8c     0x42  strcmp_unaligned.o [5]
  .text                 ro code  0x00019ad0     0x78  RTC.o [1]
  .text                 ro code  0x00019b48     0x34  sprintf.o [3]
  .text                 ro code  0x00019b7c    0x488  main.o [1]
  .text                 ro code  0x0001a004      0x8  atoi.o [3]
  .text                 ro code  0x0001a00c    0x208  UserFile.o [1]
  .text                 ro code  0x0001a214     0x44  strcpy_unaligned.o [5]
  .text                 ro code  0x0001a258     0xfc  UART.o [1]
  .text                 ro code  0x0001a354    0x32c  fsl_rtc.o [1]
  .text                 ro code  0x0001a680    0x310  pin_mux.o [1]
  .text                 ro code  0x0001a990     0x68  clock_config.o [1]
  .text                 ro code  0x0001a9f8     0x1c  board.o [1]
  .text                 ro code  0x0001aa14    0x11c  fsl_wdog.o [1]
  .text                 ro code  0x0001ab30     0x20  fsl_sim.o [1]
  .text                 ro code  0x0001ab50    0x19c  xstoul.o [3]
  .text                 ro code  0x0001acec    0x12e  FileAccess.o [1]
  .text                 ro code  0x0001ae1c    0x588  fsl_clock.o [1]
  .text                 ro code  0x0001b3a4     0x70  fsl_gpio.o [1]
  .text                 ro code  0x0001b414     0x20  fsl_smc.o [1]
  .text                 ro code  0x0001b434    0x43c  ProcessTask.o [1]
  .text                 ro code  0x0001b870     0x98  IOControl.o [1]
  .text                 ro code  0x0001b908     0xf4  fsl_lptmr.o [1]
  .text                 ro code  0x0001b9fc    0x310  SDCardTask.o [1]
  .text                 ro code  0x0001bd0c    0x1f8  WhoAmITask.o [1]
  .rodata               const    0x0001bf04    0x1f4  ffunicode.o [1]
  .text                 ro code  0x0001c0f8     0xd0  fsl_dspi.o [1]
  .rodata               const    0x0001c1c8     0xbc  ffunicode.o [1]
  .text                 ro code  0x0001c284     0x68  fsl_enet.o [1]
  .text                 ro code  0x0001c2ec     0x68  fsl_i2c.o [1]
  .rodata               const    0x0001c354     0x54  fsl_clock.o [1]
  .rodata               const    0x0001c3a8     0x54  fsl_dspi.o [1]
  .rodata               const    0x0001c3fc     0x54  fsl_gpio.o [1]
  .rodata               const    0x0001c450     0x54  fsl_lptmr.o [1]
  .rodata               const    0x0001c4a4     0x54  fsl_rtc.o [1]
  .rodata               const    0x0001c4f8     0x54  fsl_sdhc.o [1]
  .rodata               const    0x0001c54c     0x54  fsl_sdhc.o [1]
  .rodata               const    0x0001c5a0     0x54  fsl_sdhc.o [1]
  .rodata               const    0x0001c5f4     0x54  fsl_sdhc.o [1]
  .rodata               const    0x0001c648     0x54  fsl_sdmmc_common.o [1]
  .rodata               const    0x0001c69c     0x54  fsl_uart.o [1]
  .rodata               const    0x0001c6f0     0x54  fsl_wdog.o [1]
  .rodata               const    0x0001c744     0x54  pin_mux.o [1]
  .rodata               const    0x0001c798     0x54  ProcessTask.o [1]
  .rodata               const    0x0001c7ec     0x50  fsl_sdhc.o [1]
  .rodata               const    0x0001c83c     0x4c  fsl_sdhc.o [1]
  .rodata               const    0x0001c888     0x48  fsl_sd.o [1]
  .rodata               const    0x0001c8d0     0x48  main.o [1]
  .rodata               const    0x0001c918     0x48  main.o [1]
  .rodata               const    0x0001c960     0x44  ProcessMsg.o [1]
  .rodata               const    0x0001c9a4     0x40  FileAccess.o [1]
  .rodata               const    0x0001c9e4     0x40  FileAccess.o [1]
  .rodata               const    0x0001ca24     0x40  fsl_uart.o [1]
  .rodata               const    0x0001ca64     0x40  fsl_uart.o [1]
  .rodata               const    0x0001caa4     0x40  ProcessTask.o [1]
  .rodata               const    0x0001cae4     0x40  SDCardTask.o [1]
  .rodata               const    0x0001cb24     0x40  UserFile.o [1]
  .rodata               const    0x0001cb64     0x40  WhoAmITask.o [1]
  .rodata               const    0x0001cba4     0x40  WhoAmITask.o [1]
  .text                 ro code  0x0001cbe4     0x40  zero_init3.o [5]
  .rodata               const    0x0001cc24     0x3c  Parse.o [1]
  .rodata               const    0x0001cc60     0x3c  ProcessTask.o [1]
  .rodata               const    0x0001cc9c     0x3c  SDCardTask.o [1]
  .rodata               const    0x0001ccd8     0x3c  UserFile.o [1]
  .rodata               const    0x0001cd14     0x38  main.o [1]
  .rodata               const    0x0001cd4c     0x38  Parse.o [1]
  .rodata               const    0x0001cd84     0x38  UserFile.o [1]
  .rodata               const    0x0001cdbc     0x38  WhoAmITask.o [1]
  Initializer bytes     const    0x0001cdf4     0x38  <for RW-1>
  .rodata               const    0x0001ce2c     0x34  FileAccess.o [1]
  .rodata               const    0x0001ce60     0x34  ProcessMsg.o [1]
  .text                 ro code  0x0001ce94     0x34  system_MK64F12.o [1]
  .rodata               const    0x0001cec8     0x30  fsl_sd.o [1]
  .rodata               const    0x0001cef8     0x30  ProcessMsg.o [1]
  .rodata               const    0x0001cf28     0x30  ProcessTask.o [1]
  .rodata               const    0x0001cf58     0x30  ProcessTask.o [1]
  .rodata               const    0x0001cf88     0x30  ProcessTask.o [1]
  .rodata               const    0x0001cfb8     0x30  UART.o [1]
  .rodata               const    0x0001cfe8     0x30  UserFile.o [1]
  .rodata               const    0x0001d018     0x2c  fsl_sd.o [1]
  .rodata               const    0x0001d044     0x2c  main.o [1]
  .rodata               const    0x0001d070     0x2c  main.o [1]
  .rodata               const    0x0001d09c     0x2c  main.o [1]
  .rodata               const    0x0001d0c8     0x2c  main.o [1]
  .rodata               const    0x0001d0f4     0x2c  ProcessMsg.o [1]
  .rodata               const    0x0001d120     0x2c  ProcessMsg.o [1]
  .rodata               const    0x0001d14c     0x2c  ProcessMsg.o [1]
  .rodata               const    0x0001d178     0x2c  ProcessMsg.o [1]
  .rodata               const    0x0001d1a4     0x2c  ProcessMsg.o [1]
  .rodata               const    0x0001d1d0     0x2c  ProcessMsg.o [1]
  .rodata               const    0x0001d1fc     0x2c  ProcessTask.o [1]
  .rodata               const    0x0001d228     0x2c  ProcessTask.o [1]
  .rodata               const    0x0001d254     0x2c  SDCardTask.o [1]
  .rodata               const    0x0001d280     0x2c  SDCardTask.o [1]
  .rodata               const    0x0001d2ac     0x2c  SDCardTask.o [1]
  .rodata               const    0x0001d2d8     0x2c  UserFile.o [1]
  .text                 ro code  0x0001d304     0x2c  copy_init3.o [5]
  .rodata               const    0x0001d330     0x28  CheckMsg.o [1]
  .rodata               const    0x0001d358     0x28  CheckMsg.o [1]
  .rodata               const    0x0001d380     0x28  fsl_sdhc.o [1]
  .rodata               const    0x0001d3a8     0x28  ProcessMsg.o [1]
  .rodata               const    0x0001d3d0     0x28  ProcessMsg.o [1]
  .rodata               const    0x0001d3f8     0x28  ProcessTask.o [1]
  .rodata               const    0x0001d420     0x28  ProcessTask.o [1]
  .rodata               const    0x0001d448     0x28  SDCardTask.o [1]
  .rodata               const    0x0001d470     0x28  SDCardTask.o [1]
  .rodata               const    0x0001d498     0x28  SDCardTask.o [1]
  .rodata               const    0x0001d4c0     0x28  SDCardTask.o [1]
  .rodata               const    0x0001d4e8     0x28  SDCardTask.o [1]
  .rodata               const    0x0001d510     0x28  SDCardTask.o [1]
  .rodata               const    0x0001d538     0x28  SDCardTask.o [1]
  .rodata               const    0x0001d560     0x28  SDCardTask.o [1]
  .rodata               const    0x0001d588     0x28  SDCardTask.o [1]
  .rodata               const    0x0001d5b0     0x28  UART.o [1]
  .rodata               const    0x0001d5d8     0x28  UserFile.o [1]
  .rodata               const    0x0001d600     0x28  UserFile.o [1]
  .text                 ro code  0x0001d628     0x28  startup_MK64F12.o [1]
  .text                 ro code  0x0001d650     0x28  data_init.o [5]
  .rodata               const    0x0001d678     0x24  CheckMsg.o [1]
  .rodata               const    0x0001d69c     0x24  FileAccess.o [1]
  .rodata               const    0x0001d6c0     0x24  fsl_lptmr.o [1]
  .rodata               const    0x0001d6e4     0x24  fsl_sdhc.o [1]
  .rodata               const    0x0001d708     0x24  ProcessMsg.o [1]
  .rodata               const    0x0001d72c     0x24  ProcessMsg.o [1]
  .rodata               const    0x0001d750     0x24  ProcessMsg.o [1]
  .rodata               const    0x0001d774     0x24  ProcessMsg.o [1]
  .rodata               const    0x0001d798     0x24  ProcessMsg.o [1]
  .rodata               const    0x0001d7bc     0x24  ProcessMsg.o [1]
  .rodata               const    0x0001d7e0     0x24  ProcessMsg.o [1]
  .rodata               const    0x0001d804     0x24  ProcessMsg.o [1]
  .rodata               const    0x0001d828     0x24  ProcessTask.o [1]
  .rodata               const    0x0001d84c     0x24  SDCardTask.o [1]
  .rodata               const    0x0001d870     0x24  SDCardTask.o [1]
  .text                 ro code  0x0001d894     0x22  fpinit_M.o [4]
  .iar.init_table       const    0x0001d8b8     0x24  - Linker created -
  .rodata               const    0x0001d8dc     0x20  CheckMsg.o [1]
  .rodata               const    0x0001d8fc     0x20  clock_config.o [1]
  .rodata               const    0x0001d91c     0x20  fsl_sd.o [1]
  .rodata               const    0x0001d93c     0x20  fsl_sd.o [1]
  .rodata               const    0x0001d95c     0x20  fsl_sd.o [1]
  .rodata               const    0x0001d97c     0x20  fsl_sd.o [1]
  .rodata               const    0x0001d99c     0x20  fsl_sd.o [1]
  .rodata               const    0x0001d9bc     0x20  fsl_sd.o [1]
  .rodata               const    0x0001d9dc     0x20  fsl_sd.o [1]
  .rodata               const    0x0001d9fc     0x20  fsl_sd.o [1]
  .rodata               const    0x0001da1c     0x20  fsl_sd.o [1]
  .rodata               const    0x0001da3c     0x20  fsl_sd.o [1]
  .rodata               const    0x0001da5c     0x20  fsl_sd.o [1]
  .rodata               const    0x0001da7c     0x20  fsl_sd.o [1]
  .rodata               const    0x0001da9c     0x20  fsl_sdmmc_common.o [1]
  .rodata               const    0x0001dabc     0x20  fsl_sdmmc_common.o [1]
  .rodata               const    0x0001dadc     0x20  fsl_sdmmc_common.o [1]
  .rodata               const    0x0001dafc     0x20  fsl_sdmmc_common.o [1]
  .rodata               const    0x0001db1c     0x20  fsl_sdmmc_common.o [1]
  .rodata               const    0x0001db3c     0x20  fsl_sdmmc_common.o [1]
  .rodata               const    0x0001db5c     0x20  ProcessMsg.o [1]
  .rodata               const    0x0001db7c     0x20  ProcessMsg.o [1]
  .rodata               const    0x0001db9c     0x20  ProcessMsg.o [1]
  .rodata               const    0x0001dbbc     0x20  ProcessMsg.o [1]
  .rodata               const    0x0001dbdc     0x20  ProcessMsg.o [1]
  .rodata               const    0x0001dbfc     0x20  ProcessMsg.o [1]
  .rodata               const    0x0001dc1c     0x20  ProcessMsg.o [1]
  .rodata               const    0x0001dc3c     0x20  UserFile.o [1]
  .rodata               const    0x0001dc5c     0x1c  fsl_rtc.o [1]
  .rodata               const    0x0001dc78     0x1c  fsl_uart.o [1]
  .rodata               const    0x0001dc94     0x1c  RTC.o [1]
  .text                 ro code  0x0001dcb0     0x1a  cmain.o [5]
  .text                 ro code  0x0001dcca      0x4  low_level_init.o [3]
  .text                 ro code  0x0001dcce      0x4  exit.o [3]
  .text                 ro code  0x0001dcd4      0xa  cexit.o [5]
  .rodata               const    0x0001dce0     0x18  fsl_uart.o [1]
  .rodata               const    0x0001dcf8     0x18  fsl_uart.o [1]
  .rodata               const    0x0001dd10     0x18  fsl_uart.o [1]
  .rodata               const    0x0001dd28     0x18  main.o [1]
  .rodata               const    0x0001dd40     0x14  fsl_sd.o [1]
  .rodata               const    0x0001dd54     0x14  main.o [1]
  .rodata               const    0x0001dd68     0x14  ProcessMsg.o [1]
  .rodata               const    0x0001dd7c     0x14  SDCardTask.o [1]
  .rodata               const    0x0001dd90     0x10  ff.o [1]
  .rodata               const    0x0001dda0     0x10  fsl_clock.o [1]
  .rodata               const    0x0001ddb0     0x10  fsl_clock.o [1]
  .rodata               const    0x0001ddc0     0x10  fsl_dspi.o [1]
  .rodata               const    0x0001ddd0     0x10  fsl_dspi.o [1]
  .rodata               const    0x0001dde0     0x10  fsl_dspi.o [1]
  .rodata               const    0x0001ddf0     0x10  fsl_rtc.o [1]
  .rodata               const    0x0001de00     0x10  fsl_rtc.o [1]
  .rodata               const    0x0001de10     0x10  fsl_sdhc.o [1]
  .rodata               const    0x0001de20     0x10  fsl_sdhc.o [1]
  .rodata               const    0x0001de30     0x10  fsl_sdhc.o [1]
  .rodata               const    0x0001de40     0x10  main.o [1]
  .rodata               const    0x0001de50     0x10  main.o [1]
  .rodata               const    0x0001de60     0x10  UserFile.o [1]
  .rodata               const    0x0001de70      0xc  CheckMsg.o [1]
  .rodata               const    0x0001de7c      0xc  CheckMsg.o [1]
  .rodata               const    0x0001de88      0xc  ff.o [1]
  .rodata               const    0x0001de94      0xc  ff.o [1]
  .rodata               const    0x0001dea0      0xc  fsl_clock.o [1]
  .rodata               const    0x0001deac      0xc  fsl_clock.o [1]
  .rodata               const    0x0001deb8      0xc  fsl_rtc.o [1]
  .rodata               const    0x0001dec4      0xc  fsl_sd.o [1]
  .rodata               const    0x0001ded0      0xc  fsl_sdhc.o [1]
  .rodata               const    0x0001dedc      0xc  fsl_sdhc.o [1]
  .rodata               const    0x0001dee8      0xc  fsl_sdhc.o [1]
  .rodata               const    0x0001def4      0xc  fsl_sdhc.o [1]
  .rodata               const    0x0001df00      0xc  fsl_sdmmc_common.o [1]
  .rodata               const    0x0001df0c      0xc  Parse.o [1]
  .rodata               const    0x0001df18      0xc  ProcessMsg.o [1]
  .rodata               const    0x0001df24      0xc  ProcessMsg.o [1]
  .rodata               const    0x0001df30      0xc  ProcessMsg.o [1]
  .rodata               const    0x0001df3c      0xc  ProcessMsg.o [1]
  .rodata               const    0x0001df48      0xc  ProcessMsg.o [1]
  .rodata               const    0x0001df54      0xc  ProcessMsg.o [1]
  .rodata               const    0x0001df60      0xc  ProcessTask.o [1]
  .text                 ro code  0x0001df6c      0xc  cstartup_M.o [5]
  .rodata               const    0x0001df78      0x8  CheckMsg.o [1]
  .rodata               const    0x0001df80      0x8  CheckMsg.o [1]
  .rodata               const    0x0001df88      0x8  CheckMsg.o [1]
  .rodata               const    0x0001df90      0x8  CheckMsg.o [1]
  .rodata               const    0x0001df98      0x8  CheckMsg.o [1]
  .rodata               const    0x0001dfa0      0x8  CheckMsg.o [1]
  .rodata               const    0x0001dfa8      0x8  CheckMsg.o [1]
  .rodata               const    0x0001dfb0      0x8  CheckMsg.o [1]
  .rodata               const    0x0001dfb8      0x8  ff.o [1]
  .rodata               const    0x0001dfc0      0x8  ff.o [1]
  .rodata               const    0x0001dfc8      0x8  fsl_gpio.o [1]
  .rodata               const    0x0001dfd0      0x8  fsl_lptmr.o [1]
  .rodata               const    0x0001dfd8      0x8  fsl_rtc.o [1]
  .rodata               const    0x0001dfe0      0x8  fsl_sd.o [1]
  .rodata               const    0x0001dfe8      0x8  fsl_sd.o [1]
  .rodata               const    0x0001dff0      0x8  fsl_sd.o [1]
  .rodata               const    0x0001dff8      0x8  fsl_sd.o [1]
  .rodata               const    0x0001e000      0x8  fsl_sd.o [1]
  .rodata               const    0x0001e008      0x8  fsl_sd.o [1]
  .rodata               const    0x0001e010      0x8  fsl_sd.o [1]
  .rodata               const    0x0001e018      0x8  fsl_sd.o [1]
  .rodata               const    0x0001e020      0x8  fsl_sd.o [1]
  .rodata               const    0x0001e028      0x8  fsl_sd.o [1]
  .rodata               const    0x0001e030      0x8  fsl_sd.o [1]
  .rodata               const    0x0001e038      0x8  fsl_sd.o [1]
  .rodata               const    0x0001e040      0x8  fsl_sd.o [1]
  .rodata               const    0x0001e048      0x8  fsl_sd.o [1]
  .rodata               const    0x0001e050      0x8  fsl_sd.o [1]
  .rodata               const    0x0001e058      0x8  fsl_sd.o [1]
  .rodata               const    0x0001e060      0x8  fsl_sd.o [1]
  .rodata               const    0x0001e068      0x8  fsl_sd.o [1]
  .rodata               const    0x0001e070      0x8  fsl_sd.o [1]
  .rodata               const    0x0001e078      0x8  fsl_sdhc.o [1]
  .rodata               const    0x0001e080      0x8  fsl_sdhc.o [1]
  .rodata               const    0x0001e088      0x8  fsl_sdmmc_common.o [1]
  .rodata               const    0x0001e090      0x8  fsl_sdmmc_common.o [1]
  .rodata               const    0x0001e098      0x8  fsl_sdmmc_common.o [1]
  .rodata               const    0x0001e0a0      0x8  fsl_sdmmc_common.o [1]
  .rodata               const    0x0001e0a8      0x8  fsl_sdmmc_common.o [1]
  .rodata               const    0x0001e0b0      0x8  fsl_sdmmc_common.o [1]
  .rodata               const    0x0001e0b8      0x8  fsl_uart.o [1]
  .rodata               const    0x0001e0c0      0x8  fsl_uart.o [1]
  .rodata               const    0x0001e0c8      0x8  fsl_wdog.o [1]
  .rodata               const    0x0001e0d0      0x8  Parse.o [1]
  .rodata               const    0x0001e0d8      0x8  Parse.o [1]
  .rodata               const    0x0001e0e0      0x8  Parse.o [1]
  .rodata               const    0x0001e0e8      0x8  Parse.o [1]
  .rodata               const    0x0001e0f0      0x8  Parse.o [1]
  .rodata               const    0x0001e0f8      0x8  Parse.o [1]
  .rodata               const    0x0001e100      0x8  Parse.o [1]
  .rodata               const    0x0001e108      0x8  pin_mux.o [1]
  .rodata               const    0x0001e110      0x8  ProcessMsg.o [1]
  .rodata               const    0x0001e118      0x8  ProcessMsg.o [1]
  .rodata               const    0x0001e120      0x8  ProcessMsg.o [1]
  .rodata               const    0x0001e128      0x8  ProcessMsg.o [1]
  .rodata               const    0x0001e130      0x8  ProcessMsg.o [1]
  .rodata               const    0x0001e138      0x8  ProcessMsg.o [1]
  .rodata               const    0x0001e140      0x8  ProcessMsg.o [1]
  .rodata               const    0x0001e148      0x8  ProcessMsg.o [1]
  .rodata               const    0x0001e150      0x8  ProcessMsg.o [1]
  .rodata               const    0x0001e158      0x8  ProcessMsg.o [1]
  .rodata               const    0x0001e160      0x8  ProcessMsg.o [1]
  .rodata               const    0x0001e168      0x8  ProcessMsg.o [1]
  .rodata               const    0x0001e170      0x8  ProcessMsg.o [1]
  .rodata               const    0x0001e178      0x8  ProcessMsg.o [1]
  .rodata               const    0x0001e180      0x8  ProcessMsg.o [1]
  .rodata               const    0x0001e188      0x8  ProcessMsg.o [1]
  .rodata               const    0x0001e190      0x8  ProcessMsg.o [1]
  .rodata               const    0x0001e198      0x8  ProcessMsg.o [1]
  .rodata               const    0x0001e1a0      0x8  ProcessMsg.o [1]
  .rodata               const    0x0001e1a8      0x8  ProcessTask.o [1]
  .rodata               const    0x0001e1b0      0x8  tasks.o [1]
  .rodata               const    0x0001e1b8      0x8  timers.o [1]
  .rodata               const    0x0001e1c0      0x8  timers.o [1]
  .rodata               const    0x0001e1c8      0x8  UserFile.o [1]
  .text                 ro code  0x0001e1d0      0x8  startup_MK64F12.o [1]
  .text                 ro code  0x0001e1d8      0x8  startup_MK64F12.o [1]
  .text                 ro code  0x0001e1e0      0x8  startup_MK64F12.o [1]
  .text                 ro code  0x0001e1e8      0x8  startup_MK64F12.o [1]
  .text                 ro code  0x0001e1f0      0x8  startup_MK64F12.o [1]
  .text                 ro code  0x0001e1f8      0x8  startup_MK64F12.o [1]
  .text                 ro code  0x0001e200      0x8  startup_MK64F12.o [1]
  .text                 ro code  0x0001e208      0x8  startup_MK64F12.o [1]
  .text                 ro code  0x0001e210      0x8  startup_MK64F12.o [1]
  .text                 ro code  0x0001e218      0x8  startup_MK64F12.o [1]
  .text                 ro code  0x0001e220      0x8  startup_MK64F12.o [1]
  .text                 ro code  0x0001e228      0x8  startup_MK64F12.o [1]
  .text                 ro code  0x0001e230      0x8  startup_MK64F12.o [1]
  .text                 ro code  0x0001e238      0x8  startup_MK64F12.o [1]
  .text                 ro code  0x0001e240      0x8  startup_MK64F12.o [1]
  .text                 ro code  0x0001e248      0x8  startup_MK64F12.o [1]
  .text                 ro code  0x0001e250      0x8  startup_MK64F12.o [1]
  .text                 ro code  0x0001e258      0x8  startup_MK64F12.o [1]
  .text                 ro code  0x0001e260      0x8  startup_MK64F12.o [1]
  .text                 ro code  0x0001e268      0x8  startup_MK64F12.o [1]
  .text                 ro code  0x0001e270      0x8  startup_MK64F12.o [1]
  .text                 ro code  0x0001e278      0x8  startup_MK64F12.o [1]
  .text                 ro code  0x0001e280      0x8  startup_MK64F12.o [1]
  .text                 ro code  0x0001e288      0x8  startup_MK64F12.o [1]
  .text                 ro code  0x0001e290      0x8  startup_MK64F12.o [1]
  .text                 ro code  0x0001e298      0x8  startup_MK64F12.o [1]
  .text                 ro code  0x0001e2a0      0x8  startup_MK64F12.o [1]
  .text                 ro code  0x0001e2a8      0x8  startup_MK64F12.o [1]
  .text                 ro code  0x0001e2b0      0x8  startup_MK64F12.o [1]
  .text                 ro code  0x0001e2b8      0x8  startup_MK64F12.o [1]
  .text                 ro code  0x0001e2c0      0x8  startup_MK64F12.o [1]
  .text                 ro code  0x0001e2c8      0x8  startup_MK64F12.o [1]
  .text                 ro code  0x0001e2d0      0x8  startup_MK64F12.o [1]
  .text                 ro code  0x0001e2d8      0x8  startup_MK64F12.o [1]
  .text                 ro code  0x0001e2e0      0x8  startup_MK64F12.o [1]
  .text                 ro code  0x0001e2e8      0x8  startup_MK64F12.o [1]
  .text                 ro code  0x0001e2f0      0x8  startup_MK64F12.o [1]
  .text                 ro code  0x0001e2f8      0x8  startup_MK64F12.o [1]
  .text                 ro code  0x0001e300      0x8  startup_MK64F12.o [1]
  .text                 ro code  0x0001e308      0x8  startup_MK64F12.o [1]
  .text                 ro code  0x0001e310      0x8  startup_MK64F12.o [1]
  .text                 ro code  0x0001e318      0x8  startup_MK64F12.o [1]
  .text                 ro code  0x0001e320      0x8  startup_MK64F12.o [1]
  .rodata               const    0x0001e328      0x4  fsl_lptmr.o [1]
  .rodata               const    0x0001e32c      0x4  fsl_lptmr.o [1]
  .rodata               const    0x0001e330      0x4  fsl_sdhc.o [1]
  .rodata               const    0x0001e334      0x4  fsl_sdhc.o [1]
  .rodata               const    0x0001e338      0x4  heap_4.o [1]
  .rodata               const    0x0001e33c      0x4  pin_mux.o [1]
  .rodata               const    0x0001e340      0x4  pin_mux.o [1]
  .rodata               const    0x0001e344      0x4  pin_mux.o [1]
  .rodata               const    0x0001e348      0x4  pin_mux.o [1]
  .rodata               const    0x0001e34c      0x4  pin_mux.o [1]
  .rodata               const    0x0001e350      0x4  pin_mux.o [1]
  .rodata               const    0x0001e354      0x4  pin_mux.o [1]
  .rodata               const    0x0001e358      0x4  pin_mux.o [1]
  .rodata               const    0x0001e35c      0x4  pin_mux.o [1]
  .rodata               const    0x0001e360      0x4  pin_mux.o [1]
  .rodata               const    0x0001e364      0x4  port.o [1]
  .rodata               const    0x0001e368      0x4  SDCardTask.o [1]
  .text                 ro code  0x0001e36c      0x4  startup_MK64F12.o [1]
  .rodata               const    0x0001e370      0x0  zero_init3.o [5]
  .rodata               const    0x0001e370      0x0  copy_init3.o [5]
                               - 0x0001e370  0x1df60

"P3-P4", part 1 of 2:                           0x38
  RW                             0x1fff0000     0x38  <Block>
    RW-1                         0x1fff0000     0x35  <Init block>
      .data             inited   0x1fff0000      0x4  fsl_clock.o [1]
      .data             inited   0x1fff0004      0x4  fsl_clock.o [1]
      .data             inited   0x1fff0008     0x14  main.o [1]
      .data             inited   0x1fff001c      0x4  main.o [1]
      .data             inited   0x1fff0020      0x4  port.o [1]
      .data             inited   0x1fff0024      0x8  RTC.o [1]
      .data             inited   0x1fff002c      0x4  system_MK64F12.o [1]
      __DLIB_PERTHREAD  inited   0x1fff0030      0x4  errno.o [3]
      .data             inited   0x1fff0034      0x1  fsl_sdmmc_host.o [1]
                               - 0x1fff0038     0x38

"P3-P4", part 2 of 2:                         0x9da0
  ZI                             0x1fff0038   0x9da0  <Block>
    .bss                zero     0x1fff0038      0xc  ff.o [1]
    .bss                zero     0x1fff0044    0x200  ff.o [1]
    .bss                zero     0x1fff0244      0x4  fsl_clock.o [1]
    .bss                zero     0x1fff0248      0x4  fsl_clock.o [1]
    .bss                zero     0x1fff024c     0x10  fsl_debug_console.o [1]
    .bss                zero     0x1fff025c      0xc  fsl_dspi.o [1]
    .bss                zero     0x1fff0268      0x4  fsl_dspi.o [1]
    .bss                zero     0x1fff026c      0x4  fsl_dspi.o [1]
    .bss                zero     0x1fff0270      0x4  fsl_enet.o [1]
    .bss                zero     0x1fff0274      0x4  fsl_enet.o [1]
    .bss                zero     0x1fff0278      0x4  fsl_enet.o [1]
    .bss                zero     0x1fff027c      0x4  fsl_enet.o [1]
    .bss                zero     0x1fff0280      0x4  fsl_enet.o [1]
    .bss                zero     0x1fff0284      0xc  fsl_i2c.o [1]
    .bss                zero     0x1fff0290      0x4  fsl_i2c.o [1]
    .bss                zero     0x1fff0294      0x4  fsl_i2c.o [1]
    .bss                zero     0x1fff0298     0xbc  fsl_sd_disk.o [1]
    .bss                zero     0x1fff0354      0x4  fsl_sdhc.o [1]
    .bss                zero     0x1fff0358      0x4  fsl_sdhc.o [1]
    .bss                zero     0x1fff035c    0x200  fsl_sdmmc_common.o [1]
    .bss                zero     0x1fff055c      0x4  fsl_sdmmc_event.o [1]
    .bss                zero     0x1fff0560      0x4  fsl_sdmmc_event.o [1]
    .bss                zero     0x1fff0564     0x28  fsl_sdmmc_host.o [1]
    .bss                zero     0x1fff058c     0x20  fsl_sdmmc_host.o [1]
    .bss                zero     0x1fff05ac     0x18  fsl_uart.o [1]
    .bss                zero     0x1fff05c4      0x4  fsl_uart.o [1]
    .bss                zero     0x1fff05c8   0x8c00  heap_4.o [1]
    .bss                zero     0x1fff91c8      0x8  heap_4.o [1]
    .bss                zero     0x1fff91d0      0x4  heap_4.o [1]
    .bss                zero     0x1fff91d4      0x4  heap_4.o [1]
    .bss                zero     0x1fff91d8      0x4  heap_4.o [1]
    .bss                zero     0x1fff91dc      0x4  heap_4.o [1]
    .bss                zero     0x1fff91e0    0x200  main.o [1]
    .bss                zero     0x1fff93e0    0x200  main.o [1]
    .bss                zero     0x1fff95e0    0x200  main.o [1]
    .bss                zero     0x1fff97e0    0x200  main.o [1]
    .bss                zero     0x1fff99e0     0x14  main.o [1]
    .bss                zero     0x1fff99f4      0x8  main.o [1]
    .bss                zero     0x1fff99fc      0x4  port.o [1]
    .bss                zero     0x1fff9a00     0x40  queue.o [1]
    .bss                zero     0x1fff9a40    0x238  SDCardTask.o [1]
    .bss                zero     0x1fff9c78      0x4  tasks.o [1]
    .bss                zero     0x1fff9c7c     0x64  tasks.o [1]
    .bss                zero     0x1fff9ce0     0x14  tasks.o [1]
    .bss                zero     0x1fff9cf4     0x14  tasks.o [1]
    .bss                zero     0x1fff9d08      0x4  tasks.o [1]
    .bss                zero     0x1fff9d0c      0x4  tasks.o [1]
    .bss                zero     0x1fff9d10     0x14  tasks.o [1]
    .bss                zero     0x1fff9d24     0x14  tasks.o [1]
    .bss                zero     0x1fff9d38      0x4  tasks.o [1]
    .bss                zero     0x1fff9d3c     0x14  tasks.o [1]
    .bss                zero     0x1fff9d50      0x4  tasks.o [1]
    .bss                zero     0x1fff9d54      0x4  tasks.o [1]
    .bss                zero     0x1fff9d58      0x4  tasks.o [1]
    .bss                zero     0x1fff9d5c      0x4  tasks.o [1]
    .bss                zero     0x1fff9d60      0x4  tasks.o [1]
    .bss                zero     0x1fff9d64      0x4  tasks.o [1]
    .bss                zero     0x1fff9d68      0x4  tasks.o [1]
    .bss                zero     0x1fff9d6c      0x4  tasks.o [1]
    .bss                zero     0x1fff9d70      0x4  tasks.o [1]
    .bss                zero     0x1fff9d74      0x4  tasks.o [1]
    .bss                zero     0x1fff9d78      0x4  tasks.o [1]
    .bss                zero     0x1fff9d7c     0x14  timers.o [1]
    .bss                zero     0x1fff9d90     0x14  timers.o [1]
    .bss                zero     0x1fff9da4      0x4  timers.o [1]
    .bss                zero     0x1fff9da8      0x4  timers.o [1]
    .bss                zero     0x1fff9dac      0x4  timers.o [1]
    .bss                zero     0x1fff9db0      0x4  timers.o [1]
    .bss                zero     0x1fff9db4      0x4  timers.o [1]
    .bss                zero     0x1fff9db8      0x2  ff.o [1]
    .bss                zero     0x1fff9dba      0x2  main.o [1]
    .bss                zero     0x1fff9dbc      0x2  ProcessTask.o [1]
    .bss                zero     0x1fff9dbe      0x2  ProcessTask.o [1]
    .bss                zero     0x1fff9dc0      0x2  ProcessTask.o [1]
    .bss                zero     0x1fff9dc2      0x1  ff.o [1]
    .bss                zero     0x1fff9dc3      0x1  fsl_sdmmc_host.o [1]
    .bss                zero     0x1fff9dc4      0x1  main.o [1]
    .bss                zero     0x1fff9dc5      0x1  main.o [1]
    .bss                zero     0x1fff9dc6      0x1  port.o [1]
    .bss                zero     0x1fff9dc7      0x1  ProcessMsg.o [1]
    .bss                zero     0x1fff9dc8      0x1  ProcessTask.o [1]
    .bss                zero     0x1fff9dc9      0x1  ProcessTask.o [1]
    .bss                zero     0x1fff9dca      0x1  ProcessTask.o [1]
    .bss                zero     0x1fff9dcb      0x1  SDCardTask.o [1]
    .bss                zero     0x1fff9dcc      0x1  SDCardTask.o [1]
    .bss                zero     0x1fff9dcd      0x1  SDCardTask.o [1]
    .bss                zero     0x1fff9dce      0x1  SDCardTask.o [1]
    .bss                zero     0x1fff9dcf      0x1  WhoAmITask.o [1]
    .bss                zero     0x1fff9dd0      0x1  WhoAmITask.o [1]
    .bss                zero     0x1fff9dd1      0x1  WhoAmITask.o [1]
    .bss                zero     0x1fff9dd2      0x1  WhoAmITask.o [1]
    .bss                zero     0x1fff9dd3      0x1  WhoAmITask.o [1]
    .bss                zero     0x1fff9dd4      0x1  WhoAmITask.o [1]
                               - 0x1fff9dd8   0x9da0

"P6":                                          0x400
  CSTACK                         0x2002fc00    0x400  <Block>
    CSTACK              uninit   0x2002fc00    0x400  <Block tail>
                               - 0x20030000    0x400


*******************************************************************************
*** INIT TABLE
***

          Address     Size
          -------     ----
Zero (__iar_zero_init3)
    1 destination range, total size 0x9d9d:
          0x1fff0038  0x9d9d

Copy (__iar_copy_init3)
    1 source range, total size 0x38 (105% of destination):
          0x0001cdf4    0x38
    1 destination range, total size 0x35:
          0x1fff0000    0x35



*******************************************************************************
*** MODULE SUMMARY
***

    Module                  ro code  ro data  rw data
    ------                  -------  -------  -------
D:\05.Git\smf\FW\fw_smf_v1.1\fw_smf_gw\Release\Obj: [1]
    CheckMsg.o                  438      236
    FileAccess.o                302      216
    IOControl.o                 152
    Parse.o                   1 260      184
    ProcessMsg.o              2 440    1 268        1
    ProcessTask.o             1 084      576        9
    RTC.o                       120       36        8
    SDCardTask.o                784      712      572
    UART.o                      252       88
    UserFile.o                  520      408
    WhoAmITask.o                504      184        6
    board.o                      28
    clock_config.o              104       32
    diskio.o                    116
    ff.o                      8 210       56      527
    ffunicode.o                 392   59 808
    fsl_clock.o               1 416      148       16
    fsl_debug_console.o       2 642                16
    fsl_dspi.o                  208      132       20
    fsl_enet.o                  104                20
    fsl_gpio.o                  112       92
    fsl_i2c.o                   104                20
    fsl_lptmr.o                 244      136
    fsl_rtc.o                   812      164
    fsl_sd.o                  5 486      732
    fsl_sd_disk.o               248               188
    fsl_sdhc.o                2 948      689        8
    fsl_sdmmc_common.o          800      336      512
    fsl_sdmmc_event.o           262                 8
    fsl_sdmmc_host.o            874        1       74
    fsl_sim.o                    32
    fsl_smc.o                    32
    fsl_tickless_systick.o       48
    fsl_uart.o                1 096      328       28
    fsl_wdog.o                  284       92
    heap_4.o                    608        4   35 864
    list.o                      152
    main.o                    1 160      476    2 104
    pin_mux.o                   784      132
    port.o                      560        8        9
    portasm.o                   168
    queue.o                   2 046                64
    startup_MK64F12.o         1 440
    system_MK64F12.o             52        4        4
    tasks.o                   2 712        8      260
    timers.o                  1 056       16       60
    -------------------------------------------------
    Total:                   45 196   67 302   40 398

command line: [2]
    -------------------------------------------------
    Total:

dl7M_tln.a: [3]
    abort.o                       6
    atoi.o                        8
    div.o                        14
    errno.o                      12        4        4
    exit.o                        4
    low_level_init.o              4
    sprintf.o                    52
    xprintffull.o             3 538
    xsprout.o                    10
    xstoul.o                    412
    xtls.o                        2
    -------------------------------------------------
    Total:                    4 062        4        4

m7M_tls.a: [4]
    DblAdd.o                    232
    DblCmpEq.o                   32
    DblCmpGe.o                   46
    DblCmpLe.o                   46
    DblDiv.o                    598
    DblMul.o                    418
    DblSub.o                    384
    DblToI32.o                   88
    DblToI64.o                  122
    I32ToDbl.o                   48
    I64ToDbl.o                   88
    fpinit_M.o                   34
    modf.o                      192
    pow.o                     2 240
    xdint.o                     126
    xdnorm.o                     68
    xdscale.o                   276
    xdtest.o                     64
    xexp.o                      710
    xlog.o                      176
    -------------------------------------------------
    Total:                    5 988

rt7M_tl.a: [5]
    ABImemclr4.o                  6
    ABImemcpy_unaligned.o       118
    ABImemset.o                 102
    ABImemset48.o                50
    I64DivMod.o                 306
    I64DivZer.o                   2
    cexit.o                      10
    cmain.o                      26
    copy_init3.o                 44
    cstartup_M.o                 12
    data_init.o                  40
    memchr.o                     88
    strchr.o                     22
    strcmp_unaligned.o           66
    strcpy_unaligned.o           68
    strlen.o                     54
    zero_init3.o                 64
    -------------------------------------------------
    Total:                    1 078

shb_l.a: [6]
    ABIassert.o                  36
    exit.o                       20
    -------------------------------------------------
    Total:                       56

    Gaps                         31        4
    Linker created                        39    1 024
-----------------------------------------------------
    Grand Total:             56 411   67 349   41 426


*******************************************************************************
*** ENTRY LIST
***

Entry                      Address    Size  Type      Object
-----                      -------    ----  ----      ------
.iar.init_table$$Base   0x0001d8b8           --   Gb  - Linker created -
.iar.init_table$$Limit  0x0001d8dc           --   Gb  - Linker created -
?main                   0x0001dcb1          Code  Gb  cmain.o [5]
BOARD_BootClockVLPR     0x0001a9a3    0x40  Code  Gb  clock_config.o [1]
BOARD_InitDebugConsole  0x0001a9f9    0x1c  Code  Gb  board.o [1]
BOARD_InitPins          0x0001a6d7   0x256  Code  Gb  pin_mux.o [1]
CLOCK_BootToBlpiMode    0x0001b345    0x40  Code  Gb  fsl_clock.o [1]
CLOCK_DisableClock      0x000127f1    0x1a  Code  Lc  fsl_sdhc.o [1]
CLOCK_EnableClock       0x0001b909    0x18  Code  Lc  fsl_lptmr.o [1]
CLOCK_EnableClock       0x0001a355    0x18  Code  Lc  fsl_rtc.o [1]
CLOCK_EnableClock       0x000127d9    0x18  Code  Lc  fsl_sdhc.o [1]
CLOCK_EnableClock       0x00017761    0x18  Code  Lc  fsl_uart.o [1]
CLOCK_EnableClock       0x0001a681    0x18  Code  Lc  pin_mux.o [1]
CLOCK_GetCoreSysClkFreq
                        0x0001b039    0x16  Code  Gb  fsl_clock.o [1]
CLOCK_GetEr32kClkFreq   0x0001afa7    0x60  Code  Gb  fsl_clock.o [1]
CLOCK_GetFixedFreqClkFreq
                        0x0001b1cf    0x1e  Code  Gb  fsl_clock.o [1]
CLOCK_GetFllExtRefClkFreq
                        0x0001aebd    0x66  Code  Lc  fsl_clock.o [1]
CLOCK_GetFllFreq        0x0001b16f    0x4a  Code  Gb  fsl_clock.o [1]
CLOCK_GetFllFreq::fllFactorTable
                        0x0001ddb0    0x10  Data  Lc  fsl_clock.o [1]
CLOCK_GetFllRefClkFreq  0x0001af49    0x20  Code  Lc  fsl_clock.o [1]
CLOCK_GetFreq           0x0001b04f    0xce  Code  Gb  fsl_clock.o [1]
CLOCK_GetInternalRefClkFreq
                        0x0001b1b9    0x16  Code  Gb  fsl_clock.o [1]
CLOCK_GetInternalRefClkSelectFreq
                        0x0001af23    0x26  Code  Lc  fsl_clock.o [1]
CLOCK_GetMcgExtClkFreq  0x0001ae51    0x6c  Code  Lc  fsl_clock.o [1]
CLOCK_GetOsc0ErClkFreq  0x0001af71    0x36  Code  Gb  fsl_clock.o [1]
CLOCK_GetOutClkFreq     0x0001b137    0x38  Code  Gb  fsl_clock.o [1]
CLOCK_GetPll0Freq       0x0001b1ed    0x54  Code  Gb  fsl_clock.o [1]
CLOCK_GetPll0RefFreq    0x0001af69     0x8  Code  Lc  fsl_clock.o [1]
CLOCK_GetPllFllSelClkFreq
                        0x0001b007    0x32  Code  Gb  fsl_clock.o [1]
CLOCK_SetEr32kClock     0x0001ae1d    0x1a  Code  Lc  fsl_clock.o [1]
CLOCK_SetInternalRefClkConfig
                        0x0001b241    0xba  Code  Gb  fsl_clock.o [1]
CLOCK_SetPllFllSelClock
                        0x0001ae37    0x1a  Code  Lc  fsl_clock.o [1]
CLOCK_SetSimConfig      0x0001b11d    0x1a  Code  Gb  fsl_clock.o [1]
CLOCK_SetSimSafeDivs    0x0001a991     0xa  Code  Lc  clock_config.o [1]
CSTACK$$Base            0x2002fc00           --   Gb  - Linker created -
CSTACK$$Limit           0x20030000           --   Gb  - Linker created -
CurrVol                 0x1fff9dc2     0x1  Data  Lc  ff.o [1]
DSPI_CommonIRQHandler   0x0001c101    0x2c  Code  Lc  fsl_dspi.o [1]
DSPI_IsMaster           0x0001c0f9     0x8  Code  Lc  fsl_dspi.o [1]
DbcTbl                  0x0001de94     0xc  Data  Lc  ff.o [1]
DbgConsole_ConvertFloatRadixNumToString
                        0x00016f59   0x1b6  Code  Lc  fsl_debug_console.o [1]
DbgConsole_ConvertRadixNumToString
                        0x00016e2d   0x12a  Code  Lc  fsl_debug_console.o [1]
DbgConsole_Init         0x00016d41    0x78  Code  Gb  fsl_debug_console.o [1]
DbgConsole_Printf       0x00016db9    0x24  Code  Gb  fsl_debug_console.o [1]
DbgConsole_PrintfFormattedData
                        0x00017135   0x62a  Code  Lc  fsl_debug_console.o [1]
DbgConsole_PrintfPaddingCharacter
                        0x00016e05    0x28  Code  Lc  fsl_debug_console.o [1]
DbgConsole_Putchar      0x00016ddd    0x28  Code  Gb  fsl_debug_console.o [1]
DisableGlobalIRQ        0x0001aa15     0x8  Code  Lc  fsl_wdog.o [1]
DisableIRQ              0x00012823    0x18  Code  Lc  fsl_sdhc.o [1]
ENET_1588_Timer_IRQHandler
                        0x0001c2c1    0x14  Code  Gb  fsl_enet.o [1]
ENET_Error_IRQHandler   0x0001c2ad    0x14  Code  Gb  fsl_enet.o [1]
ENET_Receive_IRQHandler
                        0x0001c299    0x14  Code  Gb  fsl_enet.o [1]
ENET_Transmit_IRQHandler
                        0x0001c285    0x14  Code  Gb  fsl_enet.o [1]
EnableGlobalIRQ         0x0001aa1d     0x6  Code  Lc  fsl_wdog.o [1]
EnableIRQ               0x0001280b    0x18  Code  Lc  fsl_sdhc.o [1]
EnableIRQ               0x00013369    0x18  Code  Lc  fsl_sdmmc_host.o [1]
EnableIRQ               0x0001b46d    0x18  Code  Lc  ProcessTask.o [1]
EnableIRQ               0x0001a28f    0x18  Code  Lc  UART.o [1]
Enum_CARD_EVENT         0x1fff9dcb     0x1  Data  Gb  SDCardTask.o [1]
Event_IO                0x1fff9dba     0x2  Data  Gb  main.o [1]
FatFs                   0x1fff0038     0xc  Data  Lc  ff.o [1]
Fsid                    0x1fff9db8     0x2  Data  Lc  ff.o [1]
GPIO_PinInit            0x0001b3c9    0x42  Code  Gb  fsl_gpio.o [1]
GPIO_PinRead            0x00013381     0xa  Code  Lc  fsl_sdmmc_host.o [1]
GPIO_PinWrite           0x0001b3a5    0x1a  Code  Lc  fsl_gpio.o [1]
GPIO_PinWrite           0x0001b871    0x1a  Code  Lc  IOControl.o [1]
GPIO_PinWrite           0x0001b485    0x1a  Code  Lc  ProcessTask.o [1]
GPIO_PinWrite           0x0001bd0d    0x1a  Code  Lc  WhoAmITask.o [1]
GPIO_PortToggle         0x0001b4a9     0x4  Code  Lc  ProcessTask.o [1]
GPIO_ReadPinInput       0x0001338b     0x8  Code  Lc  fsl_sdmmc_host.o [1]
GPIO_TogglePinsOutput   0x0001b4ad     0x8  Code  Lc  ProcessTask.o [1]
GPIO_WritePinOutput     0x0001b3bf     0xa  Code  Lc  fsl_gpio.o [1]
GPIO_WritePinOutput     0x0001b88b     0xa  Code  Lc  IOControl.o [1]
GPIO_WritePinOutput     0x0001b49f     0xa  Code  Lc  ProcessTask.o [1]
GPIO_WritePinOutput     0x0001bd27     0xa  Code  Lc  WhoAmITask.o [1]
I2C0_DriverIRQHandler   0x0001c313     0xe  Code  Gb  fsl_i2c.o [1]
I2C1_DriverIRQHandler   0x0001c321     0xe  Code  Gb  fsl_i2c.o [1]
I2C2_DriverIRQHandler   0x0001c32f     0xe  Code  Gb  fsl_i2c.o [1]
I2C_TransferCommonIRQHandler
                        0x0001c2ed    0x26  Code  Lc  fsl_i2c.o [1]
LPTMR0_IRQHandler       0x0001b711    0x7a  Code  Gb  ProcessTask.o [1]
LPTMR_ClearStatusFlags  0x0001b4c1     0x8  Code  Lc  ProcessTask.o [1]
LPTMR_EnableInterrupts  0x0001b4b5     0xc  Code  Lc  ProcessTask.o [1]
LPTMR_GetDefaultConfig  0x0001b9b3    0x34  Code  Gb  fsl_lptmr.o [1]
LPTMR_GetInstance       0x0001b921    0x2c  Code  Lc  fsl_lptmr.o [1]
LPTMR_Init              0x0001b94d    0x66  Code  Gb  fsl_lptmr.o [1]
LPTMR_SetTimerPeriod    0x0001b4c9    0x24  Code  Lc  ProcessTask.o [1]
LPTMR_StartTimer        0x0001b4ed     0xe  Code  Lc  ProcessTask.o [1]
LfnBuf                  0x1fff0044   0x200  Data  Lc  ff.o [1]
LfnOfs                  0x0001dd90    0x10  Data  Lc  ff.o [1]
LoadInt                 0x00015a4f    0x6e  Code  Lc  xprintffull.o [3]
NVIC_DisableIRQ         0x000127c3    0x16  Code  Lc  fsl_sdhc.o [1]
NVIC_EnableIRQ          0x000127ad    0x16  Code  Lc  fsl_sdhc.o [1]
NVIC_EnableIRQ          0x00013331    0x16  Code  Lc  fsl_sdmmc_host.o [1]
NVIC_EnableIRQ          0x0001b435    0x16  Code  Lc  ProcessTask.o [1]
NVIC_EnableIRQ          0x0001a259    0x14  Code  Lc  UART.o [1]
NVIC_SetPriority        0x00013347    0x22  Code  Lc  fsl_sdmmc_host.o [1]
NVIC_SetPriority        0x0001b9fd    0x22  Code  Lc  SDCardTask.o [1]
NVIC_SetPriority        0x0001a26d    0x22  Code  Lc  UART.o [1]
NVIC_SystemReset        0x0001b44b    0x22  Code  Lc  ProcessTask.o [1]
PORTE_IRQHandler        0x00013593    0x26  Code  Gb  fsl_sdmmc_host.o [1]
PORT_ClearPinsInterruptFlags
                        0x000133e9     0x6  Code  Lc  fsl_sdmmc_host.o [1]
PORT_GetPinsInterruptFlags
                        0x000133e3     0x6  Code  Lc  fsl_sdmmc_host.o [1]
PORT_SetPinConfig       0x0001a699    0x26  Code  Lc  pin_mux.o [1]
PORT_SetPinInterruptConfig
                        0x000133cb    0x18  Code  Lc  fsl_sdmmc_host.o [1]
PORT_SetPinMux          0x0001a6bf    0x18  Code  Lc  pin_mux.o [1]
PendSV_Handler          0x00015401          Code  Gb  portasm.o [1]
RTC_CheckDatetimeFormat
                        0x0001a383    0x98  Code  Lc  fsl_rtc.o [1]
RTC_ConvertDatetimeToSeconds
                        0x0001a41b    0x7c  Code  Lc  fsl_rtc.o [1]
RTC_ConvertSecondsToDatetime
                        0x0001a497    0xbc  Code  Lc  fsl_rtc.o [1]
RTC_GetDatetime         0x0001a613    0x26  Code  Gb  fsl_rtc.o [1]
RTC_GetDefaultConfig    0x0001a5b3    0x2c  Code  Gb  fsl_rtc.o [1]
RTC_GetStatusFlags      0x0001a65d    0x24  Code  Gb  fsl_rtc.o [1]
RTC_Init                0x0001a553    0x60  Code  Gb  fsl_rtc.o [1]
RTC_Reset               0x0001a36d    0x16  Code  Lc  fsl_rtc.o [1]
RTC_SetClockSource      0x00019ad1     0xa  Code  Lc  RTC.o [1]
RTC_SetDatetime         0x0001a5df    0x34  Code  Gb  fsl_rtc.o [1]
RTC_StartTimer          0x00019adb     0xa  Code  Lc  RTC.o [1]
RTC_StopTimer           0x00019ae5     0xa  Code  Lc  RTC.o [1]
RW$$Base                0x1fff0000           --   Gb  - Linker created -
RW$$Limit               0x1fff0038           --   Gb  - Linker created -
Reconnect               0x1fff9dd3     0x1  Data  Gb  WhoAmITask.o [1]
Region$$Table$$Base     0x0001d8b8           --   Gb  - Linker created -
Region$$Table$$Limit    0x0001d8dc           --   Gb  - Linker created -
SDCARD_DetectCallBack   0x0001bbe3     0xc  Code  Lc  SDCardTask.o [1]
SDHC_CardDetectByData3  0x000133b1    0x1a  Code  Lc  fsl_sdmmc_host.o [1]
SDHC_ClearInterruptStatusFlags
                        0x00012863     0x4  Code  Lc  fsl_sdhc.o [1]
SDHC_Deinit             0x00012d87    0x14  Code  Gb  fsl_sdhc.o [1]
SDHC_DisableInterruptSignal
                        0x00012855     0xa  Code  Lc  fsl_sdhc.o [1]
SDHC_DisableInterruptSignal
                        0x000133a3     0xa  Code  Lc  fsl_sdmmc_host.o [1]
SDHC_DisableInterruptStatus
                        0x00012843     0xa  Code  Lc  fsl_sdhc.o [1]
SDHC_DriverIRQHandler   0x000132a9    0x2c  Code  Gb  fsl_sdhc.o [1]
SDHC_EnableInterruptSignal
                        0x0001284d     0x8  Code  Lc  fsl_sdhc.o [1]
SDHC_EnableInterruptSignal
                        0x0001339b     0x8  Code  Lc  fsl_sdmmc_host.o [1]
SDHC_EnableInterruptStatus
                        0x0001283b     0x8  Code  Lc  fsl_sdhc.o [1]
SDHC_EnableInterruptStatus
                        0x00013393     0x8  Code  Lc  fsl_sdmmc_host.o [1]
SDHC_EnableSdClock      0x00012411    0x1a  Code  Lc  fsl_sdmmc_common.o [1]
SDHC_GetCapability      0x00012dcf    0x54  Code  Gb  fsl_sdhc.o [1]
SDHC_GetCommandResponse
                        0x0001286b    0x26  Code  Lc  fsl_sdhc.o [1]
SDHC_GetInstance        0x00012899    0x3a  Code  Lc  fsl_sdhc.o [1]
SDHC_GetInterruptStatusFlags
                        0x0001285f     0x4  Code  Lc  fsl_sdhc.o [1]
SDHC_GetPresentStatusFlags
                        0x00010e11     0x4  Code  Lc  fsl_sd.o [1]
SDHC_GetPresentStatusFlags
                        0x00012867     0x4  Code  Lc  fsl_sdhc.o [1]
SDHC_GetPresentStatusFlags
                        0x0001240d     0x4  Code  Lc  fsl_sdmmc_common.o [1]
SDHC_GetPresentStatusFlags
                        0x000133ad     0x4  Code  Lc  fsl_sdmmc_host.o [1]
SDHC_Init               0x00012c9f    0xe8  Code  Gb  fsl_sdhc.o [1]
SDHC_ReadData           0x00012895     0x4  Code  Lc  fsl_sdhc.o [1]
SDHC_ReadDataPort       0x00012aa3    0x66  Code  Lc  fsl_sdhc.o [1]
SDHC_ReceiveCommandResponse
                        0x00012a07    0x9c  Code  Lc  fsl_sdhc.o [1]
SDHC_Reset              0x00012d9b    0x34  Code  Gb  fsl_sdhc.o [1]
SDHC_SetAdmaTableConfig
                        0x00012f8d   0x104  Code  Gb  fsl_sdhc.o [1]
SDHC_SetCardActive      0x00012ed9    0x2e  Code  Gb  fsl_sdhc.o [1]
SDHC_SetDataBusWidth    0x00010e15    0x14  Code  Lc  fsl_sd.o [1]
SDHC_SetSdClock         0x00012e23    0xb6  Code  Gb  fsl_sdhc.o [1]
SDHC_SetTransferConfig  0x00012f07    0x86  Code  Gb  fsl_sdhc.o [1]
SDHC_SetTransferInterrupt
                        0x000128d3    0x58  Code  Lc  fsl_sdhc.o [1]
SDHC_StartTransfer      0x0001292b    0xdc  Code  Lc  fsl_sdhc.o [1]
SDHC_TransferCreateHandle
                        0x00013095    0x7e  Code  Gb  fsl_sdhc.o [1]
SDHC_TransferHandleCardDetect
                        0x00012b6f    0x24  Code  Lc  fsl_sdhc.o [1]
SDHC_TransferHandleCommand
                        0x00012b93    0x66  Code  Lc  fsl_sdhc.o [1]
SDHC_TransferHandleData
                        0x00012bf9    0x82  Code  Lc  fsl_sdhc.o [1]
SDHC_TransferHandleIRQ  0x00013229    0x80  Code  Gb  fsl_sdhc.o [1]
SDHC_TransferHandleSdioBlockGap
                        0x00012c8d    0x12  Code  Lc  fsl_sdhc.o [1]
SDHC_TransferHandleSdioInterrupt
                        0x00012c7b    0x12  Code  Lc  fsl_sdhc.o [1]
SDHC_TransferNonBlocking
                        0x00013131    0xee  Code  Gb  fsl_sdhc.o [1]
SDHC_WriteData          0x00012891     0x4  Code  Lc  fsl_sdhc.o [1]
SDHC_WriteDataPort      0x00012b09    0x66  Code  Lc  fsl_sdhc.o [1]
SDMMCEVENT_Create       0x000136ed    0x2c  Code  Gb  fsl_sdmmc_event.o [1]
SDMMCEVENT_Delay        0x000137c5    0x16  Code  Gb  fsl_sdmmc_event.o [1]
SDMMCEVENT_Delete       0x000137b1    0x14  Code  Gb  fsl_sdmmc_event.o [1]
SDMMCEVENT_GetInstance  0x000136d5    0x18  Code  Lc  fsl_sdmmc_event.o [1]
SDMMCEVENT_Notify       0x00013761    0x42  Code  Gb  fsl_sdmmc_event.o [1]
SDMMCEVENT_Wait         0x00013719    0x48  Code  Gb  fsl_sdmmc_event.o [1]
SDMMCHOST_CardDetectDeinit
                        0x0001357b    0x10  Code  Lc  fsl_sdmmc_host.o [1]
SDMMCHOST_CardDetectInit
                        0x00013513    0x68  Code  Lc  fsl_sdmmc_host.o [1]
SDMMCHOST_Deinit        0x00013687    0x14  Code  Gb  fsl_sdmmc_host.o [1]
SDMMCHOST_Delay         0x0001358b     0x8  Code  Gb  fsl_sdmmc_host.o [1]
SDMMCHOST_DetectCardByGpio
                        0x000133ef    0x44  Code  Lc  fsl_sdmmc_host.o [1]
SDMMCHOST_DetectCardInsertByHost
                        0x00013433    0x2e  Code  Lc  fsl_sdmmc_host.o [1]
SDMMCHOST_DetectCardRemoveByHost
                        0x00013461    0x1e  Code  Lc  fsl_sdmmc_host.o [1]
SDMMCHOST_ErrorRecovery
                        0x000134e3    0x30  Code  Gb  fsl_sdmmc_host.o [1]
SDMMCHOST_Init          0x000135eb    0x66  Code  Gb  fsl_sdmmc_host.o [1]
SDMMCHOST_PowerOffCard  0x000135b9    0x14  Code  Gb  fsl_sdmmc_host.o [1]
SDMMCHOST_PowerOnCard   0x000135cd    0x1e  Code  Gb  fsl_sdmmc_host.o [1]
SDMMCHOST_Reset         0x00013685     0x2  Code  Gb  fsl_sdmmc_host.o [1]
SDMMCHOST_TransferCompleteCallback
                        0x0001347f    0x1c  Code  Lc  fsl_sdmmc_host.o [1]
SDMMCHOST_TransferFunction
                        0x0001349b    0x48  Code  Lc  fsl_sdmmc_host.o [1]
SDMMC_ExecuteTuning     0x0001267b    0x74  Code  Gb  fsl_sdmmc_common.o [1]
SDMMC_GoIdle            0x00012523    0x54  Code  Gb  fsl_sdmmc_common.o [1]
SDMMC_SelectCard        0x0001242b    0x82  Code  Gb  fsl_sdmmc_common.o [1]
SDMMC_SendApplicationCommand
                        0x000124ad    0x76  Code  Gb  fsl_sdmmc_common.o [1]
SDMMC_SetBlockSize      0x00012577    0x66  Code  Gb  fsl_sdmmc_common.o [1]
SDMMC_SwitchVoltage     0x000125dd    0x9e  Code  Gb  fsl_sdmmc_common.o [1]
SD_AllSendCid           0x00011913    0x78  Code  Lc  fsl_sd.o [1]
SD_ApplicationSendOperationCondition
                        0x0001198b    0xaa  Code  Lc  fsl_sd.o [1]
SD_CardDeinit           0x0001226f    0x22  Code  Gb  fsl_sd.o [1]
SD_CardInit             0x000120e9   0x186  Code  Gb  fsl_sd.o [1]
SD_DecodeCid            0x00011897    0x7c  Code  Lc  fsl_sd.o [1]
SD_DecodeCsd            0x000115ff   0x21e  Code  Lc  fsl_sd.o [1]
SD_DecodeScr            0x000111eb    0xfa  Code  Lc  fsl_sd.o [1]
SD_Deinit               0x0001236d    0x12  Code  Gb  fsl_sd.o [1]
SD_ExecuteTuning        0x00010ed1    0x2a  Code  Lc  fsl_sd.o [1]
SD_GoIdle               0x00010e81    0x26  Code  Lc  fsl_sd.o [1]
SD_HostDeinit           0x000122d1    0x26  Code  Gb  fsl_sd.o [1]
SD_HostInit             0x00012291    0x3a  Code  Gb  fsl_sd.o [1]
SD_HostReset            0x000122f7     0xa  Code  Gb  fsl_sd.o [1]
SD_PowerOffCard         0x00012309     0x8  Code  Gb  fsl_sd.o [1]
SD_PowerOnCard          0x00012301     0x8  Code  Gb  fsl_sd.o [1]
SD_Read                 0x00011ba9   0x144  Code  Lc  fsl_sd.o [1]
SD_ReadBlocks           0x00011e6d   0x138  Code  Gb  fsl_sd.o [1]
SD_SelectBusTiming      0x00011abd    0x84  Code  Lc  fsl_sd.o [1]
SD_SelectCard           0x00010e29    0x2e  Code  Lc  fsl_sd.o [1]
SD_SelectFunction       0x000113d3   0x192  Code  Lc  fsl_sd.o [1]
SD_SendApplicationCmd   0x00010e57    0x2a  Code  Lc  fsl_sd.o [1]
SD_SendCsd              0x0001181d    0x7a  Code  Lc  fsl_sd.o [1]
SD_SendInterfaceCondition
                        0x00011a35    0x82  Code  Lc  fsl_sd.o [1]
SD_SendRca              0x000110b1    0x6c  Code  Lc  fsl_sd.o [1]
SD_SendScr              0x000112e5    0xee  Code  Lc  fsl_sd.o [1]
SD_SetBlockSize         0x00010ea7    0x2a  Code  Lc  fsl_sd.o [1]
SD_SetDataBusWidth      0x00011565    0x9a  Code  Lc  fsl_sd.o [1]
SD_SetDriverStrength    0x00011b41    0x2a  Code  Lc  fsl_sd.o [1]
SD_SetMaxCurrent        0x00011b6b    0x2a  Code  Lc  fsl_sd.o [1]
SD_StopTransmission     0x0001103d    0x74  Code  Lc  fsl_sd.o [1]
SD_SwitchFunction       0x0001111d    0xce  Code  Lc  fsl_sd.o [1]
SD_SwitchVoltage        0x00010efb    0x26  Code  Lc  fsl_sd.o [1]
SD_Transfer             0x00010f21    0x9a  Code  Lc  fsl_sd.o [1]
SD_WaitWriteComplete    0x00010fbb    0x82  Code  Lc  fsl_sd.o [1]
SD_Write                0x00011cfd   0x150  Code  Lc  fsl_sd.o [1]
SD_WriteBlocks          0x00011fa5   0x138  Code  Gb  fsl_sd.o [1]
SIM_GetUniqueId         0x0001ab31    0x14  Code  Gb  fsl_sim.o [1]
SMC_GetPowerModeState   0x0001a99f     0x4  Code  Lc  clock_config.o [1]
SMC_SetPowerModeProtection
                        0x0001a99b     0x4  Code  Lc  clock_config.o [1]
SMC_SetPowerModeVlpr    0x0001b415    0x20  Code  Gb  fsl_smc.o [1]
SPI0_DriverIRQHandler   0x0001c12d    0x26  Code  Gb  fsl_dspi.o [1]
SPI1_DriverIRQHandler   0x0001c153    0x26  Code  Gb  fsl_dspi.o [1]
SPI2_DriverIRQHandler   0x0001c179    0x26  Code  Gb  fsl_dspi.o [1]
SVC_Handler             0x00015459          Code  Gb  portasm.o [1]
SYSMPU_Enable           0x00019b7d    0x1a  Code  Lc  main.o [1]
SysTick_Handler         0x00014c13    0x28  Code  Gb  port.o [1]
SystemCoreClock         0x1fff002c     0x4  Data  Gb  system_MK64F12.o [1]
SystemInit              0x0001ce95    0x26  Code  Gb  system_MK64F12.o [1]
UART0_DriverIRQHandler  0x00017ae1    0x14  Code  Gb  fsl_uart.o [1]
UART0_RX_TX_DriverIRQHandler
                        0x00017b0d     0xc  Code  Gb  fsl_uart.o [1]
UART1_RX_TX_IRQHandler  0x00019d05    0x56  Code  Gb  main.o [1]
UART2_DriverIRQHandler  0x00017b21    0x14  Code  Gb  fsl_uart.o [1]
UART2_RX_TX_DriverIRQHandler
                        0x00017b35     0xc  Code  Gb  fsl_uart.o [1]
UART3_DriverIRQHandler  0x00017b41    0x14  Code  Gb  fsl_uart.o [1]
UART3_RX_TX_DriverIRQHandler
                        0x00017b59     0xc  Code  Gb  fsl_uart.o [1]
UART4_RX_TX_IRQHandler  0x00019caf    0x56  Code  Gb  main.o [1]
UART5_DriverIRQHandler  0x00017b65    0x14  Code  Gb  fsl_uart.o [1]
UART5_RX_TX_DriverIRQHandler
                        0x00017b9d     0xc  Code  Gb  fsl_uart.o [1]
UART_EnableInterrupts   0x00017a0d    0x26  Code  Gb  fsl_uart.o [1]
UART_EnableRx           0x00016d27    0x1a  Code  Lc  fsl_debug_console.o [1]
UART_EnableTx           0x00016d0d    0x1a  Code  Lc  fsl_debug_console.o [1]
UART_GetDefaultConfig   0x000179c5    0x48  Code  Gb  fsl_uart.o [1]
UART_GetInstance        0x00017779    0x34  Code  Gb  fsl_uart.o [1]
UART_GetStatusFlags     0x00017a33    0x1a  Code  Gb  fsl_uart.o [1]
UART_Init               0x000177ad   0x218  Code  Gb  fsl_uart.o [1]
UART_ReadBlocking       0x00017a65    0x68  Code  Gb  fsl_uart.o [1]
UART_ReadByte           0x00019b97     0x4  Code  Lc  main.o [1]
UART_WriteBlocking      0x00017a4d    0x18  Code  Gb  fsl_uart.o [1]
WDOG_GetDefaultConfig   0x0001aa31    0x46  Code  Gb  fsl_wdog.o [1]
WDOG_Init               0x0001aa77    0x94  Code  Gb  fsl_wdog.o [1]
WDOG_Refresh            0x0001ab15    0x1c  Code  Gb  fsl_wdog.o [1]
WDOG_Unlock             0x0001aa23     0xe  Code  Lc  fsl_wdog.o [1]
ZI$$Base                0x1fff0038           --   Gb  - Linker created -
ZI$$Limit               0x1fff9dd8           --   Gb  - Linker created -
_GenldFull              0x00015fc9   0x26a  Code  Lc  xprintffull.o [3]
_LdtobFull              0x00015bc9   0x3fa  Code  Lc  xprintffull.o [3]
_LitobFull              0x00015abd   0x10a  Code  Lc  xprintffull.o [3]
_PrintfFull             0x000154a9   0x5a0  Code  Gb  xprintffull.o [3]
_PutcharsFull           0x00016233    0x2e  Code  Lc  xprintffull.o [3]
_RTC                    0x1fff0024     0x8  Data  Gb  RTC.o [1]
_SProut                 0x00010b13     0xa  Code  Gb  xsprout.o [3]
_WhoAmI                 0x1fff99f4     0x8  Data  Gb  main.o [1]
__RAM_VECTOR_TABLE_SIZE {Abs}
                        0x00000000          Data  Gb  command line/config [2]
__VECTOR_RAM {Abs}      0x00000000          Data  Gb  command line/config [2]
__VECTOR_TABLE {Abs}    0x00000000          Data  Gb  command line/config [2]
__Vectors               0x00000000           --   Gb  startup_MK64F12.o [1]
__Vectors_End           0x00000400          Data  Gb  startup_MK64F12.o [1]
__Vectors_Size {Abs}    0x00000400           --   Gb  startup_MK64F12.o [1]
__aeabi_assert          0x000123e9    0x24  Code  Gb  ABIassert.o [6]
__aeabi_cdcmpeq         0x00017ba9          Code  Gb  DblCmpEq.o [4]
__aeabi_cdcmple         0x0001649d          Code  Gb  DblCmpLe.o [4]
__aeabi_cdrcmple        0x000164cd          Code  Gb  DblCmpGe.o [4]
__aeabi_d2iz            0x00016611          Code  Gb  DblToI32.o [4]
__aeabi_d2lz            0x00018549          Code  Gb  DblToI64.o [4]
__aeabi_d2uiz           0x0001663d          Code  Gb  DblToI32.o [4]
__aeabi_dadd            0x00016c25          Code  Gb  DblAdd.o [4]
__aeabi_ddiv            0x000169bd          Code  Gb  DblDiv.o [4]
__aeabi_dmul            0x00016819          Code  Gb  DblMul.o [4]
__aeabi_dsub            0x00016699          Code  Gb  DblSub.o [4]
__aeabi_errno_addr      0x0001869d     0x6  Code  Gb  errno.o [3]
__aeabi_i2d             0x00016669          Code  Gb  I32ToDbl.o [4]
__aeabi_l2d             0x000185c5          Code  Gb  I64ToDbl.o [4]
__aeabi_ldiv0           0x00016c21          Code  Gb  I64DivZer.o [5]
__aeabi_ldivmod         0x00016325          Code  Gb  I64DivMod.o [5]
__aeabi_memclr4         0x0001272d          Code  Gb  ABImemclr4.o [5]
__aeabi_memset          0x00012381          Code  Gb  ABImemset.o [5]
__aeabi_ui2d            0x0001667d          Code  Gb  I32ToDbl.o [4]
__aeabi_uldivmod        0x00016369          Code  Gb  I64DivMod.o [5]
__cmain                 0x0001dcb1          Code  Gb  cmain.o [5]
__exit                  0x000137dd    0x14  Code  Gb  exit.o [6]
__iar_Dint              0x0001861d    0x7e  Code  Gb  xdint.o [4]
__iar_Dnorm             0x00016457    0x44  Code  Gb  xdnorm.o [4]
__iar_Dscale            0x000164fd   0x114  Code  Gb  xdscale.o [4]
__iar_Dtest             0x00018a21    0x30  Code  Gb  xdtest.o [4]
__iar_Errno             0x1fff0030     0x4  Data  Gb  errno.o [3]
__iar_Exp               0x00018759   0x2be  Code  Gb  xexp.o [4]
__iar_Logpoly           0x000186a9    0x76  Code  Gb  xlog.o [4]
__iar_Memchr            0x000162cd          Code  Gb  memchr.o [5]
__iar_Memset            0x00012381          Code  Gb  ABImemset.o [5]
__iar_Memset4_word      0x000136a1          Code  Gb  ABImemset48.o [5]
__iar_Memset8_word      0x000136a1          Code  Gb  ABImemset48.o [5]
__iar_Memset_word       0x00012389          Code  Gb  ABImemset.o [5]
__iar_Stoul             0x0001ac99     0x4  Code  Gb  xstoul.o [3]
__iar_Stoulx            0x0001ab51   0x142  Code  Gb  xstoul.o [3]
__iar_Strchr            0x0001627d          Code  Gb  strchr.o [5]
__iar_copy_init3        0x0001d305    0x2c  Code  Gb  copy_init3.o [5]
__iar_d2uiz             0x00016649          Code  Gb  DblToI32.o [4]
__iar_dadd              0x00016c39          Code  Gb  DblAdd.o [4]
__iar_data_init3        0x0001d651    0x28  Code  Gb  data_init.o [5]
__iar_dlib_perthread_access
                        0x00018a1f     0x2  Code  Gb  xtls.o [3]
__iar_dsub              0x000166ad          Code  Gb  DblSub.o [4]
__iar_dsubStart         0x000166bf          Code  Gb  DblSub.o [4]
__iar_init_vfp          0x0001d895          Code  Gb  fpinit_M.o [4]
__iar_modf              0x00017be1          Code  Gb  modf.o [4]
__iar_modfl             0x00017be1          Code  Gb  modf.o [4]
__iar_program_start     0x0001df6d          Code  Gb  cstartup_M.o [5]
__iar_ui2d              0x00016681          Code  Gb  I32ToDbl.o [4]
__iar_ul2d              0x000185e1          Code  Gb  I64ToDbl.o [4]
__iar_unaligned___aeabi_memcpy
                        0x00012735          Code  Gb  ABImemcpy_unaligned.o [5]
__iar_unaligned___aeabi_memcpy4
                        0x00012755          Code  Gb  ABImemcpy_unaligned.o [5]
__iar_unaligned___aeabi_memcpy8
                        0x00012755          Code  Gb  ABImemcpy_unaligned.o [5]
__iar_unaligned_strcmp  0x00019a8d          Code  Gb  strcmp_unaligned.o [5]
__iar_unaligned_strcpy  0x0001a215          Code  Gb  strcpy_unaligned.o [5]
__iar_vfp_modf          0x00017bc9          Code  Gb  modf.o [4]
__iar_vfp_modfl         0x00017bc9          Code  Gb  modf.o [4]
__iar_vfp_pow           0x00018109    0x18  Code  Gb  pow.o [4]
[...]
dir_read                0x0000f6a3    0xf2  Code  Lc  ff.o [1]
dir_register            0x0000f8a3   0x158  Code  Lc  ff.o [1]
dir_sdi                 0x0000f20b    0xa4  Code  Lc  ff.o [1]
disk_initialize         0x00010cbb    0x16  Code  Gb  diskio.o [1]
disk_ioctl              0x00010d01    0x18  Code  Gb  diskio.o [1]
disk_read               0x00010cd1    0x18  Code  Gb  diskio.o [1]
disk_status             0x00010ca5    0x16  Code  Gb  diskio.o [1]
disk_write              0x00010ce9    0x18  Code  Gb  diskio.o [1]
div                     0x00016c13     0xe  Code  Gb  div.o [3]
driverNumberBuffer      0x0001e368     0x4  Data  Gb  SDCardTask.o [1]
exit                    0x0001dccf     0x4  Code  Gb  exit.o [3]
f_chdrive               0x000109b9    0x18  Code  Gb  ff.o [1]
f_close                 0x00010991    0x28  Code  Gb  ff.o [1]
f_mount                 0x00010305    0x58  Code  Gb  ff.o [1]
f_open                  0x0001035d   0x1f2  Code  Gb  ff.o [1]
f_opendir               0x000109f9    0x7e  Code  Gb  ff.o [1]
f_read                  0x00010555   0x1ae  Code  Gb  ff.o [1]
f_readdir               0x00010a77    0x54  Code  Gb  ff.o [1]
f_stat                  0x00010acb    0x48  Code  Gb  ff.o [1]
f_sync                  0x000108f7    0x9a  Code  Gb  ff.o [1]
f_write                 0x00010703   0x1f4  Code  Gb  ff.o [1]
ff_oem2uni              0x00010b83    0x62  Code  Gb  ffunicode.o [1]
ff_uni2oem              0x00010b1d    0x66  Code  Gb  ffunicode.o [1]
ff_wtoupper             0x00010be5    0xae  Code  Gb  ffunicode.o [1]
ff_wtoupper::cvt1       0x0001bf04   0x1f4  Data  Lc  ffunicode.o [1]
ff_wtoupper::cvt2       0x0001c1c8    0xbc  Data  Lc  ffunicode.o [1]
find_volume             0x0000ffc5   0x2fa  Code  Lc  ff.o [1]
follow_path             0x0000fe41    0xb2  Code  Lc  ff.o [1]
g_defaultClockConfigVlpr
                        0x0001d8fc    0x20  Data  Gb  clock_config.o [1]
g_dspiHandle            0x1fff025c     0xc  Data  Lc  fsl_dspi.o [1]
g_eventCardDetect       0x1fff0560     0x4  Data  Lc  fsl_sdmmc_event.o [1]
g_eventTransferComplete
                        0x1fff055c     0x4  Data  Lc  fsl_sdmmc_event.o [1]
g_fileSystem            0x1fff9a40   0x238  Data  Lc  SDCardTask.o [1]
g_sd                    0x1fff0298    0xbc  Data  Gb  fsl_sd_disk.o [1]
g_sdmmc                 0x1fff035c   0x200  Data  Gb  fsl_sdmmc_common.o [1]
g_xtal0Freq             0x1fff0244     0x4  Data  Gb  fsl_clock.o [1]
g_xtal32Freq            0x1fff0248     0x4  Data  Gb  fsl_clock.o [1]
gen_numname             0x0000f5e1    0xa2  Code  Lc  ff.o [1]
get_fat                 0x0000ee1f    0xca  Code  Lc  ff.o [1]
get_fileinfo            0x0000f9fb   0x17e  Code  Lc  ff.o [1]
get_ldnumber            0x0000fef3    0x50  Code  Lc  ff.o [1]
internal_Pow            0x00017c89   0x474  Code  Lc  pow.o [4]
isResponse              0x1fff9dc4     0x1  Data  Gb  main.o [1]
ld_clust                0x0000f3db    0x26  Code  Lc  ff.o [1]
ld_dword                0x0000eb0f    0x18  Code  Lc  ff.o [1]
ld_word                 0x0000eb01     0xe  Code  Lc  ff.o [1]
lnbias                  0x00018128   0x420  Data  Lc  pow.o [4]
main                    0x00019b9b    0xd8  Code  Gb  main.o [1]
mem_cmp                 0x0000eb6d    0x1e  Code  Lc  ff.o [1]
mem_cpy                 0x0000eb4d    0x14  Code  Lc  ff.o [1]
mem_set                 0x0000eb61     0xc  Code  Lc  ff.o [1]
memchr                  0x000162cd          Code  Gb  memchr.o [5]
move_window             0x0000ed33    0x3c  Code  Lc  ff.o [1]
ndigs                   0x0001acc4    0x28  Data  Lc  xstoul.o [3]
oem2uni932              0x00007788  0x7378  Data  Lc  ffunicode.o [1]
pcInterruptPriorityRegisters
                        0x0001e364     0x4  Data  Lc  port.o [1]
pick_lfn                0x0000f4cb    0x82  Code  Lc  ff.o [1]
prvAddCurrentTaskToDelayedList
                        0x000149c5    0x80  Code  Lc  tasks.o [1]
prvAddNewTaskToReadyList
                        0x0001412b    0xc0  Code  Lc  tasks.o [1]
prvCheckForValidListAndQueue
                        0x0001535b    0x4c  Code  Lc  timers.o [1]
prvCheckTasksWaitingTermination
                        0x00014769    0x64  Code  Lc  tasks.o [1]
prvCopyDataFromQueue    0x00013e7b    0x2a  Code  Lc  queue.o [1]
prvCopyDataToQueue      0x00013df5    0x86  Code  Lc  queue.o [1]
prvDeleteTCB            0x000147cd    0x12  Code  Lc  tasks.o [1]
prvGetNextExpireTime    0x00015153    0x2a  Code  Lc  timers.o [1]
prvHeapInit             0x00014ed3    0x64  Code  Lc  heap_4.o [1]
prvIdleTask             0x000146d9    0x24  Code  Lc  tasks.o [1]
prvInitialiseNewQueue   0x000138cd    0x22  Code  Lc  queue.o [1]
prvInitialiseNewTask    0x00014067    0xc4  Code  Lc  tasks.o [1]
prvInitialiseTaskLists  0x00014705    0x56  Code  Lc  tasks.o [1]
prvInsertBlockIntoFreeList
                        0x00014f37    0x5c  Code  Lc  heap_4.o [1]
prvInsertTimerInActiveList
                        0x000151a5    0x3e  Code  Lc  timers.o [1]
prvIsQueueEmpty         0x00013f13    0x1c  Code  Lc  queue.o [1]
prvIsQueueFull          0x00013f2f    0x1e  Code  Lc  queue.o [1]
prvProcessExpiredTimer  0x00015069    0x5c  Code  Lc  timers.o [1]
prvProcessReceivedCommands
                        0x000151e3    0xfa  Code  Lc  timers.o [1]
prvProcessTimerOrBlockTask
                        0x000150dd    0x76  Code  Lc  timers.o [1]
prvResetNextTaskUnblockTime
                        0x000147df    0x28  Code  Lc  tasks.o [1]
prvSampleTimeNow        0x0001517d    0x28  Code  Lc  timers.o [1]
prvSampleTimeNow::xLastTime
                        0x1fff9db4     0x4  Data  Lc  timers.o [1]
prvSwitchTimerLists     0x000152dd    0x7e  Code  Lc  timers.o [1]
prvTaskExitError        0x00014ab1    0x2a  Code  Lc  port.o [1]
prvTimerTask            0x000150c9    0x14  Code  Lc  timers.o [1]
prvUnlockQueue          0x00013ea5    0x6e  Code  Lc  queue.o [1]
put_fat                 0x0000eee9   0x112  Code  Lc  ff.o [1]
put_lfn                 0x0000f54d    0x88  Code  Lc  ff.o [1]
put_utf                 0x0000ec9f    0x44  Code  Lc  ff.o [1]
pvPortMalloc            0x00014d51   0x10c  Code  Gb  heap_4.o [1]
pvTaskIncrementMutexHeldCount
                        0x0001498d    0x1e  Code  Gb  tasks.o [1]
pxCurrentTCB            0x1fff9c78     0x4  Data  Gb  tasks.o [1]
pxCurrentTimerList      0x1fff9da4     0x4  Data  Lc  timers.o [1]
pxDelayedTaskList       0x1fff9d08     0x4  Data  Lc  tasks.o [1]
pxEnd                   0x1fff91d0     0x4  Data  Lc  heap_4.o [1]
pxOverflowDelayedTaskList
                        0x1fff9d0c     0x4  Data  Lc  tasks.o [1]
pxOverflowTimerList     0x1fff9da8     0x4  Data  Lc  timers.o [1]
pxPortInitialiseStack   0x00014a89    0x28  Code  Gb  port.o [1]
pxReadyTasksLists       0x1fff9c7c    0x64  Data  Lc  tasks.o [1]
remove_chain            0x0000effb    0x8a  Code  Lc  ff.o [1]
s_ENETHandle            0x1fff0270     0x4  Data  Lc  fsl_enet.o [1]
s_cardInserted          0x1fff9dcd     0x1  Data  Lc  SDCardTask.o [1]
s_debugConsole          0x1fff024c    0x10  Data  Lc  fsl_debug_console.o [1]
s_dspiMasterIsr         0x1fff0268     0x4  Data  Lc  fsl_dspi.o [1]
s_dspiSlaveIsr          0x1fff026c     0x4  Data  Lc  fsl_dspi.o [1]
s_enetErrIsr            0x1fff027c     0x4  Data  Lc  fsl_enet.o [1]
s_enetRxIsr             0x1fff0278     0x4  Data  Lc  fsl_enet.o [1]
s_enetTsIsr             0x1fff0280     0x4  Data  Lc  fsl_enet.o [1]
s_enetTxIsr             0x1fff0274     0x4  Data  Lc  fsl_enet.o [1]
s_fastIrcFreq           0x1fff0004     0x4  Data  Lc  fsl_clock.o [1]
s_i2cHandle             0x1fff0284     0xc  Data  Lc  fsl_i2c.o [1]
s_i2cMasterIsr          0x1fff0290     0x4  Data  Lc  fsl_i2c.o [1]
s_i2cSlaveIsr           0x1fff0294     0x4  Data  Lc  fsl_i2c.o [1]
s_lptmrBases            0x0001e328     0x4  Data  Lc  fsl_lptmr.o [1]
s_lptmrClocks           0x0001e32c     0x4  Data  Lc  fsl_lptmr.o [1]
s_sdCardDetect          0x0001dd7c    0x14  Data  Lc  SDCardTask.o [1]
s_sdInsertedFlag        0x1fff9dc3     0x1  Data  Lc  fsl_sdmmc_host.o [1]
s_sdhcAdmaTable         0x1fff058c    0x20  Data  Lc  fsl_sdmmc_host.o [1]
s_sdhcBase              0x0001e330     0x4  Data  Lc  fsl_sdhc.o [1]
s_sdhcClock             0x0001e334     0x4  Data  Lc  fsl_sdhc.o [1]
s_sdhcHandle            0x1fff0354     0x4  Data  Lc  fsl_sdhc.o [1]
s_sdhcHandle            0x1fff0564    0x28  Data  Lc  fsl_sdmmc_host.o [1]
s_sdhcIRQ               0x00013fee     0x1  Data  Lc  fsl_sdhc.o [1]
s_sdhcIsr               0x1fff0358     0x4  Data  Lc  fsl_sdhc.o [1]
s_sdhcTransferSuccessFlag
                        0x1fff0034     0x1  Data  Lc  fsl_sdmmc_host.o [1]
s_slowIrcFreq           0x1fff0000     0x4  Data  Lc  fsl_clock.o [1]
s_uartBases             0x0001dcf8    0x18  Data  Lc  fsl_uart.o [1]
s_uartClock             0x0001dd10    0x18  Data  Lc  fsl_uart.o [1]
s_uartHandle            0x1fff05ac    0x18  Data  Lc  fsl_uart.o [1]
s_uartIsr               0x1fff05c4     0x4  Data  Lc  fsl_uart.o [1]
sd_disk_initialize      0x00010dc7    0x44  Code  Gb  fsl_sd_disk.o [1]
sd_disk_ioctl           0x00010d59    0x60  Code  Gb  fsl_sd_disk.o [1]
sd_disk_read            0x00010d39    0x20  Code  Gb  fsl_sd_disk.o [1]
sd_disk_status          0x00010db9     0xe  Code  Gb  fsl_sd_disk.o [1]
sd_disk_write           0x00010d19    0x20  Code  Gb  fsl_sd_disk.o [1]
sprintf                 0x00019b49    0x34  Code  Gb  sprintf.o [3]
st_clust                0x0000f401    0x28  Code  Lc  ff.o [1]
st_dword                0x0000eb35    0x18  Code  Lc  ff.o [1]
st_word                 0x0000eb27     0xe  Code  Lc  ff.o [1]
strchr                  0x0001627d          Code  Gb  strchr.o [5]
strlen                  0x00016295          Code  Gb  strlen.o [5]
sum_sfn                 0x0000f683    0x20  Code  Lc  ff.o [1]
sync_fs                 0x0000ed6f    0x98  Code  Lc  ff.o [1]
sync_window             0x0000ece3    0x50  Code  Lc  ff.o [1]
tchar2uni               0x0000ec43    0x5c  Code  Lc  ff.o [1]
uCONNState_Counter      0x1fff9dd2     0x1  Data  Gb  WhoAmITask.o [1]
uError_Counter          0x1fff9dce     0x1  Data  Gb  SDCardTask.o [1]
uIDGw                   0x1fff99e0    0x14  Data  Gb  main.o [1]
uLedStatus              0x1fff9dc9     0x1  Data  Gb  ProcessTask.o [1]
uMessageNWK_Send_Counter
                        0x1fff9dc0     0x2  Data  Gb  ProcessTask.o [1]
uMinuteCounter          0x1fff9dbc     0x2  Data  Gb  ProcessTask.o [1]
uMinuteOld              0x1fff9dc8     0x1  Data  Gb  ProcessTask.o [1]
uNWKConnection_Counter  0x1fff9dd1     0x1  Data  Gb  WhoAmITask.o [1]
uNWKState_Counter       0x1fff9dd0     0x1  Data  Gb  WhoAmITask.o [1]
uSmartConfig_Counter    0x1fff9dd4     0x1  Data  Gb  WhoAmITask.o [1]
uUART_CONN_RX_Buffer    0x1fff91e0   0x200  Data  Gb  main.o [1]
uUART_CONN_TX_Buffer    0x1fff93e0   0x200  Data  Gb  main.o [1]
uUART_NWK_RX_Buffer     0x1fff95e0   0x200  Data  Gb  main.o [1]
uUART_NWK_TX_Buffer     0x1fff97e0   0x200  Data  Gb  main.o [1]
uWhoAmI_SendCounter     0x1fff9dcf     0x1  Data  Gb  WhoAmITask.o [1]
ucHeap                  0x1fff05c8  0x8c00  Data  Lc  heap_4.o [1]
ucMaxSysCallPriority    0x1fff9dc6     0x1  Data  Lc  port.o [1]
uiMain_getEvent         0x00019f89     0xe  Code  Gb  main.o [1]
uiNWK_Send_Counter      0x1fff9dbe     0x2  Data  Gb  ProcessTask.o [1]
ulMaxPRIGROUPValue      0x1fff99fc     0x4  Data  Lc  port.o [1]
uni2oem932              0x00000410  0x7378  Data  Lc  ffunicode.o [1]
uxCriticalNesting       0x1fff0020     0x4  Data  Lc  port.o [1]
uxCurrentNumberOfTasks  0x1fff9d50     0x4  Data  Lc  tasks.o [1]
uxDeletedTasksWaitingCleanUp
                        0x1fff9d38     0x4  Data  Lc  tasks.o [1]
uxListRemove            0x00014d2b    0x26  Code  Gb  list.o [1]
uxPendedTicks           0x1fff9d60     0x4  Data  Lc  tasks.o [1]
uxSchedulerSuspended    0x1fff9d78     0x4  Data  Lc  tasks.o [1]
uxTaskNumber            0x1fff9d6c     0x4  Data  Lc  tasks.o [1]
uxTopReadyPriority      0x1fff9d58     0x4  Data  Lc  tasks.o [1]
vCheckMsg_IDEndDevice   0x00019989    0x66  Code  Gb  CheckMsg.o [1]
vCheckMsg_IDGW          0x000199ef    0x2a  Code  Gb  CheckMsg.o [1]
vCheckMsg_JsonMessage   0x00019a55    0x1e  Code  Gb  CheckMsg.o [1]
vCheckMsg_StringMessage
                        0x00019a73    0x18  Code  Gb  CheckMsg.o [1]
vCheckMsg_TypeDevice    0x00019937    0x52  Code  Gb  CheckMsg.o [1]
vCheckMsg_TypePacket    0x000198d5    0x62  Code  Gb  CheckMsg.o [1]
vIDControl_Init         0x0001b895    0x68  Code  Gb  IOControl.o [1]
vListInitialise         0x00014cb9    0x1e  Code  Gb  list.o [1]
vListInitialiseItem     0x00014cd7     0x6  Code  Gb  list.o [1]
vListInsert             0x00014cf5    0x36  Code  Gb  list.o [1]
vListInsertEnd          0x00014cdd    0x18  Code  Gb  list.o [1]
vMain_GetUniqueID       0x00019dad   0x1c4  Code  Gb  main.o [1]
vMain_InitWatchdog      0x00019d5b    0x4c  Code  Gb  main.o [1]
vMain_Peripheral_Init   0x00019c73    0x3c  Code  Gb  main.o [1]
vMain_RefreshWDT        0x00019f71     0xc  Code  Gb  main.o [1]
vMain_setEvent          0x00019f7d     0xc  Code  Gb  main.o [1]
vParseMsg_Packing_StringMessage
                        0x000197e5    0xbe  Code  Gb  Parse.o [1]
vPortEnableVFP          0x0001548d          Code  Gb  portasm.o [1]
vPortEnterCritical      0x00014ba7    0x3a  Code  Gb  port.o [1]
vPortExitCritical       0x00014be1    0x32  Code  Gb  port.o [1]
vPortFree               0x00014e5d    0x76  Code  Gb  heap_4.o [1]
vPortSetupTimerInterrupt
                        0x000153d1    0x30  Code  Wk  fsl_tickless_systick.o [1]
vPortStartFirstTask     0x00015475          Code  Gb  portasm.o [1]
vPortValidateInterruptPriority
                        0x00014c3d    0x4a  Code  Gb  port.o [1]
vProcessMsg_AllMessage  0x00018a61   0x18a  Code  Gb  ProcessMsg.o [1]
vProcessMsg_CONF        0x00018ce9   0x332  Code  Lc  ProcessMsg.o [1]
vProcessMsg_CTRL        0x000190a5     0xa  Code  Lc  ProcessMsg.o [1]
vProcessMsg_DATA        0x00018beb    0xf2  Code  Lc  ProcessMsg.o [1]
vProcessMsg_REQS        0x00019021    0x84  Code  Lc  ProcessMsg.o [1]
vProcessMsg_RESP        0x000190af    0x24  Code  Lc  ProcessMsg.o [1]
vProcessMsg_Send_Data   0x00019199    0x84  Code  Gb  ProcessMsg.o [1]
vProcessMsg_Send_Request
                        0x00019221    0x7c  Code  Gb  ProcessMsg.o [1]
vProcessMsg_Send_Response
                        0x0001929d    0x2e  Code  Gb  ProcessMsg.o [1]
vProcessMsg_Send_Wami   0x000192d1    0x14  Code  Gb  ProcessMsg.o [1]
vProcessMsg_WAMI        0x000190dd    0xbc  Code  Lc  ProcessMsg.o [1]
vProcessTask_Event      0x0001b579   0x198  Code  Lc  ProcessTask.o [1]
vProcessTask_LPTMR_Init
                        0x0001b791    0x48  Code  Lc  ProcessTask.o [1]
vProcessTask_Run        0x0001b4fb    0x7e  Code  Gb  ProcessTask.o [1]
vQueueAddToRegistry     0x00013f4d    0x24  Code  Gb  queue.o [1]
vQueueDelete            0x00013dcf    0x26  Code  Gb  queue.o [1]
vQueueUnregisterQueue   0x00013f71    0x2a  Code  Gb  queue.o [1]
vQueueWaitForMessageRestricted
                        0x00013fa5    0x4a  Code  Gb  queue.o [1]
vRTC_GetDateTime        0x00019b35     0xc  Code  Gb  RTC.o [1]
vRTC_Init               0x00019aef    0x22  Code  Gb  RTC.o [1]
vRTC_SetDateTime        0x00019b11    0x24  Code  Gb  RTC.o [1]
vSDCardTask_Run         0x0001ba1f   0x1c4  Code  Gb  SDCardTask.o [1]
vTaskDelay              0x000141eb    0x4c  Code  Gb  tasks.o [1]
vTaskMissedYield        0x000146c9     0xa  Code  Gb  tasks.o [1]
vTaskPlaceOnEventList   0x00014525    0x2e  Code  Gb  tasks.o [1]
vTaskPlaceOnEventListRestricted
                        0x00014553    0x38  Code  Gb  tasks.o [1]
vTaskPriorityInherit    0x00014827    0xa8  Code  Gb  tasks.o [1]
vTaskSetTimeOutState    0x00014621    0x26  Code  Gb  tasks.o [1]
vTaskStartScheduler     0x00014237    0x6e  Code  Gb  tasks.o [1]
vTaskSuspendAll         0x000142a5    0x10  Code  Gb  tasks.o [1]
vTaskSwitchContext      0x000144b9    0x6c  Code  Gb  tasks.o [1]
vUART_Init              0x0001a2a7    0x5c  Code  Gb  UART.o [1]
vUART_Write             0x0001a303    0x36  Code  Gb  UART.o [1]
vUserFile_Write_Connectivity_Long_Addr
                        0x0001a1d7    0x14  Code  Gb  UserFile.o [1]
vUserFile_Write_RTC     0x0001a143    0x4a  Code  Gb  UserFile.o [1]
vWhoAmITask_Run         0x0001bd31   0x1a0  Code  Gb  WhoAmITask.o [1]
validate                0x000102bf    0x46  Code  Lc  ff.o [1]
xActiveTimerList1       0x1fff9d7c    0x14  Data  Lc  timers.o [1]
xActiveTimerList2       0x1fff9d90    0x14  Data  Lc  timers.o [1]
xBlockAllocatedBit      0x1fff91dc     0x4  Data  Lc  heap_4.o [1]
xDelayedTaskList1       0x1fff9ce0    0x14  Data  Lc  tasks.o [1]
xDelayedTaskList2       0x1fff9cf4    0x14  Data  Lc  tasks.o [1]
xFileAccess_GetSizeByID
                        0x0001ad13     0x4  Code  Lc  FileAccess.o [1]
xFreeBytesRemaining     0x1fff91d4     0x4  Data  Lc  heap_4.o [1]
xHeapStructSize         0x0001e338     0x4  Data  Lc  heap_4.o [1]
xIdleTaskHandle         0x1fff9d74     0x4  Data  Lc  tasks.o [1]
xMinimumEverFreeBytesRemaining
                        0x1fff91d8     0x4  Data  Lc  heap_4.o [1]
xNextTaskUnblockTime    0x1fff9d70     0x4  Data  Lc  tasks.o [1]
xNumOfOverflows         0x1fff9d68     0x4  Data  Lc  tasks.o [1]
xParseMsg_JsonSplit     0x000193e9    0xac  Code  Gb  Parse.o [1]
xParseMsg_MessageIsJson
                        0x00019521   0x120  Code  Gb  Parse.o [1]
xParseMsg_MessageIsString
                        0x00019641   0x1a4  Code  Gb  Parse.o [1]
xParseMsg_StringSplit   0x00019495    0x8c  Code  Gb  Parse.o [1]
xPendingReadyList       0x1fff9d10    0x14  Data  Lc  tasks.o [1]
xPortStartScheduler     0x00014adb    0xcc  Code  Gb  port.o [1]
xQueueGenericCreate     0x00013883    0x4a  Code  Gb  queue.o [1]
xQueueGenericReceive    0x00013c11   0x1be  Code  Gb  queue.o [1]
xQueueGenericReset      0x000137f1    0x92  Code  Gb  queue.o [1]
xQueueGenericSend       0x000138ef   0x196  Code  Gb  queue.o [1]
xQueueGenericSendFromISR
                        0x00013a85    0xd8  Code  Gb  queue.o [1]
xQueueGiveFromISR       0x00013b5d    0xb4  Code  Gb  queue.o [1]
xQueueRegistry          0x1fff9a00    0x40  Data  Gb  queue.o [1]
xSchedulerRunning       0x1fff9d5c     0x4  Data  Lc  tasks.o [1]
xStart                  0x1fff91c8     0x8  Data  Lc  heap_4.o [1]
xSuspendedTaskList      0x1fff9d3c    0x14  Data  Lc  tasks.o [1]
xTask                   0x1fff0008    0x14  Data  Gb  main.o [1]
xTaskCheckForTimeOut    0x00014649    0x80  Code  Gb  tasks.o [1]
xTaskCreate             0x00013ff1    0x76  Code  Gb  tasks.o [1]
xTaskGetSchedulerState  0x00014807    0x20  Code  Gb  tasks.o [1]
xTaskGetTickCount       0x000143af     0x8  Code  Gb  tasks.o [1]
xTaskIncrementTick      0x000143b7   0x102  Code  Gb  tasks.o [1]
xTaskPriorityDisinherit
                        0x000148d1    0xb2  Code  Gb  tasks.o [1]
xTaskRemoveFromEventList
                        0x00014595    0x7c  Code  Gb  tasks.o [1]
xTaskResumeAll          0x000142b5    0xfa  Code  Gb  tasks.o [1]
xTasksWaitingTermination
                        0x1fff9d24    0x14  Data  Lc  tasks.o [1]
xTickCount              0x1fff9d54     0x4  Data  Lc  tasks.o [1]
xTimerCreateTimerTask   0x00014fb1    0x46  Code  Gb  timers.o [1]
xTimerGenericCommand    0x00014ff7    0x72  Code  Gb  timers.o [1]
xTimerQueue             0x1fff9dac     0x4  Data  Lc  timers.o [1]
xTimerTaskHandle        0x1fff9db0     0x4  Data  Lc  timers.o [1]
xWdog_Base              0x1fff001c     0x4  Data  Lc  main.o [1]
xYieldPending           0x1fff9d64     0x4  Data  Lc  tasks.o [1]


[1] = D:\05.Git\smf\FW\fw_smf_v1.1\fw_smf_gw\Release\Obj
[2] = command line
[3] = dl7M_tln.a
[4] = m7M_tls.a
[5] = rt7M_tl.a
[6] = shb_l.a

  56 411 bytes of readonly  code memory
  67 349 bytes of readonly  data memory
  41 426 bytes of readwrite data memory

Errors: none
Warnings: none
